============================================
Empirical computation: Task ID 156
Hostname: cpu-q-239
Start time: Mon Jan 26 21:22:09 GMT 2026
============================================
Total tasks: 2464
Running Task 156/2463
sweep=baseline | rho_pt=0.1, rho_ft=0.9, omega=0.0, c_pt=0.001, lambda_pt=0.0, gamma_reinit=0.0, seed=6, alpha=0.108

Starting training loop (max 5000000 epochs, threshold=1.00e-04)...
[invariants@init] c_emp: mean=1.019000e-01, min=2.000000e-03, max=1.001000e+00; lmda_pos: mean=1.019000e-01, min=2.000000e-03, max=1.001000e+00; lmda_neg: mean=1.019000e-01, min=2.000000e-03, max=1.001000e+00
Epoch      0 (0.0%): Train pred MSE = 9.573178e-01, Test pred MSE = 9.790306e-01, Param MSE = 9.652195e-01, Grad norm = 3.973752e-02, Beta update rate = inf, c_emp_max_dev = 3.505e-06, lam_pos_max_dev = 3.505e-06, lam_pos_neg_max_gap = 0.000e+00

Training completed at epoch 20000
Stop reason: train_pred_mse
Final Train pred MSE = 9.093366e-05
Final Test pred MSE = 1.447511e+00
Final Param MSE = 1.438954e+00
Final Grad norm = 2.385151e-04
Final Beta update rate = 2.068998e-02
Success flag: True (train_pred_mse < 1.00e-04)
Results saved to results/emp_ptft_parallel/EXPERIMENT2_baseline_rhoft0.9_omega0.0_c0.001_lambda0.0_reinit0.0_alpha0.1080_seed6.csv
============================================
Finished at: Mon Jan 26 21:23:37 GMT 2026
============================================
