============================================
Empirical computation: Task ID 122
Hostname: cpu-q-491
Start time: Mon Jan 26 21:22:08 GMT 2026
============================================
Total tasks: 2464
Running Task 122/2463
sweep=baseline | rho_pt=0.1, rho_ft=0.1, omega=0.0, c_pt=0.001, lambda_pt=0.0, gamma_reinit=0.0, seed=17, alpha=0.059000000000000004

Starting training loop (max 5000000 epochs, threshold=1.00e-04)...
[invariants@init] c_emp: mean=1.019000e-01, min=2.000000e-03, max=1.001000e+00; lmda_pos: mean=1.019000e-01, min=2.000000e-03, max=1.001000e+00; lmda_neg: mean=1.019000e-01, min=2.000000e-03, max=1.001000e+00
Epoch      0 (0.0%): Train pred MSE = 8.290227e-01, Test pred MSE = 9.783133e-01, Param MSE = 9.592531e-01, Grad norm = 4.985898e-02, Beta update rate = inf, c_emp_max_dev = 7.059e-06, lam_pos_max_dev = 7.059e-06, lam_pos_neg_max_gap = 0.000e+00

Training completed at epoch 15000
Stop reason: train_pred_mse
Final Train pred MSE = 1.019801e-05
Final Test pred MSE = 1.450605e+00
Final Param MSE = 1.448025e+00
Final Grad norm = 1.006211e-04
Final Beta update rate = 1.482884e-02
Success flag: True (train_pred_mse < 1.00e-04)
Results saved to results/emp_ptft_parallel/EXPERIMENT2_baseline_rhoft0.1_omega0.0_c0.001_lambda0.0_reinit0.0_alpha0.0590_seed17.csv
============================================
Finished at: Mon Jan 26 21:22:55 GMT 2026
============================================
