============================================
Empirical computation: Task ID 26
Hostname: cpu-q-100
Start time: Mon Jan 26 21:18:26 GMT 2026
============================================
Total tasks: 2464
Running Task 26/2463
sweep=baseline | rho_pt=0.1, rho_ft=0.1, omega=0.0, c_pt=0.001, lambda_pt=0.0, gamma_reinit=0.0, seed=8, alpha=0.20600000000000002

Starting training loop (max 5000000 epochs, threshold=1.00e-04)...
[invariants@init] c_emp: mean=1.019000e-01, min=2.000000e-03, max=1.001000e+00; lmda_pos: mean=1.019000e-01, min=2.000000e-03, max=1.001000e+00; lmda_neg: mean=1.019000e-01, min=2.000000e-03, max=1.001000e+00
Epoch      0 (0.0%): Train pred MSE = 1.111163e+00, Test pred MSE = 1.072639e+00, Param MSE = 1.054748e+00, Grad norm = 2.981243e-02, Beta update rate = inf, c_emp_max_dev = 2.032e-06, lam_pos_max_dev = 2.032e-06, lam_pos_neg_max_gap = 0.000e+00
Epoch  50000 (1.0%): Train pred MSE = 6.221025e-05, Test pred MSE = 8.940048e-01, Param MSE = 8.827958e-01, Grad norm = 1.121765e-04, Beta update rate = 5.491891e-03, c_emp_max_dev = 1.056e-03, lam_pos_max_dev = 1.056e-03, lam_pos_neg_max_gap = 0.000e+00

Training completed at epoch 50000
Stop reason: train_pred_mse
Final Train pred MSE = 6.221025e-05
Final Test pred MSE = 8.940048e-01
Final Param MSE = 8.827958e-01
Final Grad norm = 1.121765e-04
Final Beta update rate = 5.491891e-03
Success flag: True (train_pred_mse < 1.00e-04)
Results saved to results/emp_ptft_parallel/EXPERIMENT2_baseline_rhoft0.1_omega0.0_c0.001_lambda0.0_reinit0.0_alpha0.2060_seed8.csv
============================================
Finished at: Mon Jan 26 21:24:39 GMT 2026
============================================
