============================================
Empirical computation: Task ID 27
Hostname: cpu-q-325
Start time: Mon 26 Jan 16:54:07 GMT 2026
============================================
Running Task 27:
  omega=0.0, lambda_pt=0.0, gamma_reinit=0.0, alpha=0.01

Starting training loop (max 5000000 epochs, threshold=1.00e-05)...
[invariants@init] c_emp: mean=1.019000e-01, min=2.000000e-03, max=1.001000e+00; lmda_pos: mean=1.019000e-01, min=2.000000e-03, max=1.001000e+00; lmda_neg: mean=1.019000e-01, min=2.000000e-03, max=1.001000e+00
Epoch      0 (0.0%): Train pred MSE = 9.770453e-01, Test pred MSE = 1.025990e+00, Param MSE = 1.031255e+00, Grad norm = 1.316576e-01, Beta update rate = inf, c_emp_max_dev = 5.069e-05, lam_pos_max_dev = 5.069e-05, lam_pos_neg_max_gap = 0.000e+00

Training completed at epoch 5000
Stop reason: train_pred_mse
Final Train pred MSE = 1.942756e-14
Final Test pred MSE = 1.121913e+00
Final Param MSE = 1.133923e+00
Final Grad norm = 1.523200e-08
Final Beta update rate = 2.449356e+02
Success flag: True (train_pred_mse < 1.00e-05)
Results saved to results/emp_ptft_parallel/emp_ptft_omega0.0_lambda0.0_reinit0.0_alpha0.0100_seed15.csv
============================================
Finished at: Mon 26 Jan 16:54:20 GMT 2026
============================================
