============================================
Empirical computation: Task ID 92
Hostname: cpu-q-252
Start time: Mon Jan 26 21:18:25 GMT 2026
============================================
Total tasks: 2464
Running Task 92/2463
sweep=baseline | rho_pt=0.1, rho_ft=0.1, omega=0.0, c_pt=0.001, lambda_pt=0.0, gamma_reinit=0.0, seed=14, alpha=0.20600000000000002

Starting training loop (max 5000000 epochs, threshold=1.00e-04)...
[invariants@init] c_emp: mean=1.019000e-01, min=2.000000e-03, max=1.001000e+00; lmda_pos: mean=1.019000e-01, min=2.000000e-03, max=1.001000e+00; lmda_neg: mean=1.019000e-01, min=2.000000e-03, max=1.001000e+00
Epoch      0 (0.0%): Train pred MSE = 1.151669e+00, Test pred MSE = 1.123925e+00, Param MSE = 1.109341e+00, Grad norm = 3.315167e-02, Beta update rate = inf, c_emp_max_dev = 3.253e-06, lam_pos_max_dev = 3.253e-06, lam_pos_neg_max_gap = 0.000e+00

Training completed at epoch 45000
Stop reason: train_pred_mse
Final Train pred MSE = 6.344140e-05
Final Test pred MSE = 9.855824e-01
Final Param MSE = 9.907811e-01
Final Grad norm = 1.223185e-04
Final Beta update rate = 6.721973e-03
Success flag: True (train_pred_mse < 1.00e-04)
Results saved to results/emp_ptft_parallel/EXPERIMENT2_baseline_rhoft0.1_omega0.0_c0.001_lambda0.0_reinit0.0_alpha0.2060_seed14.csv
============================================
Finished at: Mon Jan 26 21:22:41 GMT 2026
============================================
