============================================
Empirical computation: Task ID 21
Hostname: cpu-q-265
Start time: Mon 26 Jan 16:54:06 GMT 2026
============================================
Running Task 21:
  omega=0.0, lambda_pt=0.0, gamma_reinit=0.0, alpha=0.01

Starting training loop (max 5000000 epochs, threshold=1.00e-05)...
[invariants@init] c_emp: mean=1.019000e-01, min=2.000000e-03, max=1.001000e+00; lmda_pos: mean=1.019000e-01, min=2.000000e-03, max=1.001000e+00; lmda_neg: mean=1.019000e-01, min=2.000000e-03, max=1.001000e+00
Epoch      0 (0.0%): Train pred MSE = 1.205501e+00, Test pred MSE = 1.042382e+00, Param MSE = 1.050545e+00, Grad norm = 1.390962e-01, Beta update rate = inf, c_emp_max_dev = 3.642e-05, lam_pos_max_dev = 3.642e-05, lam_pos_neg_max_gap = 0.000e+00

Training completed at epoch 5000
Stop reason: train_pred_mse
Final Train pred MSE = 3.500001e-16
Final Test pred MSE = 1.154671e+00
Final Param MSE = 1.181922e+00
Final Grad norm = 2.095459e-09
Final Beta update rate = 2.625845e+02
Success flag: True (train_pred_mse < 1.00e-05)
Results saved to results/emp_ptft_parallel/emp_ptft_omega0.0_lambda0.0_reinit0.0_alpha0.0100_seed13.csv
============================================
Finished at: Mon 26 Jan 16:54:20 GMT 2026
============================================
