============================================
Empirical computation: Task ID 176
Hostname: cpu-q-606
Start time: Mon Jan 26 21:22:08 GMT 2026
============================================
Total tasks: 2464
Running Task 176/2463
sweep=baseline | rho_pt=0.1, rho_ft=0.9, omega=0.0, c_pt=0.001, lambda_pt=0.0, gamma_reinit=0.0, seed=8, alpha=0.01

Starting training loop (max 5000000 epochs, threshold=1.00e-04)...
[invariants@init] c_emp: mean=1.019000e-01, min=2.000000e-03, max=1.001000e+00; lmda_pos: mean=1.019000e-01, min=2.000000e-03, max=1.001000e+00; lmda_neg: mean=1.019000e-01, min=2.000000e-03, max=1.001000e+00
Epoch      0 (0.0%): Train pred MSE = 9.097769e-01, Test pred MSE = 9.869873e-01, Param MSE = 9.826139e-01, Grad norm = 1.259672e-01, Beta update rate = inf, c_emp_max_dev = 4.682e-05, lam_pos_max_dev = 4.682e-05, lam_pos_neg_max_gap = 0.000e+00

Training completed at epoch 5000
Stop reason: train_pred_mse
Final Train pred MSE = 1.564188e-14
Final Test pred MSE = 1.084078e+00
Final Param MSE = 1.075847e+00
Final Grad norm = 1.322390e-08
Final Beta update rate = 2.438590e+02
Success flag: True (train_pred_mse < 1.00e-04)
Results saved to results/emp_ptft_parallel/EXPERIMENT2_baseline_rhoft0.9_omega0.0_c0.001_lambda0.0_reinit0.0_alpha0.0100_seed8.csv
============================================
Finished at: Mon Jan 26 21:22:30 GMT 2026
============================================
