============================================
Empirical computation: Task ID 3
Hostname: cpu-q-503
Start time: Mon Jan 26 21:18:24 GMT 2026
============================================
Total tasks: 2464
Running Task 3/2463
sweep=baseline | rho_pt=0.1, rho_ft=0.1, omega=0.0, c_pt=0.001, lambda_pt=0.0, gamma_reinit=0.0, seed=6, alpha=0.15700000000000003

Starting training loop (max 5000000 epochs, threshold=1.00e-04)...
[invariants@init] c_emp: mean=1.019000e-01, min=2.000000e-03, max=1.001000e+00; lmda_pos: mean=1.019000e-01, min=2.000000e-03, max=1.001000e+00; lmda_neg: mean=1.019000e-01, min=2.000000e-03, max=1.001000e+00
Epoch      0 (0.0%): Train pred MSE = 9.219696e-01, Test pred MSE = 9.871851e-01, Param MSE = 9.856950e-01, Grad norm = 3.058876e-02, Beta update rate = inf, c_emp_max_dev = 2.166e-06, lam_pos_max_dev = 2.166e-06, lam_pos_neg_max_gap = 0.000e+00

Training completed at epoch 35000
Stop reason: train_pred_mse
Final Train pred MSE = 4.516196e-05
Final Test pred MSE = 1.201528e+00
Final Param MSE = 1.206500e+00
Final Grad norm = 1.194657e-04
Final Beta update rate = 6.859991e-03
Success flag: True (train_pred_mse < 1.00e-04)
Results saved to results/emp_ptft_parallel/EXPERIMENT2_baseline_rhoft0.1_omega0.0_c0.001_lambda0.0_reinit0.0_alpha0.1570_seed6.csv
============================================
Finished at: Mon Jan 26 21:20:51 GMT 2026
============================================
