============================================
Empirical computation: Task ID 11
Hostname: cpu-q-609
Start time: Mon Jan 26 21:18:24 GMT 2026
============================================
Total tasks: 2464
Running Task 11/2463
sweep=baseline | rho_pt=0.1, rho_ft=0.1, omega=0.0, c_pt=0.001, lambda_pt=0.0, gamma_reinit=0.0, seed=7, alpha=0.01

Starting training loop (max 5000000 epochs, threshold=1.00e-04)...
[invariants@init] c_emp: mean=1.019000e-01, min=2.000000e-03, max=1.001000e+00; lmda_pos: mean=1.019000e-01, min=2.000000e-03, max=1.001000e+00; lmda_neg: mean=1.019000e-01, min=2.000000e-03, max=1.001000e+00
Epoch      0 (0.0%): Train pred MSE = 9.193992e-01, Test pred MSE = 1.004956e+00, Param MSE = 1.012367e+00, Grad norm = 1.216388e-01, Beta update rate = inf, c_emp_max_dev = 3.717e-05, lam_pos_max_dev = 3.717e-05, lam_pos_neg_max_gap = 0.000e+00

Training completed at epoch 5000
Stop reason: train_pred_mse
Final Train pred MSE = 5.288447e-14
Final Test pred MSE = 1.107863e+00
Final Param MSE = 1.115374e+00
Final Grad norm = 2.342633e-08
Final Beta update rate = 2.657882e+02
Success flag: True (train_pred_mse < 1.00e-04)
Results saved to results/emp_ptft_parallel/EXPERIMENT2_baseline_rhoft0.1_omega0.0_c0.001_lambda0.0_reinit0.0_alpha0.0100_seed7.csv
============================================
Finished at: Mon Jan 26 21:18:44 GMT 2026
============================================
