============================================
Empirical computation: Task ID 69
Hostname: cpu-q-251
Start time: Mon Jan 26 21:18:25 GMT 2026
============================================
Total tasks: 2464
Running Task 69/2463
sweep=baseline | rho_pt=0.1, rho_ft=0.1, omega=0.0, c_pt=0.001, lambda_pt=0.0, gamma_reinit=0.0, seed=12, alpha=0.15700000000000003

Starting training loop (max 5000000 epochs, threshold=1.00e-04)...
[invariants@init] c_emp: mean=1.019000e-01, min=2.000000e-03, max=1.001000e+00; lmda_pos: mean=1.019000e-01, min=2.000000e-03, max=1.001000e+00; lmda_neg: mean=1.019000e-01, min=2.000000e-03, max=1.001000e+00
Epoch      0 (0.0%): Train pred MSE = 9.763672e-01, Test pred MSE = 9.404906e-01, Param MSE = 9.358989e-01, Grad norm = 3.120949e-02, Beta update rate = inf, c_emp_max_dev = 2.982e-06, lam_pos_max_dev = 2.982e-06, lam_pos_neg_max_gap = 0.000e+00

Training completed at epoch 30000
Stop reason: train_pred_mse
Final Train pred MSE = 8.700957e-05
Final Test pred MSE = 1.006640e+00
Final Param MSE = 1.004778e+00
Final Grad norm = 1.747182e-04
Final Beta update rate = 1.189466e-02
Success flag: True (train_pred_mse < 1.00e-04)
Results saved to results/emp_ptft_parallel/EXPERIMENT2_baseline_rhoft0.1_omega0.0_c0.001_lambda0.0_reinit0.0_alpha0.1570_seed12.csv
============================================
Finished at: Mon Jan 26 21:20:48 GMT 2026
============================================
