============================================
Empirical computation: Task ID 12
Hostname: cpu-q-136
Start time: Mon 26 Jan 16:54:07 GMT 2026
============================================
Running Task 12:
  omega=0.0, lambda_pt=0.0, gamma_reinit=0.0, alpha=0.01

Starting training loop (max 5000000 epochs, threshold=1.00e-05)...
[invariants@init] c_emp: mean=1.019000e-01, min=2.000000e-03, max=1.001000e+00; lmda_pos: mean=1.019000e-01, min=2.000000e-03, max=1.001000e+00; lmda_neg: mean=1.019000e-01, min=2.000000e-03, max=1.001000e+00
Epoch      0 (0.0%): Train pred MSE = 1.015871e+00, Test pred MSE = 1.074319e+00, Param MSE = 1.050192e+00, Grad norm = 1.275154e-01, Beta update rate = inf, c_emp_max_dev = 3.822e-05, lam_pos_max_dev = 3.822e-05, lam_pos_neg_max_gap = 0.000e+00

Training completed at epoch 5000
Stop reason: train_pred_mse
Final Train pred MSE = 1.889040e-14
Final Test pred MSE = 1.189581e+00
Final Param MSE = 1.159759e+00
Final Grad norm = 1.455590e-08
Final Beta update rate = 2.614716e+02
Success flag: True (train_pred_mse < 1.00e-05)
Results saved to results/emp_ptft_parallel/emp_ptft_omega0.0_lambda0.0_reinit0.0_alpha0.0100_seed10.csv
============================================
Finished at: Mon 26 Jan 16:54:20 GMT 2026
============================================
