[SLURM] Job 20446114 task 9 starting on cpu-q-588
[SLURM] Step 2 Support Sweep
[SLURM] Using Python: /home/na658/.conda/envs/mtl_ft/bin/python
Starting diagonal network pretrain BG script...

================================================================================
SCRIPT STARTED - Running diagonal network BG experiment...
================================================================================

================================================================================
EXPERIMENT SETTINGS
================================================================================
Seed: 0
Input dimension: 1000
Sparsity (rho): 0.04
Training samples: 250
Test samples: 10000
Learning rate: 0.5
Max epochs: 5000000
Test every N epochs: 200
Convergence threshold: 1e-12
Stop pred MSE: 1e-10
Stop beta rate: disabled
Stop grad norm: disabled
LR decay: disabled
LR decay interval: 2000
Scaling: 1.0
Lambda (λ): 0.0
C parameter: 0.001
Initialization method: complex
Learning rate tuning: False
Save folder: results/diagonal/step2_support/c_nz=0.001000--c_z=0.500000--alpha=0.250000--seed=0/
C mode: support
  c_nz=0.001, c_z=0.5
================================================================================
Starting training...
================================================================================
[c_mode=support] support fraction=0.0570 (rho=0.04)
[c_mode=support] c_nz=0.001, c_z=0.5
Per-coordinate c init: c_vec range [0.001000, 0.500000]

Starting training loop (max 5000000 epochs, threshold=1.00e-12)...
Epoch      0 (0.0%): Train pred MSE = 6.549811e+00, Test pred MSE = 1.614456e-01, Param MSE = 1.610247e+00, Grad norm = 6.510707e-01, Beta update rate = nan
Epoch    200 (0.0%): Train pred MSE = 5.011012e-02, Test pred MSE = 2.091127e-01, Param MSE = 2.120512e+00, Grad norm = 4.148670e-02, Beta update rate = 1.128702e-01
Epoch    400 (0.0%): Train pred MSE = 2.555381e-03, Test pred MSE = 2.152178e-01, Param MSE = 2.184020e+00, Grad norm = 8.397298e-03, Beta update rate = 1.296234e-02
Epoch    600 (0.0%): Train pred MSE = 1.831281e-04, Test pred MSE = 2.163182e-01, Param MSE = 2.195015e+00, Grad norm = 2.180284e-03, Beta update rate = 2.951846e-03
Epoch    800 (0.0%): Train pred MSE = 1.453712e-05, Test pred MSE = 2.165705e-01, Param MSE = 2.197484e+00, Grad norm = 6.060925e-04, Beta update rate = 7.872700e-04
Epoch   1000 (0.0%): Train pred MSE = 1.215910e-06, Test pred MSE = 2.166347e-01, Param MSE = 2.198106e+00, Grad norm = 1.738251e-04, Beta update rate = 2.210074e-04
Epoch   1200 (0.0%): Train pred MSE = 1.052482e-07, Test pred MSE = 2.166519e-01, Param MSE = 2.198272e+00, Grad norm = 5.083989e-05, Beta update rate = 6.373770e-05
Epoch   1400 (0.0%): Train pred MSE = 9.336583e-09, Test pred MSE = 2.166566e-01, Param MSE = 2.198318e+00, Grad norm = 1.507597e-05, Beta update rate = 1.871091e-05
Epoch   1600 (0.0%): Train pred MSE = 8.436575e-10, Test pred MSE = 2.166580e-01, Param MSE = 2.198331e+00, Grad norm = 4.516496e-06, Beta update rate = 5.562984e-06
Epoch   1800 (0.0%): Train pred MSE = 7.733821e-11, Test pred MSE = 2.166584e-01, Param MSE = 2.198334e+00, Grad norm = 1.363758e-06, Beta update rate = 1.669754e-06

Training completed at epoch 1800
Stop reason: train_pred_mse
Final Train pred MSE = 7.733821e-11
Final Test pred MSE = 2.166584e-01
Final Param MSE = 2.198334e+00
Final Grad norm = 1.363758e-06
Final Beta update rate = 1.669754e-06
Success flag: True (train_pred_mse < 1.00e-10)
Results metadata saved to results/diagonal/step2_support/c_nz=0.001000--c_z=0.500000--alpha=0.250000--seed=0/results_meta.json
Saved c_vec to results/diagonal/step2_support/c_nz=0.001000--c_z=0.500000--alpha=0.250000--seed=0/c_vec.npy

Results saved to results/diagonal/step2_support/c_nz=0.001000--c_z=0.500000--alpha=0.250000--seed=0/
Total jobs in this sweep: 72
Cases: good (c_nz=0.001, c_z=0.5), bad (c_nz=0.5, c_z=0.001)
Alpha values: [0.05, 0.1, 0.2, 0.25, 0.3, 0.4, 0.5, 0.6, 0.7, 0.8, 0.9, 1.0]
Seeds: [0, 1, 2]
================================================================================
Step 2 Support Sweep - Experiment Parameters:
================================================================================
  c: 0.001
  c_mode: support
  c_nz: 0.001
  c_z: 0.5
  epochs: 5000000
  init_method: complex
  inp_dim: 1000
  lmda: 0.0
  lr: 0.5
  n_test: 10000
  n_train: 250
  no_tuning: True
  rho: 0.04
  save_folder: results/diagonal/step2_support/c_nz=0.001000--c_z=0.500000--alpha=0.250000--seed=0/
  scaling: 1.0
  seed: 0
  test_every_n_epochs: 200
  threshold: 1e-12
================================================================================

Case: good (c_nz=0.001, c_z=0.5)

Running training script...

Extracting results and saving to CSV...
Results appended to /home/na658/multi-task2/experiment_results_step2_support.csv

✓ Experiment 9 completed successfully
[SLURM] Job 20446114 task 9 finished
