[SLURM] Job 20446519 task 80 starting on cpu-q-9
[SLURM] Step 3 Omega Sweep (PT+FT Oracle)
[SLURM] Using Python: /home/na658/.conda/envs/mtl_ft/bin/python
Starting PT+FT Oracle experiment...

================================================================================
STEP 3: PT+FT ORACLE EXPERIMENT
================================================================================

================================================================================
EXPERIMENT SETTINGS
================================================================================
Seed: 2
Input dimension: 1000
PT support fraction (rho_pt): 0.1
FT sparsity (rho_ft): 0.04
Overlap (omega): 1.0
PT amplitude (a_pt): 1.0
PT c parameter (c_pt): 0.001
PT lambda (lambda_pt): 0.0
Gamma reinit: 0.0
Training samples (FT): 200
Test samples: 10000
Learning rate: 0.5
Max epochs: 5000000
Save folder: results/diagonal/step3_omega/omega=1.00--alpha=0.200000--seed=2/
================================================================================

Sampling PT teacher (oracle)...
  PT support size: 100 / 1000 = 0.1000

Sampling FT teacher with overlap...
  FT support size: 40 / 1000 = 0.0400
  Overlap: 40 / 40 = 1.0000 (target: 1.0)

  Coordinate groups:
    OV (both):     40
    NEW (FT only): 0
    PTONLY:        60
    NONE:          900

Computing c_ft from Cosyne formula...

  c_ft statistics by group:
    OV:     mean=1.001000, range=[1.001000, 1.001000]
    NEW:    N/A
    PTONLY: mean=1.001000
    NONE:   mean=0.002000

Sampling FT data...

Initializing DiagonalNet with per-coordinate c_ft...
Per-coordinate c init: c_vec range [0.002000, 1.001000]

Training on FT data...

Starting training loop (max 5000000 epochs, threshold=1.00e-12)...
Epoch      0 (0.0%): Train pred MSE = 3.178848e+00, Test pred MSE = 5.909650e-02, Param MSE = 5.995715e-01, Grad norm = 4.657756e-01, Beta update rate = nan
Epoch    200 (0.0%): Train pred MSE = 2.203200e-02, Test pred MSE = 2.560485e-03, Param MSE = 2.599442e-02, Grad norm = 2.084234e-02, Beta update rate = 1.112005e-01
Epoch    400 (0.0%): Train pred MSE = 5.343033e-03, Test pred MSE = 9.403308e-04, Param MSE = 9.481146e-03, Grad norm = 7.719474e-03, Beta update rate = 1.128724e-02
Epoch    600 (0.0%): Train pred MSE = 1.995747e-03, Test pred MSE = 4.680956e-04, Param MSE = 4.693611e-03, Grad norm = 4.228634e-03, Beta update rate = 4.861997e-03
Epoch    800 (0.0%): Train pred MSE = 8.696006e-04, Test pred MSE = 2.709328e-04, Param MSE = 2.705719e-03, Grad norm = 2.603056e-03, Beta update rate = 2.733014e-03
Epoch   1000 (0.0%): Train pred MSE = 4.184790e-04, Test pred MSE = 1.749007e-04, Param MSE = 1.742145e-03, Grad norm = 1.700271e-03, Beta update rate = 1.689668e-03
Epoch   1200 (0.0%): Train pred MSE = 2.188177e-04, Test pred MSE = 1.233634e-04, Param MSE = 1.226984e-03, Grad norm = 1.155239e-03, Beta update rate = 1.103962e-03
Epoch   1400 (0.0%): Train pred MSE = 1.241042e-04, Test pred MSE = 9.371216e-05, Param MSE = 9.314639e-04, Grad norm = 8.083841e-04, Beta update rate = 7.492941e-04
Epoch   1600 (0.0%): Train pred MSE = 7.666210e-05, Test pred MSE = 7.571103e-05, Param MSE = 7.524664e-04, Grad norm = 5.799739e-04, Beta update rate = 5.229795e-04
Epoch   1800 (0.0%): Train pred MSE = 5.170415e-05, Test pred MSE = 6.429332e-05, Param MSE = 6.391391e-04, Grad norm = 4.263554e-04, Beta update rate = 3.729337e-04
Epoch   2000 (0.0%): Train pred MSE = 3.789431e-05, Test pred MSE = 5.677656e-05, Param MSE = 5.646389e-04, Grad norm = 3.218580e-04, Beta update rate = 2.705784e-04
Epoch   2200 (0.0%): Train pred MSE = 2.980694e-05, Test pred MSE = 5.166314e-05, Param MSE = 5.140154e-04, Grad norm = 2.504733e-04, Beta update rate = 1.992367e-04
Epoch   2400 (0.0%): Train pred MSE = 2.475355e-05, Test pred MSE = 4.807986e-05, Param MSE = 4.785696e-04, Grad norm = 2.017002e-04, Beta update rate = 1.486813e-04
Epoch   2600 (0.1%): Train pred MSE = 2.136410e-05, Test pred MSE = 4.549873e-05, Param MSE = 4.530505e-04, Grad norm = 1.683562e-04, Beta update rate = 1.123863e-04
Epoch   2800 (0.1%): Train pred MSE = 1.892315e-05, Test pred MSE = 4.359038e-05, Param MSE = 4.341877e-04, Grad norm = 1.454063e-04, Beta update rate = 8.605381e-05
Epoch   3000 (0.1%): Train pred MSE = 1.704828e-05, Test pred MSE = 4.214376e-05, Param MSE = 4.198883e-04, Grad norm = 1.293243e-04, Beta update rate = 6.678257e-05
Epoch   3200 (0.1%): Train pred MSE = 1.552999e-05, Test pred MSE = 4.102040e-05, Param MSE = 4.087810e-04, Grad norm = 1.176985e-04, Beta update rate = 5.257495e-05
Epoch   3400 (0.1%): Train pred MSE = 1.425030e-05, Test pred MSE = 4.012760e-05, Param MSE = 3.999488e-04, Grad norm = 1.089352e-04, Beta update rate = 4.203326e-05
Epoch   3600 (0.1%): Train pred MSE = 1.314053e-05, Test pred MSE = 3.940214e-05, Param MSE = 3.927670e-04, Grad norm = 1.020151e-04, Beta update rate = 3.416596e-05
Epoch   3800 (0.1%): Train pred MSE = 1.215906e-05, Test pred MSE = 3.880023e-05, Param MSE = 3.868033e-04, Grad norm = 9.630132e-05, Beta update rate = 2.826088e-05
Epoch   4000 (0.1%): Train pred MSE = 1.127946e-05, Test pred MSE = 3.829109e-05, Param MSE = 3.817539e-04, Grad norm = 9.140047e-05, Beta update rate = 2.380086e-05
Epoch   4200 (0.1%): Train pred MSE = 1.048401e-05, Test pred MSE = 3.785277e-05, Param MSE = 3.774027e-04, Grad norm = 8.706997e-05, Beta update rate = 2.040692e-05
Epoch   4400 (0.1%): Train pred MSE = 9.760207e-06, Test pred MSE = 3.746945e-05, Param MSE = 3.735938e-04, Grad norm = 8.315878e-05, Beta update rate = 1.779966e-05
Epoch   4600 (0.1%): Train pred MSE = 9.098683e-06, Test pred MSE = 3.712958e-05, Param MSE = 3.702135e-04, Grad norm = 7.957118e-05, Beta update rate = 1.577261e-05
Epoch   4800 (0.1%): Train pred MSE = 8.492127e-06, Test pred MSE = 3.682463e-05, Param MSE = 3.671778e-04, Grad norm = 7.624487e-05, Beta update rate = 1.417345e-05
Epoch   5000 (0.1%): Train pred MSE = 7.934593e-06, Test pred MSE = 3.654821e-05, Param MSE = 3.644239e-04, Grad norm = 7.313788e-05, Beta update rate = 1.289030e-05
Epoch   5200 (0.1%): Train pred MSE = 7.421099e-06, Test pred MSE = 3.629548e-05, Param MSE = 3.619043e-04, Grad norm = 7.022081e-05, Beta update rate = 1.184146e-05
Epoch   5400 (0.1%): Train pred MSE = 6.947377e-06, Test pred MSE = 3.606275e-05, Param MSE = 3.595825e-04, Grad norm = 6.747209e-05, Beta update rate = 1.096754e-05
Epoch   5600 (0.1%): Train pred MSE = 6.509714e-06, Test pred MSE = 3.584713e-05, Param MSE = 3.574303e-04, Grad norm = 6.487521e-05, Beta update rate = 1.022554e-05
Epoch   5800 (0.1%): Train pred MSE = 6.104840e-06, Test pred MSE = 3.564636e-05, Param MSE = 3.554253e-04, Grad norm = 6.241697e-05, Beta update rate = 9.584357e-06
Epoch   6000 (0.1%): Train pred MSE = 5.729850e-06, Test pred MSE = 3.545863e-05, Param MSE = 3.535498e-04, Grad norm = 6.008644e-05, Beta update rate = 9.021422e-06
Epoch   6200 (0.1%): Train pred MSE = 5.382151e-06, Test pred MSE = 3.528249e-05, Param MSE = 3.517893e-04, Grad norm = 5.787429e-05, Beta update rate = 8.520310e-06
Epoch   6400 (0.1%): Train pred MSE = 5.059415e-06, Test pred MSE = 3.511673e-05, Param MSE = 3.501321e-04, Grad norm = 5.577236e-05, Beta update rate = 8.068959e-06
Epoch   6600 (0.1%): Train pred MSE = 4.759548e-06, Test pred MSE = 3.496035e-05, Param MSE = 3.485683e-04, Grad norm = 5.377339e-05, Beta update rate = 7.658424e-06
Epoch   6800 (0.1%): Train pred MSE = 4.480658e-06, Test pred MSE = 3.481251e-05, Param MSE = 3.470896e-04, Grad norm = 5.187085e-05, Beta update rate = 7.281992e-06
Epoch   7000 (0.1%): Train pred MSE = 4.221033e-06, Test pred MSE = 3.467250e-05, Param MSE = 3.456888e-04, Grad norm = 5.005877e-05, Beta update rate = 6.934549e-06
Epoch   7200 (0.1%): Train pred MSE = 3.979122e-06, Test pred MSE = 3.453970e-05, Param MSE = 3.443599e-04, Grad norm = 4.833170e-05, Beta update rate = 6.612142e-06
Epoch   7400 (0.1%): Train pred MSE = 3.753517e-06, Test pred MSE = 3.441357e-05, Param MSE = 3.430976e-04, Grad norm = 4.668459e-05, Beta update rate = 6.311658e-06
Epoch   7600 (0.2%): Train pred MSE = 3.542938e-06, Test pred MSE = 3.429363e-05, Param MSE = 3.418970e-04, Grad norm = 4.511280e-05, Beta update rate = 6.030611e-06
Epoch   7800 (0.2%): Train pred MSE = 3.346218e-06, Test pred MSE = 3.417945e-05, Param MSE = 3.407541e-04, Grad norm = 4.361200e-05, Beta update rate = 5.766974e-06
Epoch   8000 (0.2%): Train pred MSE = 3.162294e-06, Test pred MSE = 3.407066e-05, Param MSE = 3.396649e-04, Grad norm = 4.217816e-05, Beta update rate = 5.519069e-06
Epoch   8200 (0.2%): Train pred MSE = 2.990198e-06, Test pred MSE = 3.396692e-05, Param MSE = 3.386262e-04, Grad norm = 4.080755e-05, Beta update rate = 5.285488e-06
Epoch   8400 (0.2%): Train pred MSE = 2.829043e-06, Test pred MSE = 3.386791e-05, Param MSE = 3.376348e-04, Grad norm = 3.949665e-05, Beta update rate = 5.065026e-06
Epoch   8600 (0.2%): Train pred MSE = 2.678019e-06, Test pred MSE = 3.377336e-05, Param MSE = 3.366879e-04, Grad norm = 3.824221e-05, Beta update rate = 4.856641e-06
Epoch   8800 (0.2%): Train pred MSE = 2.536383e-06, Test pred MSE = 3.368300e-05, Param MSE = 3.357830e-04, Grad norm = 3.704117e-05, Beta update rate = 4.659424e-06
Epoch   9000 (0.2%): Train pred MSE = 2.403458e-06, Test pred MSE = 3.359660e-05, Param MSE = 3.349176e-04, Grad norm = 3.589065e-05, Beta update rate = 4.472567e-06
Epoch   9200 (0.2%): Train pred MSE = 2.278617e-06, Test pred MSE = 3.351393e-05, Param MSE = 3.340896e-04, Grad norm = 3.478798e-05, Beta update rate = 4.295353e-06
Epoch   9400 (0.2%): Train pred MSE = 2.161290e-06, Test pred MSE = 3.343480e-05, Param MSE = 3.332969e-04, Grad norm = 3.373064e-05, Beta update rate = 4.127133e-06
Epoch   9600 (0.2%): Train pred MSE = 2.050950e-06, Test pred MSE = 3.335900e-05, Param MSE = 3.325377e-04, Grad norm = 3.271627e-05, Beta update rate = 3.967323e-06
Epoch   9800 (0.2%): Train pred MSE = 1.947114e-06, Test pred MSE = 3.328637e-05, Param MSE = 3.318101e-04, Grad norm = 3.174264e-05, Beta update rate = 3.815390e-06
Epoch  10000 (0.2%): Train pred MSE = 1.849334e-06, Test pred MSE = 3.321674e-05, Param MSE = 3.311125e-04, Grad norm = 3.080768e-05, Beta update rate = 3.670845e-06
Epoch  10200 (0.2%): Train pred MSE = 1.757202e-06, Test pred MSE = 3.314996e-05, Param MSE = 3.304435e-04, Grad norm = 2.990942e-05, Beta update rate = 3.533242e-06
Epoch  10400 (0.2%): Train pred MSE = 1.670338e-06, Test pred MSE = 3.308589e-05, Param MSE = 3.298016e-04, Grad norm = 2.904601e-05, Beta update rate = 3.402166e-06
Epoch  10600 (0.2%): Train pred MSE = 1.588393e-06, Test pred MSE = 3.302438e-05, Param MSE = 3.291853e-04, Grad norm = 2.821573e-05, Beta update rate = 3.277237e-06
Epoch  10800 (0.2%): Train pred MSE = 1.511043e-06, Test pred MSE = 3.296532e-05, Param MSE = 3.285936e-04, Grad norm = 2.741695e-05, Beta update rate = 3.158101e-06
Epoch  11000 (0.2%): Train pred MSE = 1.437991e-06, Test pred MSE = 3.290859e-05, Param MSE = 3.280251e-04, Grad norm = 2.664811e-05, Beta update rate = 3.044430e-06
Epoch  11200 (0.2%): Train pred MSE = 1.368961e-06, Test pred MSE = 3.285407e-05, Param MSE = 3.274787e-04, Grad norm = 2.590778e-05, Beta update rate = 2.935918e-06
Epoch  11400 (0.2%): Train pred MSE = 1.303695e-06, Test pred MSE = 3.280165e-05, Param MSE = 3.269535e-04, Grad norm = 2.519458e-05, Beta update rate = 2.832280e-06
Epoch  11600 (0.2%): Train pred MSE = 1.241958e-06, Test pred MSE = 3.275125e-05, Param MSE = 3.264485e-04, Grad norm = 2.450722e-05, Beta update rate = 2.733251e-06
Epoch  11800 (0.2%): Train pred MSE = 1.183528e-06, Test pred MSE = 3.270276e-05, Param MSE = 3.259626e-04, Grad norm = 2.384450e-05, Beta update rate = 2.638582e-06
Epoch  12000 (0.2%): Train pred MSE = 1.128203e-06, Test pred MSE = 3.265611e-05, Param MSE = 3.254950e-04, Grad norm = 2.320526e-05, Beta update rate = 2.548040e-06
Epoch  12200 (0.2%): Train pred MSE = 1.075793e-06, Test pred MSE = 3.261120e-05, Param MSE = 3.250450e-04, Grad norm = 2.258842e-05, Beta update rate = 2.461408e-06
Epoch  12400 (0.2%): Train pred MSE = 1.026120e-06, Test pred MSE = 3.256796e-05, Param MSE = 3.246116e-04, Grad norm = 2.199295e-05, Beta update rate = 2.378481e-06
Epoch  12600 (0.3%): Train pred MSE = 9.790212e-07, Test pred MSE = 3.252631e-05, Param MSE = 3.241942e-04, Grad norm = 2.141789e-05, Beta update rate = 2.299068e-06
Epoch  12800 (0.3%): Train pred MSE = 9.343437e-07, Test pred MSE = 3.248618e-05, Param MSE = 3.237920e-04, Grad norm = 2.086232e-05, Beta update rate = 2.222989e-06
Epoch  13000 (0.3%): Train pred MSE = 8.919452e-07, Test pred MSE = 3.244751e-05, Param MSE = 3.234044e-04, Grad norm = 2.032538e-05, Beta update rate = 2.150074e-06
Epoch  13200 (0.3%): Train pred MSE = 8.516929e-07, Test pred MSE = 3.241023e-05, Param MSE = 3.230308e-04, Grad norm = 1.980624e-05, Beta update rate = 2.080165e-06
Epoch  13400 (0.3%): Train pred MSE = 8.134631e-07, Test pred MSE = 3.237428e-05, Param MSE = 3.226705e-04, Grad norm = 1.930415e-05, Beta update rate = 2.013111e-06
Epoch  13600 (0.3%): Train pred MSE = 7.771400e-07, Test pred MSE = 3.233961e-05, Param MSE = 3.223230e-04, Grad norm = 1.881835e-05, Beta update rate = 1.948771e-06
Epoch  13800 (0.3%): Train pred MSE = 7.426157e-07, Test pred MSE = 3.230617e-05, Param MSE = 3.219878e-04, Grad norm = 1.834817e-05, Beta update rate = 1.887013e-06
Epoch  14000 (0.3%): Train pred MSE = 7.097891e-07, Test pred MSE = 3.227389e-05, Param MSE = 3.216642e-04, Grad norm = 1.789293e-05, Beta update rate = 1.827710e-06
Epoch  14200 (0.3%): Train pred MSE = 6.785658e-07, Test pred MSE = 3.224274e-05, Param MSE = 3.213519e-04, Grad norm = 1.745203e-05, Beta update rate = 1.770745e-06
Epoch  14400 (0.3%): Train pred MSE = 6.488573e-07, Test pred MSE = 3.221266e-05, Param MSE = 3.210504e-04, Grad norm = 1.702485e-05, Beta update rate = 1.716006e-06
Epoch  14600 (0.3%): Train pred MSE = 6.205807e-07, Test pred MSE = 3.218361e-05, Param MSE = 3.207593e-04, Grad norm = 1.661086e-05, Beta update rate = 1.663387e-06
Epoch  14800 (0.3%): Train pred MSE = 5.936582e-07, Test pred MSE = 3.215556e-05, Param MSE = 3.204780e-04, Grad norm = 1.620951e-05, Beta update rate = 1.612788e-06
Epoch  15000 (0.3%): Train pred MSE = 5.680171e-07, Test pred MSE = 3.212845e-05, Param MSE = 3.202063e-04, Grad norm = 1.582029e-05, Beta update rate = 1.564116e-06
Epoch  15200 (0.3%): Train pred MSE = 5.435889e-07, Test pred MSE = 3.210226e-05, Param MSE = 3.199437e-04, Grad norm = 1.544274e-05, Beta update rate = 1.517281e-06
Epoch  15400 (0.3%): Train pred MSE = 5.203094e-07, Test pred MSE = 3.207694e-05, Param MSE = 3.196899e-04, Grad norm = 1.507638e-05, Beta update rate = 1.472198e-06
Epoch  15600 (0.3%): Train pred MSE = 4.981181e-07, Test pred MSE = 3.205246e-05, Param MSE = 3.194445e-04, Grad norm = 1.472080e-05, Beta update rate = 1.428788e-06
Epoch  15800 (0.3%): Train pred MSE = 4.769584e-07, Test pred MSE = 3.202879e-05, Param MSE = 3.192072e-04, Grad norm = 1.437557e-05, Beta update rate = 1.386976e-06
Epoch  16000 (0.3%): Train pred MSE = 4.567768e-07, Test pred MSE = 3.200590e-05, Param MSE = 3.189777e-04, Grad norm = 1.404030e-05, Beta update rate = 1.346689e-06
Epoch  16200 (0.3%): Train pred MSE = 4.375231e-07, Test pred MSE = 3.198376e-05, Param MSE = 3.187557e-04, Grad norm = 1.371463e-05, Beta update rate = 1.307860e-06
Epoch  16400 (0.3%): Train pred MSE = 4.191499e-07, Test pred MSE = 3.196233e-05, Param MSE = 3.185409e-04, Grad norm = 1.339820e-05, Beta update rate = 1.270424e-06
Epoch  16600 (0.3%): Train pred MSE = 4.016126e-07, Test pred MSE = 3.194159e-05, Param MSE = 3.183330e-04, Grad norm = 1.309066e-05, Beta update rate = 1.234320e-06
Epoch  16800 (0.3%): Train pred MSE = 3.848691e-07, Test pred MSE = 3.192152e-05, Param MSE = 3.181318e-04, Grad norm = 1.279170e-05, Beta update rate = 1.199491e-06
Epoch  17000 (0.3%): Train pred MSE = 3.688799e-07, Test pred MSE = 3.190209e-05, Param MSE = 3.179369e-04, Grad norm = 1.250100e-05, Beta update rate = 1.165880e-06
Epoch  17200 (0.3%): Train pred MSE = 3.536074e-07, Test pred MSE = 3.188327e-05, Param MSE = 3.177483e-04, Grad norm = 1.221828e-05, Beta update rate = 1.133437e-06
Epoch  17400 (0.3%): Train pred MSE = 3.390163e-07, Test pred MSE = 3.186505e-05, Param MSE = 3.175656e-04, Grad norm = 1.194325e-05, Beta update rate = 1.102112e-06
Epoch  17600 (0.4%): Train pred MSE = 3.250732e-07, Test pred MSE = 3.184740e-05, Param MSE = 3.173886e-04, Grad norm = 1.167565e-05, Beta update rate = 1.071856e-06
Epoch  17800 (0.4%): Train pred MSE = 3.117465e-07, Test pred MSE = 3.183030e-05, Param MSE = 3.172171e-04, Grad norm = 1.141522e-05, Beta update rate = 1.042627e-06
Epoch  18000 (0.4%): Train pred MSE = 2.990065e-07, Test pred MSE = 3.181373e-05, Param MSE = 3.170509e-04, Grad norm = 1.116171e-05, Beta update rate = 1.014380e-06
Epoch  18200 (0.4%): Train pred MSE = 2.868248e-07, Test pred MSE = 3.179767e-05, Param MSE = 3.168899e-04, Grad norm = 1.091490e-05, Beta update rate = 9.870757e-07
Epoch  18400 (0.4%): Train pred MSE = 2.751748e-07, Test pred MSE = 3.178210e-05, Param MSE = 3.167338e-04, Grad norm = 1.067456e-05, Beta update rate = 9.606753e-07
Epoch  18600 (0.4%): Train pred MSE = 2.640311e-07, Test pred MSE = 3.176700e-05, Param MSE = 3.165825e-04, Grad norm = 1.044047e-05, Beta update rate = 9.351422e-07
Epoch  18800 (0.4%): Train pred MSE = 2.533699e-07, Test pred MSE = 3.175237e-05, Param MSE = 3.164357e-04, Grad norm = 1.021244e-05, Beta update rate = 9.104413e-07
Epoch  19000 (0.4%): Train pred MSE = 2.431684e-07, Test pred MSE = 3.173818e-05, Param MSE = 3.162934e-04, Grad norm = 9.990260e-06, Beta update rate = 8.865394e-07
Epoch  19200 (0.4%): Train pred MSE = 2.334052e-07, Test pred MSE = 3.172441e-05, Param MSE = 3.161553e-04, Grad norm = 9.773749e-06, Beta update rate = 8.634049e-07
Epoch  19400 (0.4%): Train pred MSE = 2.240597e-07, Test pred MSE = 3.171105e-05, Param MSE = 3.160214e-04, Grad norm = 9.562726e-06, Beta update rate = 8.410075e-07
Epoch  19600 (0.4%): Train pred MSE = 2.151127e-07, Test pred MSE = 3.169810e-05, Param MSE = 3.158915e-04, Grad norm = 9.357019e-06, Beta update rate = 8.193184e-07
Epoch  19800 (0.4%): Train pred MSE = 2.065458e-07, Test pred MSE = 3.168552e-05, Param MSE = 3.157654e-04, Grad norm = 9.156460e-06, Beta update rate = 7.983102e-07
Epoch  20000 (0.4%): Train pred MSE = 1.983416e-07, Test pred MSE = 3.167332e-05, Param MSE = 3.156430e-04, Grad norm = 8.960892e-06, Beta update rate = 7.779567e-07
Epoch  20200 (0.4%): Train pred MSE = 1.904835e-07, Test pred MSE = 3.166147e-05, Param MSE = 3.155242e-04, Grad norm = 8.770162e-06, Beta update rate = 7.582328e-07
Epoch  20400 (0.4%): Train pred MSE = 1.829559e-07, Test pred MSE = 3.164997e-05, Param MSE = 3.154089e-04, Grad norm = 8.584123e-06, Beta update rate = 7.391148e-07
Epoch  20600 (0.4%): Train pred MSE = 1.757436e-07, Test pred MSE = 3.163881e-05, Param MSE = 3.152969e-04, Grad norm = 8.402633e-06, Beta update rate = 7.205798e-07
Epoch  20800 (0.4%): Train pred MSE = 1.688327e-07, Test pred MSE = 3.162796e-05, Param MSE = 3.151882e-04, Grad norm = 8.225558e-06, Beta update rate = 7.026061e-07
Epoch  21000 (0.4%): Train pred MSE = 1.622094e-07, Test pred MSE = 3.161743e-05, Param MSE = 3.150825e-04, Grad norm = 8.052767e-06, Beta update rate = 6.851729e-07
Epoch  21200 (0.4%): Train pred MSE = 1.558611e-07, Test pred MSE = 3.160720e-05, Param MSE = 3.149799e-04, Grad norm = 7.884134e-06, Beta update rate = 6.682603e-07
Epoch  21400 (0.4%): Train pred MSE = 1.497755e-07, Test pred MSE = 3.159726e-05, Param MSE = 3.148803e-04, Grad norm = 7.719538e-06, Beta update rate = 6.518494e-07
Epoch  21600 (0.4%): Train pred MSE = 1.439410e-07, Test pred MSE = 3.158760e-05, Param MSE = 3.147834e-04, Grad norm = 7.558864e-06, Beta update rate = 6.359219e-07
Epoch  21800 (0.4%): Train pred MSE = 1.383464e-07, Test pred MSE = 3.157822e-05, Param MSE = 3.146893e-04, Grad norm = 7.401998e-06, Beta update rate = 6.204605e-07
Epoch  22000 (0.4%): Train pred MSE = 1.329814e-07, Test pred MSE = 3.156910e-05, Param MSE = 3.145979e-04, Grad norm = 7.248833e-06, Beta update rate = 6.054486e-07
Epoch  22200 (0.4%): Train pred MSE = 1.278357e-07, Test pred MSE = 3.156024e-05, Param MSE = 3.145090e-04, Grad norm = 7.099264e-06, Beta update rate = 5.908702e-07
Epoch  22400 (0.4%): Train pred MSE = 1.228999e-07, Test pred MSE = 3.155162e-05, Param MSE = 3.144226e-04, Grad norm = 6.953191e-06, Beta update rate = 5.767101e-07
Epoch  22600 (0.5%): Train pred MSE = 1.181649e-07, Test pred MSE = 3.154325e-05, Param MSE = 3.143386e-04, Grad norm = 6.810517e-06, Beta update rate = 5.629537e-07
Epoch  22800 (0.5%): Train pred MSE = 1.136219e-07, Test pred MSE = 3.153510e-05, Param MSE = 3.142569e-04, Grad norm = 6.671148e-06, Beta update rate = 5.495870e-07
Epoch  23000 (0.5%): Train pred MSE = 1.092627e-07, Test pred MSE = 3.152718e-05, Param MSE = 3.141774e-04, Grad norm = 6.534994e-06, Beta update rate = 5.365966e-07
Epoch  23200 (0.5%): Train pred MSE = 1.050794e-07, Test pred MSE = 3.151948e-05, Param MSE = 3.141002e-04, Grad norm = 6.401967e-06, Beta update rate = 5.239697e-07
Epoch  23400 (0.5%): Train pred MSE = 1.010645e-07, Test pred MSE = 3.151198e-05, Param MSE = 3.140250e-04, Grad norm = 6.271984e-06, Beta update rate = 5.116940e-07
Epoch  23600 (0.5%): Train pred MSE = 9.721073e-08, Test pred MSE = 3.150469e-05, Param MSE = 3.139519e-04, Grad norm = 6.144961e-06, Beta update rate = 4.997576e-07
Epoch  23800 (0.5%): Train pred MSE = 9.351130e-08, Test pred MSE = 3.149760e-05, Param MSE = 3.138808e-04, Grad norm = 6.020821e-06, Beta update rate = 4.881492e-07
Epoch  24000 (0.5%): Train pred MSE = 8.995965e-08, Test pred MSE = 3.149070e-05, Param MSE = 3.138116e-04, Grad norm = 5.899488e-06, Beta update rate = 4.768579e-07
Epoch  24200 (0.5%): Train pred MSE = 8.654954e-08, Test pred MSE = 3.148399e-05, Param MSE = 3.137443e-04, Grad norm = 5.780887e-06, Beta update rate = 4.658733e-07
Epoch  24400 (0.5%): Train pred MSE = 8.327500e-08, Test pred MSE = 3.147746e-05, Param MSE = 3.136788e-04, Grad norm = 5.664947e-06, Beta update rate = 4.551853e-07
Epoch  24600 (0.5%): Train pred MSE = 8.013033e-08, Test pred MSE = 3.147110e-05, Param MSE = 3.136150e-04, Grad norm = 5.551598e-06, Beta update rate = 4.447843e-07
Epoch  24800 (0.5%): Train pred MSE = 7.711011e-08, Test pred MSE = 3.146491e-05, Param MSE = 3.135529e-04, Grad norm = 5.440775e-06, Beta update rate = 4.346611e-07
Epoch  25000 (0.5%): Train pred MSE = 7.420913e-08, Test pred MSE = 3.145888e-05, Param MSE = 3.134925e-04, Grad norm = 5.332411e-06, Beta update rate = 4.248066e-07
Epoch  25200 (0.5%): Train pred MSE = 7.142243e-08, Test pred MSE = 3.145301e-05, Param MSE = 3.134337e-04, Grad norm = 5.226445e-06, Beta update rate = 4.152125e-07
Epoch  25400 (0.5%): Train pred MSE = 6.874526e-08, Test pred MSE = 3.144730e-05, Param MSE = 3.133764e-04, Grad norm = 5.122815e-06, Beta update rate = 4.058704e-07
Epoch  25600 (0.5%): Train pred MSE = 6.617309e-08, Test pred MSE = 3.144174e-05, Param MSE = 3.133206e-04, Grad norm = 5.021462e-06, Beta update rate = 3.967725e-07
Epoch  25800 (0.5%): Train pred MSE = 6.370159e-08, Test pred MSE = 3.143632e-05, Param MSE = 3.132663e-04, Grad norm = 4.922329e-06, Beta update rate = 3.879111e-07
Epoch  26000 (0.5%): Train pred MSE = 6.132660e-08, Test pred MSE = 3.143105e-05, Param MSE = 3.132134e-04, Grad norm = 4.825360e-06, Beta update rate = 3.792788e-07
Epoch  26200 (0.5%): Train pred MSE = 5.904417e-08, Test pred MSE = 3.142591e-05, Param MSE = 3.131618e-04, Grad norm = 4.730503e-06, Beta update rate = 3.708687e-07
Epoch  26400 (0.5%): Train pred MSE = 5.685050e-08, Test pred MSE = 3.142090e-05, Param MSE = 3.131116e-04, Grad norm = 4.637703e-06, Beta update rate = 3.626740e-07
Epoch  26600 (0.5%): Train pred MSE = 5.474197e-08, Test pred MSE = 3.141603e-05, Param MSE = 3.130627e-04, Grad norm = 4.546911e-06, Beta update rate = 3.546880e-07
Epoch  26800 (0.5%): Train pred MSE = 5.271510e-08, Test pred MSE = 3.141127e-05, Param MSE = 3.130151e-04, Grad norm = 4.458078e-06, Beta update rate = 3.469045e-07
Epoch  27000 (0.5%): Train pred MSE = 5.076658e-08, Test pred MSE = 3.140664e-05, Param MSE = 3.129687e-04, Grad norm = 4.371155e-06, Beta update rate = 3.393174e-07
Epoch  27200 (0.5%): Train pred MSE = 4.889323e-08, Test pred MSE = 3.140213e-05, Param MSE = 3.129234e-04, Grad norm = 4.286096e-06, Beta update rate = 3.319209e-07
Epoch  27400 (0.5%): Train pred MSE = 4.709201e-08, Test pred MSE = 3.139774e-05, Param MSE = 3.128793e-04, Grad norm = 4.202856e-06, Beta update rate = 3.247093e-07
Epoch  27600 (0.6%): Train pred MSE = 4.536000e-08, Test pred MSE = 3.139345e-05, Param MSE = 3.128364e-04, Grad norm = 4.121392e-06, Beta update rate = 3.176771e-07
Epoch  27800 (0.6%): Train pred MSE = 4.369442e-08, Test pred MSE = 3.138928e-05, Param MSE = 3.127945e-04, Grad norm = 4.041660e-06, Beta update rate = 3.108191e-07
Epoch  28000 (0.6%): Train pred MSE = 4.209260e-08, Test pred MSE = 3.138521e-05, Param MSE = 3.127537e-04, Grad norm = 3.963619e-06, Beta update rate = 3.041302e-07
Epoch  28200 (0.6%): Train pred MSE = 4.055199e-08, Test pred MSE = 3.138124e-05, Param MSE = 3.127139e-04, Grad norm = 3.887230e-06, Beta update rate = 2.976055e-07
Epoch  28400 (0.6%): Train pred MSE = 3.907013e-08, Test pred MSE = 3.137737e-05, Param MSE = 3.126751e-04, Grad norm = 3.812452e-06, Beta update rate = 2.912403e-07
Epoch  28600 (0.6%): Train pred MSE = 3.764469e-08, Test pred MSE = 3.137360e-05, Param MSE = 3.126373e-04, Grad norm = 3.739248e-06, Beta update rate = 2.850301e-07
Epoch  28800 (0.6%): Train pred MSE = 3.627341e-08, Test pred MSE = 3.136992e-05, Param MSE = 3.126004e-04, Grad norm = 3.667581e-06, Beta update rate = 2.789704e-07
Epoch  29000 (0.6%): Train pred MSE = 3.495415e-08, Test pred MSE = 3.136633e-05, Param MSE = 3.125644e-04, Grad norm = 3.597415e-06, Beta update rate = 2.730569e-07
Epoch  29200 (0.6%): Train pred MSE = 3.368483e-08, Test pred MSE = 3.136283e-05, Param MSE = 3.125293e-04, Grad norm = 3.528715e-06, Beta update rate = 2.672856e-07
Epoch  29400 (0.6%): Train pred MSE = 3.246350e-08, Test pred MSE = 3.135942e-05, Param MSE = 3.124951e-04, Grad norm = 3.461446e-06, Beta update rate = 2.616524e-07
Epoch  29600 (0.6%): Train pred MSE = 3.128824e-08, Test pred MSE = 3.135609e-05, Param MSE = 3.124618e-04, Grad norm = 3.395576e-06, Beta update rate = 2.561536e-07
Epoch  29800 (0.6%): Train pred MSE = 3.015725e-08, Test pred MSE = 3.135285e-05, Param MSE = 3.124293e-04, Grad norm = 3.331073e-06, Beta update rate = 2.507854e-07
Epoch  30000 (0.6%): Train pred MSE = 2.906878e-08, Test pred MSE = 3.134968e-05, Param MSE = 3.123975e-04, Grad norm = 3.267904e-06, Beta update rate = 2.455442e-07
Epoch  30200 (0.6%): Train pred MSE = 2.802117e-08, Test pred MSE = 3.134660e-05, Param MSE = 3.123666e-04, Grad norm = 3.206039e-06, Beta update rate = 2.404265e-07
Epoch  30400 (0.6%): Train pred MSE = 2.701282e-08, Test pred MSE = 3.134358e-05, Param MSE = 3.123363e-04, Grad norm = 3.145449e-06, Beta update rate = 2.354290e-07
Epoch  30600 (0.6%): Train pred MSE = 2.604218e-08, Test pred MSE = 3.134064e-05, Param MSE = 3.123069e-04, Grad norm = 3.086104e-06, Beta update rate = 2.305484e-07
Epoch  30800 (0.6%): Train pred MSE = 2.510780e-08, Test pred MSE = 3.133777e-05, Param MSE = 3.122781e-04, Grad norm = 3.027977e-06, Beta update rate = 2.257815e-07
Epoch  31000 (0.6%): Train pred MSE = 2.420826e-08, Test pred MSE = 3.133498e-05, Param MSE = 3.122501e-04, Grad norm = 2.971039e-06, Beta update rate = 2.211253e-07
Epoch  31200 (0.6%): Train pred MSE = 2.334220e-08, Test pred MSE = 3.133225e-05, Param MSE = 3.122227e-04, Grad norm = 2.915263e-06, Beta update rate = 2.165769e-07
Epoch  31400 (0.6%): Train pred MSE = 2.250832e-08, Test pred MSE = 3.132958e-05, Param MSE = 3.121960e-04, Grad norm = 2.860625e-06, Beta update rate = 2.121334e-07
Epoch  31600 (0.6%): Train pred MSE = 2.170539e-08, Test pred MSE = 3.132698e-05, Param MSE = 3.121699e-04, Grad norm = 2.807097e-06, Beta update rate = 2.077919e-07
Epoch  31800 (0.6%): Train pred MSE = 2.093220e-08, Test pred MSE = 3.132444e-05, Param MSE = 3.121445e-04, Grad norm = 2.754655e-06, Beta update rate = 2.035499e-07
Epoch  32000 (0.6%): Train pred MSE = 2.018760e-08, Test pred MSE = 3.132196e-05, Param MSE = 3.121196e-04, Grad norm = 2.703276e-06, Beta update rate = 1.994046e-07
Epoch  32200 (0.6%): Train pred MSE = 1.947050e-08, Test pred MSE = 3.131954e-05, Param MSE = 3.120954e-04, Grad norm = 2.652935e-06, Beta update rate = 1.953537e-07
Epoch  32400 (0.6%): Train pred MSE = 1.877984e-08, Test pred MSE = 3.131718e-05, Param MSE = 3.120717e-04, Grad norm = 2.603609e-06, Beta update rate = 1.913946e-07
Epoch  32600 (0.7%): Train pred MSE = 1.811461e-08, Test pred MSE = 3.131488e-05, Param MSE = 3.120486e-04, Grad norm = 2.555276e-06, Beta update rate = 1.875249e-07
Epoch  32800 (0.7%): Train pred MSE = 1.747382e-08, Test pred MSE = 3.131263e-05, Param MSE = 3.120260e-04, Grad norm = 2.507914e-06, Beta update rate = 1.837425e-07
Epoch  33000 (0.7%): Train pred MSE = 1.685655e-08, Test pred MSE = 3.131043e-05, Param MSE = 3.120040e-04, Grad norm = 2.461501e-06, Beta update rate = 1.800449e-07
Epoch  33200 (0.7%): Train pred MSE = 1.626190e-08, Test pred MSE = 3.130828e-05, Param MSE = 3.119825e-04, Grad norm = 2.416018e-06, Beta update rate = 1.764301e-07
Epoch  33400 (0.7%): Train pred MSE = 1.568900e-08, Test pred MSE = 3.130619e-05, Param MSE = 3.119615e-04, Grad norm = 2.371443e-06, Beta update rate = 1.728959e-07
Epoch  33600 (0.7%): Train pred MSE = 1.513704e-08, Test pred MSE = 3.130414e-05, Param MSE = 3.119410e-04, Grad norm = 2.327756e-06, Beta update rate = 1.694404e-07
Epoch  33800 (0.7%): Train pred MSE = 1.460520e-08, Test pred MSE = 3.130215e-05, Param MSE = 3.119210e-04, Grad norm = 2.284939e-06, Beta update rate = 1.660615e-07
Epoch  34000 (0.7%): Train pred MSE = 1.409274e-08, Test pred MSE = 3.130019e-05, Param MSE = 3.119015e-04, Grad norm = 2.242972e-06, Beta update rate = 1.627573e-07
Epoch  34200 (0.7%): Train pred MSE = 1.359892e-08, Test pred MSE = 3.129829e-05, Param MSE = 3.118824e-04, Grad norm = 2.201837e-06, Beta update rate = 1.595260e-07
Epoch  34400 (0.7%): Train pred MSE = 1.312303e-08, Test pred MSE = 3.129643e-05, Param MSE = 3.118637e-04, Grad norm = 2.161517e-06, Beta update rate = 1.563657e-07
Epoch  34600 (0.7%): Train pred MSE = 1.266440e-08, Test pred MSE = 3.129461e-05, Param MSE = 3.118455e-04, Grad norm = 2.121992e-06, Beta update rate = 1.532747e-07
Epoch  34800 (0.7%): Train pred MSE = 1.222237e-08, Test pred MSE = 3.129284e-05, Param MSE = 3.118277e-04, Grad norm = 2.083247e-06, Beta update rate = 1.502512e-07
Epoch  35000 (0.7%): Train pred MSE = 1.179633e-08, Test pred MSE = 3.129110e-05, Param MSE = 3.118103e-04, Grad norm = 2.045264e-06, Beta update rate = 1.472937e-07
Epoch  35200 (0.7%): Train pred MSE = 1.138567e-08, Test pred MSE = 3.128941e-05, Param MSE = 3.117934e-04, Grad norm = 2.008028e-06, Beta update rate = 1.444004e-07
Epoch  35400 (0.7%): Train pred MSE = 1.098982e-08, Test pred MSE = 3.128775e-05, Param MSE = 3.117768e-04, Grad norm = 1.971522e-06, Beta update rate = 1.415698e-07
Epoch  35600 (0.7%): Train pred MSE = 1.060822e-08, Test pred MSE = 3.128614e-05, Param MSE = 3.117606e-04, Grad norm = 1.935731e-06, Beta update rate = 1.388005e-07
Epoch  35800 (0.7%): Train pred MSE = 1.024034e-08, Test pred MSE = 3.128456e-05, Param MSE = 3.117448e-04, Grad norm = 1.900639e-06, Beta update rate = 1.360908e-07
Epoch  36000 (0.7%): Train pred MSE = 9.885662e-09, Test pred MSE = 3.128301e-05, Param MSE = 3.117293e-04, Grad norm = 1.866232e-06, Beta update rate = 1.334394e-07
Epoch  36200 (0.7%): Train pred MSE = 9.543705e-09, Test pred MSE = 3.128150e-05, Param MSE = 3.117142e-04, Grad norm = 1.832496e-06, Beta update rate = 1.308449e-07
Epoch  36400 (0.7%): Train pred MSE = 9.213992e-09, Test pred MSE = 3.128003e-05, Param MSE = 3.116995e-04, Grad norm = 1.799415e-06, Beta update rate = 1.283059e-07
Epoch  36600 (0.7%): Train pred MSE = 8.896066e-09, Test pred MSE = 3.127859e-05, Param MSE = 3.116850e-04, Grad norm = 1.766976e-06, Beta update rate = 1.258210e-07
Epoch  36800 (0.7%): Train pred MSE = 8.589493e-09, Test pred MSE = 3.127718e-05, Param MSE = 3.116709e-04, Grad norm = 1.735167e-06, Beta update rate = 1.233891e-07
Epoch  37000 (0.7%): Train pred MSE = 8.293850e-09, Test pred MSE = 3.127581e-05, Param MSE = 3.116572e-04, Grad norm = 1.703972e-06, Beta update rate = 1.210087e-07
Epoch  37200 (0.7%): Train pred MSE = 8.008735e-09, Test pred MSE = 3.127447e-05, Param MSE = 3.116437e-04, Grad norm = 1.673380e-06, Beta update rate = 1.186788e-07
Epoch  37400 (0.7%): Train pred MSE = 7.733759e-09, Test pred MSE = 3.127315e-05, Param MSE = 3.116306e-04, Grad norm = 1.643379e-06, Beta update rate = 1.163981e-07
Epoch  37600 (0.8%): Train pred MSE = 7.468548e-09, Test pred MSE = 3.127187e-05, Param MSE = 3.116177e-04, Grad norm = 1.613955e-06, Beta update rate = 1.141655e-07
Epoch  37800 (0.8%): Train pred MSE = 7.212742e-09, Test pred MSE = 3.127062e-05, Param MSE = 3.116052e-04, Grad norm = 1.585096e-06, Beta update rate = 1.119798e-07
Epoch  38000 (0.8%): Train pred MSE = 6.965997e-09, Test pred MSE = 3.126939e-05, Param MSE = 3.115929e-04, Grad norm = 1.556792e-06, Beta update rate = 1.098399e-07
Epoch  38200 (0.8%): Train pred MSE = 6.727979e-09, Test pred MSE = 3.126819e-05, Param MSE = 3.115809e-04, Grad norm = 1.529029e-06, Beta update rate = 1.077449e-07
Epoch  38400 (0.8%): Train pred MSE = 6.498369e-09, Test pred MSE = 3.126702e-05, Param MSE = 3.115691e-04, Grad norm = 1.501798e-06, Beta update rate = 1.056935e-07
Epoch  38600 (0.8%): Train pred MSE = 6.276860e-09, Test pred MSE = 3.126587e-05, Param MSE = 3.115577e-04, Grad norm = 1.475088e-06, Beta update rate = 1.036849e-07
Epoch  38800 (0.8%): Train pred MSE = 6.063154e-09, Test pred MSE = 3.126476e-05, Param MSE = 3.115465e-04, Grad norm = 1.448886e-06, Beta update rate = 1.017181e-07
Epoch  39000 (0.8%): Train pred MSE = 5.856969e-09, Test pred MSE = 3.126366e-05, Param MSE = 3.115355e-04, Grad norm = 1.423184e-06, Beta update rate = 9.979199e-08
Epoch  39200 (0.8%): Train pred MSE = 5.658029e-09, Test pred MSE = 3.126259e-05, Param MSE = 3.115248e-04, Grad norm = 1.397970e-06, Beta update rate = 9.790576e-08
Epoch  39400 (0.8%): Train pred MSE = 5.466071e-09, Test pred MSE = 3.126155e-05, Param MSE = 3.115143e-04, Grad norm = 1.373235e-06, Beta update rate = 9.605846e-08
Epoch  39600 (0.8%): Train pred MSE = 5.280841e-09, Test pred MSE = 3.126052e-05, Param MSE = 3.115041e-04, Grad norm = 1.348969e-06, Beta update rate = 9.424922e-08
Epoch  39800 (0.8%): Train pred MSE = 5.102096e-09, Test pred MSE = 3.125952e-05, Param MSE = 3.114941e-04, Grad norm = 1.325162e-06, Beta update rate = 9.247716e-08
Epoch  40000 (0.8%): Train pred MSE = 4.929601e-09, Test pred MSE = 3.125855e-05, Param MSE = 3.114843e-04, Grad norm = 1.301805e-06, Beta update rate = 9.074144e-08
Epoch  40200 (0.8%): Train pred MSE = 4.763128e-09, Test pred MSE = 3.125759e-05, Param MSE = 3.114748e-04, Grad norm = 1.278889e-06, Beta update rate = 8.904124e-08
Epoch  40400 (0.8%): Train pred MSE = 4.602462e-09, Test pred MSE = 3.125666e-05, Param MSE = 3.114654e-04, Grad norm = 1.256404e-06, Beta update rate = 8.737576e-08
Epoch  40600 (0.8%): Train pred MSE = 4.447392e-09, Test pred MSE = 3.125574e-05, Param MSE = 3.114563e-04, Grad norm = 1.234343e-06, Beta update rate = 8.574423e-08
Epoch  40800 (0.8%): Train pred MSE = 4.297716e-09, Test pred MSE = 3.125485e-05, Param MSE = 3.114473e-04, Grad norm = 1.212696e-06, Beta update rate = 8.414587e-08
Epoch  41000 (0.8%): Train pred MSE = 4.153241e-09, Test pred MSE = 3.125397e-05, Param MSE = 3.114386e-04, Grad norm = 1.191455e-06, Beta update rate = 8.257995e-08
Epoch  41200 (0.8%): Train pred MSE = 4.013779e-09, Test pred MSE = 3.125312e-05, Param MSE = 3.114300e-04, Grad norm = 1.170612e-06, Beta update rate = 8.104575e-08
Epoch  41400 (0.8%): Train pred MSE = 3.879152e-09, Test pred MSE = 3.125228e-05, Param MSE = 3.114217e-04, Grad norm = 1.150159e-06, Beta update rate = 7.954255e-08
Epoch  41600 (0.8%): Train pred MSE = 3.749184e-09, Test pred MSE = 3.125147e-05, Param MSE = 3.114135e-04, Grad norm = 1.130088e-06, Beta update rate = 7.806968e-08
Epoch  41800 (0.8%): Train pred MSE = 3.623711e-09, Test pred MSE = 3.125067e-05, Param MSE = 3.114055e-04, Grad norm = 1.110392e-06, Beta update rate = 7.662646e-08
Epoch  42000 (0.8%): Train pred MSE = 3.502570e-09, Test pred MSE = 3.124989e-05, Param MSE = 3.113977e-04, Grad norm = 1.091062e-06, Beta update rate = 7.521223e-08
Epoch  42200 (0.8%): Train pred MSE = 3.385608e-09, Test pred MSE = 3.124912e-05, Param MSE = 3.113900e-04, Grad norm = 1.072091e-06, Beta update rate = 7.382637e-08
Epoch  42400 (0.8%): Train pred MSE = 3.272676e-09, Test pred MSE = 3.124837e-05, Param MSE = 3.113825e-04, Grad norm = 1.053473e-06, Beta update rate = 7.246824e-08
Epoch  42600 (0.9%): Train pred MSE = 3.163629e-09, Test pred MSE = 3.124764e-05, Param MSE = 3.113752e-04, Grad norm = 1.035201e-06, Beta update rate = 7.113724e-08
Epoch  42800 (0.9%): Train pred MSE = 3.058331e-09, Test pred MSE = 3.124693e-05, Param MSE = 3.113681e-04, Grad norm = 1.017266e-06, Beta update rate = 6.983277e-08
Epoch  43000 (0.9%): Train pred MSE = 2.956647e-09, Test pred MSE = 3.124623e-05, Param MSE = 3.113610e-04, Grad norm = 9.996639e-07, Beta update rate = 6.855427e-08
Epoch  43200 (0.9%): Train pred MSE = 2.858449e-09, Test pred MSE = 3.124554e-05, Param MSE = 3.113542e-04, Grad norm = 9.823864e-07, Beta update rate = 6.730115e-08
Epoch  43400 (0.9%): Train pred MSE = 2.763615e-09, Test pred MSE = 3.124487e-05, Param MSE = 3.113475e-04, Grad norm = 9.654275e-07, Beta update rate = 6.607288e-08
Epoch  43600 (0.9%): Train pred MSE = 2.672025e-09, Test pred MSE = 3.124422e-05, Param MSE = 3.113410e-04, Grad norm = 9.487810e-07, Beta update rate = 6.486891e-08
Epoch  43800 (0.9%): Train pred MSE = 2.583564e-09, Test pred MSE = 3.124357e-05, Param MSE = 3.113345e-04, Grad norm = 9.324406e-07, Beta update rate = 6.368872e-08
Epoch  44000 (0.9%): Train pred MSE = 2.498122e-09, Test pred MSE = 3.124295e-05, Param MSE = 3.113283e-04, Grad norm = 9.164004e-07, Beta update rate = 6.253180e-08
Epoch  44200 (0.9%): Train pred MSE = 2.415593e-09, Test pred MSE = 3.124233e-05, Param MSE = 3.113221e-04, Grad norm = 9.006544e-07, Beta update rate = 6.139765e-08
Epoch  44400 (0.9%): Train pred MSE = 2.335874e-09, Test pred MSE = 3.124173e-05, Param MSE = 3.113161e-04, Grad norm = 8.851968e-07, Beta update rate = 6.028577e-08
Epoch  44600 (0.9%): Train pred MSE = 2.258866e-09, Test pred MSE = 3.124115e-05, Param MSE = 3.113103e-04, Grad norm = 8.700220e-07, Beta update rate = 5.919569e-08
Epoch  44800 (0.9%): Train pred MSE = 2.184475e-09, Test pred MSE = 3.124057e-05, Param MSE = 3.113045e-04, Grad norm = 8.551245e-07, Beta update rate = 5.812696e-08
Epoch  45000 (0.9%): Train pred MSE = 2.112608e-09, Test pred MSE = 3.124001e-05, Param MSE = 3.112989e-04, Grad norm = 8.404987e-07, Beta update rate = 5.707910e-08
Epoch  45200 (0.9%): Train pred MSE = 2.043176e-09, Test pred MSE = 3.123946e-05, Param MSE = 3.112934e-04, Grad norm = 8.261394e-07, Beta update rate = 5.605168e-08
Epoch  45400 (0.9%): Train pred MSE = 1.976096e-09, Test pred MSE = 3.123892e-05, Param MSE = 3.112880e-04, Grad norm = 8.120414e-07, Beta update rate = 5.504426e-08
Epoch  45600 (0.9%): Train pred MSE = 1.911284e-09, Test pred MSE = 3.123840e-05, Param MSE = 3.112828e-04, Grad norm = 7.981996e-07, Beta update rate = 5.405643e-08
Epoch  45800 (0.9%): Train pred MSE = 1.848662e-09, Test pred MSE = 3.123788e-05, Param MSE = 3.112776e-04, Grad norm = 7.846090e-07, Beta update rate = 5.308776e-08
Epoch  46000 (0.9%): Train pred MSE = 1.788153e-09, Test pred MSE = 3.123738e-05, Param MSE = 3.112726e-04, Grad norm = 7.712647e-07, Beta update rate = 5.213785e-08
Epoch  46200 (0.9%): Train pred MSE = 1.729683e-09, Test pred MSE = 3.123688e-05, Param MSE = 3.112677e-04, Grad norm = 7.581620e-07, Beta update rate = 5.120631e-08
Epoch  46400 (0.9%): Train pred MSE = 1.673183e-09, Test pred MSE = 3.123640e-05, Param MSE = 3.112628e-04, Grad norm = 7.452962e-07, Beta update rate = 5.029275e-08
Epoch  46600 (0.9%): Train pred MSE = 1.618582e-09, Test pred MSE = 3.123593e-05, Param MSE = 3.112581e-04, Grad norm = 7.326626e-07, Beta update rate = 4.939680e-08
Epoch  46800 (0.9%): Train pred MSE = 1.565816e-09, Test pred MSE = 3.123547e-05, Param MSE = 3.112535e-04, Grad norm = 7.202569e-07, Beta update rate = 4.851809e-08
Epoch  47000 (0.9%): Train pred MSE = 1.514820e-09, Test pred MSE = 3.123501e-05, Param MSE = 3.112490e-04, Grad norm = 7.080745e-07, Beta update rate = 4.765625e-08
Epoch  47200 (0.9%): Train pred MSE = 1.465535e-09, Test pred MSE = 3.123457e-05, Param MSE = 3.112446e-04, Grad norm = 6.961113e-07, Beta update rate = 4.681093e-08
Epoch  47400 (0.9%): Train pred MSE = 1.417899e-09, Test pred MSE = 3.123414e-05, Param MSE = 3.112402e-04, Grad norm = 6.843629e-07, Beta update rate = 4.598180e-08
Epoch  47600 (1.0%): Train pred MSE = 1.371857e-09, Test pred MSE = 3.123371e-05, Param MSE = 3.112360e-04, Grad norm = 6.728253e-07, Beta update rate = 4.516852e-08
Epoch  47800 (1.0%): Train pred MSE = 1.327354e-09, Test pred MSE = 3.123330e-05, Param MSE = 3.112318e-04, Grad norm = 6.614945e-07, Beta update rate = 4.437075e-08
Epoch  48000 (1.0%): Train pred MSE = 1.284336e-09, Test pred MSE = 3.123289e-05, Param MSE = 3.112278e-04, Grad norm = 6.503664e-07, Beta update rate = 4.358818e-08
Epoch  48200 (1.0%): Train pred MSE = 1.242753e-09, Test pred MSE = 3.123249e-05, Param MSE = 3.112238e-04, Grad norm = 6.394372e-07, Beta update rate = 4.282050e-08
Epoch  48400 (1.0%): Train pred MSE = 1.202555e-09, Test pred MSE = 3.123211e-05, Param MSE = 3.112199e-04, Grad norm = 6.287031e-07, Beta update rate = 4.206739e-08
Epoch  48600 (1.0%): Train pred MSE = 1.163694e-09, Test pred MSE = 3.123172e-05, Param MSE = 3.112161e-04, Grad norm = 6.181604e-07, Beta update rate = 4.132856e-08
Epoch  48800 (1.0%): Train pred MSE = 1.126125e-09, Test pred MSE = 3.123135e-05, Param MSE = 3.112124e-04, Grad norm = 6.078054e-07, Beta update rate = 4.060371e-08
Epoch  49000 (1.0%): Train pred MSE = 1.089803e-09, Test pred MSE = 3.123099e-05, Param MSE = 3.112088e-04, Grad norm = 5.976345e-07, Beta update rate = 3.989256e-08
Epoch  49200 (1.0%): Train pred MSE = 1.054686e-09, Test pred MSE = 3.123063e-05, Param MSE = 3.112052e-04, Grad norm = 5.876443e-07, Beta update rate = 3.919483e-08
Epoch  49400 (1.0%): Train pred MSE = 1.020733e-09, Test pred MSE = 3.123028e-05, Param MSE = 3.112017e-04, Grad norm = 5.778314e-07, Beta update rate = 3.851024e-08
Epoch  49600 (1.0%): Train pred MSE = 9.879040e-10, Test pred MSE = 3.122994e-05, Param MSE = 3.111983e-04, Grad norm = 5.681923e-07, Beta update rate = 3.783853e-08
Epoch  49800 (1.0%): Train pred MSE = 9.561603e-10, Test pred MSE = 3.122960e-05, Param MSE = 3.111950e-04, Grad norm = 5.587239e-07, Beta update rate = 3.717944e-08
Epoch  50000 (1.0%): Train pred MSE = 9.254653e-10, Test pred MSE = 3.122928e-05, Param MSE = 3.111917e-04, Grad norm = 5.494228e-07, Beta update rate = 3.653270e-08
Epoch  50200 (1.0%): Train pred MSE = 8.957832e-10, Test pred MSE = 3.122895e-05, Param MSE = 3.111885e-04, Grad norm = 5.402859e-07, Beta update rate = 3.589807e-08
Epoch  50400 (1.0%): Train pred MSE = 8.670796e-10, Test pred MSE = 3.122864e-05, Param MSE = 3.111853e-04, Grad norm = 5.313102e-07, Beta update rate = 3.527531e-08
Epoch  50600 (1.0%): Train pred MSE = 8.393213e-10, Test pred MSE = 3.122833e-05, Param MSE = 3.111823e-04, Grad norm = 5.224925e-07, Beta update rate = 3.466417e-08
Epoch  50800 (1.0%): Train pred MSE = 8.124763e-10, Test pred MSE = 3.122803e-05, Param MSE = 3.111793e-04, Grad norm = 5.138300e-07, Beta update rate = 3.406442e-08
Epoch  51000 (1.0%): Train pred MSE = 7.865135e-10, Test pred MSE = 3.122774e-05, Param MSE = 3.111763e-04, Grad norm = 5.053197e-07, Beta update rate = 3.347583e-08
Epoch  51200 (1.0%): Train pred MSE = 7.614033e-10, Test pred MSE = 3.122745e-05, Param MSE = 3.111735e-04, Grad norm = 4.969588e-07, Beta update rate = 3.289818e-08
Epoch  51400 (1.0%): Train pred MSE = 7.371167e-10, Test pred MSE = 3.122717e-05, Param MSE = 3.111706e-04, Grad norm = 4.887444e-07, Beta update rate = 3.233124e-08
Epoch  51600 (1.0%): Train pred MSE = 7.136259e-10, Test pred MSE = 3.122689e-05, Param MSE = 3.111679e-04, Grad norm = 4.806739e-07, Beta update rate = 3.177481e-08
Epoch  51800 (1.0%): Train pred MSE = 6.909042e-10, Test pred MSE = 3.122662e-05, Param MSE = 3.111652e-04, Grad norm = 4.727445e-07, Beta update rate = 3.122867e-08
Epoch  52000 (1.0%): Train pred MSE = 6.689255e-10, Test pred MSE = 3.122635e-05, Param MSE = 3.111625e-04, Grad norm = 4.649537e-07, Beta update rate = 3.069261e-08
Epoch  52200 (1.0%): Train pred MSE = 6.476650e-10, Test pred MSE = 3.122609e-05, Param MSE = 3.111599e-04, Grad norm = 4.572987e-07, Beta update rate = 3.016645e-08
Epoch  52400 (1.0%): Train pred MSE = 6.270984e-10, Test pred MSE = 3.122584e-05, Param MSE = 3.111574e-04, Grad norm = 4.497773e-07, Beta update rate = 2.964997e-08
Epoch  52600 (1.1%): Train pred MSE = 6.072025e-10, Test pred MSE = 3.122559e-05, Param MSE = 3.111549e-04, Grad norm = 4.423867e-07, Beta update rate = 2.914299e-08
Epoch  52800 (1.1%): Train pred MSE = 5.879547e-10, Test pred MSE = 3.122535e-05, Param MSE = 3.111525e-04, Grad norm = 4.351247e-07, Beta update rate = 2.864532e-08
Epoch  53000 (1.1%): Train pred MSE = 5.693334e-10, Test pred MSE = 3.122511e-05, Param MSE = 3.111501e-04, Grad norm = 4.279888e-07, Beta update rate = 2.815678e-08
Epoch  53200 (1.1%): Train pred MSE = 5.513175e-10, Test pred MSE = 3.122487e-05, Param MSE = 3.111478e-04, Grad norm = 4.209767e-07, Beta update rate = 2.767718e-08
Epoch  53400 (1.1%): Train pred MSE = 5.338868e-10, Test pred MSE = 3.122465e-05, Param MSE = 3.111455e-04, Grad norm = 4.140862e-07, Beta update rate = 2.720635e-08
Epoch  53600 (1.1%): Train pred MSE = 5.170219e-10, Test pred MSE = 3.122442e-05, Param MSE = 3.111433e-04, Grad norm = 4.073149e-07, Beta update rate = 2.674411e-08
Epoch  53800 (1.1%): Train pred MSE = 5.007037e-10, Test pred MSE = 3.122420e-05, Param MSE = 3.111411e-04, Grad norm = 4.006607e-07, Beta update rate = 2.629031e-08
Epoch  54000 (1.1%): Train pred MSE = 4.849141e-10, Test pred MSE = 3.122399e-05, Param MSE = 3.111390e-04, Grad norm = 3.941214e-07, Beta update rate = 2.584476e-08
Epoch  54200 (1.1%): Train pred MSE = 4.696354e-10, Test pred MSE = 3.122378e-05, Param MSE = 3.111369e-04, Grad norm = 3.876950e-07, Beta update rate = 2.540731e-08
Epoch  54400 (1.1%): Train pred MSE = 4.548507e-10, Test pred MSE = 3.122357e-05, Param MSE = 3.111348e-04, Grad norm = 3.813793e-07, Beta update rate = 2.497781e-08
Epoch  54600 (1.1%): Train pred MSE = 4.405436e-10, Test pred MSE = 3.122337e-05, Param MSE = 3.111328e-04, Grad norm = 3.751723e-07, Beta update rate = 2.455609e-08
Epoch  54800 (1.1%): Train pred MSE = 4.266981e-10, Test pred MSE = 3.122317e-05, Param MSE = 3.111308e-04, Grad norm = 3.690720e-07, Beta update rate = 2.414200e-08
Epoch  55000 (1.1%): Train pred MSE = 4.132991e-10, Test pred MSE = 3.122298e-05, Param MSE = 3.111289e-04, Grad norm = 3.630766e-07, Beta update rate = 2.373540e-08
Epoch  55200 (1.1%): Train pred MSE = 4.003316e-10, Test pred MSE = 3.122279e-05, Param MSE = 3.111270e-04, Grad norm = 3.571840e-07, Beta update rate = 2.333614e-08
Epoch  55400 (1.1%): Train pred MSE = 3.877814e-10, Test pred MSE = 3.122261e-05, Param MSE = 3.111252e-04, Grad norm = 3.513924e-07, Beta update rate = 2.294408e-08
Epoch  55600 (1.1%): Train pred MSE = 3.756348e-10, Test pred MSE = 3.122242e-05, Param MSE = 3.111234e-04, Grad norm = 3.456999e-07, Beta update rate = 2.255908e-08
Epoch  55800 (1.1%): Train pred MSE = 3.638783e-10, Test pred MSE = 3.122225e-05, Param MSE = 3.111216e-04, Grad norm = 3.401049e-07, Beta update rate = 2.218099e-08
Epoch  56000 (1.1%): Train pred MSE = 3.524991e-10, Test pred MSE = 3.122207e-05, Param MSE = 3.111199e-04, Grad norm = 3.346053e-07, Beta update rate = 2.180970e-08
Epoch  56200 (1.1%): Train pred MSE = 3.414848e-10, Test pred MSE = 3.122190e-05, Param MSE = 3.111182e-04, Grad norm = 3.291997e-07, Beta update rate = 2.144506e-08
Epoch  56400 (1.1%): Train pred MSE = 3.308234e-10, Test pred MSE = 3.122173e-05, Param MSE = 3.111165e-04, Grad norm = 3.238862e-07, Beta update rate = 2.108695e-08
Epoch  56600 (1.1%): Train pred MSE = 3.205031e-10, Test pred MSE = 3.122157e-05, Param MSE = 3.111149e-04, Grad norm = 3.186632e-07, Beta update rate = 2.073524e-08
Epoch  56800 (1.1%): Train pred MSE = 3.105129e-10, Test pred MSE = 3.122141e-05, Param MSE = 3.111133e-04, Grad norm = 3.135290e-07, Beta update rate = 2.038981e-08
Epoch  57000 (1.1%): Train pred MSE = 3.008419e-10, Test pred MSE = 3.122125e-05, Param MSE = 3.111117e-04, Grad norm = 3.084820e-07, Beta update rate = 2.005054e-08
Epoch  57200 (1.1%): Train pred MSE = 2.914796e-10, Test pred MSE = 3.122110e-05, Param MSE = 3.111102e-04, Grad norm = 3.035208e-07, Beta update rate = 1.971731e-08
Epoch  57400 (1.1%): Train pred MSE = 2.824158e-10, Test pred MSE = 3.122095e-05, Param MSE = 3.111087e-04, Grad norm = 2.986436e-07, Beta update rate = 1.939001e-08
Epoch  57600 (1.2%): Train pred MSE = 2.736409e-10, Test pred MSE = 3.122080e-05, Param MSE = 3.111072e-04, Grad norm = 2.938491e-07, Beta update rate = 1.906851e-08
Epoch  57800 (1.2%): Train pred MSE = 2.651454e-10, Test pred MSE = 3.122066e-05, Param MSE = 3.111058e-04, Grad norm = 2.891357e-07, Beta update rate = 1.875273e-08
Epoch  58000 (1.2%): Train pred MSE = 2.569201e-10, Test pred MSE = 3.122052e-05, Param MSE = 3.111044e-04, Grad norm = 2.845020e-07, Beta update rate = 1.844253e-08
Epoch  58200 (1.2%): Train pred MSE = 2.489562e-10, Test pred MSE = 3.122038e-05, Param MSE = 3.111030e-04, Grad norm = 2.799465e-07, Beta update rate = 1.813782e-08
Epoch  58400 (1.2%): Train pred MSE = 2.412452e-10, Test pred MSE = 3.122024e-05, Param MSE = 3.111017e-04, Grad norm = 2.754679e-07, Beta update rate = 1.783849e-08
Epoch  58600 (1.2%): Train pred MSE = 2.337788e-10, Test pred MSE = 3.122011e-05, Param MSE = 3.111004e-04, Grad norm = 2.710647e-07, Beta update rate = 1.754445e-08
Epoch  58800 (1.2%): Train pred MSE = 2.265491e-10, Test pred MSE = 3.121998e-05, Param MSE = 3.110991e-04, Grad norm = 2.667357e-07, Beta update rate = 1.725558e-08
Epoch  59000 (1.2%): Train pred MSE = 2.195484e-10, Test pred MSE = 3.121985e-05, Param MSE = 3.110978e-04, Grad norm = 2.624795e-07, Beta update rate = 1.697180e-08
Epoch  59200 (1.2%): Train pred MSE = 2.127692e-10, Test pred MSE = 3.121973e-05, Param MSE = 3.110965e-04, Grad norm = 2.582947e-07, Beta update rate = 1.669300e-08
Epoch  59400 (1.2%): Train pred MSE = 2.062044e-10, Test pred MSE = 3.121961e-05, Param MSE = 3.110953e-04, Grad norm = 2.541802e-07, Beta update rate = 1.641909e-08
Epoch  59600 (1.2%): Train pred MSE = 1.998470e-10, Test pred MSE = 3.121949e-05, Param MSE = 3.110941e-04, Grad norm = 2.501347e-07, Beta update rate = 1.614999e-08
Epoch  59800 (1.2%): Train pred MSE = 1.936903e-10, Test pred MSE = 3.121937e-05, Param MSE = 3.110930e-04, Grad norm = 2.461570e-07, Beta update rate = 1.588560e-08
Epoch  60000 (1.2%): Train pred MSE = 1.877277e-10, Test pred MSE = 3.121925e-05, Param MSE = 3.110918e-04, Grad norm = 2.422458e-07, Beta update rate = 1.562582e-08
Epoch  60200 (1.2%): Train pred MSE = 1.819530e-10, Test pred MSE = 3.121914e-05, Param MSE = 3.110907e-04, Grad norm = 2.383999e-07, Beta update rate = 1.537059e-08
Epoch  60400 (1.2%): Train pred MSE = 1.763601e-10, Test pred MSE = 3.121903e-05, Param MSE = 3.110896e-04, Grad norm = 2.346183e-07, Beta update rate = 1.511980e-08
Epoch  60600 (1.2%): Train pred MSE = 1.709432e-10, Test pred MSE = 3.121892e-05, Param MSE = 3.110886e-04, Grad norm = 2.308998e-07, Beta update rate = 1.487338e-08
Epoch  60800 (1.2%): Train pred MSE = 1.656966e-10, Test pred MSE = 3.121882e-05, Param MSE = 3.110875e-04, Grad norm = 2.272433e-07, Beta update rate = 1.463125e-08
Epoch  61000 (1.2%): Train pred MSE = 1.606148e-10, Test pred MSE = 3.121871e-05, Param MSE = 3.110865e-04, Grad norm = 2.236476e-07, Beta update rate = 1.439332e-08
Epoch  61200 (1.2%): Train pred MSE = 1.556924e-10, Test pred MSE = 3.121861e-05, Param MSE = 3.110855e-04, Grad norm = 2.201117e-07, Beta update rate = 1.415952e-08
Epoch  61400 (1.2%): Train pred MSE = 1.509244e-10, Test pred MSE = 3.121851e-05, Param MSE = 3.110845e-04, Grad norm = 2.166346e-07, Beta update rate = 1.392977e-08
Epoch  61600 (1.2%): Train pred MSE = 1.463058e-10, Test pred MSE = 3.121842e-05, Param MSE = 3.110835e-04, Grad norm = 2.132153e-07, Beta update rate = 1.370399e-08
Epoch  61800 (1.2%): Train pred MSE = 1.418318e-10, Test pred MSE = 3.121832e-05, Param MSE = 3.110826e-04, Grad norm = 2.098526e-07, Beta update rate = 1.348212e-08
Epoch  62000 (1.2%): Train pred MSE = 1.374977e-10, Test pred MSE = 3.121823e-05, Param MSE = 3.110816e-04, Grad norm = 2.065456e-07, Beta update rate = 1.326407e-08
Epoch  62200 (1.2%): Train pred MSE = 1.332991e-10, Test pred MSE = 3.121814e-05, Param MSE = 3.110807e-04, Grad norm = 2.032934e-07, Beta update rate = 1.304979e-08
Epoch  62400 (1.2%): Train pred MSE = 1.292316e-10, Test pred MSE = 3.121805e-05, Param MSE = 3.110798e-04, Grad norm = 2.000950e-07, Beta update rate = 1.283919e-08
Epoch  62600 (1.3%): Train pred MSE = 1.252911e-10, Test pred MSE = 3.121796e-05, Param MSE = 3.110790e-04, Grad norm = 1.969494e-07, Beta update rate = 1.263222e-08
Epoch  62800 (1.3%): Train pred MSE = 1.214734e-10, Test pred MSE = 3.121787e-05, Param MSE = 3.110781e-04, Grad norm = 1.938557e-07, Beta update rate = 1.242879e-08
Epoch  63000 (1.3%): Train pred MSE = 1.177747e-10, Test pred MSE = 3.121779e-05, Param MSE = 3.110773e-04, Grad norm = 1.908130e-07, Beta update rate = 1.222886e-08
Epoch  63200 (1.3%): Train pred MSE = 1.141911e-10, Test pred MSE = 3.121770e-05, Param MSE = 3.110764e-04, Grad norm = 1.878205e-07, Beta update rate = 1.203236e-08
Epoch  63400 (1.3%): Train pred MSE = 1.107190e-10, Test pred MSE = 3.121762e-05, Param MSE = 3.110756e-04, Grad norm = 1.848772e-07, Beta update rate = 1.183921e-08
Epoch  63600 (1.3%): Train pred MSE = 1.073548e-10, Test pred MSE = 3.121754e-05, Param MSE = 3.110749e-04, Grad norm = 1.819823e-07, Beta update rate = 1.164937e-08
Epoch  63800 (1.3%): Train pred MSE = 1.040952e-10, Test pred MSE = 3.121747e-05, Param MSE = 3.110741e-04, Grad norm = 1.791349e-07, Beta update rate = 1.146277e-08
Epoch  64000 (1.3%): Train pred MSE = 1.009367e-10, Test pred MSE = 3.121739e-05, Param MSE = 3.110733e-04, Grad norm = 1.763343e-07, Beta update rate = 1.127934e-08
Epoch  64200 (1.3%): Train pred MSE = 9.787609e-11, Test pred MSE = 3.121732e-05, Param MSE = 3.110726e-04, Grad norm = 1.735796e-07, Beta update rate = 1.109905e-08
Epoch  64400 (1.3%): Train pred MSE = 9.491037e-11, Test pred MSE = 3.121724e-05, Param MSE = 3.110719e-04, Grad norm = 1.708700e-07, Beta update rate = 1.092181e-08
Epoch  64600 (1.3%): Train pred MSE = 9.203648e-11, Test pred MSE = 3.121717e-05, Param MSE = 3.110712e-04, Grad norm = 1.682048e-07, Beta update rate = 1.074759e-08
Epoch  64800 (1.3%): Train pred MSE = 8.925151e-11, Test pred MSE = 3.121710e-05, Param MSE = 3.110705e-04, Grad norm = 1.655832e-07, Beta update rate = 1.057632e-08
Epoch  65000 (1.3%): Train pred MSE = 8.655265e-11, Test pred MSE = 3.121703e-05, Param MSE = 3.110698e-04, Grad norm = 1.630043e-07, Beta update rate = 1.040796e-08
Epoch  65200 (1.3%): Train pred MSE = 8.393716e-11, Test pred MSE = 3.121697e-05, Param MSE = 3.110691e-04, Grad norm = 1.604676e-07, Beta update rate = 1.024244e-08
Epoch  65400 (1.3%): Train pred MSE = 8.140242e-11, Test pred MSE = 3.121690e-05, Param MSE = 3.110685e-04, Grad norm = 1.579723e-07, Beta update rate = 1.007973e-08
Epoch  65600 (1.3%): Train pred MSE = 7.894586e-11, Test pred MSE = 3.121684e-05, Param MSE = 3.110678e-04, Grad norm = 1.555175e-07, Beta update rate = 9.919758e-09
Epoch  65800 (1.3%): Train pred MSE = 7.656503e-11, Test pred MSE = 3.121677e-05, Param MSE = 3.110672e-04, Grad norm = 1.531028e-07, Beta update rate = 9.762486e-09
Epoch  66000 (1.3%): Train pred MSE = 7.425754e-11, Test pred MSE = 3.121671e-05, Param MSE = 3.110666e-04, Grad norm = 1.507273e-07, Beta update rate = 9.607862e-09
Epoch  66200 (1.3%): Train pred MSE = 7.202106e-11, Test pred MSE = 3.121665e-05, Param MSE = 3.110660e-04, Grad norm = 1.483904e-07, Beta update rate = 9.455841e-09
Epoch  66400 (1.3%): Train pred MSE = 6.985338e-11, Test pred MSE = 3.121659e-05, Param MSE = 3.110654e-04, Grad norm = 1.460915e-07, Beta update rate = 9.306374e-09
Epoch  66600 (1.3%): Train pred MSE = 6.775231e-11, Test pred MSE = 3.121653e-05, Param MSE = 3.110648e-04, Grad norm = 1.438298e-07, Beta update rate = 9.159416e-09
Epoch  66800 (1.3%): Train pred MSE = 6.571577e-11, Test pred MSE = 3.121647e-05, Param MSE = 3.110642e-04, Grad norm = 1.416048e-07, Beta update rate = 9.014921e-09
Epoch  67000 (1.3%): Train pred MSE = 6.374173e-11, Test pred MSE = 3.121642e-05, Param MSE = 3.110637e-04, Grad norm = 1.394158e-07, Beta update rate = 8.872846e-09
Epoch  67200 (1.3%): Train pred MSE = 6.182823e-11, Test pred MSE = 3.121636e-05, Param MSE = 3.110631e-04, Grad norm = 1.372622e-07, Beta update rate = 8.733147e-09
Epoch  67400 (1.3%): Train pred MSE = 5.997336e-11, Test pred MSE = 3.121631e-05, Param MSE = 3.110626e-04, Grad norm = 1.351434e-07, Beta update rate = 8.595783e-09
Epoch  67600 (1.4%): Train pred MSE = 5.817530e-11, Test pred MSE = 3.121626e-05, Param MSE = 3.110621e-04, Grad norm = 1.330589e-07, Beta update rate = 8.460710e-09
Epoch  67800 (1.4%): Train pred MSE = 5.643226e-11, Test pred MSE = 3.121621e-05, Param MSE = 3.110616e-04, Grad norm = 1.310079e-07, Beta update rate = 8.327889e-09
Epoch  68000 (1.4%): Train pred MSE = 5.474252e-11, Test pred MSE = 3.121615e-05, Param MSE = 3.110611e-04, Grad norm = 1.289901e-07, Beta update rate = 8.197279e-09
Epoch  68200 (1.4%): Train pred MSE = 5.310441e-11, Test pred MSE = 3.121611e-05, Param MSE = 3.110606e-04, Grad norm = 1.270047e-07, Beta update rate = 8.068841e-09
Epoch  68400 (1.4%): Train pred MSE = 5.151633e-11, Test pred MSE = 3.121606e-05, Param MSE = 3.110601e-04, Grad norm = 1.250513e-07, Beta update rate = 7.942537e-09
Epoch  68600 (1.4%): Train pred MSE = 4.997670e-11, Test pred MSE = 3.121601e-05, Param MSE = 3.110596e-04, Grad norm = 1.231293e-07, Beta update rate = 7.818328e-09
Epoch  68800 (1.4%): Train pred MSE = 4.848402e-11, Test pred MSE = 3.121596e-05, Param MSE = 3.110592e-04, Grad norm = 1.212381e-07, Beta update rate = 7.696178e-09
Epoch  69000 (1.4%): Train pred MSE = 4.703682e-11, Test pred MSE = 3.121592e-05, Param MSE = 3.110587e-04, Grad norm = 1.193773e-07, Beta update rate = 7.576049e-09
Epoch  69200 (1.4%): Train pred MSE = 4.563370e-11, Test pred MSE = 3.121587e-05, Param MSE = 3.110583e-04, Grad norm = 1.175464e-07, Beta update rate = 7.457907e-09
Epoch  69400 (1.4%): Train pred MSE = 4.427326e-11, Test pred MSE = 3.121583e-05, Param MSE = 3.110579e-04, Grad norm = 1.157448e-07, Beta update rate = 7.341717e-09
Epoch  69600 (1.4%): Train pred MSE = 4.295420e-11, Test pred MSE = 3.121579e-05, Param MSE = 3.110574e-04, Grad norm = 1.139720e-07, Beta update rate = 7.227443e-09
Epoch  69800 (1.4%): Train pred MSE = 4.167522e-11, Test pred MSE = 3.121574e-05, Param MSE = 3.110570e-04, Grad norm = 1.122276e-07, Beta update rate = 7.115053e-09
Epoch  70000 (1.4%): Train pred MSE = 4.043508e-11, Test pred MSE = 3.121570e-05, Param MSE = 3.110566e-04, Grad norm = 1.105111e-07, Beta update rate = 7.004512e-09
Epoch  70200 (1.4%): Train pred MSE = 3.923257e-11, Test pred MSE = 3.121566e-05, Param MSE = 3.110562e-04, Grad norm = 1.088220e-07, Beta update rate = 6.895790e-09
Epoch  70400 (1.4%): Train pred MSE = 3.806652e-11, Test pred MSE = 3.121562e-05, Param MSE = 3.110558e-04, Grad norm = 1.071598e-07, Beta update rate = 6.788853e-09
Epoch  70600 (1.4%): Train pred MSE = 3.693582e-11, Test pred MSE = 3.121558e-05, Param MSE = 3.110554e-04, Grad norm = 1.055241e-07, Beta update rate = 6.683670e-09
Epoch  70800 (1.4%): Train pred MSE = 3.583935e-11, Test pred MSE = 3.121555e-05, Param MSE = 3.110551e-04, Grad norm = 1.039145e-07, Beta update rate = 6.580211e-09
Epoch  71000 (1.4%): Train pred MSE = 3.477607e-11, Test pred MSE = 3.121551e-05, Param MSE = 3.110547e-04, Grad norm = 1.023305e-07, Beta update rate = 6.478446e-09
Epoch  71200 (1.4%): Train pred MSE = 3.374495e-11, Test pred MSE = 3.121547e-05, Param MSE = 3.110543e-04, Grad norm = 1.007718e-07, Beta update rate = 6.378345e-09
Epoch  71400 (1.4%): Train pred MSE = 3.274499e-11, Test pred MSE = 3.121544e-05, Param MSE = 3.110540e-04, Grad norm = 9.923773e-08, Beta update rate = 6.279880e-09
Epoch  71600 (1.4%): Train pred MSE = 3.177524e-11, Test pred MSE = 3.121540e-05, Param MSE = 3.110536e-04, Grad norm = 9.772807e-08, Beta update rate = 6.183020e-09
Epoch  71800 (1.4%): Train pred MSE = 3.083475e-11, Test pred MSE = 3.121537e-05, Param MSE = 3.110533e-04, Grad norm = 9.624236e-08, Beta update rate = 6.087740e-09
Epoch  72000 (1.4%): Train pred MSE = 2.992263e-11, Test pred MSE = 3.121533e-05, Param MSE = 3.110530e-04, Grad norm = 9.478020e-08, Beta update rate = 5.994011e-09
Epoch  72200 (1.4%): Train pred MSE = 2.903801e-11, Test pred MSE = 3.121530e-05, Param MSE = 3.110526e-04, Grad norm = 9.334120e-08, Beta update rate = 5.901807e-09
Epoch  72400 (1.4%): Train pred MSE = 2.818004e-11, Test pred MSE = 3.121527e-05, Param MSE = 3.110523e-04, Grad norm = 9.192498e-08, Beta update rate = 5.811100e-09
Epoch  72600 (1.5%): Train pred MSE = 2.734790e-11, Test pred MSE = 3.121524e-05, Param MSE = 3.110520e-04, Grad norm = 9.053115e-08, Beta update rate = 5.721866e-09
Epoch  72800 (1.5%): Train pred MSE = 2.654079e-11, Test pred MSE = 3.121520e-05, Param MSE = 3.110517e-04, Grad norm = 8.915935e-08, Beta update rate = 5.634078e-09
Epoch  73000 (1.5%): Train pred MSE = 2.575795e-11, Test pred MSE = 3.121517e-05, Param MSE = 3.110514e-04, Grad norm = 8.780921e-08, Beta update rate = 5.547712e-09
Epoch  73200 (1.5%): Train pred MSE = 2.499863e-11, Test pred MSE = 3.121514e-05, Param MSE = 3.110511e-04, Grad norm = 8.648037e-08, Beta update rate = 5.462743e-09
Epoch  73400 (1.5%): Train pred MSE = 2.426211e-11, Test pred MSE = 3.121512e-05, Param MSE = 3.110508e-04, Grad norm = 8.517248e-08, Beta update rate = 5.379147e-09
Epoch  73600 (1.5%): Train pred MSE = 2.354770e-11, Test pred MSE = 3.121509e-05, Param MSE = 3.110505e-04, Grad norm = 8.388519e-08, Beta update rate = 5.296901e-09
Epoch  73800 (1.5%): Train pred MSE = 2.285471e-11, Test pred MSE = 3.121506e-05, Param MSE = 3.110502e-04, Grad norm = 8.261817e-08, Beta update rate = 5.215981e-09
Epoch  74000 (1.5%): Train pred MSE = 2.218249e-11, Test pred MSE = 3.121503e-05, Param MSE = 3.110500e-04, Grad norm = 8.137107e-08, Beta update rate = 5.136365e-09
Epoch  74200 (1.5%): Train pred MSE = 2.153040e-11, Test pred MSE = 3.121500e-05, Param MSE = 3.110497e-04, Grad norm = 8.014357e-08, Beta update rate = 5.058030e-09
Epoch  74400 (1.5%): Train pred MSE = 2.089783e-11, Test pred MSE = 3.121498e-05, Param MSE = 3.110494e-04, Grad norm = 7.893535e-08, Beta update rate = 4.980955e-09
Epoch  74600 (1.5%): Train pred MSE = 2.028419e-11, Test pred MSE = 3.121495e-05, Param MSE = 3.110492e-04, Grad norm = 7.774609e-08, Beta update rate = 4.905117e-09
Epoch  74800 (1.5%): Train pred MSE = 1.968889e-11, Test pred MSE = 3.121493e-05, Param MSE = 3.110489e-04, Grad norm = 7.657547e-08, Beta update rate = 4.830496e-09
Epoch  75000 (1.5%): Train pred MSE = 1.911138e-11, Test pred MSE = 3.121490e-05, Param MSE = 3.110487e-04, Grad norm = 7.542320e-08, Beta update rate = 4.757071e-09
Epoch  75200 (1.5%): Train pred MSE = 1.855111e-11, Test pred MSE = 3.121488e-05, Param MSE = 3.110485e-04, Grad norm = 7.428896e-08, Beta update rate = 4.684822e-09
Epoch  75400 (1.5%): Train pred MSE = 1.800756e-11, Test pred MSE = 3.121485e-05, Param MSE = 3.110482e-04, Grad norm = 7.317247e-08, Beta update rate = 4.613728e-09
Epoch  75600 (1.5%): Train pred MSE = 1.748022e-11, Test pred MSE = 3.121483e-05, Param MSE = 3.110480e-04, Grad norm = 7.207343e-08, Beta update rate = 4.543770e-09
Epoch  75800 (1.5%): Train pred MSE = 1.696860e-11, Test pred MSE = 3.121481e-05, Param MSE = 3.110478e-04, Grad norm = 7.099156e-08, Beta update rate = 4.474928e-09
Epoch  76000 (1.5%): Train pred MSE = 1.647222e-11, Test pred MSE = 3.121479e-05, Param MSE = 3.110475e-04, Grad norm = 6.992658e-08, Beta update rate = 4.407185e-09
Epoch  76200 (1.5%): Train pred MSE = 1.599061e-11, Test pred MSE = 3.121476e-05, Param MSE = 3.110473e-04, Grad norm = 6.887821e-08, Beta update rate = 4.340520e-09
Epoch  76400 (1.5%): Train pred MSE = 1.552334e-11, Test pred MSE = 3.121474e-05, Param MSE = 3.110471e-04, Grad norm = 6.784618e-08, Beta update rate = 4.274916e-09
Epoch  76600 (1.5%): Train pred MSE = 1.506995e-11, Test pred MSE = 3.121472e-05, Param MSE = 3.110469e-04, Grad norm = 6.683022e-08, Beta update rate = 4.210356e-09
Epoch  76800 (1.5%): Train pred MSE = 1.463004e-11, Test pred MSE = 3.121470e-05, Param MSE = 3.110467e-04, Grad norm = 6.583007e-08, Beta update rate = 4.146820e-09
Epoch  77000 (1.5%): Train pred MSE = 1.420320e-11, Test pred MSE = 3.121468e-05, Param MSE = 3.110465e-04, Grad norm = 6.484547e-08, Beta update rate = 4.084293e-09
Epoch  77200 (1.5%): Train pred MSE = 1.378902e-11, Test pred MSE = 3.121466e-05, Param MSE = 3.110463e-04, Grad norm = 6.387618e-08, Beta update rate = 4.022757e-09
Epoch  77400 (1.5%): Train pred MSE = 1.338713e-11, Test pred MSE = 3.121464e-05, Param MSE = 3.110461e-04, Grad norm = 6.292194e-08, Beta update rate = 3.962195e-09
Epoch  77600 (1.6%): Train pred MSE = 1.299716e-11, Test pred MSE = 3.121462e-05, Param MSE = 3.110459e-04, Grad norm = 6.198250e-08, Beta update rate = 3.902591e-09
Epoch  77800 (1.6%): Train pred MSE = 1.261873e-11, Test pred MSE = 3.121460e-05, Param MSE = 3.110457e-04, Grad norm = 6.105763e-08, Beta update rate = 3.843930e-09
Epoch  78000 (1.6%): Train pred MSE = 1.225152e-11, Test pred MSE = 3.121458e-05, Param MSE = 3.110456e-04, Grad norm = 6.014710e-08, Beta update rate = 3.786194e-09
Epoch  78200 (1.6%): Train pred MSE = 1.189517e-11, Test pred MSE = 3.121457e-05, Param MSE = 3.110454e-04, Grad norm = 5.925066e-08, Beta update rate = 3.729369e-09
Epoch  78400 (1.6%): Train pred MSE = 1.154936e-11, Test pred MSE = 3.121455e-05, Param MSE = 3.110452e-04, Grad norm = 5.836809e-08, Beta update rate = 3.673440e-09
Epoch  78600 (1.6%): Train pred MSE = 1.121378e-11, Test pred MSE = 3.121453e-05, Param MSE = 3.110450e-04, Grad norm = 5.749917e-08, Beta update rate = 3.618391e-09
Epoch  78800 (1.6%): Train pred MSE = 1.088810e-11, Test pred MSE = 3.121451e-05, Param MSE = 3.110449e-04, Grad norm = 5.664367e-08, Beta update rate = 3.564208e-09
Epoch  79000 (1.6%): Train pred MSE = 1.057205e-11, Test pred MSE = 3.121450e-05, Param MSE = 3.110447e-04, Grad norm = 5.580139e-08, Beta update rate = 3.510876e-09
Epoch  79200 (1.6%): Train pred MSE = 1.026532e-11, Test pred MSE = 3.121448e-05, Param MSE = 3.110446e-04, Grad norm = 5.497210e-08, Beta update rate = 3.458382e-09
Epoch  79400 (1.6%): Train pred MSE = 9.967639e-12, Test pred MSE = 3.121447e-05, Param MSE = 3.110444e-04, Grad norm = 5.415559e-08, Beta update rate = 3.406710e-09
Epoch  79600 (1.6%): Train pred MSE = 9.678732e-12, Test pred MSE = 3.121445e-05, Param MSE = 3.110442e-04, Grad norm = 5.335167e-08, Beta update rate = 3.355849e-09
Epoch  79800 (1.6%): Train pred MSE = 9.398336e-12, Test pred MSE = 3.121443e-05, Param MSE = 3.110441e-04, Grad norm = 5.256012e-08, Beta update rate = 3.305783e-09
Epoch  80000 (1.6%): Train pred MSE = 9.126197e-12, Test pred MSE = 3.121442e-05, Param MSE = 3.110439e-04, Grad norm = 5.178075e-08, Beta update rate = 3.256501e-09
Epoch  80200 (1.6%): Train pred MSE = 8.862066e-12, Test pred MSE = 3.121441e-05, Param MSE = 3.110438e-04, Grad norm = 5.101337e-08, Beta update rate = 3.207988e-09
Epoch  80400 (1.6%): Train pred MSE = 8.605703e-12, Test pred MSE = 3.121439e-05, Param MSE = 3.110437e-04, Grad norm = 5.025777e-08, Beta update rate = 3.160233e-09
Epoch  80600 (1.6%): Train pred MSE = 8.356877e-12, Test pred MSE = 3.121438e-05, Param MSE = 3.110435e-04, Grad norm = 4.951378e-08, Beta update rate = 3.113223e-09
Epoch  80800 (1.6%): Train pred MSE = 8.115361e-12, Test pred MSE = 3.121436e-05, Param MSE = 3.110434e-04, Grad norm = 4.878120e-08, Beta update rate = 3.066945e-09
Epoch  81000 (1.6%): Train pred MSE = 7.880937e-12, Test pred MSE = 3.121435e-05, Param MSE = 3.110433e-04, Grad norm = 4.805986e-08, Beta update rate = 3.021387e-09
Epoch  81200 (1.6%): Train pred MSE = 7.653393e-12, Test pred MSE = 3.121434e-05, Param MSE = 3.110431e-04, Grad norm = 4.734957e-08, Beta update rate = 2.976538e-09
Epoch  81400 (1.6%): Train pred MSE = 7.432524e-12, Test pred MSE = 3.121432e-05, Param MSE = 3.110430e-04, Grad norm = 4.665016e-08, Beta update rate = 2.932386e-09
Epoch  81600 (1.6%): Train pred MSE = 7.218129e-12, Test pred MSE = 3.121431e-05, Param MSE = 3.110429e-04, Grad norm = 4.596145e-08, Beta update rate = 2.888919e-09
Epoch  81800 (1.6%): Train pred MSE = 7.010017e-12, Test pred MSE = 3.121430e-05, Param MSE = 3.110427e-04, Grad norm = 4.528327e-08, Beta update rate = 2.846127e-09
Epoch  82000 (1.6%): Train pred MSE = 6.807999e-12, Test pred MSE = 3.121429e-05, Param MSE = 3.110426e-04, Grad norm = 4.461545e-08, Beta update rate = 2.803997e-09
Epoch  82200 (1.6%): Train pred MSE = 6.611894e-12, Test pred MSE = 3.121427e-05, Param MSE = 3.110425e-04, Grad norm = 4.395784e-08, Beta update rate = 2.762520e-09
Epoch  82400 (1.6%): Train pred MSE = 6.421525e-12, Test pred MSE = 3.121426e-05, Param MSE = 3.110424e-04, Grad norm = 4.331026e-08, Beta update rate = 2.721685e-09
Epoch  82600 (1.7%): Train pred MSE = 6.236724e-12, Test pred MSE = 3.121425e-05, Param MSE = 3.110423e-04, Grad norm = 4.267255e-08, Beta update rate = 2.681480e-09
Epoch  82800 (1.7%): Train pred MSE = 6.057322e-12, Test pred MSE = 3.121424e-05, Param MSE = 3.110422e-04, Grad norm = 4.204457e-08, Beta update rate = 2.641897e-09
Epoch  83000 (1.7%): Train pred MSE = 5.883161e-12, Test pred MSE = 3.121423e-05, Param MSE = 3.110421e-04, Grad norm = 4.142615e-08, Beta update rate = 2.602924e-09
Epoch  83200 (1.7%): Train pred MSE = 5.714084e-12, Test pred MSE = 3.121422e-05, Param MSE = 3.110420e-04, Grad norm = 4.081715e-08, Beta update rate = 2.564552e-09
Epoch  83400 (1.7%): Train pred MSE = 5.549940e-12, Test pred MSE = 3.121421e-05, Param MSE = 3.110418e-04, Grad norm = 4.021741e-08, Beta update rate = 2.526771e-09
Epoch  83600 (1.7%): Train pred MSE = 5.390584e-12, Test pred MSE = 3.121420e-05, Param MSE = 3.110417e-04, Grad norm = 3.962679e-08, Beta update rate = 2.489571e-09
Epoch  83800 (1.7%): Train pred MSE = 5.235872e-12, Test pred MSE = 3.121419e-05, Param MSE = 3.110416e-04, Grad norm = 3.904514e-08, Beta update rate = 2.452943e-09
Epoch  84000 (1.7%): Train pred MSE = 5.085668e-12, Test pred MSE = 3.121418e-05, Param MSE = 3.110415e-04, Grad norm = 3.847232e-08, Beta update rate = 2.416878e-09
Epoch  84200 (1.7%): Train pred MSE = 4.939837e-12, Test pred MSE = 3.121417e-05, Param MSE = 3.110415e-04, Grad norm = 3.790819e-08, Beta update rate = 2.381366e-09
Epoch  84400 (1.7%): Train pred MSE = 4.798251e-12, Test pred MSE = 3.121416e-05, Param MSE = 3.110414e-04, Grad norm = 3.735262e-08, Beta update rate = 2.346399e-09
Epoch  84600 (1.7%): Train pred MSE = 4.660783e-12, Test pred MSE = 3.121415e-05, Param MSE = 3.110413e-04, Grad norm = 3.680547e-08, Beta update rate = 2.311968e-09
Epoch  84800 (1.7%): Train pred MSE = 4.527313e-12, Test pred MSE = 3.121414e-05, Param MSE = 3.110412e-04, Grad norm = 3.626660e-08, Beta update rate = 2.278063e-09
Epoch  85000 (1.7%): Train pred MSE = 4.397720e-12, Test pred MSE = 3.121413e-05, Param MSE = 3.110411e-04, Grad norm = 3.573589e-08, Beta update rate = 2.244678e-09
Epoch  85200 (1.7%): Train pred MSE = 4.271892e-12, Test pred MSE = 3.121412e-05, Param MSE = 3.110410e-04, Grad norm = 3.521320e-08, Beta update rate = 2.211802e-09
Epoch  85400 (1.7%): Train pred MSE = 4.149717e-12, Test pred MSE = 3.121411e-05, Param MSE = 3.110409e-04, Grad norm = 3.469842e-08, Beta update rate = 2.179429e-09
Epoch  85600 (1.7%): Train pred MSE = 4.031088e-12, Test pred MSE = 3.121410e-05, Param MSE = 3.110408e-04, Grad norm = 3.419141e-08, Beta update rate = 2.147549e-09
Epoch  85800 (1.7%): Train pred MSE = 3.915898e-12, Test pred MSE = 3.121409e-05, Param MSE = 3.110407e-04, Grad norm = 3.369205e-08, Beta update rate = 2.116156e-09
Epoch  86000 (1.7%): Train pred MSE = 3.804048e-12, Test pred MSE = 3.121409e-05, Param MSE = 3.110407e-04, Grad norm = 3.320024e-08, Beta update rate = 2.085241e-09
Epoch  86200 (1.7%): Train pred MSE = 3.695439e-12, Test pred MSE = 3.121408e-05, Param MSE = 3.110406e-04, Grad norm = 3.271583e-08, Beta update rate = 2.054796e-09
Epoch  86400 (1.7%): Train pred MSE = 3.589976e-12, Test pred MSE = 3.121407e-05, Param MSE = 3.110405e-04, Grad norm = 3.223873e-08, Beta update rate = 2.024814e-09
Epoch  86600 (1.7%): Train pred MSE = 3.487565e-12, Test pred MSE = 3.121406e-05, Param MSE = 3.110404e-04, Grad norm = 3.176881e-08, Beta update rate = 1.995288e-09
Epoch  86800 (1.7%): Train pred MSE = 3.388117e-12, Test pred MSE = 3.121405e-05, Param MSE = 3.110404e-04, Grad norm = 3.130596e-08, Beta update rate = 1.966210e-09
Epoch  87000 (1.7%): Train pred MSE = 3.291545e-12, Test pred MSE = 3.121405e-05, Param MSE = 3.110403e-04, Grad norm = 3.085008e-08, Beta update rate = 1.937573e-09
Epoch  87200 (1.7%): Train pred MSE = 3.197765e-12, Test pred MSE = 3.121404e-05, Param MSE = 3.110402e-04, Grad norm = 3.040105e-08, Beta update rate = 1.909371e-09
Epoch  87400 (1.7%): Train pred MSE = 3.106694e-12, Test pred MSE = 3.121403e-05, Param MSE = 3.110401e-04, Grad norm = 2.995876e-08, Beta update rate = 1.881595e-09
Epoch  87600 (1.8%): Train pred MSE = 3.018253e-12, Test pred MSE = 3.121403e-05, Param MSE = 3.110401e-04, Grad norm = 2.952312e-08, Beta update rate = 1.854240e-09
Epoch  87800 (1.8%): Train pred MSE = 2.932365e-12, Test pred MSE = 3.121402e-05, Param MSE = 3.110400e-04, Grad norm = 2.909401e-08, Beta update rate = 1.827299e-09
Epoch  88000 (1.8%): Train pred MSE = 2.848955e-12, Test pred MSE = 3.121401e-05, Param MSE = 3.110399e-04, Grad norm = 2.867134e-08, Beta update rate = 1.800764e-09
Epoch  88200 (1.8%): Train pred MSE = 2.767950e-12, Test pred MSE = 3.121401e-05, Param MSE = 3.110399e-04, Grad norm = 2.825500e-08, Beta update rate = 1.774631e-09
Epoch  88400 (1.8%): Train pred MSE = 2.689280e-12, Test pred MSE = 3.121400e-05, Param MSE = 3.110398e-04, Grad norm = 2.784490e-08, Beta update rate = 1.748891e-09
Epoch  88600 (1.8%): Train pred MSE = 2.612877e-12, Test pred MSE = 3.121399e-05, Param MSE = 3.110398e-04, Grad norm = 2.744094e-08, Beta update rate = 1.723540e-09
Epoch  88800 (1.8%): Train pred MSE = 2.538674e-12, Test pred MSE = 3.121399e-05, Param MSE = 3.110397e-04, Grad norm = 2.704302e-08, Beta update rate = 1.698570e-09
Epoch  89000 (1.8%): Train pred MSE = 2.466606e-12, Test pred MSE = 3.121398e-05, Param MSE = 3.110396e-04, Grad norm = 2.665106e-08, Beta update rate = 1.673977e-09
Epoch  89200 (1.8%): Train pred MSE = 2.396613e-12, Test pred MSE = 3.121398e-05, Param MSE = 3.110396e-04, Grad norm = 2.626495e-08, Beta update rate = 1.649753e-09
Epoch  89400 (1.8%): Train pred MSE = 2.328632e-12, Test pred MSE = 3.121397e-05, Param MSE = 3.110395e-04, Grad norm = 2.588460e-08, Beta update rate = 1.625893e-09
Epoch  89600 (1.8%): Train pred MSE = 2.262606e-12, Test pred MSE = 3.121396e-05, Param MSE = 3.110395e-04, Grad norm = 2.550994e-08, Beta update rate = 1.602392e-09
Epoch  89800 (1.8%): Train pred MSE = 2.198476e-12, Test pred MSE = 3.121396e-05, Param MSE = 3.110394e-04, Grad norm = 2.514086e-08, Beta update rate = 1.579243e-09
Epoch  90000 (1.8%): Train pred MSE = 2.136189e-12, Test pred MSE = 3.121395e-05, Param MSE = 3.110394e-04, Grad norm = 2.477729e-08, Beta update rate = 1.556441e-09
Epoch  90200 (1.8%): Train pred MSE = 2.075689e-12, Test pred MSE = 3.121395e-05, Param MSE = 3.110393e-04, Grad norm = 2.441914e-08, Beta update rate = 1.533981e-09
Epoch  90400 (1.8%): Train pred MSE = 2.016926e-12, Test pred MSE = 3.121394e-05, Param MSE = 3.110393e-04, Grad norm = 2.406631e-08, Beta update rate = 1.511858e-09
Epoch  90600 (1.8%): Train pred MSE = 1.959848e-12, Test pred MSE = 3.121394e-05, Param MSE = 3.110392e-04, Grad norm = 2.371874e-08, Beta update rate = 1.490065e-09
Epoch  90800 (1.8%): Train pred MSE = 1.904406e-12, Test pred MSE = 3.121393e-05, Param MSE = 3.110392e-04, Grad norm = 2.337635e-08, Beta update rate = 1.468598e-09
Epoch  91000 (1.8%): Train pred MSE = 1.850553e-12, Test pred MSE = 3.121393e-05, Param MSE = 3.110391e-04, Grad norm = 2.303904e-08, Beta update rate = 1.447452e-09
Epoch  91200 (1.8%): Train pred MSE = 1.798243e-12, Test pred MSE = 3.121392e-05, Param MSE = 3.110391e-04, Grad norm = 2.270674e-08, Beta update rate = 1.426622e-09
Epoch  91400 (1.8%): Train pred MSE = 1.747431e-12, Test pred MSE = 3.121392e-05, Param MSE = 3.110390e-04, Grad norm = 2.237938e-08, Beta update rate = 1.406102e-09
Epoch  91600 (1.8%): Train pred MSE = 1.698072e-12, Test pred MSE = 3.121391e-05, Param MSE = 3.110390e-04, Grad norm = 2.205688e-08, Beta update rate = 1.385888e-09
Epoch  91800 (1.8%): Train pred MSE = 1.650126e-12, Test pred MSE = 3.121391e-05, Param MSE = 3.110389e-04, Grad norm = 2.173916e-08, Beta update rate = 1.365975e-09
Epoch  92000 (1.8%): Train pred MSE = 1.603551e-12, Test pred MSE = 3.121390e-05, Param MSE = 3.110389e-04, Grad norm = 2.142616e-08, Beta update rate = 1.346359e-09
Epoch  92200 (1.8%): Train pred MSE = 1.558307e-12, Test pred MSE = 3.121390e-05, Param MSE = 3.110388e-04, Grad norm = 2.111779e-08, Beta update rate = 1.327035e-09
Epoch  92400 (1.8%): Train pred MSE = 1.514356e-12, Test pred MSE = 3.121390e-05, Param MSE = 3.110388e-04, Grad norm = 2.081399e-08, Beta update rate = 1.307998e-09
Epoch  92600 (1.9%): Train pred MSE = 1.471660e-12, Test pred MSE = 3.121389e-05, Param MSE = 3.110388e-04, Grad norm = 2.051469e-08, Beta update rate = 1.289243e-09
Epoch  92800 (1.9%): Train pred MSE = 1.430182e-12, Test pred MSE = 3.121389e-05, Param MSE = 3.110387e-04, Grad norm = 2.021981e-08, Beta update rate = 1.270767e-09
Epoch  93000 (1.9%): Train pred MSE = 1.389889e-12, Test pred MSE = 3.121388e-05, Param MSE = 3.110387e-04, Grad norm = 1.992930e-08, Beta update rate = 1.252565e-09
Epoch  93200 (1.9%): Train pred MSE = 1.350744e-12, Test pred MSE = 3.121388e-05, Param MSE = 3.110386e-04, Grad norm = 1.964308e-08, Beta update rate = 1.234633e-09
Epoch  93400 (1.9%): Train pred MSE = 1.312716e-12, Test pred MSE = 3.121388e-05, Param MSE = 3.110386e-04, Grad norm = 1.936108e-08, Beta update rate = 1.216966e-09
Epoch  93600 (1.9%): Train pred MSE = 1.275772e-12, Test pred MSE = 3.121387e-05, Param MSE = 3.110386e-04, Grad norm = 1.908325e-08, Beta update rate = 1.199561e-09
Epoch  93800 (1.9%): Train pred MSE = 1.239880e-12, Test pred MSE = 3.121387e-05, Param MSE = 3.110385e-04, Grad norm = 1.880952e-08, Beta update rate = 1.182414e-09
Epoch  94000 (1.9%): Train pred MSE = 1.205010e-12, Test pred MSE = 3.121386e-05, Param MSE = 3.110385e-04, Grad norm = 1.853983e-08, Beta update rate = 1.165520e-09
Epoch  94200 (1.9%): Train pred MSE = 1.171132e-12, Test pred MSE = 3.121386e-05, Param MSE = 3.110385e-04, Grad norm = 1.827411e-08, Beta update rate = 1.148875e-09
Epoch  94400 (1.9%): Train pred MSE = 1.138219e-12, Test pred MSE = 3.121386e-05, Param MSE = 3.110384e-04, Grad norm = 1.801231e-08, Beta update rate = 1.132477e-09
Epoch  94600 (1.9%): Train pred MSE = 1.106242e-12, Test pred MSE = 3.121385e-05, Param MSE = 3.110384e-04, Grad norm = 1.775436e-08, Beta update rate = 1.116320e-09
Epoch  94800 (1.9%): Train pred MSE = 1.075173e-12, Test pred MSE = 3.121385e-05, Param MSE = 3.110384e-04, Grad norm = 1.750021e-08, Beta update rate = 1.100401e-09
Epoch  95000 (1.9%): Train pred MSE = 1.044988e-12, Test pred MSE = 3.121385e-05, Param MSE = 3.110383e-04, Grad norm = 1.724980e-08, Beta update rate = 1.084717e-09
Epoch  95200 (1.9%): Train pred MSE = 1.015660e-12, Test pred MSE = 3.121384e-05, Param MSE = 3.110383e-04, Grad norm = 1.700306e-08, Beta update rate = 1.069264e-09

Training completed at epoch 95311
Stop reason: loss_threshold_legacy
Final Train pred MSE = 9.997444e-13
Final Test pred MSE = 3.121384e-05
Final Param MSE = 3.110383e-04
Final Grad norm = 1.686648e-08
Final Beta update rate = 1.057400e-09
Success flag: True (train_pred_mse < 1.00e-12)
Results metadata saved to results/diagonal/step3_omega/omega=1.00--alpha=0.200000--seed=2/results_meta.json
Group diagnostics saved to results/diagonal/step3_omega/omega=1.00--alpha=0.200000--seed=2/group_diagnostics.csv

Results saved to results/diagonal/step3_omega/omega=1.00--alpha=0.200000--seed=2/
Total jobs in this sweep: 108
Omega values: [0.0, 0.5, 1.0]
Alpha values: [0.05, 0.1, 0.2, 0.25, 0.3, 0.4, 0.5, 0.6, 0.7, 0.8, 0.9, 1.0]
Seeds: [0, 1, 2]
================================================================================
Step 3 Omega Sweep - Experiment Parameters:
================================================================================
  a_pt: 1.0
  c_pt: 0.001
  epochs: 5000000
  gamma_reinit: 0.0
  inp_dim: 1000
  lambda_pt: 0.0
  lr: 0.5
  n_test: 10000
  n_train: 200
  no_tuning: True
  omega: 1.0
  rho_ft: 0.04
  rho_pt: 0.1
  save_folder: results/diagonal/step3_omega/omega=1.00--alpha=0.200000--seed=2/
  seed: 2
  test_every_n_epochs: 200
  threshold: 1e-12
================================================================================

Omega: 1.0, Alpha: 0.2000

Running PT+FT Oracle script...

Extracting results and saving to CSV...
Results appended to /home/na658/multi-task2/experiment_results_step3_omega.csv

✓ Experiment 80 completed successfully
[SLURM] Job 20446519 task 80 finished
