[SLURM] Job 20446063 task 81 starting on cpu-q-227
[SLURM] Step 1 Mixture Sweep
[SLURM] Using Python: /home/na658/.conda/envs/mtl_ft/bin/python
Starting diagonal network pretrain BG script...

================================================================================
SCRIPT STARTED - Running diagonal network BG experiment...
================================================================================

================================================================================
EXPERIMENT SETTINGS
================================================================================
Seed: 0
Input dimension: 1000
Sparsity (rho): 0.04
Training samples: 250
Test samples: 10000
Learning rate: 0.5
Max epochs: 5000000
Test every N epochs: 200
Convergence threshold: 1e-12
Stop pred MSE: 1e-10
Stop beta rate: disabled
Stop grad norm: disabled
LR decay: disabled
LR decay interval: 2000
Scaling: 1.0
Lambda (λ): 0.0
C parameter: 0.001
Initialization method: complex
Learning rate tuning: False
Save folder: results/diagonal/step1_mixture/pi_A=0.90--alpha=0.250000--seed=0/
C mode: mixture
  c_A=0.001, c_B=0.5, pi_A=0.9
================================================================================
Starting training...
================================================================================
[c_mode=mixture] pi_A=0.9, empirical frac_A=0.9030
[c_mode=mixture] c_A=0.001, c_B=0.5
Per-coordinate c init: c_vec range [0.001000, 0.500000]

Starting training loop (max 5000000 epochs, threshold=1.00e-12)...
Epoch      0 (0.0%): Train pred MSE = 6.723520e+00, Test pred MSE = 1.612064e-01, Param MSE = 1.607628e+00, Grad norm = 2.693881e-01, Beta update rate = nan
Epoch    200 (0.0%): Train pred MSE = 8.818162e-01, Test pred MSE = 9.060401e-02, Param MSE = 8.960919e-01, Grad norm = 1.428431e-01, Beta update rate = 1.426740e-01
Epoch    400 (0.0%): Train pred MSE = 2.424030e-01, Test pred MSE = 6.454729e-02, Param MSE = 6.375649e-01, Grad norm = 4.905859e-02, Beta update rate = 5.156786e-02
Epoch    600 (0.0%): Train pred MSE = 9.718229e-02, Test pred MSE = 5.439980e-02, Param MSE = 5.373460e-01, Grad norm = 2.838809e-02, Beta update rate = 2.180089e-02
Epoch    800 (0.0%): Train pred MSE = 4.547093e-02, Test pred MSE = 4.875694e-02, Param MSE = 4.817765e-01, Grad norm = 1.758984e-02, Beta update rate = 1.272071e-02
Epoch   1000 (0.0%): Train pred MSE = 2.454500e-02, Test pred MSE = 4.577999e-02, Param MSE = 4.527996e-01, Grad norm = 1.180686e-02, Beta update rate = 7.499435e-03
Epoch   1200 (0.0%): Train pred MSE = 1.453014e-02, Test pred MSE = 4.398509e-02, Param MSE = 4.355582e-01, Grad norm = 8.397325e-03, Beta update rate = 4.863120e-03
Epoch   1400 (0.0%): Train pred MSE = 9.267014e-03, Test pred MSE = 4.281204e-02, Param MSE = 4.243292e-01, Grad norm = 6.237208e-03, Beta update rate = 3.457444e-03
Epoch   1600 (0.0%): Train pred MSE = 6.243435e-03, Test pred MSE = 4.204531e-02, Param MSE = 4.169885e-01, Grad norm = 4.835908e-03, Beta update rate = 2.542243e-03
Epoch   1800 (0.0%): Train pred MSE = 4.365784e-03, Test pred MSE = 4.154042e-02, Param MSE = 4.121554e-01, Grad norm = 3.875319e-03, Beta update rate = 1.923076e-03
Epoch   2000 (0.0%): Train pred MSE = 3.132034e-03, Test pred MSE = 4.120245e-02, Param MSE = 4.089270e-01, Grad norm = 3.177345e-03, Beta update rate = 1.495103e-03
Epoch   2200 (0.0%): Train pred MSE = 2.289652e-03, Test pred MSE = 4.097206e-02, Param MSE = 4.067356e-01, Grad norm = 2.645673e-03, Beta update rate = 1.191227e-03
Epoch   2400 (0.0%): Train pred MSE = 1.699231e-03, Test pred MSE = 4.081223e-02, Param MSE = 4.052243e-01, Grad norm = 2.226935e-03, Beta update rate = 9.688662e-04
Epoch   2600 (0.1%): Train pred MSE = 1.277508e-03, Test pred MSE = 4.069943e-02, Param MSE = 4.041652e-01, Grad norm = 1.889893e-03, Beta update rate = 8.010737e-04
Epoch   2800 (0.1%): Train pred MSE = 9.717541e-04, Test pred MSE = 4.061843e-02, Param MSE = 4.034102e-01, Grad norm = 1.614793e-03, Beta update rate = 6.708593e-04
Epoch   3000 (0.1%): Train pred MSE = 7.472195e-04, Test pred MSE = 4.055918e-02, Param MSE = 4.028617e-01, Grad norm = 1.388112e-03, Beta update rate = 5.674437e-04
Epoch   3200 (0.1%): Train pred MSE = 5.803921e-04, Test pred MSE = 4.051494e-02, Param MSE = 4.024545e-01, Grad norm = 1.199996e-03, Beta update rate = 4.838350e-04
Epoch   3400 (0.1%): Train pred MSE = 4.550695e-04, Test pred MSE = 4.048119e-02, Param MSE = 4.021449e-01, Grad norm = 1.042949e-03, Beta update rate = 4.153367e-04
Epoch   3600 (0.1%): Train pred MSE = 3.599309e-04, Test pred MSE = 4.045483e-02, Param MSE = 4.019036e-01, Grad norm = 9.111230e-04, Beta update rate = 3.586622e-04
Epoch   3800 (0.1%): Train pred MSE = 2.869755e-04, Test pred MSE = 4.043378e-02, Param MSE = 4.017105e-01, Grad norm = 7.998797e-04, Beta update rate = 3.114144e-04
Epoch   4000 (0.1%): Train pred MSE = 2.304912e-04, Test pred MSE = 4.041658e-02, Param MSE = 4.015522e-01, Grad norm = 7.055047e-04, Beta update rate = 2.717813e-04
Epoch   4200 (0.1%): Train pred MSE = 1.863603e-04, Test pred MSE = 4.040225e-02, Param MSE = 4.014194e-01, Grad norm = 6.250057e-04, Beta update rate = 2.383534e-04
Epoch   4400 (0.1%): Train pred MSE = 1.515862e-04, Test pred MSE = 4.039008e-02, Param MSE = 4.013059e-01, Grad norm = 5.559643e-04, Beta update rate = 2.100122e-04
Epoch   4600 (0.1%): Train pred MSE = 1.239680e-04, Test pred MSE = 4.037960e-02, Param MSE = 4.012072e-01, Grad norm = 4.964218e-04, Beta update rate = 1.858591e-04
Epoch   4800 (0.1%): Train pred MSE = 1.018736e-04, Test pred MSE = 4.037047e-02, Param MSE = 4.011203e-01, Grad norm = 4.447903e-04, Beta update rate = 1.651669e-04
Epoch   5000 (0.1%): Train pred MSE = 8.408106e-05, Test pred MSE = 4.036242e-02, Param MSE = 4.010430e-01, Grad norm = 3.997805e-04, Beta update rate = 1.473456e-04
Epoch   5200 (0.1%): Train pred MSE = 6.966699e-05, Test pred MSE = 4.035528e-02, Param MSE = 4.009737e-01, Grad norm = 3.603441e-04, Beta update rate = 1.319150e-04
Epoch   5400 (0.1%): Train pred MSE = 5.792680e-05, Test pred MSE = 4.034892e-02, Param MSE = 4.009112e-01, Grad norm = 3.256263e-04, Beta update rate = 1.184848e-04
Epoch   5600 (0.1%): Train pred MSE = 4.831810e-05, Test pred MSE = 4.034321e-02, Param MSE = 4.008547e-01, Grad norm = 2.949277e-04, Beta update rate = 1.067367e-04
Epoch   5800 (0.1%): Train pred MSE = 4.041961e-05, Test pred MSE = 4.033808e-02, Param MSE = 4.008034e-01, Grad norm = 2.676734e-04, Beta update rate = 9.641117e-05
Epoch   6000 (0.1%): Train pred MSE = 3.390149e-05, Test pred MSE = 4.033345e-02, Param MSE = 4.007567e-01, Grad norm = 2.433884e-04, Beta update rate = 8.729556e-05
Epoch   6200 (0.1%): Train pred MSE = 2.850348e-05, Test pred MSE = 4.032928e-02, Param MSE = 4.007141e-01, Grad norm = 2.216778e-04, Beta update rate = 7.921517e-05
Epoch   6400 (0.1%): Train pred MSE = 2.401876e-05, Test pred MSE = 4.032550e-02, Param MSE = 4.006752e-01, Grad norm = 2.022115e-04, Beta update rate = 7.202570e-05
Epoch   6600 (0.1%): Train pred MSE = 2.028196e-05, Test pred MSE = 4.032207e-02, Param MSE = 4.006397e-01, Grad norm = 1.847110e-04, Beta update rate = 6.560728e-05
Epoch   6800 (0.1%): Train pred MSE = 1.716003e-05, Test pred MSE = 4.031897e-02, Param MSE = 4.006072e-01, Grad norm = 1.689406e-04, Beta update rate = 5.985971e-05
Epoch   7000 (0.1%): Train pred MSE = 1.454537e-05, Test pred MSE = 4.031615e-02, Param MSE = 4.005775e-01, Grad norm = 1.546990e-04, Beta update rate = 5.469871e-05
Epoch   7200 (0.1%): Train pred MSE = 1.235059e-05, Test pred MSE = 4.031359e-02, Param MSE = 4.005502e-01, Grad norm = 1.418132e-04, Beta update rate = 5.005290e-05
Epoch   7400 (0.1%): Train pred MSE = 1.050434e-05, Test pred MSE = 4.031126e-02, Param MSE = 4.005252e-01, Grad norm = 1.301340e-04, Beta update rate = 4.586144e-05
Epoch   7600 (0.2%): Train pred MSE = 8.948190e-06, Test pred MSE = 4.030913e-02, Param MSE = 4.005023e-01, Grad norm = 1.195318e-04, Beta update rate = 4.207217e-05
Epoch   7800 (0.2%): Train pred MSE = 7.634092e-06, Test pred MSE = 4.030720e-02, Param MSE = 4.004812e-01, Grad norm = 1.098932e-04, Beta update rate = 3.864012e-05
Epoch   8000 (0.2%): Train pred MSE = 6.522428e-06, Test pred MSE = 4.030544e-02, Param MSE = 4.004619e-01, Grad norm = 1.011192e-04, Beta update rate = 3.552626e-05
Epoch   8200 (0.2%): Train pred MSE = 5.580426e-06, Test pred MSE = 4.030383e-02, Param MSE = 4.004441e-01, Grad norm = 9.312230e-05, Beta update rate = 3.269663e-05
Epoch   8400 (0.2%): Train pred MSE = 4.780906e-06, Test pred MSE = 4.030235e-02, Param MSE = 4.004277e-01, Grad norm = 8.582542e-05, Beta update rate = 3.012150e-05
Epoch   8600 (0.2%): Train pred MSE = 4.101266e-06, Test pred MSE = 4.030101e-02, Param MSE = 4.004126e-01, Grad norm = 7.916012e-05, Beta update rate = 2.777474e-05
Epoch   8800 (0.2%): Train pred MSE = 3.522676e-06, Test pred MSE = 4.029978e-02, Param MSE = 4.003987e-01, Grad norm = 7.306562e-05, Beta update rate = 2.563332e-05
Epoch   9000 (0.2%): Train pred MSE = 3.029405e-06, Test pred MSE = 4.029865e-02, Param MSE = 4.003859e-01, Grad norm = 6.748770e-05, Beta update rate = 2.367690e-05
Epoch   9200 (0.2%): Train pred MSE = 2.608291e-06, Test pred MSE = 4.029761e-02, Param MSE = 4.003741e-01, Grad norm = 6.237794e-05, Beta update rate = 2.188740e-05
Epoch   9400 (0.2%): Train pred MSE = 2.248298e-06, Test pred MSE = 4.029666e-02, Param MSE = 4.003631e-01, Grad norm = 5.769300e-05, Beta update rate = 2.024877e-05
Epoch   9600 (0.2%): Train pred MSE = 1.940156e-06, Test pred MSE = 4.029578e-02, Param MSE = 4.003530e-01, Grad norm = 5.339398e-05, Beta update rate = 1.874671e-05
Epoch   9800 (0.2%): Train pred MSE = 1.676063e-06, Test pred MSE = 4.029498e-02, Param MSE = 4.003436e-01, Grad norm = 4.944594e-05, Beta update rate = 1.736843e-05
Epoch  10000 (0.2%): Train pred MSE = 1.449447e-06, Test pred MSE = 4.029423e-02, Param MSE = 4.003349e-01, Grad norm = 4.581743e-05, Beta update rate = 1.610251e-05
Epoch  10200 (0.2%): Train pred MSE = 1.254758e-06, Test pred MSE = 4.029355e-02, Param MSE = 4.003269e-01, Grad norm = 4.248008e-05, Beta update rate = 1.493870e-05
Epoch  10400 (0.2%): Train pred MSE = 1.087304e-06, Test pred MSE = 4.029291e-02, Param MSE = 4.003194e-01, Grad norm = 3.940832e-05, Beta update rate = 1.386780e-05
Epoch  10600 (0.2%): Train pred MSE = 9.431129e-07, Test pred MSE = 4.029233e-02, Param MSE = 4.003124e-01, Grad norm = 3.657902e-05, Beta update rate = 1.288153e-05
Epoch  10800 (0.2%): Train pred MSE = 8.188162e-07, Test pred MSE = 4.029179e-02, Param MSE = 4.003060e-01, Grad norm = 3.397125e-05, Beta update rate = 1.197244e-05
Epoch  11000 (0.2%): Train pred MSE = 7.115543e-07, Test pred MSE = 4.029128e-02, Param MSE = 4.002999e-01, Grad norm = 3.156607e-05, Beta update rate = 1.113382e-05
Epoch  11200 (0.2%): Train pred MSE = 6.188960e-07, Test pred MSE = 4.029082e-02, Param MSE = 4.002943e-01, Grad norm = 2.934630e-05, Beta update rate = 1.035959e-05
Epoch  11400 (0.2%): Train pred MSE = 5.387715e-07, Test pred MSE = 4.029039e-02, Param MSE = 4.002891e-01, Grad norm = 2.729633e-05, Beta update rate = 9.644283e-06
Epoch  11600 (0.2%): Train pred MSE = 4.694166e-07, Test pred MSE = 4.028998e-02, Param MSE = 4.002842e-01, Grad norm = 2.540199e-05, Beta update rate = 8.982923e-06
Epoch  11800 (0.2%): Train pred MSE = 4.093256e-07, Test pred MSE = 4.028961e-02, Param MSE = 4.002797e-01, Grad norm = 2.365042e-05, Beta update rate = 8.371010e-06
Epoch  12000 (0.2%): Train pred MSE = 3.572121e-07, Test pred MSE = 4.028926e-02, Param MSE = 4.002754e-01, Grad norm = 2.202988e-05, Beta update rate = 7.804463e-06
Epoch  12200 (0.2%): Train pred MSE = 3.119752e-07, Test pred MSE = 4.028893e-02, Param MSE = 4.002715e-01, Grad norm = 2.052969e-05, Beta update rate = 7.279572e-06
Epoch  12400 (0.2%): Train pred MSE = 2.726725e-07, Test pred MSE = 4.028863e-02, Param MSE = 4.002677e-01, Grad norm = 1.914013e-05, Beta update rate = 6.792965e-06
Epoch  12600 (0.3%): Train pred MSE = 2.384955e-07, Test pred MSE = 4.028834e-02, Param MSE = 4.002642e-01, Grad norm = 1.785232e-05, Beta update rate = 6.341571e-06
Epoch  12800 (0.3%): Train pred MSE = 2.087506e-07, Test pred MSE = 4.028808e-02, Param MSE = 4.002610e-01, Grad norm = 1.665815e-05, Beta update rate = 5.922593e-06
Epoch  13000 (0.3%): Train pred MSE = 1.828415e-07, Test pred MSE = 4.028783e-02, Param MSE = 4.002579e-01, Grad norm = 1.555022e-05, Beta update rate = 5.533478e-06
Epoch  13200 (0.3%): Train pred MSE = 1.602553e-07, Test pred MSE = 4.028760e-02, Param MSE = 4.002550e-01, Grad norm = 1.452177e-05, Beta update rate = 5.171898e-06
Epoch  13400 (0.3%): Train pred MSE = 1.405503e-07, Test pred MSE = 4.028738e-02, Param MSE = 4.002523e-01, Grad norm = 1.356659e-05, Beta update rate = 4.835722e-06
Epoch  13600 (0.3%): Train pred MSE = 1.233459e-07, Test pred MSE = 4.028717e-02, Param MSE = 4.002498e-01, Grad norm = 1.267902e-05, Beta update rate = 4.523003e-06
Epoch  13800 (0.3%): Train pred MSE = 1.083135e-07, Test pred MSE = 4.028698e-02, Param MSE = 4.002474e-01, Grad norm = 1.185387e-05, Beta update rate = 4.231958e-06
Epoch  14000 (0.3%): Train pred MSE = 9.516935e-08, Test pred MSE = 4.028680e-02, Param MSE = 4.002452e-01, Grad norm = 1.108638e-05, Beta update rate = 3.960952e-06
Epoch  14200 (0.3%): Train pred MSE = 8.366825e-08, Test pred MSE = 4.028663e-02, Param MSE = 4.002431e-01, Grad norm = 1.037218e-05, Beta update rate = 3.708487e-06
Epoch  14400 (0.3%): Train pred MSE = 7.359789e-08, Test pred MSE = 4.028647e-02, Param MSE = 4.002411e-01, Grad norm = 9.707269e-06, Beta update rate = 3.473186e-06
Epoch  14600 (0.3%): Train pred MSE = 6.477441e-08, Test pred MSE = 4.028632e-02, Param MSE = 4.002392e-01, Grad norm = 9.087957e-06, Beta update rate = 3.253787e-06
Epoch  14800 (0.3%): Train pred MSE = 5.703844e-08, Test pred MSE = 4.028617e-02, Param MSE = 4.002374e-01, Grad norm = 8.510865e-06, Beta update rate = 3.049127e-06
Epoch  15000 (0.3%): Train pred MSE = 5.025167e-08, Test pred MSE = 4.028604e-02, Param MSE = 4.002358e-01, Grad norm = 7.972883e-06, Beta update rate = 2.858136e-06
Epoch  15200 (0.3%): Train pred MSE = 4.429402e-08, Test pred MSE = 4.028591e-02, Param MSE = 4.002342e-01, Grad norm = 7.471149e-06, Beta update rate = 2.679831e-06
Epoch  15400 (0.3%): Train pred MSE = 3.906109e-08, Test pred MSE = 4.028579e-02, Param MSE = 4.002327e-01, Grad norm = 7.003027e-06, Beta update rate = 2.513304e-06
Epoch  15600 (0.3%): Train pred MSE = 3.446209e-08, Test pred MSE = 4.028568e-02, Param MSE = 4.002313e-01, Grad norm = 6.566090e-06, Beta update rate = 2.357720e-06
Epoch  15800 (0.3%): Train pred MSE = 3.041798e-08, Test pred MSE = 4.028557e-02, Param MSE = 4.002300e-01, Grad norm = 6.158101e-06, Beta update rate = 2.212305e-06
Epoch  16000 (0.3%): Train pred MSE = 2.685989e-08, Test pred MSE = 4.028547e-02, Param MSE = 4.002288e-01, Grad norm = 5.776996e-06, Beta update rate = 2.076348e-06
Epoch  16200 (0.3%): Train pred MSE = 2.372777e-08, Test pred MSE = 4.028538e-02, Param MSE = 4.002276e-01, Grad norm = 5.420871e-06, Beta update rate = 1.949191e-06
Epoch  16400 (0.3%): Train pred MSE = 2.096923e-08, Test pred MSE = 4.028529e-02, Param MSE = 4.002265e-01, Grad norm = 5.087967e-06, Beta update rate = 1.830223e-06
Epoch  16600 (0.3%): Train pred MSE = 1.853851e-08, Test pred MSE = 4.028520e-02, Param MSE = 4.002254e-01, Grad norm = 4.776660e-06, Beta update rate = 1.718883e-06
Epoch  16800 (0.3%): Train pred MSE = 1.639564e-08, Test pred MSE = 4.028512e-02, Param MSE = 4.002244e-01, Grad norm = 4.485449e-06, Beta update rate = 1.614649e-06
Epoch  17000 (0.3%): Train pred MSE = 1.450567e-08, Test pred MSE = 4.028505e-02, Param MSE = 4.002235e-01, Grad norm = 4.212944e-06, Beta update rate = 1.517038e-06
Epoch  17200 (0.3%): Train pred MSE = 1.283800e-08, Test pred MSE = 4.028497e-02, Param MSE = 4.002226e-01, Grad norm = 3.957862e-06, Beta update rate = 1.425602e-06
Epoch  17400 (0.3%): Train pred MSE = 1.136586e-08, Test pred MSE = 4.028491e-02, Param MSE = 4.002218e-01, Grad norm = 3.719011e-06, Beta update rate = 1.339927e-06
Epoch  17600 (0.4%): Train pred MSE = 1.006577e-08, Test pred MSE = 4.028484e-02, Param MSE = 4.002210e-01, Grad norm = 3.495291e-06, Beta update rate = 1.259629e-06
Epoch  17800 (0.4%): Train pred MSE = 8.917165e-09, Test pred MSE = 4.028478e-02, Param MSE = 4.002202e-01, Grad norm = 3.285680e-06, Beta update rate = 1.184348e-06
Epoch  18000 (0.4%): Train pred MSE = 7.902001e-09, Test pred MSE = 4.028472e-02, Param MSE = 4.002195e-01, Grad norm = 3.089231e-06, Beta update rate = 1.113755e-06
Epoch  18200 (0.4%): Train pred MSE = 7.004435e-09, Test pred MSE = 4.028467e-02, Param MSE = 4.002188e-01, Grad norm = 2.905066e-06, Beta update rate = 1.047541e-06
Epoch  18400 (0.4%): Train pred MSE = 6.210555e-09, Test pred MSE = 4.028461e-02, Param MSE = 4.002182e-01, Grad norm = 2.732368e-06, Beta update rate = 9.854180e-07
Epoch  18600 (0.4%): Train pred MSE = 5.508138e-09, Test pred MSE = 4.028456e-02, Param MSE = 4.002176e-01, Grad norm = 2.570381e-06, Beta update rate = 9.271211e-07
Epoch  18800 (0.4%): Train pred MSE = 4.886433e-09, Test pred MSE = 4.028452e-02, Param MSE = 4.002170e-01, Grad norm = 2.418401e-06, Beta update rate = 8.724017e-07
Epoch  19000 (0.4%): Train pred MSE = 4.335986e-09, Test pred MSE = 4.028447e-02, Param MSE = 4.002165e-01, Grad norm = 2.275774e-06, Beta update rate = 8.210292e-07
Epoch  19200 (0.4%): Train pred MSE = 3.848476e-09, Test pred MSE = 4.028443e-02, Param MSE = 4.002160e-01, Grad norm = 2.141892e-06, Beta update rate = 7.727886e-07
Epoch  19400 (0.4%): Train pred MSE = 3.416573e-09, Test pred MSE = 4.028439e-02, Param MSE = 4.002155e-01, Grad norm = 2.016189e-06, Beta update rate = 7.274795e-07
Epoch  19600 (0.4%): Train pred MSE = 3.033822e-09, Test pred MSE = 4.028435e-02, Param MSE = 4.002150e-01, Grad norm = 1.898139e-06, Beta update rate = 6.849154e-07
Epoch  19800 (0.4%): Train pred MSE = 2.694533e-09, Test pred MSE = 4.028432e-02, Param MSE = 4.002146e-01, Grad norm = 1.787251e-06, Beta update rate = 6.449223e-07
Epoch  20000 (0.4%): Train pred MSE = 2.393688e-09, Test pred MSE = 4.028428e-02, Param MSE = 4.002142e-01, Grad norm = 1.683069e-06, Beta update rate = 6.073377e-07
Epoch  20200 (0.4%): Train pred MSE = 2.126859e-09, Test pred MSE = 4.028425e-02, Param MSE = 4.002138e-01, Grad norm = 1.585166e-06, Beta update rate = 5.720104e-07
Epoch  20400 (0.4%): Train pred MSE = 1.890141e-09, Test pred MSE = 4.028422e-02, Param MSE = 4.002134e-01, Grad norm = 1.493147e-06, Beta update rate = 5.387988e-07
Epoch  20600 (0.4%): Train pred MSE = 1.680082e-09, Test pred MSE = 4.028419e-02, Param MSE = 4.002131e-01, Grad norm = 1.406639e-06, Beta update rate = 5.075709e-07
Epoch  20800 (0.4%): Train pred MSE = 1.493637e-09, Test pred MSE = 4.028416e-02, Param MSE = 4.002127e-01, Grad norm = 1.325299e-06, Beta update rate = 4.782035e-07
Epoch  21000 (0.4%): Train pred MSE = 1.328113e-09, Test pred MSE = 4.028414e-02, Param MSE = 4.002124e-01, Grad norm = 1.248803e-06, Beta update rate = 4.505812e-07
Epoch  21200 (0.4%): Train pred MSE = 1.181129e-09, Test pred MSE = 4.028411e-02, Param MSE = 4.002121e-01, Grad norm = 1.176851e-06, Beta update rate = 4.245964e-07
Epoch  21400 (0.4%): Train pred MSE = 1.050581e-09, Test pred MSE = 4.028409e-02, Param MSE = 4.002118e-01, Grad norm = 1.109161e-06, Beta update rate = 4.001483e-07
Epoch  21600 (0.4%): Train pred MSE = 9.346076e-10, Test pred MSE = 4.028407e-02, Param MSE = 4.002116e-01, Grad norm = 1.045470e-06, Beta update rate = 3.771428e-07
Epoch  21800 (0.4%): Train pred MSE = 8.315607e-10, Test pred MSE = 4.028405e-02, Param MSE = 4.002113e-01, Grad norm = 9.855322e-07, Beta update rate = 3.554916e-07
Epoch  22000 (0.4%): Train pred MSE = 7.399819e-10, Test pred MSE = 4.028403e-02, Param MSE = 4.002111e-01, Grad norm = 9.291184e-07, Beta update rate = 3.351123e-07
Epoch  22200 (0.4%): Train pred MSE = 6.585801e-10, Test pred MSE = 4.028401e-02, Param MSE = 4.002109e-01, Grad norm = 8.760133e-07, Beta update rate = 3.159276e-07
Epoch  22400 (0.4%): Train pred MSE = 5.862113e-10, Test pred MSE = 4.028399e-02, Param MSE = 4.002106e-01, Grad norm = 8.260158e-07, Beta update rate = 2.978652e-07
Epoch  22600 (0.5%): Train pred MSE = 5.218621e-10, Test pred MSE = 4.028397e-02, Param MSE = 4.002104e-01, Grad norm = 7.789375e-07, Beta update rate = 2.808574e-07
Epoch  22800 (0.5%): Train pred MSE = 4.646343e-10, Test pred MSE = 4.028396e-02, Param MSE = 4.002102e-01, Grad norm = 7.346020e-07, Beta update rate = 2.648407e-07
Epoch  23000 (0.5%): Train pred MSE = 4.137318e-10, Test pred MSE = 4.028394e-02, Param MSE = 4.002101e-01, Grad norm = 6.928444e-07, Beta update rate = 2.497556e-07
Epoch  23200 (0.5%): Train pred MSE = 3.684484e-10, Test pred MSE = 4.028393e-02, Param MSE = 4.002099e-01, Grad norm = 6.535098e-07, Beta update rate = 2.355463e-07
Epoch  23400 (0.5%): Train pred MSE = 3.281578e-10, Test pred MSE = 4.028391e-02, Param MSE = 4.002097e-01, Grad norm = 6.164531e-07, Beta update rate = 2.221605e-07
Epoch  23600 (0.5%): Train pred MSE = 2.923044e-10, Test pred MSE = 4.028390e-02, Param MSE = 4.002096e-01, Grad norm = 5.815386e-07, Beta update rate = 2.095493e-07
Epoch  23800 (0.5%): Train pred MSE = 2.603953e-10, Test pred MSE = 4.028389e-02, Param MSE = 4.002094e-01, Grad norm = 5.486386e-07, Beta update rate = 1.976665e-07
Epoch  24000 (0.5%): Train pred MSE = 2.319925e-10, Test pred MSE = 4.028387e-02, Param MSE = 4.002093e-01, Grad norm = 5.176337e-07, Beta update rate = 1.864690e-07
Epoch  24200 (0.5%): Train pred MSE = 2.067078e-10, Test pred MSE = 4.028386e-02, Param MSE = 4.002091e-01, Grad norm = 4.884117e-07, Beta update rate = 1.759163e-07
Epoch  24400 (0.5%): Train pred MSE = 1.841958e-10, Test pred MSE = 4.028385e-02, Param MSE = 4.002090e-01, Grad norm = 4.608673e-07, Beta update rate = 1.659703e-07
Epoch  24600 (0.5%): Train pred MSE = 1.641503e-10, Test pred MSE = 4.028384e-02, Param MSE = 4.002089e-01, Grad norm = 4.349017e-07, Beta update rate = 1.565954e-07
Epoch  24800 (0.5%): Train pred MSE = 1.462989e-10, Test pred MSE = 4.028383e-02, Param MSE = 4.002088e-01, Grad norm = 4.104221e-07, Beta update rate = 1.477580e-07
Epoch  25000 (0.5%): Train pred MSE = 1.303998e-10, Test pred MSE = 4.028382e-02, Param MSE = 4.002087e-01, Grad norm = 3.873415e-07, Beta update rate = 1.394266e-07
Epoch  25200 (0.5%): Train pred MSE = 1.162378e-10, Test pred MSE = 4.028382e-02, Param MSE = 4.002086e-01, Grad norm = 3.655780e-07, Beta update rate = 1.315715e-07
Epoch  25400 (0.5%): Train pred MSE = 1.036219e-10, Test pred MSE = 4.028381e-02, Param MSE = 4.002085e-01, Grad norm = 3.450548e-07, Beta update rate = 1.241651e-07
Epoch  25600 (0.5%): Train pred MSE = 9.238217e-11, Test pred MSE = 4.028380e-02, Param MSE = 4.002084e-01, Grad norm = 3.256996e-07, Beta update rate = 1.171810e-07

Training completed at epoch 25600
Stop reason: train_pred_mse
Final Train pred MSE = 9.238217e-11
Final Test pred MSE = 4.028380e-02
Final Param MSE = 4.002084e-01
Final Grad norm = 3.256996e-07
Final Beta update rate = 1.171810e-07
Success flag: True (train_pred_mse < 1.00e-10)
Results metadata saved to results/diagonal/step1_mixture/pi_A=0.90--alpha=0.250000--seed=0/results_meta.json
Saved c_vec to results/diagonal/step1_mixture/pi_A=0.90--alpha=0.250000--seed=0/c_vec.npy

Results saved to results/diagonal/step1_mixture/pi_A=0.90--alpha=0.250000--seed=0/
Total jobs in this sweep: 108
Pi_A values: [0.1, 0.5, 0.9]
Alpha values: [0.05, 0.1, 0.2, 0.25, 0.3, 0.4, 0.5, 0.6, 0.7, 0.8, 0.9, 1.0]
Seeds: [0, 1, 2]
================================================================================
Step 1 Mixture Sweep - Experiment Parameters:
================================================================================
  c: 0.001
  c_A: 0.001
  c_B: 0.5
  c_mode: mixture
  epochs: 5000000
  init_method: complex
  inp_dim: 1000
  lmda: 0.0
  lr: 0.5
  n_test: 10000
  n_train: 250
  no_tuning: True
  pi_A: 0.9
  rho: 0.04
  save_folder: results/diagonal/step1_mixture/pi_A=0.90--alpha=0.250000--seed=0/
  scaling: 1.0
  seed: 0
  test_every_n_epochs: 200
  threshold: 1e-12
================================================================================

Running training script...

Extracting results and saving to CSV...
Results appended to /home/na658/multi-task2/experiment_results_step1_mixture.csv

✓ Experiment 81 completed successfully
[SLURM] Job 20446063 task 81 finished
