[SLURM] Job 20445993 task 11 starting on cpu-q-17
[SLURM] Step 1 Mixture Sweep
[SLURM] Using Python: /home/na658/.conda/envs/mtl_ft/bin/python
Starting diagonal network pretrain BG script...

================================================================================
SCRIPT STARTED - Running diagonal network BG experiment...
================================================================================

================================================================================
EXPERIMENT SETTINGS
================================================================================
Seed: 2
Input dimension: 1000
Sparsity (rho): 0.04
Training samples: 250
Test samples: 10000
Learning rate: 0.5
Max epochs: 5000000
Test every N epochs: 200
Convergence threshold: 1e-12
Stop pred MSE: 1e-10
Stop beta rate: disabled
Stop grad norm: disabled
LR decay: disabled
LR decay interval: 2000
Scaling: 1.0
Lambda (λ): 0.0
C parameter: 0.001
Initialization method: complex
Learning rate tuning: False
Save folder: results/diagonal/step1_mixture/pi_A=0.10--alpha=0.250000--seed=2/
C mode: mixture
  c_A=0.001, c_B=0.5, pi_A=0.1
================================================================================
Starting training...
================================================================================
[c_mode=mixture] pi_A=0.1, empirical frac_A=0.0980
[c_mode=mixture] c_A=0.001, c_B=0.5
Per-coordinate c init: c_vec range [0.001000, 0.500000]

Starting training loop (max 5000000 epochs, threshold=1.00e-12)...
Epoch      0 (0.0%): Train pred MSE = 2.511900e+00, Test pred MSE = 8.181937e-02, Param MSE = 8.295244e-01, Grad norm = 4.169578e-01, Beta update rate = nan
Epoch    200 (0.0%): Train pred MSE = 1.264761e-02, Test pred MSE = 4.247151e-02, Param MSE = 4.363130e-01, Grad norm = 2.005084e-02, Beta update rate = 7.206482e-02
Epoch    400 (0.0%): Train pred MSE = 9.618775e-04, Test pred MSE = 4.080598e-02, Param MSE = 4.189455e-01, Grad norm = 4.651041e-03, Beta update rate = 6.090212e-03
Epoch    600 (0.0%): Train pred MSE = 1.213048e-04, Test pred MSE = 4.052682e-02, Param MSE = 4.159222e-01, Grad norm = 1.546274e-03, Beta update rate = 1.602269e-03
Epoch    800 (0.0%): Train pred MSE = 1.829645e-05, Test pred MSE = 4.045384e-02, Param MSE = 4.151035e-01, Grad norm = 5.825215e-04, Beta update rate = 5.548667e-04
Epoch   1000 (0.0%): Train pred MSE = 2.994660e-06, Test pred MSE = 4.043047e-02, Param MSE = 4.148351e-01, Grad norm = 2.319191e-04, Beta update rate = 2.126059e-04
Epoch   1200 (0.0%): Train pred MSE = 5.122193e-07, Test pred MSE = 4.042216e-02, Param MSE = 4.147380e-01, Grad norm = 9.500148e-05, Beta update rate = 8.533492e-05
Epoch   1400 (0.0%): Train pred MSE = 9.002088e-08, Test pred MSE = 4.041902e-02, Param MSE = 4.147010e-01, Grad norm = 3.957437e-05, Beta update rate = 3.511276e-05
Epoch   1600 (0.0%): Train pred MSE = 1.611577e-08, Test pred MSE = 4.041779e-02, Param MSE = 4.146864e-01, Grad norm = 1.666811e-05, Beta update rate = 1.466783e-05
Epoch   1800 (0.0%): Train pred MSE = 2.924408e-09, Test pred MSE = 4.041729e-02, Param MSE = 4.146805e-01, Grad norm = 7.075688e-06, Beta update rate = 6.189851e-06
Epoch   2000 (0.0%): Train pred MSE = 5.362776e-10, Test pred MSE = 4.041709e-02, Param MSE = 4.146781e-01, Grad norm = 3.021565e-06, Beta update rate = 2.631444e-06
Epoch   2200 (0.0%): Train pred MSE = 9.919021e-11, Test pred MSE = 4.041701e-02, Param MSE = 4.146771e-01, Grad norm = 1.296438e-06, Beta update rate = 1.125045e-06

Training completed at epoch 2200
Stop reason: train_pred_mse
Final Train pred MSE = 9.919021e-11
Final Test pred MSE = 4.041701e-02
Final Param MSE = 4.146771e-01
Final Grad norm = 1.296438e-06
Final Beta update rate = 1.125045e-06
Success flag: True (train_pred_mse < 1.00e-10)
Results metadata saved to results/diagonal/step1_mixture/pi_A=0.10--alpha=0.250000--seed=2/results_meta.json
Saved c_vec to results/diagonal/step1_mixture/pi_A=0.10--alpha=0.250000--seed=2/c_vec.npy

Results saved to results/diagonal/step1_mixture/pi_A=0.10--alpha=0.250000--seed=2/
Total jobs in this sweep: 108
Pi_A values: [0.1, 0.5, 0.9]
Alpha values: [0.05, 0.1, 0.2, 0.25, 0.3, 0.4, 0.5, 0.6, 0.7, 0.8, 0.9, 1.0]
Seeds: [0, 1, 2]
================================================================================
Step 1 Mixture Sweep - Experiment Parameters:
================================================================================
  c: 0.001
  c_A: 0.001
  c_B: 0.5
  c_mode: mixture
  epochs: 5000000
  init_method: complex
  inp_dim: 1000
  lmda: 0.0
  lr: 0.5
  n_test: 10000
  n_train: 250
  no_tuning: True
  pi_A: 0.1
  rho: 0.04
  save_folder: results/diagonal/step1_mixture/pi_A=0.10--alpha=0.250000--seed=2/
  scaling: 1.0
  seed: 2
  test_every_n_epochs: 200
  threshold: 1e-12
================================================================================

Running training script...

Extracting results and saving to CSV...
Results appended to /home/na658/multi-task2/experiment_results_step1_mixture.csv

✓ Experiment 11 completed successfully
[SLURM] Job 20445993 task 11 finished
