[SLURM] Job 20446206 task 11 starting on cpu-q-227
[SLURM] Step 3 Omega Sweep (PT+FT Oracle)
[SLURM] Using Python: /home/na658/.conda/envs/mtl_ft/bin/python
Starting PT+FT Oracle experiment...

================================================================================
STEP 3: PT+FT ORACLE EXPERIMENT
================================================================================

================================================================================
EXPERIMENT SETTINGS
================================================================================
Seed: 2
Input dimension: 1000
PT support fraction (rho_pt): 0.1
FT sparsity (rho_ft): 0.04
Overlap (omega): 0.0
PT amplitude (a_pt): 1.0
PT c parameter (c_pt): 0.001
PT lambda (lambda_pt): 0.0
Gamma reinit: 0.0
Training samples (FT): 250
Test samples: 10000
Learning rate: 0.5
Max epochs: 5000000
Save folder: results/diagonal/step3_omega/omega=0.00--alpha=0.250000--seed=2/
================================================================================

Sampling PT teacher (oracle)...
  PT support size: 100 / 1000 = 0.1000

Sampling FT teacher with overlap...
  FT support size: 40 / 1000 = 0.0400
  Overlap: 0 / 40 = 0.0000 (target: 0.0)

  Coordinate groups:
    OV (both):     0
    NEW (FT only): 40
    PTONLY:        100
    NONE:          860

Computing c_ft from Cosyne formula...

  c_ft statistics by group:
    OV:     N/A
    NEW:    mean=0.002000 (beta_pt=0 -> baseline c_ft)
    PTONLY: mean=1.001000
    NONE:   mean=0.002000

Sampling FT data...

Initializing DiagonalNet with per-coordinate c_ft...
Per-coordinate c init: c_vec range [0.002000, 1.001000]

Training on FT data...

Starting training loop (max 5000000 epochs, threshold=1.00e-12)...
Epoch      0 (0.0%): Train pred MSE = 2.491901e+00, Test pred MSE = 6.198142e-02, Param MSE = 6.126219e-01, Grad norm = 2.028524e-01, Beta update rate = nan
Epoch    200 (0.0%): Train pred MSE = 5.790801e-01, Test pred MSE = 5.242164e-02, Param MSE = 5.128492e-01, Grad norm = 1.080264e-01, Beta update rate = 8.191786e-02
Epoch    400 (0.0%): Train pred MSE = 1.685383e-01, Test pred MSE = 2.950100e-02, Param MSE = 2.851861e-01, Grad norm = 4.108646e-02, Beta update rate = 4.610832e-02
Epoch    600 (0.0%): Train pred MSE = 6.492534e-02, Test pred MSE = 2.342395e-02, Param MSE = 2.261006e-01, Grad norm = 2.373914e-02, Beta update rate = 1.808457e-02
Epoch    800 (0.0%): Train pred MSE = 3.069816e-02, Test pred MSE = 2.016076e-02, Param MSE = 1.953585e-01, Grad norm = 1.389492e-02, Beta update rate = 1.014024e-02
Epoch   1000 (0.0%): Train pred MSE = 1.805585e-02, Test pred MSE = 1.827934e-02, Param MSE = 1.776908e-01, Grad norm = 9.083240e-03, Beta update rate = 5.968975e-03
Epoch   1200 (0.0%): Train pred MSE = 1.197777e-02, Test pred MSE = 1.714304e-02, Param MSE = 1.668673e-01, Grad norm = 6.701920e-03, Beta update rate = 3.788479e-03
Epoch   1400 (0.0%): Train pred MSE = 8.442212e-03, Test pred MSE = 1.640100e-02, Param MSE = 1.597106e-01, Grad norm = 5.275913e-03, Beta update rate = 2.683329e-03
Epoch   1600 (0.0%): Train pred MSE = 6.166589e-03, Test pred MSE = 1.588554e-02, Param MSE = 1.547051e-01, Grad norm = 4.311974e-03, Beta update rate = 2.048097e-03
Epoch   1800 (0.0%): Train pred MSE = 4.608116e-03, Test pred MSE = 1.551303e-02, Param MSE = 1.510781e-01, Grad norm = 3.612463e-03, Beta update rate = 1.624876e-03
Epoch   2000 (0.0%): Train pred MSE = 3.495304e-03, Test pred MSE = 1.523630e-02, Param MSE = 1.483831e-01, Grad norm = 3.078227e-03, Beta update rate = 1.317349e-03
Epoch   2200 (0.0%): Train pred MSE = 2.677623e-03, Test pred MSE = 1.502637e-02, Param MSE = 1.463405e-01, Grad norm = 2.653781e-03, Beta update rate = 1.084551e-03
Epoch   2400 (0.0%): Train pred MSE = 2.064996e-03, Test pred MSE = 1.486444e-02, Param MSE = 1.447674e-01, Grad norm = 2.305706e-03, Beta update rate = 9.045009e-04
Epoch   2600 (0.1%): Train pred MSE = 1.600195e-03, Test pred MSE = 1.473788e-02, Param MSE = 1.435400e-01, Grad norm = 2.012950e-03, Beta update rate = 7.630620e-04
Epoch   2800 (0.1%): Train pred MSE = 1.244905e-03, Test pred MSE = 1.463786e-02, Param MSE = 1.425717e-01, Grad norm = 1.762155e-03, Beta update rate = 6.502009e-04
Epoch   3000 (0.1%): Train pred MSE = 9.722054e-04, Test pred MSE = 1.455807e-02, Param MSE = 1.418007e-01, Grad norm = 1.544886e-03, Beta update rate = 5.586011e-04
Epoch   3200 (0.1%): Train pred MSE = 7.624066e-04, Test pred MSE = 1.449386e-02, Param MSE = 1.411816e-01, Grad norm = 1.355690e-03, Beta update rate = 4.830012e-04
Epoch   3400 (0.1%): Train pred MSE = 6.007059e-04, Test pred MSE = 1.444178e-02, Param MSE = 1.406804e-01, Grad norm = 1.190783e-03, Beta update rate = 4.197022e-04
Epoch   3600 (0.1%): Train pred MSE = 4.758107e-04, Test pred MSE = 1.439919e-02, Param MSE = 1.402715e-01, Grad norm = 1.047230e-03, Beta update rate = 3.661258e-04
Epoch   3800 (0.1%): Train pred MSE = 3.790648e-04, Test pred MSE = 1.436411e-02, Param MSE = 1.399353e-01, Grad norm = 9.225242e-04, Beta update rate = 3.204468e-04
Epoch   4000 (0.1%): Train pred MSE = 3.038398e-04, Test pred MSE = 1.433501e-02, Param MSE = 1.396571e-01, Grad norm = 8.143937e-04, Beta update rate = 2.813220e-04
Epoch   4200 (0.1%): Train pred MSE = 2.450766e-04, Test pred MSE = 1.431071e-02, Param MSE = 1.394251e-01, Grad norm = 7.207481e-04, Beta update rate = 2.477135e-04
Epoch   4400 (0.1%): Train pred MSE = 1.989268e-04, Test pred MSE = 1.429028e-02, Param MSE = 1.392306e-01, Grad norm = 6.396724e-04, Beta update rate = 2.187824e-04
Epoch   4600 (0.1%): Train pred MSE = 1.624699e-04, Test pred MSE = 1.427300e-02, Param MSE = 1.390665e-01, Grad norm = 5.694384e-04, Beta update rate = 1.938299e-04
Epoch   4800 (0.1%): Train pred MSE = 1.334914e-04, Test pred MSE = 1.425832e-02, Param MSE = 1.389272e-01, Grad norm = 5.085112e-04, Beta update rate = 1.722641e-04
Epoch   5000 (0.1%): Train pred MSE = 1.103110e-04, Test pred MSE = 1.424578e-02, Param MSE = 1.388086e-01, Grad norm = 4.555479e-04, Beta update rate = 1.535810e-04
Epoch   5200 (0.1%): Train pred MSE = 9.165059e-05, Test pred MSE = 1.423503e-02, Param MSE = 1.387070e-01, Grad norm = 4.093876e-04, Beta update rate = 1.373517e-04
Epoch   5400 (0.1%): Train pred MSE = 7.653497e-05, Test pred MSE = 1.422576e-02, Param MSE = 1.386196e-01, Grad norm = 3.690360e-04, Beta update rate = 1.232120e-04
Epoch   5600 (0.1%): Train pred MSE = 6.421658e-05, Test pred MSE = 1.421776e-02, Param MSE = 1.385443e-01, Grad norm = 3.336473e-04, Beta update rate = 1.108537e-04
Epoch   5800 (0.1%): Train pred MSE = 5.411947e-05, Test pred MSE = 1.421081e-02, Param MSE = 1.384791e-01, Grad norm = 3.025055e-04, Beta update rate = 1.000169e-04
Epoch   6000 (0.1%): Train pred MSE = 4.579736e-05, Test pred MSE = 1.420477e-02, Param MSE = 1.384224e-01, Grad norm = 2.750057e-04, Beta update rate = 9.048244e-05
Epoch   6200 (0.1%): Train pred MSE = 3.890240e-05, Test pred MSE = 1.419950e-02, Param MSE = 1.383731e-01, Grad norm = 2.506375e-04, Beta update rate = 8.206594e-05
Epoch   6400 (0.1%): Train pred MSE = 3.316181e-05, Test pred MSE = 1.419490e-02, Param MSE = 1.383301e-01, Grad norm = 2.289706e-04, Beta update rate = 7.461192e-05
Epoch   6600 (0.1%): Train pred MSE = 2.836031e-05, Test pred MSE = 1.419086e-02, Param MSE = 1.382925e-01, Grad norm = 2.096412e-04, Beta update rate = 6.798920e-05
Epoch   6800 (0.1%): Train pred MSE = 2.432700e-05, Test pred MSE = 1.418732e-02, Param MSE = 1.382595e-01, Grad norm = 1.923418e-04, Beta update rate = 6.208687e-05
Epoch   7000 (0.1%): Train pred MSE = 2.092536e-05, Test pred MSE = 1.418421e-02, Param MSE = 1.382305e-01, Grad norm = 1.768114e-04, Beta update rate = 5.681088e-05
Epoch   7200 (0.1%): Train pred MSE = 1.804573e-05, Test pred MSE = 1.418146e-02, Param MSE = 1.382051e-01, Grad norm = 1.628282e-04, Beta update rate = 5.208128e-05
Epoch   7400 (0.1%): Train pred MSE = 1.559949e-05, Test pred MSE = 1.417904e-02, Param MSE = 1.381826e-01, Grad norm = 1.502027e-04, Beta update rate = 4.782990e-05
Epoch   7600 (0.2%): Train pred MSE = 1.351467e-05, Test pred MSE = 1.417691e-02, Param MSE = 1.381629e-01, Grad norm = 1.387731e-04, Beta update rate = 4.399839e-05
Epoch   7800 (0.2%): Train pred MSE = 1.173249e-05, Test pred MSE = 1.417502e-02, Param MSE = 1.381454e-01, Grad norm = 1.284001e-04, Beta update rate = 4.053670e-05
Epoch   8000 (0.2%): Train pred MSE = 1.020471e-05, Test pred MSE = 1.417335e-02, Param MSE = 1.381300e-01, Grad norm = 1.189638e-04, Beta update rate = 3.740173e-05
Epoch   8200 (0.2%): Train pred MSE = 8.891596e-06, Test pred MSE = 1.417187e-02, Param MSE = 1.381163e-01, Grad norm = 1.103606e-04, Beta update rate = 3.455625e-05
Epoch   8400 (0.2%): Train pred MSE = 7.760208e-06, Test pred MSE = 1.417055e-02, Param MSE = 1.381042e-01, Grad norm = 1.025004e-04, Beta update rate = 3.196800e-05
Epoch   8600 (0.2%): Train pred MSE = 6.783172e-06, Test pred MSE = 1.416939e-02, Param MSE = 1.380935e-01, Grad norm = 9.530500e-05, Beta update rate = 2.960898e-05
Epoch   8800 (0.2%): Train pred MSE = 5.937630e-06, Test pred MSE = 1.416836e-02, Param MSE = 1.380841e-01, Grad norm = 8.870587e-05, Beta update rate = 2.745474e-05
Epoch   9000 (0.2%): Train pred MSE = 5.204428e-06, Test pred MSE = 1.416744e-02, Param MSE = 1.380757e-01, Grad norm = 8.264306e-05, Beta update rate = 2.548394e-05
Epoch   9200 (0.2%): Train pred MSE = 4.567456e-06, Test pred MSE = 1.416663e-02, Param MSE = 1.380682e-01, Grad norm = 7.706386e-05, Beta update rate = 2.367788e-05
Epoch   9400 (0.2%): Train pred MSE = 4.013121e-06, Test pred MSE = 1.416591e-02, Param MSE = 1.380616e-01, Grad norm = 7.192176e-05, Beta update rate = 2.202009e-05
Epoch   9600 (0.2%): Train pred MSE = 3.529916e-06, Test pred MSE = 1.416527e-02, Param MSE = 1.380558e-01, Grad norm = 6.717566e-05, Beta update rate = 2.049608e-05
Epoch   9800 (0.2%): Train pred MSE = 3.108069e-06, Test pred MSE = 1.416470e-02, Param MSE = 1.380506e-01, Grad norm = 6.278908e-05, Beta update rate = 1.909304e-05
Epoch  10000 (0.2%): Train pred MSE = 2.739263e-06, Test pred MSE = 1.416420e-02, Param MSE = 1.380461e-01, Grad norm = 5.872958e-05, Beta update rate = 1.779959e-05
Epoch  10200 (0.2%): Train pred MSE = 2.416395e-06, Test pred MSE = 1.416376e-02, Param MSE = 1.380420e-01, Grad norm = 5.496824e-05, Beta update rate = 1.660567e-05
Epoch  10400 (0.2%): Train pred MSE = 2.133388e-06, Test pred MSE = 1.416336e-02, Param MSE = 1.380384e-01, Grad norm = 5.147919e-05, Beta update rate = 1.550227e-05
Epoch  10600 (0.2%): Train pred MSE = 1.885025e-06, Test pred MSE = 1.416301e-02, Param MSE = 1.380353e-01, Grad norm = 4.823926e-05, Beta update rate = 1.448137e-05
Epoch  10800 (0.2%): Train pred MSE = 1.666824e-06, Test pred MSE = 1.416270e-02, Param MSE = 1.380325e-01, Grad norm = 4.522762e-05, Beta update rate = 1.353581e-05
Epoch  11000 (0.2%): Train pred MSE = 1.474920e-06, Test pred MSE = 1.416243e-02, Param MSE = 1.380300e-01, Grad norm = 4.242553e-05, Beta update rate = 1.265912e-05
Epoch  11200 (0.2%): Train pred MSE = 1.305978e-06, Test pred MSE = 1.416219e-02, Param MSE = 1.380279e-01, Grad norm = 3.981608e-05, Beta update rate = 1.184553e-05
Epoch  11400 (0.2%): Train pred MSE = 1.157113e-06, Test pred MSE = 1.416198e-02, Param MSE = 1.380260e-01, Grad norm = 3.738397e-05, Beta update rate = 1.108981e-05
Epoch  11600 (0.2%): Train pred MSE = 1.025823e-06, Test pred MSE = 1.416180e-02, Param MSE = 1.380243e-01, Grad norm = 3.511533e-05, Beta update rate = 1.038725e-05
Epoch  11800 (0.2%): Train pred MSE = 9.099374e-07, Test pred MSE = 1.416164e-02, Param MSE = 1.380229e-01, Grad norm = 3.299759e-05, Beta update rate = 9.733594e-06
Epoch  12000 (0.2%): Train pred MSE = 8.075697e-07, Test pred MSE = 1.416149e-02, Param MSE = 1.380216e-01, Grad norm = 3.101931e-05, Beta update rate = 9.124977e-06
Epoch  12200 (0.2%): Train pred MSE = 7.170762e-07, Test pred MSE = 1.416137e-02, Param MSE = 1.380205e-01, Grad norm = 2.917006e-05, Beta update rate = 8.557893e-06
Epoch  12400 (0.2%): Train pred MSE = 6.370238e-07, Test pred MSE = 1.416126e-02, Param MSE = 1.380196e-01, Grad norm = 2.744032e-05, Beta update rate = 8.029149e-06
Epoch  12600 (0.3%): Train pred MSE = 5.661614e-07, Test pred MSE = 1.416117e-02, Param MSE = 1.380187e-01, Grad norm = 2.582142e-05, Beta update rate = 7.535838e-06
Epoch  12800 (0.3%): Train pred MSE = 5.033947e-07, Test pred MSE = 1.416109e-02, Param MSE = 1.380180e-01, Grad norm = 2.430537e-05, Beta update rate = 7.075308e-06
Epoch  13000 (0.3%): Train pred MSE = 4.477662e-07, Test pred MSE = 1.416102e-02, Param MSE = 1.380174e-01, Grad norm = 2.288489e-05, Beta update rate = 6.645133e-06
Epoch  13200 (0.3%): Train pred MSE = 3.984366e-07, Test pred MSE = 1.416096e-02, Param MSE = 1.380169e-01, Grad norm = 2.155328e-05, Beta update rate = 6.243092e-06
Epoch  13400 (0.3%): Train pred MSE = 3.546694e-07, Test pred MSE = 1.416091e-02, Param MSE = 1.380165e-01, Grad norm = 2.030437e-05, Beta update rate = 5.867152e-06
Epoch  13600 (0.3%): Train pred MSE = 3.158181e-07, Test pred MSE = 1.416087e-02, Param MSE = 1.380162e-01, Grad norm = 1.913249e-05, Beta update rate = 5.515443e-06
Epoch  13800 (0.3%): Train pred MSE = 2.813141e-07, Test pred MSE = 1.416084e-02, Param MSE = 1.380159e-01, Grad norm = 1.803242e-05, Beta update rate = 5.186250e-06
Epoch  14000 (0.3%): Train pred MSE = 2.506571e-07, Test pred MSE = 1.416081e-02, Param MSE = 1.380157e-01, Grad norm = 1.699933e-05, Beta update rate = 4.877994e-06
Epoch  14200 (0.3%): Train pred MSE = 2.234065e-07, Test pred MSE = 1.416079e-02, Param MSE = 1.380155e-01, Grad norm = 1.602876e-05, Beta update rate = 4.589219e-06
Epoch  14400 (0.3%): Train pred MSE = 1.991740e-07, Test pred MSE = 1.416077e-02, Param MSE = 1.380153e-01, Grad norm = 1.511660e-05, Beta update rate = 4.318584e-06
Epoch  14600 (0.3%): Train pred MSE = 1.776171e-07, Test pred MSE = 1.416075e-02, Param MSE = 1.380152e-01, Grad norm = 1.425902e-05, Beta update rate = 4.064851e-06
Epoch  14800 (0.3%): Train pred MSE = 1.584332e-07, Test pred MSE = 1.416074e-02, Param MSE = 1.380152e-01, Grad norm = 1.345251e-05, Beta update rate = 3.826876e-06
Epoch  15000 (0.3%): Train pred MSE = 1.413552e-07, Test pred MSE = 1.416074e-02, Param MSE = 1.380151e-01, Grad norm = 1.269376e-05, Beta update rate = 3.603601e-06
Epoch  15200 (0.3%): Train pred MSE = 1.261469e-07, Test pred MSE = 1.416073e-02, Param MSE = 1.380151e-01, Grad norm = 1.197974e-05, Beta update rate = 3.394045e-06
Epoch  15400 (0.3%): Train pred MSE = 1.125994e-07, Test pred MSE = 1.416073e-02, Param MSE = 1.380151e-01, Grad norm = 1.130763e-05, Beta update rate = 3.197303e-06
Epoch  15600 (0.3%): Train pred MSE = 1.005276e-07, Test pred MSE = 1.416073e-02, Param MSE = 1.380152e-01, Grad norm = 1.067478e-05, Beta update rate = 3.012532e-06
Epoch  15800 (0.3%): Train pred MSE = 8.976766e-08, Test pred MSE = 1.416074e-02, Param MSE = 1.380152e-01, Grad norm = 1.007876e-05, Beta update rate = 2.838953e-06
Epoch  16000 (0.3%): Train pred MSE = 8.017452e-08, Test pred MSE = 1.416074e-02, Param MSE = 1.380153e-01, Grad norm = 9.517270e-06, Beta update rate = 2.675840e-06
Epoch  16200 (0.3%): Train pred MSE = 7.161939e-08, Test pred MSE = 1.416075e-02, Param MSE = 1.380154e-01, Grad norm = 8.988199e-06, Beta update rate = 2.522519e-06
Epoch  16400 (0.3%): Train pred MSE = 6.398807e-08, Test pred MSE = 1.416075e-02, Param MSE = 1.380154e-01, Grad norm = 8.489560e-06, Beta update rate = 2.378366e-06
Epoch  16600 (0.3%): Train pred MSE = 5.717922e-08, Test pred MSE = 1.416076e-02, Param MSE = 1.380155e-01, Grad norm = 8.019504e-06, Beta update rate = 2.242796e-06
Epoch  16800 (0.3%): Train pred MSE = 5.110283e-08, Test pred MSE = 1.416077e-02, Param MSE = 1.380156e-01, Grad norm = 7.576301e-06, Beta update rate = 2.115268e-06
Epoch  17000 (0.3%): Train pred MSE = 4.567895e-08, Test pred MSE = 1.416078e-02, Param MSE = 1.380157e-01, Grad norm = 7.158337e-06, Beta update rate = 1.995276e-06
Epoch  17200 (0.3%): Train pred MSE = 4.083652e-08, Test pred MSE = 1.416079e-02, Param MSE = 1.380158e-01, Grad norm = 6.764103e-06, Beta update rate = 1.882349e-06
Epoch  17400 (0.3%): Train pred MSE = 3.651238e-08, Test pred MSE = 1.416080e-02, Param MSE = 1.380159e-01, Grad norm = 6.392186e-06, Beta update rate = 1.776049e-06
Epoch  17600 (0.4%): Train pred MSE = 3.265033e-08, Test pred MSE = 1.416081e-02, Param MSE = 1.380160e-01, Grad norm = 6.041265e-06, Beta update rate = 1.675965e-06
Epoch  17800 (0.4%): Train pred MSE = 2.920039e-08, Test pred MSE = 1.416082e-02, Param MSE = 1.380162e-01, Grad norm = 5.710102e-06, Beta update rate = 1.581715e-06
Epoch  18000 (0.4%): Train pred MSE = 2.611805e-08, Test pred MSE = 1.416083e-02, Param MSE = 1.380163e-01, Grad norm = 5.397536e-06, Beta update rate = 1.492941e-06
Epoch  18200 (0.4%): Train pred MSE = 2.336372e-08, Test pred MSE = 1.416084e-02, Param MSE = 1.380164e-01, Grad norm = 5.102480e-06, Beta update rate = 1.409310e-06
Epoch  18400 (0.4%): Train pred MSE = 2.090210e-08, Test pred MSE = 1.416085e-02, Param MSE = 1.380165e-01, Grad norm = 4.823917e-06, Beta update rate = 1.330509e-06
Epoch  18600 (0.4%): Train pred MSE = 1.870176e-08, Test pred MSE = 1.416086e-02, Param MSE = 1.380166e-01, Grad norm = 4.560888e-06, Beta update rate = 1.256247e-06
Epoch  18800 (0.4%): Train pred MSE = 1.673470e-08, Test pred MSE = 1.416087e-02, Param MSE = 1.380167e-01, Grad norm = 4.312496e-06, Beta update rate = 1.186251e-06
Epoch  19000 (0.4%): Train pred MSE = 1.497595e-08, Test pred MSE = 1.416088e-02, Param MSE = 1.380168e-01, Grad norm = 4.077899e-06, Beta update rate = 1.120264e-06
Epoch  19200 (0.4%): Train pred MSE = 1.340324e-08, Test pred MSE = 1.416089e-02, Param MSE = 1.380169e-01, Grad norm = 3.856305e-06, Beta update rate = 1.058048e-06
Epoch  19400 (0.4%): Train pred MSE = 1.199673e-08, Test pred MSE = 1.416090e-02, Param MSE = 1.380170e-01, Grad norm = 3.646971e-06, Beta update rate = 9.993775e-07
Epoch  19600 (0.4%): Train pred MSE = 1.073870e-08, Test pred MSE = 1.416091e-02, Param MSE = 1.380171e-01, Grad norm = 3.449198e-06, Beta update rate = 9.440436e-07
Epoch  19800 (0.4%): Train pred MSE = 9.613360e-09, Test pred MSE = 1.416092e-02, Param MSE = 1.380172e-01, Grad norm = 3.262329e-06, Beta update rate = 8.918489e-07
Epoch  20000 (0.4%): Train pred MSE = 8.606598e-09, Test pred MSE = 1.416093e-02, Param MSE = 1.380173e-01, Grad norm = 3.085745e-06, Beta update rate = 8.426086e-07
Epoch  20200 (0.4%): Train pred MSE = 7.705830e-09, Test pred MSE = 1.416094e-02, Param MSE = 1.380174e-01, Grad norm = 2.918866e-06, Beta update rate = 7.961496e-07
Epoch  20400 (0.4%): Train pred MSE = 6.899817e-09, Test pred MSE = 1.416095e-02, Param MSE = 1.380175e-01, Grad norm = 2.761144e-06, Beta update rate = 7.523093e-07
Epoch  20600 (0.4%): Train pred MSE = 6.178524e-09, Test pred MSE = 1.416096e-02, Param MSE = 1.380176e-01, Grad norm = 2.612064e-06, Beta update rate = 7.109351e-07
Epoch  20800 (0.4%): Train pred MSE = 5.532988e-09, Test pred MSE = 1.416097e-02, Param MSE = 1.380177e-01, Grad norm = 2.471142e-06, Beta update rate = 6.718838e-07
Epoch  21000 (0.4%): Train pred MSE = 4.955202e-09, Test pred MSE = 1.416097e-02, Param MSE = 1.380178e-01, Grad norm = 2.337922e-06, Beta update rate = 6.350208e-07
Epoch  21200 (0.4%): Train pred MSE = 4.438014e-09, Test pred MSE = 1.416098e-02, Param MSE = 1.380178e-01, Grad norm = 2.211973e-06, Beta update rate = 6.002198e-07
Epoch  21400 (0.4%): Train pred MSE = 3.975032e-09, Test pred MSE = 1.416099e-02, Param MSE = 1.380179e-01, Grad norm = 2.092890e-06, Beta update rate = 5.673620e-07
Epoch  21600 (0.4%): Train pred MSE = 3.560542e-09, Test pred MSE = 1.416100e-02, Param MSE = 1.380180e-01, Grad norm = 1.980291e-06, Beta update rate = 5.363358e-07
Epoch  21800 (0.4%): Train pred MSE = 3.189439e-09, Test pred MSE = 1.416100e-02, Param MSE = 1.380181e-01, Grad norm = 1.873816e-06, Beta update rate = 5.070362e-07
Epoch  22000 (0.4%): Train pred MSE = 2.857158e-09, Test pred MSE = 1.416101e-02, Param MSE = 1.380181e-01, Grad norm = 1.773127e-06, Beta update rate = 4.793647e-07
Epoch  22200 (0.4%): Train pred MSE = 2.559618e-09, Test pred MSE = 1.416102e-02, Param MSE = 1.380182e-01, Grad norm = 1.677904e-06, Beta update rate = 4.532283e-07
Epoch  22400 (0.4%): Train pred MSE = 2.293169e-09, Test pred MSE = 1.416102e-02, Param MSE = 1.380183e-01, Grad norm = 1.587844e-06, Beta update rate = 4.285398e-07
Epoch  22600 (0.5%): Train pred MSE = 2.054549e-09, Test pred MSE = 1.416103e-02, Param MSE = 1.380183e-01, Grad norm = 1.502663e-06, Beta update rate = 4.052170e-07
Epoch  22800 (0.5%): Train pred MSE = 1.840837e-09, Test pred MSE = 1.416104e-02, Param MSE = 1.380184e-01, Grad norm = 1.422093e-06, Beta update rate = 3.831826e-07
Epoch  23000 (0.5%): Train pred MSE = 1.649424e-09, Test pred MSE = 1.416104e-02, Param MSE = 1.380184e-01, Grad norm = 1.345880e-06, Beta update rate = 3.623638e-07
Epoch  23200 (0.5%): Train pred MSE = 1.477973e-09, Test pred MSE = 1.416105e-02, Param MSE = 1.380185e-01, Grad norm = 1.273786e-06, Beta update rate = 3.426920e-07
Epoch  23400 (0.5%): Train pred MSE = 1.324394e-09, Test pred MSE = 1.416105e-02, Param MSE = 1.380185e-01, Grad norm = 1.205584e-06, Beta update rate = 3.241027e-07
Epoch  23600 (0.5%): Train pred MSE = 1.186817e-09, Test pred MSE = 1.416106e-02, Param MSE = 1.380186e-01, Grad norm = 1.141062e-06, Beta update rate = 3.065351e-07
Epoch  23800 (0.5%): Train pred MSE = 1.063569e-09, Test pred MSE = 1.416106e-02, Param MSE = 1.380186e-01, Grad norm = 1.080019e-06, Beta update rate = 2.899319e-07
Epoch  24000 (0.5%): Train pred MSE = 9.531531e-10, Test pred MSE = 1.416107e-02, Param MSE = 1.380187e-01, Grad norm = 1.022265e-06, Beta update rate = 2.742391e-07
Epoch  24200 (0.5%): Train pred MSE = 8.542280e-10, Test pred MSE = 1.416107e-02, Param MSE = 1.380187e-01, Grad norm = 9.676202e-07, Beta update rate = 2.594059e-07
Epoch  24400 (0.5%): Train pred MSE = 7.655944e-10, Test pred MSE = 1.416108e-02, Param MSE = 1.380188e-01, Grad norm = 9.159159e-07, Beta update rate = 2.453843e-07
Epoch  24600 (0.5%): Train pred MSE = 6.861783e-10, Test pred MSE = 1.416108e-02, Param MSE = 1.380188e-01, Grad norm = 8.669920e-07, Beta update rate = 2.321292e-07
Epoch  24800 (0.5%): Train pred MSE = 6.150183e-10, Test pred MSE = 1.416108e-02, Param MSE = 1.380188e-01, Grad norm = 8.206974e-07, Beta update rate = 2.195979e-07
Epoch  25000 (0.5%): Train pred MSE = 5.512537e-10, Test pred MSE = 1.416109e-02, Param MSE = 1.380189e-01, Grad norm = 7.768894e-07, Beta update rate = 2.077502e-07
Epoch  25200 (0.5%): Train pred MSE = 4.941137e-10, Test pred MSE = 1.416109e-02, Param MSE = 1.380189e-01, Grad norm = 7.354332e-07, Beta update rate = 1.965483e-07
Epoch  25400 (0.5%): Train pred MSE = 4.429083e-10, Test pred MSE = 1.416109e-02, Param MSE = 1.380189e-01, Grad norm = 6.962013e-07, Beta update rate = 1.859565e-07
Epoch  25600 (0.5%): Train pred MSE = 3.970195e-10, Test pred MSE = 1.416110e-02, Param MSE = 1.380190e-01, Grad norm = 6.590733e-07, Beta update rate = 1.759409e-07
Epoch  25800 (0.5%): Train pred MSE = 3.558940e-10, Test pred MSE = 1.416110e-02, Param MSE = 1.380190e-01, Grad norm = 6.239355e-07, Beta update rate = 1.664697e-07
Epoch  26000 (0.5%): Train pred MSE = 3.190362e-10, Test pred MSE = 1.416110e-02, Param MSE = 1.380190e-01, Grad norm = 5.906802e-07, Beta update rate = 1.575131e-07
Epoch  26200 (0.5%): Train pred MSE = 2.860022e-10, Test pred MSE = 1.416111e-02, Param MSE = 1.380191e-01, Grad norm = 5.592059e-07, Beta update rate = 1.490426e-07
Epoch  26400 (0.5%): Train pred MSE = 2.563943e-10, Test pred MSE = 1.416111e-02, Param MSE = 1.380191e-01, Grad norm = 5.294165e-07, Beta update rate = 1.410315e-07
Epoch  26600 (0.5%): Train pred MSE = 2.298566e-10, Test pred MSE = 1.416111e-02, Param MSE = 1.380191e-01, Grad norm = 5.012209e-07, Beta update rate = 1.334546e-07
Epoch  26800 (0.5%): Train pred MSE = 2.060699e-10, Test pred MSE = 1.416111e-02, Param MSE = 1.380191e-01, Grad norm = 4.745335e-07, Beta update rate = 1.262880e-07
Epoch  27000 (0.5%): Train pred MSE = 1.847486e-10, Test pred MSE = 1.416112e-02, Param MSE = 1.380192e-01, Grad norm = 4.492730e-07, Beta update rate = 1.195092e-07
Epoch  27200 (0.5%): Train pred MSE = 1.656365e-10, Test pred MSE = 1.416112e-02, Param MSE = 1.380192e-01, Grad norm = 4.253625e-07, Beta update rate = 1.130971e-07
Epoch  27400 (0.5%): Train pred MSE = 1.485044e-10, Test pred MSE = 1.416112e-02, Param MSE = 1.380192e-01, Grad norm = 4.027295e-07, Beta update rate = 1.070316e-07
Epoch  27600 (0.6%): Train pred MSE = 1.331468e-10, Test pred MSE = 1.416112e-02, Param MSE = 1.380192e-01, Grad norm = 3.813053e-07, Beta update rate = 1.012936e-07
Epoch  27800 (0.6%): Train pred MSE = 1.193796e-10, Test pred MSE = 1.416112e-02, Param MSE = 1.380192e-01, Grad norm = 3.610250e-07, Beta update rate = 9.586544e-08
Epoch  28000 (0.6%): Train pred MSE = 1.070377e-10, Test pred MSE = 1.416113e-02, Param MSE = 1.380193e-01, Grad norm = 3.418271e-07, Beta update rate = 9.073011e-08
Epoch  28200 (0.6%): Train pred MSE = 9.597339e-11, Test pred MSE = 1.416113e-02, Param MSE = 1.380193e-01, Grad norm = 3.236536e-07, Beta update rate = 8.587167e-08
Epoch  28400 (0.6%): Train pred MSE = 8.605420e-11, Test pred MSE = 1.416113e-02, Param MSE = 1.380193e-01, Grad norm = 3.064494e-07, Beta update rate = 8.127504e-08
Epoch  28600 (0.6%): Train pred MSE = 7.716141e-11, Test pred MSE = 1.416113e-02, Param MSE = 1.380193e-01, Grad norm = 2.901627e-07, Beta update rate = 7.692599e-08
Epoch  28800 (0.6%): Train pred MSE = 6.918868e-11, Test pred MSE = 1.416113e-02, Param MSE = 1.380193e-01, Grad norm = 2.747443e-07, Beta update rate = 7.281106e-08
Epoch  29000 (0.6%): Train pred MSE = 6.204066e-11, Test pred MSE = 1.416113e-02, Param MSE = 1.380193e-01, Grad norm = 2.601476e-07, Beta update rate = 6.891754e-08
Epoch  29200 (0.6%): Train pred MSE = 5.563192e-11, Test pred MSE = 1.416113e-02, Param MSE = 1.380193e-01, Grad norm = 2.463287e-07, Beta update rate = 6.523340e-08
Epoch  29400 (0.6%): Train pred MSE = 4.988591e-11, Test pred MSE = 1.416114e-02, Param MSE = 1.380194e-01, Grad norm = 2.332459e-07, Beta update rate = 6.174729e-08
Epoch  29600 (0.6%): Train pred MSE = 4.473401e-11, Test pred MSE = 1.416114e-02, Param MSE = 1.380194e-01, Grad norm = 2.208599e-07, Beta update rate = 5.844848e-08
Epoch  29800 (0.6%): Train pred MSE = 4.011469e-11, Test pred MSE = 1.416114e-02, Param MSE = 1.380194e-01, Grad norm = 2.091334e-07, Beta update rate = 5.532684e-08
Epoch  30000 (0.6%): Train pred MSE = 3.597285e-11, Test pred MSE = 1.416114e-02, Param MSE = 1.380194e-01, Grad norm = 1.980311e-07, Beta update rate = 5.237276e-08
Epoch  30200 (0.6%): Train pred MSE = 3.225906e-11, Test pred MSE = 1.416114e-02, Param MSE = 1.380194e-01, Grad norm = 1.875197e-07, Beta update rate = 4.957720e-08
Epoch  30400 (0.6%): Train pred MSE = 2.892904e-11, Test pred MSE = 1.416114e-02, Param MSE = 1.380194e-01, Grad norm = 1.775675e-07, Beta update rate = 4.693158e-08
Epoch  30600 (0.6%): Train pred MSE = 2.594307e-11, Test pred MSE = 1.416114e-02, Param MSE = 1.380194e-01, Grad norm = 1.681449e-07, Beta update rate = 4.442780e-08
Epoch  30800 (0.6%): Train pred MSE = 2.326559e-11, Test pred MSE = 1.416114e-02, Param MSE = 1.380194e-01, Grad norm = 1.592234e-07, Beta update rate = 4.205820e-08
Epoch  31000 (0.6%): Train pred MSE = 2.086467e-11, Test pred MSE = 1.416114e-02, Param MSE = 1.380194e-01, Grad norm = 1.507763e-07, Beta update rate = 3.981556e-08
Epoch  31200 (0.6%): Train pred MSE = 1.871173e-11, Test pred MSE = 1.416114e-02, Param MSE = 1.380194e-01, Grad norm = 1.427783e-07, Beta update rate = 3.769302e-08
Epoch  31400 (0.6%): Train pred MSE = 1.678112e-11, Test pred MSE = 1.416114e-02, Param MSE = 1.380194e-01, Grad norm = 1.352055e-07, Beta update rate = 3.568410e-08
Epoch  31600 (0.6%): Train pred MSE = 1.504987e-11, Test pred MSE = 1.416115e-02, Param MSE = 1.380195e-01, Grad norm = 1.280352e-07, Beta update rate = 3.378270e-08
Epoch  31800 (0.6%): Train pred MSE = 1.349736e-11, Test pred MSE = 1.416115e-02, Param MSE = 1.380195e-01, Grad norm = 1.212459e-07, Beta update rate = 3.198302e-08
Epoch  32000 (0.6%): Train pred MSE = 1.210513e-11, Test pred MSE = 1.416115e-02, Param MSE = 1.380195e-01, Grad norm = 1.148173e-07, Beta update rate = 3.027958e-08
Epoch  32200 (0.6%): Train pred MSE = 1.085661e-11, Test pred MSE = 1.416115e-02, Param MSE = 1.380195e-01, Grad norm = 1.087303e-07, Beta update rate = 2.866722e-08
Epoch  32400 (0.6%): Train pred MSE = 9.736962e-12, Test pred MSE = 1.416115e-02, Param MSE = 1.380195e-01, Grad norm = 1.029665e-07, Beta update rate = 2.714103e-08
Epoch  32600 (0.7%): Train pred MSE = 8.732862e-12, Test pred MSE = 1.416115e-02, Param MSE = 1.380195e-01, Grad norm = 9.750886e-08, Beta update rate = 2.569639e-08
Epoch  32800 (0.7%): Train pred MSE = 7.832379e-12, Test pred MSE = 1.416115e-02, Param MSE = 1.380195e-01, Grad norm = 9.234099e-08, Beta update rate = 2.432892e-08
Epoch  33000 (0.7%): Train pred MSE = 7.024812e-12, Test pred MSE = 1.416115e-02, Param MSE = 1.380195e-01, Grad norm = 8.744749e-08, Beta update rate = 2.303447e-08
Epoch  33200 (0.7%): Train pred MSE = 6.300565e-12, Test pred MSE = 1.416115e-02, Param MSE = 1.380195e-01, Grad norm = 8.281375e-08, Beta update rate = 2.180912e-08
Epoch  33400 (0.7%): Train pred MSE = 5.651035e-12, Test pred MSE = 1.416115e-02, Param MSE = 1.380195e-01, Grad norm = 7.842595e-08, Beta update rate = 2.064918e-08
Epoch  33600 (0.7%): Train pred MSE = 5.068508e-12, Test pred MSE = 1.416115e-02, Param MSE = 1.380195e-01, Grad norm = 7.427102e-08, Beta update rate = 1.955112e-08
Epoch  33800 (0.7%): Train pred MSE = 4.546067e-12, Test pred MSE = 1.416115e-02, Param MSE = 1.380195e-01, Grad norm = 7.033655e-08, Beta update rate = 1.851163e-08
Epoch  34000 (0.7%): Train pred MSE = 4.077510e-12, Test pred MSE = 1.416115e-02, Param MSE = 1.380195e-01, Grad norm = 6.661083e-08, Beta update rate = 1.752759e-08
Epoch  34200 (0.7%): Train pred MSE = 3.657275e-12, Test pred MSE = 1.416115e-02, Param MSE = 1.380195e-01, Grad norm = 6.308275e-08, Beta update rate = 1.659601e-08
Epoch  34400 (0.7%): Train pred MSE = 3.280375e-12, Test pred MSE = 1.416115e-02, Param MSE = 1.380195e-01, Grad norm = 5.974182e-08, Beta update rate = 1.571408e-08
Epoch  34600 (0.7%): Train pred MSE = 2.942339e-12, Test pred MSE = 1.416115e-02, Param MSE = 1.380195e-01, Grad norm = 5.657808e-08, Beta update rate = 1.487916e-08
Epoch  34800 (0.7%): Train pred MSE = 2.639156e-12, Test pred MSE = 1.416115e-02, Param MSE = 1.380195e-01, Grad norm = 5.358212e-08, Beta update rate = 1.408871e-08
Epoch  35000 (0.7%): Train pred MSE = 2.367231e-12, Test pred MSE = 1.416115e-02, Param MSE = 1.380195e-01, Grad norm = 5.074501e-08, Beta update rate = 1.334038e-08
Epoch  35200 (0.7%): Train pred MSE = 2.123338e-12, Test pred MSE = 1.416115e-02, Param MSE = 1.380195e-01, Grad norm = 4.805834e-08, Beta update rate = 1.263190e-08
Epoch  35400 (0.7%): Train pred MSE = 1.904586e-12, Test pred MSE = 1.416115e-02, Param MSE = 1.380195e-01, Grad norm = 4.551409e-08, Beta update rate = 1.196114e-08
Epoch  35600 (0.7%): Train pred MSE = 1.708383e-12, Test pred MSE = 1.416115e-02, Param MSE = 1.380195e-01, Grad norm = 4.310471e-08, Beta update rate = 1.132609e-08
Epoch  35800 (0.7%): Train pred MSE = 1.532401e-12, Test pred MSE = 1.416115e-02, Param MSE = 1.380195e-01, Grad norm = 4.082303e-08, Beta update rate = 1.072484e-08
Epoch  36000 (0.7%): Train pred MSE = 1.374557e-12, Test pred MSE = 1.416115e-02, Param MSE = 1.380195e-01, Grad norm = 3.866228e-08, Beta update rate = 1.015558e-08
Epoch  36200 (0.7%): Train pred MSE = 1.232979e-12, Test pred MSE = 1.416115e-02, Param MSE = 1.380195e-01, Grad norm = 3.661604e-08, Beta update rate = 9.616614e-09
Epoch  36400 (0.7%): Train pred MSE = 1.105990e-12, Test pred MSE = 1.416115e-02, Param MSE = 1.380195e-01, Grad norm = 3.467822e-08, Beta update rate = 9.106314e-09

Training completed at epoch 36587
Stop reason: loss_threshold_legacy
Final Train pred MSE = 9.991199e-13
Final Test pred MSE = 1.416115e-02
Final Param MSE = 1.380195e-01
Final Grad norm = 3.295040e-08
Final Beta update rate = 8.638311e-09
Success flag: True (train_pred_mse < 1.00e-12)
Results metadata saved to results/diagonal/step3_omega/omega=0.00--alpha=0.250000--seed=2/results_meta.json
Group diagnostics saved to results/diagonal/step3_omega/omega=0.00--alpha=0.250000--seed=2/group_diagnostics.csv

Results saved to results/diagonal/step3_omega/omega=0.00--alpha=0.250000--seed=2/
Total jobs in this sweep: 108
Omega values: [0.0, 0.5, 1.0]
Alpha values: [0.05, 0.1, 0.2, 0.25, 0.3, 0.4, 0.5, 0.6, 0.7, 0.8, 0.9, 1.0]
Seeds: [0, 1, 2]
================================================================================
Step 3 Omega Sweep - Experiment Parameters:
================================================================================
  a_pt: 1.0
  c_pt: 0.001
  epochs: 5000000
  gamma_reinit: 0.0
  inp_dim: 1000
  lambda_pt: 0.0
  lr: 0.5
  n_test: 10000
  n_train: 250
  no_tuning: True
  omega: 0.0
  rho_ft: 0.04
  rho_pt: 0.1
  save_folder: results/diagonal/step3_omega/omega=0.00--alpha=0.250000--seed=2/
  seed: 2
  test_every_n_epochs: 200
  threshold: 1e-12
================================================================================

Omega: 0.0, Alpha: 0.2500

Running PT+FT Oracle script...

Extracting results and saving to CSV...
Results appended to /home/na658/multi-task2/experiment_results_step3_omega.csv

✓ Experiment 11 completed successfully
[SLURM] Job 20446206 task 11 finished
