[SLURM] Job 20446116 task 11 starting on cpu-q-402
[SLURM] Step 2 Support Sweep
[SLURM] Using Python: /home/na658/.conda/envs/mtl_ft/bin/python
Starting diagonal network pretrain BG script...

================================================================================
SCRIPT STARTED - Running diagonal network BG experiment...
================================================================================

================================================================================
EXPERIMENT SETTINGS
================================================================================
Seed: 2
Input dimension: 1000
Sparsity (rho): 0.04
Training samples: 250
Test samples: 10000
Learning rate: 0.5
Max epochs: 5000000
Test every N epochs: 200
Convergence threshold: 1e-12
Stop pred MSE: 1e-10
Stop beta rate: disabled
Stop grad norm: disabled
LR decay: disabled
LR decay interval: 2000
Scaling: 1.0
Lambda (λ): 0.0
C parameter: 0.001
Initialization method: complex
Learning rate tuning: False
Save folder: results/diagonal/step2_support/c_nz=0.001000--c_z=0.500000--alpha=0.250000--seed=2/
C mode: support
  c_nz=0.001, c_z=0.5
================================================================================
Starting training...
================================================================================
[c_mode=support] support fraction=0.0410 (rho=0.04)
[c_mode=support] c_nz=0.001, c_z=0.5
Per-coordinate c init: c_vec range [0.001000, 0.500000]

Starting training loop (max 5000000 epochs, threshold=1.00e-12)...
Epoch      0 (0.0%): Train pred MSE = 2.524249e+00, Test pred MSE = 8.232946e-02, Param MSE = 8.346986e-01, Grad norm = 3.857406e-01, Beta update rate = nan
Epoch    200 (0.0%): Train pred MSE = 3.343331e-02, Test pred MSE = 9.893081e-02, Param MSE = 1.017225e+00, Grad norm = 3.411771e-02, Beta update rate = 6.948174e-02
Epoch    400 (0.0%): Train pred MSE = 1.680326e-03, Test pred MSE = 1.016333e-01, Param MSE = 1.045854e+00, Grad norm = 6.712930e-03, Beta update rate = 9.760564e-03
Epoch    600 (0.0%): Train pred MSE = 1.430529e-04, Test pred MSE = 1.021578e-01, Param MSE = 1.051171e+00, Grad norm = 1.829626e-03, Beta update rate = 2.158481e-03
Epoch    800 (0.0%): Train pred MSE = 1.531825e-05, Test pred MSE = 1.022883e-01, Param MSE = 1.052455e+00, Grad norm = 5.787308e-04, Beta update rate = 6.194083e-04
Epoch   1000 (0.0%): Train pred MSE = 1.824546e-06, Test pred MSE = 1.023249e-01, Param MSE = 1.052807e+00, Grad norm = 1.962926e-04, Beta update rate = 2.008296e-04
Epoch   1200 (0.0%): Train pred MSE = 2.294806e-07, Test pred MSE = 1.023359e-01, Param MSE = 1.052912e+00, Grad norm = 6.893986e-05, Beta update rate = 6.896845e-05
Epoch   1400 (0.0%): Train pred MSE = 2.978316e-08, Test pred MSE = 1.023394e-01, Param MSE = 1.052945e+00, Grad norm = 2.468557e-05, Beta update rate = 2.439190e-05
Epoch   1600 (0.0%): Train pred MSE = 3.944641e-09, Test pred MSE = 1.023406e-01, Param MSE = 1.052956e+00, Grad norm = 8.946275e-06, Beta update rate = 8.772834e-06
Epoch   1800 (0.0%): Train pred MSE = 5.300404e-10, Test pred MSE = 1.023410e-01, Param MSE = 1.052959e+00, Grad norm = 3.269154e-06, Beta update rate = 3.189258e-06
Epoch   2000 (0.0%): Train pred MSE = 7.201020e-11, Test pred MSE = 1.023411e-01, Param MSE = 1.052960e+00, Grad norm = 1.202002e-06, Beta update rate = 1.168170e-06

Training completed at epoch 2000
Stop reason: train_pred_mse
Final Train pred MSE = 7.201020e-11
Final Test pred MSE = 1.023411e-01
Final Param MSE = 1.052960e+00
Final Grad norm = 1.202002e-06
Final Beta update rate = 1.168170e-06
Success flag: True (train_pred_mse < 1.00e-10)
Results metadata saved to results/diagonal/step2_support/c_nz=0.001000--c_z=0.500000--alpha=0.250000--seed=2/results_meta.json
Saved c_vec to results/diagonal/step2_support/c_nz=0.001000--c_z=0.500000--alpha=0.250000--seed=2/c_vec.npy

Results saved to results/diagonal/step2_support/c_nz=0.001000--c_z=0.500000--alpha=0.250000--seed=2/
Total jobs in this sweep: 72
Cases: good (c_nz=0.001, c_z=0.5), bad (c_nz=0.5, c_z=0.001)
Alpha values: [0.05, 0.1, 0.2, 0.25, 0.3, 0.4, 0.5, 0.6, 0.7, 0.8, 0.9, 1.0]
Seeds: [0, 1, 2]
================================================================================
Step 2 Support Sweep - Experiment Parameters:
================================================================================
  c: 0.001
  c_mode: support
  c_nz: 0.001
  c_z: 0.5
  epochs: 5000000
  init_method: complex
  inp_dim: 1000
  lmda: 0.0
  lr: 0.5
  n_test: 10000
  n_train: 250
  no_tuning: True
  rho: 0.04
  save_folder: results/diagonal/step2_support/c_nz=0.001000--c_z=0.500000--alpha=0.250000--seed=2/
  scaling: 1.0
  seed: 2
  test_every_n_epochs: 200
  threshold: 1e-12
================================================================================

Case: good (c_nz=0.001, c_z=0.5)

Running training script...

Extracting results and saving to CSV...
Results appended to /home/na658/multi-task2/experiment_results_step2_support.csv

✓ Experiment 11 completed successfully
[SLURM] Job 20446116 task 11 finished
