[SLURM] Job 20446117 task 12 starting on cpu-q-402
[SLURM] Step 2 Support Sweep
[SLURM] Using Python: /home/na658/.conda/envs/mtl_ft/bin/python
Starting diagonal network pretrain BG script...

================================================================================
SCRIPT STARTED - Running diagonal network BG experiment...
================================================================================

================================================================================
EXPERIMENT SETTINGS
================================================================================
Seed: 0
Input dimension: 1000
Sparsity (rho): 0.04
Training samples: 300
Test samples: 10000
Learning rate: 0.5
Max epochs: 5000000
Test every N epochs: 200
Convergence threshold: 1e-12
Stop pred MSE: 1e-10
Stop beta rate: disabled
Stop grad norm: disabled
LR decay: disabled
LR decay interval: 2000
Scaling: 1.0
Lambda (λ): 0.0
C parameter: 0.001
Initialization method: complex
Learning rate tuning: False
Save folder: results/diagonal/step2_support/c_nz=0.001000--c_z=0.500000--alpha=0.300000--seed=0/
C mode: support
  c_nz=0.001, c_z=0.5
================================================================================
Starting training...
================================================================================
[c_mode=support] support fraction=0.0570 (rho=0.04)
[c_mode=support] c_nz=0.001, c_z=0.5
Per-coordinate c init: c_vec range [0.001000, 0.500000]

Starting training loop (max 5000000 epochs, threshold=1.00e-12)...
Epoch      0 (0.0%): Train pred MSE = 5.293169e+00, Test pred MSE = 1.614428e-01, Param MSE = 1.610205e+00, Grad norm = 4.845555e-01, Beta update rate = nan
Epoch    200 (0.0%): Train pred MSE = 1.527884e-01, Test pred MSE = 2.081696e-01, Param MSE = 2.114936e+00, Grad norm = 6.224582e-02, Beta update rate = 1.131546e-01
Epoch    400 (0.0%): Train pred MSE = 1.693833e-02, Test pred MSE = 2.212362e-01, Param MSE = 2.253417e+00, Grad norm = 1.845348e-02, Beta update rate = 2.433953e-02
Epoch    600 (0.0%): Train pred MSE = 2.597461e-03, Test pred MSE = 2.250783e-01, Param MSE = 2.292611e+00, Grad norm = 6.819531e-03, Beta update rate = 7.986393e-03
Epoch    800 (0.0%): Train pred MSE = 4.690124e-04, Test pred MSE = 2.263806e-01, Param MSE = 2.305560e+00, Grad norm = 2.796027e-03, Beta update rate = 3.048595e-03
Epoch   1000 (0.0%): Train pred MSE = 9.311339e-05, Test pred MSE = 2.268571e-01, Param MSE = 2.310222e+00, Grad norm = 1.217935e-03, Beta update rate = 1.270634e-03
Epoch   1200 (0.0%): Train pred MSE = 1.958101e-05, Test pred MSE = 2.270416e-01, Param MSE = 2.312007e+00, Grad norm = 5.504904e-04, Beta update rate = 5.586868e-04
Epoch   1400 (0.0%): Train pred MSE = 4.268492e-06, Test pred MSE = 2.271163e-01, Param MSE = 2.312723e+00, Grad norm = 2.546108e-04, Beta update rate = 2.538547e-04
Epoch   1600 (0.0%): Train pred MSE = 9.524477e-07, Test pred MSE = 2.271476e-01, Param MSE = 2.313020e+00, Grad norm = 1.195080e-04, Beta update rate = 1.177408e-04
Epoch   1800 (0.0%): Train pred MSE = 2.159288e-07, Test pred MSE = 2.271611e-01, Param MSE = 2.313148e+00, Grad norm = 5.664628e-05, Beta update rate = 5.533971e-05
Epoch   2000 (0.0%): Train pred MSE = 4.951748e-08, Test pred MSE = 2.271671e-01, Param MSE = 2.313204e+00, Grad norm = 2.703506e-05, Beta update rate = 2.624533e-05
Epoch   2200 (0.0%): Train pred MSE = 1.145527e-08, Test pred MSE = 2.271698e-01, Param MSE = 2.313228e+00, Grad norm = 1.296858e-05, Beta update rate = 1.252729e-05
Epoch   2400 (0.0%): Train pred MSE = 2.668714e-09, Test pred MSE = 2.271710e-01, Param MSE = 2.313240e+00, Grad norm = 6.245736e-06, Beta update rate = 6.008517e-06
Epoch   2600 (0.1%): Train pred MSE = 6.254015e-10, Test pred MSE = 2.271715e-01, Param MSE = 2.313245e+00, Grad norm = 3.017791e-06, Beta update rate = 2.892990e-06
Epoch   2800 (0.1%): Train pred MSE = 1.473144e-10, Test pred MSE = 2.271718e-01, Param MSE = 2.313247e+00, Grad norm = 1.462181e-06, Beta update rate = 1.397369e-06
Epoch   3000 (0.1%): Train pred MSE = 3.486050e-11, Test pred MSE = 2.271719e-01, Param MSE = 2.313248e+00, Grad norm = 7.101955e-07, Beta update rate = 6.768112e-07

Training completed at epoch 3000
Stop reason: train_pred_mse
Final Train pred MSE = 3.486050e-11
Final Test pred MSE = 2.271719e-01
Final Param MSE = 2.313248e+00
Final Grad norm = 7.101955e-07
Final Beta update rate = 6.768112e-07
Success flag: True (train_pred_mse < 1.00e-10)
Results metadata saved to results/diagonal/step2_support/c_nz=0.001000--c_z=0.500000--alpha=0.300000--seed=0/results_meta.json
Saved c_vec to results/diagonal/step2_support/c_nz=0.001000--c_z=0.500000--alpha=0.300000--seed=0/c_vec.npy

Results saved to results/diagonal/step2_support/c_nz=0.001000--c_z=0.500000--alpha=0.300000--seed=0/
Total jobs in this sweep: 72
Cases: good (c_nz=0.001, c_z=0.5), bad (c_nz=0.5, c_z=0.001)
Alpha values: [0.05, 0.1, 0.2, 0.25, 0.3, 0.4, 0.5, 0.6, 0.7, 0.8, 0.9, 1.0]
Seeds: [0, 1, 2]
================================================================================
Step 2 Support Sweep - Experiment Parameters:
================================================================================
  c: 0.001
  c_mode: support
  c_nz: 0.001
  c_z: 0.5
  epochs: 5000000
  init_method: complex
  inp_dim: 1000
  lmda: 0.0
  lr: 0.5
  n_test: 10000
  n_train: 300
  no_tuning: True
  rho: 0.04
  save_folder: results/diagonal/step2_support/c_nz=0.001000--c_z=0.500000--alpha=0.300000--seed=0/
  scaling: 1.0
  seed: 0
  test_every_n_epochs: 200
  threshold: 1e-12
================================================================================

Case: good (c_nz=0.001, c_z=0.5)

Running training script...

Extracting results and saving to CSV...
Results appended to /home/na658/multi-task2/experiment_results_step2_support.csv

✓ Experiment 12 completed successfully
[SLURM] Job 20446117 task 12 finished
