[SLURM] Job 20445992 task 10 starting on cpu-q-17
[SLURM] Step 1 Mixture Sweep
[SLURM] Using Python: /home/na658/.conda/envs/mtl_ft/bin/python
Starting diagonal network pretrain BG script...

================================================================================
SCRIPT STARTED - Running diagonal network BG experiment...
================================================================================

================================================================================
EXPERIMENT SETTINGS
================================================================================
Seed: 1
Input dimension: 1000
Sparsity (rho): 0.04
Training samples: 250
Test samples: 10000
Learning rate: 0.5
Max epochs: 5000000
Test every N epochs: 200
Convergence threshold: 1e-12
Stop pred MSE: 1e-10
Stop beta rate: disabled
Stop grad norm: disabled
LR decay: disabled
LR decay interval: 2000
Scaling: 1.0
Lambda (λ): 0.0
C parameter: 0.001
Initialization method: complex
Learning rate tuning: False
Save folder: results/diagonal/step1_mixture/pi_A=0.10--alpha=0.250000--seed=1/
C mode: mixture
  c_A=0.001, c_B=0.5, pi_A=0.1
================================================================================
Starting training...
================================================================================
[c_mode=mixture] pi_A=0.1, empirical frac_A=0.0990
[c_mode=mixture] c_A=0.001, c_B=0.5
Per-coordinate c init: c_vec range [0.001000, 0.500000]

Starting training loop (max 5000000 epochs, threshold=1.00e-12)...
Epoch      0 (0.0%): Train pred MSE = 4.960738e+00, Test pred MSE = 1.337037e-01, Param MSE = 1.316667e+00, Grad norm = 6.062830e-01, Beta update rate = nan
Epoch    200 (0.0%): Train pred MSE = 1.782468e-02, Test pred MSE = 6.848938e-02, Param MSE = 6.850223e-01, Grad norm = 2.492383e-02, Beta update rate = 1.001546e-01
Epoch    400 (0.0%): Train pred MSE = 8.788934e-04, Test pred MSE = 6.732193e-02, Param MSE = 6.738841e-01, Grad norm = 4.925932e-03, Beta update rate = 7.282880e-03
Epoch    600 (0.0%): Train pred MSE = 6.672292e-05, Test pred MSE = 6.713943e-02, Param MSE = 6.722049e-01, Grad norm = 1.285930e-03, Beta update rate = 1.588298e-03
Epoch    800 (0.0%): Train pred MSE = 6.240573e-06, Test pred MSE = 6.709619e-02, Param MSE = 6.718162e-01, Grad norm = 3.802264e-04, Beta update rate = 4.329368e-04
Epoch   1000 (0.0%): Train pred MSE = 6.641917e-07, Test pred MSE = 6.708476e-02, Param MSE = 6.717143e-01, Grad norm = 1.211183e-04, Beta update rate = 1.314105e-04
Epoch   1200 (0.0%): Train pred MSE = 7.741657e-08, Test pred MSE = 6.708159e-02, Param MSE = 6.716858e-01, Grad norm = 4.059910e-05, Beta update rate = 4.263520e-05
Epoch   1400 (0.0%): Train pred MSE = 9.665580e-09, Test pred MSE = 6.708068e-02, Param MSE = 6.716776e-01, Grad norm = 1.413714e-05, Beta update rate = 1.449446e-05
Epoch   1600 (0.0%): Train pred MSE = 1.273162e-09, Test pred MSE = 6.708042e-02, Param MSE = 6.716752e-01, Grad norm = 5.070809e-06, Beta update rate = 5.104396e-06
Epoch   1800 (0.0%): Train pred MSE = 1.749144e-10, Test pred MSE = 6.708034e-02, Param MSE = 6.716745e-01, Grad norm = 1.861817e-06, Beta update rate = 1.847576e-06
Epoch   2000 (0.0%): Train pred MSE = 2.484217e-11, Test pred MSE = 6.708032e-02, Param MSE = 6.716743e-01, Grad norm = 6.963301e-07, Beta update rate = 6.833284e-07

Training completed at epoch 2000
Stop reason: train_pred_mse
Final Train pred MSE = 2.484217e-11
Final Test pred MSE = 6.708032e-02
Final Param MSE = 6.716743e-01
Final Grad norm = 6.963301e-07
Final Beta update rate = 6.833284e-07
Success flag: True (train_pred_mse < 1.00e-10)
Results metadata saved to results/diagonal/step1_mixture/pi_A=0.10--alpha=0.250000--seed=1/results_meta.json
Saved c_vec to results/diagonal/step1_mixture/pi_A=0.10--alpha=0.250000--seed=1/c_vec.npy

Results saved to results/diagonal/step1_mixture/pi_A=0.10--alpha=0.250000--seed=1/
Total jobs in this sweep: 108
Pi_A values: [0.1, 0.5, 0.9]
Alpha values: [0.05, 0.1, 0.2, 0.25, 0.3, 0.4, 0.5, 0.6, 0.7, 0.8, 0.9, 1.0]
Seeds: [0, 1, 2]
================================================================================
Step 1 Mixture Sweep - Experiment Parameters:
================================================================================
  c: 0.001
  c_A: 0.001
  c_B: 0.5
  c_mode: mixture
  epochs: 5000000
  init_method: complex
  inp_dim: 1000
  lmda: 0.0
  lr: 0.5
  n_test: 10000
  n_train: 250
  no_tuning: True
  pi_A: 0.1
  rho: 0.04
  save_folder: results/diagonal/step1_mixture/pi_A=0.10--alpha=0.250000--seed=1/
  scaling: 1.0
  seed: 1
  test_every_n_epochs: 200
  threshold: 1e-12
================================================================================

Running training script...

Extracting results and saving to CSV...
Results appended to /home/na658/multi-task2/experiment_results_step1_mixture.csv

✓ Experiment 10 completed successfully
[SLURM] Job 20445992 task 10 finished
