[SLURM] Job 20446200 task 5 starting on cpu-q-94
[SLURM] Step 3 Omega Sweep (PT+FT Oracle)
[SLURM] Using Python: /home/na658/.conda/envs/mtl_ft/bin/python
Starting PT+FT Oracle experiment...

================================================================================
STEP 3: PT+FT ORACLE EXPERIMENT
================================================================================

================================================================================
EXPERIMENT SETTINGS
================================================================================
Seed: 2
Input dimension: 1000
PT support fraction (rho_pt): 0.1
FT sparsity (rho_ft): 0.04
Overlap (omega): 0.0
PT amplitude (a_pt): 1.0
PT c parameter (c_pt): 0.001
PT lambda (lambda_pt): 0.0
Gamma reinit: 0.0
Training samples (FT): 100
Test samples: 10000
Learning rate: 0.5
Max epochs: 5000000
Save folder: results/diagonal/step3_omega/omega=0.00--alpha=0.100000--seed=2/
================================================================================

Sampling PT teacher (oracle)...
  PT support size: 100 / 1000 = 0.1000

Sampling FT teacher with overlap...
  FT support size: 40 / 1000 = 0.0400
  Overlap: 0 / 40 = 0.0000 (target: 0.0)

  Coordinate groups:
    OV (both):     0
    NEW (FT only): 40
    PTONLY:        100
    NONE:          860

Computing c_ft from Cosyne formula...

  c_ft statistics by group:
    OV:     N/A
    NEW:    mean=0.002000 (beta_pt=0 -> baseline c_ft)
    PTONLY: mean=1.001000
    NONE:   mean=0.002000

Sampling FT data...

Initializing DiagonalNet with per-coordinate c_ft...
Per-coordinate c init: c_vec range [0.002000, 1.001000]

Training on FT data...

Starting training loop (max 5000000 epochs, threshold=1.00e-12)...
Epoch      0 (0.0%): Train pred MSE = 5.846373e+00, Test pred MSE = 6.200847e-02, Param MSE = 6.128672e-01, Grad norm = 7.736329e-01, Beta update rate = nan
Epoch    200 (0.0%): Train pred MSE = 3.296890e-02, Test pred MSE = 9.229529e-02, Param MSE = 9.093528e-01, Grad norm = 3.477761e-02, Beta update rate = 9.831336e-02
Epoch    400 (0.0%): Train pred MSE = 1.536580e-03, Test pred MSE = 9.033633e-02, Param MSE = 8.919087e-01, Grad norm = 6.400701e-03, Beta update rate = 9.522985e-03
Epoch    600 (0.0%): Train pred MSE = 1.478902e-04, Test pred MSE = 9.012218e-02, Param MSE = 8.898447e-01, Grad norm = 1.788586e-03, Beta update rate = 1.790806e-03
Epoch    800 (0.0%): Train pred MSE = 1.865237e-05, Test pred MSE = 9.009043e-02, Param MSE = 8.894814e-01, Grad norm = 6.167074e-04, Beta update rate = 5.265421e-04
Epoch   1000 (0.0%): Train pred MSE = 2.518826e-06, Test pred MSE = 9.008505e-02, Param MSE = 8.894025e-01, Grad norm = 2.245338e-04, Beta update rate = 1.868246e-04
Epoch   1200 (0.0%): Train pred MSE = 3.487966e-07, Test pred MSE = 9.008413e-02, Param MSE = 8.893831e-01, Grad norm = 8.318263e-05, Beta update rate = 6.892912e-05
Epoch   1400 (0.0%): Train pred MSE = 4.897248e-08, Test pred MSE = 9.008400e-02, Param MSE = 8.893779e-01, Grad norm = 3.107983e-05, Beta update rate = 2.573497e-05
Epoch   1600 (0.0%): Train pred MSE = 6.942122e-09, Test pred MSE = 9.008399e-02, Param MSE = 8.893763e-01, Grad norm = 1.167659e-05, Beta update rate = 9.673302e-06
Epoch   1800 (0.0%): Train pred MSE = 9.914757e-10, Test pred MSE = 9.008399e-02, Param MSE = 8.893758e-01, Grad norm = 4.405031e-06, Beta update rate = 3.654417e-06
Epoch   2000 (0.0%): Train pred MSE = 1.424912e-10, Test pred MSE = 9.008399e-02, Param MSE = 8.893756e-01, Grad norm = 1.667430e-06, Beta update rate = 1.386155e-06
Epoch   2200 (0.0%): Train pred MSE = 2.059018e-11, Test pred MSE = 9.008400e-02, Param MSE = 8.893755e-01, Grad norm = 6.329991e-07, Beta update rate = 5.275091e-07
Epoch   2400 (0.0%): Train pred MSE = 2.989855e-12, Test pred MSE = 9.008400e-02, Param MSE = 8.893755e-01, Grad norm = 2.409192e-07, Beta update rate = 2.012912e-07

Training completed at epoch 2515
Stop reason: loss_threshold_legacy
Final Train pred MSE = 9.878241e-13
Final Test pred MSE = 9.008400e-02
Final Param MSE = 8.893755e-01
Final Grad norm = 1.377242e-07
Final Beta update rate = 9.203743e-08
Success flag: True (train_pred_mse < 1.00e-12)
Results metadata saved to results/diagonal/step3_omega/omega=0.00--alpha=0.100000--seed=2/results_meta.json
Group diagnostics saved to results/diagonal/step3_omega/omega=0.00--alpha=0.100000--seed=2/group_diagnostics.csv

Results saved to results/diagonal/step3_omega/omega=0.00--alpha=0.100000--seed=2/
Total jobs in this sweep: 108
Omega values: [0.0, 0.5, 1.0]
Alpha values: [0.05, 0.1, 0.2, 0.25, 0.3, 0.4, 0.5, 0.6, 0.7, 0.8, 0.9, 1.0]
Seeds: [0, 1, 2]
================================================================================
Step 3 Omega Sweep - Experiment Parameters:
================================================================================
  a_pt: 1.0
  c_pt: 0.001
  epochs: 5000000
  gamma_reinit: 0.0
  inp_dim: 1000
  lambda_pt: 0.0
  lr: 0.5
  n_test: 10000
  n_train: 100
  no_tuning: True
  omega: 0.0
  rho_ft: 0.04
  rho_pt: 0.1
  save_folder: results/diagonal/step3_omega/omega=0.00--alpha=0.100000--seed=2/
  seed: 2
  test_every_n_epochs: 200
  threshold: 1e-12
================================================================================

Omega: 0.0, Alpha: 0.1000

Running PT+FT Oracle script...

Extracting results and saving to CSV...
Results appended to /home/na658/multi-task2/experiment_results_step3_omega.csv

✓ Experiment 5 completed successfully
[SLURM] Job 20446200 task 5 finished
