[SLURM] Job 20445995 task 13 starting on cpu-q-16
[SLURM] Step 1 Mixture Sweep
[SLURM] Using Python: /home/na658/.conda/envs/mtl_ft/bin/python
Starting diagonal network pretrain BG script...

================================================================================
SCRIPT STARTED - Running diagonal network BG experiment...
================================================================================

================================================================================
EXPERIMENT SETTINGS
================================================================================
Seed: 1
Input dimension: 1000
Sparsity (rho): 0.04
Training samples: 300
Test samples: 10000
Learning rate: 0.5
Max epochs: 5000000
Test every N epochs: 200
Convergence threshold: 1e-12
Stop pred MSE: 1e-10
Stop beta rate: disabled
Stop grad norm: disabled
LR decay: disabled
LR decay interval: 2000
Scaling: 1.0
Lambda (λ): 0.0
C parameter: 0.001
Initialization method: complex
Learning rate tuning: False
Save folder: results/diagonal/step1_mixture/pi_A=0.10--alpha=0.300000--seed=1/
C mode: mixture
  c_A=0.001, c_B=0.5, pi_A=0.1
================================================================================
Starting training...
================================================================================
[c_mode=mixture] pi_A=0.1, empirical frac_A=0.0990
[c_mode=mixture] c_A=0.001, c_B=0.5
Per-coordinate c init: c_vec range [0.001000, 0.500000]

Starting training loop (max 5000000 epochs, threshold=1.00e-12)...
Epoch      0 (0.0%): Train pred MSE = 4.163934e+00, Test pred MSE = 1.338635e-01, Param MSE = 1.318258e+00, Grad norm = 4.746530e-01, Beta update rate = nan
Epoch    200 (0.0%): Train pred MSE = 4.557410e-02, Test pred MSE = 6.114365e-02, Param MSE = 6.105828e-01, Grad norm = 3.454675e-02, Beta update rate = 1.053190e-01
Epoch    400 (0.0%): Train pred MSE = 5.212728e-03, Test pred MSE = 5.796771e-02, Param MSE = 5.787442e-01, Grad norm = 9.933249e-03, Beta update rate = 1.221509e-02
Epoch    600 (0.0%): Train pred MSE = 9.415802e-04, Test pred MSE = 5.710694e-02, Param MSE = 5.699460e-01, Grad norm = 3.861970e-03, Beta update rate = 3.961757e-03
Epoch    800 (0.0%): Train pred MSE = 2.158151e-04, Test pred MSE = 5.680476e-02, Param MSE = 5.668256e-01, Grad norm = 1.733969e-03, Beta update rate = 1.607662e-03
Epoch   1000 (0.0%): Train pred MSE = 5.773538e-05, Test pred MSE = 5.668364e-02, Param MSE = 5.655631e-01, Grad norm = 8.551952e-04, Beta update rate = 7.391575e-04
Epoch   1200 (0.0%): Train pred MSE = 1.710283e-05, Test pred MSE = 5.663046e-02, Param MSE = 5.650040e-01, Grad norm = 4.500369e-04, Beta update rate = 3.706354e-04
Epoch   1400 (0.0%): Train pred MSE = 5.413374e-06, Test pred MSE = 5.660547e-02, Param MSE = 5.647395e-01, Grad norm = 2.474051e-04, Beta update rate = 1.974121e-04
Epoch   1600 (0.0%): Train pred MSE = 1.789028e-06, Test pred MSE = 5.659308e-02, Param MSE = 5.646078e-01, Grad norm = 1.399991e-04, Beta update rate = 1.094954e-04
Epoch   1800 (0.0%): Train pred MSE = 6.084715e-07, Test pred MSE = 5.658668e-02, Param MSE = 5.645395e-01, Grad norm = 8.075648e-05, Beta update rate = 6.237096e-05
Epoch   2000 (0.0%): Train pred MSE = 2.110713e-07, Test pred MSE = 5.658326e-02, Param MSE = 5.645030e-01, Grad norm = 4.719331e-05, Beta update rate = 3.615729e-05
Epoch   2200 (0.0%): Train pred MSE = 7.425231e-08, Test pred MSE = 5.658139e-02, Param MSE = 5.644830e-01, Grad norm = 2.783120e-05, Beta update rate = 2.121038e-05
Epoch   2400 (0.0%): Train pred MSE = 2.639187e-08, Test pred MSE = 5.658034e-02, Param MSE = 5.644718e-01, Grad norm = 1.652089e-05, Beta update rate = 1.254507e-05
Epoch   2600 (0.1%): Train pred MSE = 9.454172e-09, Test pred MSE = 5.657974e-02, Param MSE = 5.644654e-01, Grad norm = 9.854991e-06, Beta update rate = 7.463897e-06
Epoch   2800 (0.1%): Train pred MSE = 3.407315e-09, Test pred MSE = 5.657940e-02, Param MSE = 5.644617e-01, Grad norm = 5.900673e-06, Beta update rate = 4.460300e-06
Epoch   3000 (0.1%): Train pred MSE = 1.233933e-09, Test pred MSE = 5.657920e-02, Param MSE = 5.644596e-01, Grad norm = 3.543371e-06, Beta update rate = 2.674349e-06
Epoch   3200 (0.1%): Train pred MSE = 4.485991e-10, Test pred MSE = 5.657908e-02, Param MSE = 5.644583e-01, Grad norm = 2.132773e-06, Beta update rate = 1.607723e-06
Epoch   3400 (0.1%): Train pred MSE = 1.636095e-10, Test pred MSE = 5.657901e-02, Param MSE = 5.644576e-01, Grad norm = 1.286158e-06, Beta update rate = 9.685341e-07
Epoch   3600 (0.1%): Train pred MSE = 5.982832e-11, Test pred MSE = 5.657897e-02, Param MSE = 5.644572e-01, Grad norm = 7.768193e-07, Beta update rate = 5.844652e-07

Training completed at epoch 3600
Stop reason: train_pred_mse
Final Train pred MSE = 5.982832e-11
Final Test pred MSE = 5.657897e-02
Final Param MSE = 5.644572e-01
Final Grad norm = 7.768193e-07
Final Beta update rate = 5.844652e-07
Success flag: True (train_pred_mse < 1.00e-10)
Results metadata saved to results/diagonal/step1_mixture/pi_A=0.10--alpha=0.300000--seed=1/results_meta.json
Saved c_vec to results/diagonal/step1_mixture/pi_A=0.10--alpha=0.300000--seed=1/c_vec.npy

Results saved to results/diagonal/step1_mixture/pi_A=0.10--alpha=0.300000--seed=1/
Total jobs in this sweep: 108
Pi_A values: [0.1, 0.5, 0.9]
Alpha values: [0.05, 0.1, 0.2, 0.25, 0.3, 0.4, 0.5, 0.6, 0.7, 0.8, 0.9, 1.0]
Seeds: [0, 1, 2]
================================================================================
Step 1 Mixture Sweep - Experiment Parameters:
================================================================================
  c: 0.001
  c_A: 0.001
  c_B: 0.5
  c_mode: mixture
  epochs: 5000000
  init_method: complex
  inp_dim: 1000
  lmda: 0.0
  lr: 0.5
  n_test: 10000
  n_train: 300
  no_tuning: True
  pi_A: 0.1
  rho: 0.04
  save_folder: results/diagonal/step1_mixture/pi_A=0.10--alpha=0.300000--seed=1/
  scaling: 1.0
  seed: 1
  test_every_n_epochs: 200
  threshold: 1e-12
================================================================================

Running training script...

Extracting results and saving to CSV...
Results appended to /home/na658/multi-task2/experiment_results_step1_mixture.csv

✓ Experiment 13 completed successfully
[SLURM] Job 20445995 task 13 finished
