[SLURM] Job 20446115 task 10 starting on cpu-q-401
[SLURM] Step 2 Support Sweep
[SLURM] Using Python: /home/na658/.conda/envs/mtl_ft/bin/python
Starting diagonal network pretrain BG script...

================================================================================
SCRIPT STARTED - Running diagonal network BG experiment...
================================================================================

================================================================================
EXPERIMENT SETTINGS
================================================================================
Seed: 1
Input dimension: 1000
Sparsity (rho): 0.04
Training samples: 250
Test samples: 10000
Learning rate: 0.5
Max epochs: 5000000
Test every N epochs: 200
Convergence threshold: 1e-12
Stop pred MSE: 1e-10
Stop beta rate: disabled
Stop grad norm: disabled
LR decay: disabled
LR decay interval: 2000
Scaling: 1.0
Lambda (λ): 0.0
C parameter: 0.001
Initialization method: complex
Learning rate tuning: False
Save folder: results/diagonal/step2_support/c_nz=0.001000--c_z=0.500000--alpha=0.250000--seed=1/
C mode: support
  c_nz=0.001, c_z=0.5
================================================================================
Starting training...
================================================================================
[c_mode=support] support fraction=0.0470 (rho=0.04)
[c_mode=support] c_nz=0.001, c_z=0.5
Per-coordinate c init: c_vec range [0.001000, 0.500000]

Starting training loop (max 5000000 epochs, threshold=1.00e-12)...
Epoch      0 (0.0%): Train pred MSE = 4.982567e+00, Test pred MSE = 1.346556e-01, Param MSE = 1.325993e+00, Grad norm = 5.685509e-01, Beta update rate = nan
Epoch    200 (0.0%): Train pred MSE = 3.851890e-02, Test pred MSE = 1.730666e-01, Param MSE = 1.705609e+00, Grad norm = 3.803562e-02, Beta update rate = 9.845144e-02
Epoch    400 (0.0%): Train pred MSE = 1.448006e-03, Test pred MSE = 1.783666e-01, Param MSE = 1.758006e+00, Grad norm = 6.607167e-03, Beta update rate = 1.124794e-02
Epoch    600 (0.0%): Train pred MSE = 8.858047e-05, Test pred MSE = 1.791500e-01, Param MSE = 1.765915e+00, Grad norm = 1.538912e-03, Beta update rate = 2.159759e-03
Epoch    800 (0.0%): Train pred MSE = 6.887919e-06, Test pred MSE = 1.792999e-01, Param MSE = 1.767446e+00, Grad norm = 4.153501e-04, Beta update rate = 5.265415e-04
Epoch   1000 (0.0%): Train pred MSE = 6.042939e-07, Test pred MSE = 1.793329e-01, Param MSE = 1.767787e+00, Grad norm = 1.208347e-04, Beta update rate = 1.454078e-04
Epoch   1200 (0.0%): Train pred MSE = 5.665714e-08, Test pred MSE = 1.793409e-01, Param MSE = 1.767871e+00, Grad norm = 3.660281e-05, Beta update rate = 4.284899e-05
Epoch   1400 (0.0%): Train pred MSE = 5.530182e-09, Test pred MSE = 1.793429e-01, Param MSE = 1.767893e+00, Grad norm = 1.135691e-05, Beta update rate = 1.309078e-05
Epoch   1600 (0.0%): Train pred MSE = 5.539665e-10, Test pred MSE = 1.793435e-01, Param MSE = 1.767899e+00, Grad norm = 3.577947e-06, Beta update rate = 4.086790e-06
Epoch   1800 (0.0%): Train pred MSE = 5.646472e-11, Test pred MSE = 1.793437e-01, Param MSE = 1.767900e+00, Grad norm = 1.138693e-06, Beta update rate = 1.293403e-06

Training completed at epoch 1800
Stop reason: train_pred_mse
Final Train pred MSE = 5.646472e-11
Final Test pred MSE = 1.793437e-01
Final Param MSE = 1.767900e+00
Final Grad norm = 1.138693e-06
Final Beta update rate = 1.293403e-06
Success flag: True (train_pred_mse < 1.00e-10)
Results metadata saved to results/diagonal/step2_support/c_nz=0.001000--c_z=0.500000--alpha=0.250000--seed=1/results_meta.json
Saved c_vec to results/diagonal/step2_support/c_nz=0.001000--c_z=0.500000--alpha=0.250000--seed=1/c_vec.npy

Results saved to results/diagonal/step2_support/c_nz=0.001000--c_z=0.500000--alpha=0.250000--seed=1/
Total jobs in this sweep: 72
Cases: good (c_nz=0.001, c_z=0.5), bad (c_nz=0.5, c_z=0.001)
Alpha values: [0.05, 0.1, 0.2, 0.25, 0.3, 0.4, 0.5, 0.6, 0.7, 0.8, 0.9, 1.0]
Seeds: [0, 1, 2]
================================================================================
Step 2 Support Sweep - Experiment Parameters:
================================================================================
  c: 0.001
  c_mode: support
  c_nz: 0.001
  c_z: 0.5
  epochs: 5000000
  init_method: complex
  inp_dim: 1000
  lmda: 0.0
  lr: 0.5
  n_test: 10000
  n_train: 250
  no_tuning: True
  rho: 0.04
  save_folder: results/diagonal/step2_support/c_nz=0.001000--c_z=0.500000--alpha=0.250000--seed=1/
  scaling: 1.0
  seed: 1
  test_every_n_epochs: 200
  threshold: 1e-12
================================================================================

Case: good (c_nz=0.001, c_z=0.5)

Running training script...

Extracting results and saving to CSV...
Results appended to /home/na658/multi-task2/experiment_results_step2_support.csv

✓ Experiment 10 completed successfully
[SLURM] Job 20446115 task 10 finished
