[SLURM] Job 20446065 task 83 starting on cpu-q-227
[SLURM] Step 1 Mixture Sweep
[SLURM] Using Python: /home/na658/.conda/envs/mtl_ft/bin/python
Starting diagonal network pretrain BG script...

================================================================================
SCRIPT STARTED - Running diagonal network BG experiment...
================================================================================

================================================================================
EXPERIMENT SETTINGS
================================================================================
Seed: 2
Input dimension: 1000
Sparsity (rho): 0.04
Training samples: 250
Test samples: 10000
Learning rate: 0.5
Max epochs: 5000000
Test every N epochs: 200
Convergence threshold: 1e-12
Stop pred MSE: 1e-10
Stop beta rate: disabled
Stop grad norm: disabled
LR decay: disabled
LR decay interval: 2000
Scaling: 1.0
Lambda (λ): 0.0
C parameter: 0.001
Initialization method: complex
Learning rate tuning: False
Save folder: results/diagonal/step1_mixture/pi_A=0.90--alpha=0.250000--seed=2/
C mode: mixture
  c_A=0.001, c_B=0.5, pi_A=0.9
================================================================================
Starting training...
================================================================================
[c_mode=mixture] pi_A=0.9, empirical frac_A=0.8950
[c_mode=mixture] c_A=0.001, c_B=0.5
Per-coordinate c init: c_vec range [0.001000, 0.500000]

Starting training loop (max 5000000 epochs, threshold=1.00e-12)...
Epoch      0 (0.0%): Train pred MSE = 2.585989e+00, Test pred MSE = 8.227016e-02, Param MSE = 8.340188e-01, Grad norm = 1.549506e-01, Beta update rate = nan
Epoch    200 (0.0%): Train pred MSE = 7.034387e-01, Test pred MSE = 5.335541e-02, Param MSE = 5.458502e-01, Grad norm = 9.804847e-02, Beta update rate = 8.556718e-02
Epoch    400 (0.0%): Train pred MSE = 1.918339e-01, Test pred MSE = 2.448726e-02, Param MSE = 2.501190e-01, Grad norm = 4.340050e-02, Beta update rate = 5.387161e-02
Epoch    600 (0.0%): Train pred MSE = 7.796984e-02, Test pred MSE = 1.703531e-02, Param MSE = 1.741595e-01, Grad norm = 2.466712e-02, Beta update rate = 1.974285e-02
Epoch    800 (0.0%): Train pred MSE = 4.188151e-02, Test pred MSE = 1.391169e-02, Param MSE = 1.424583e-01, Grad norm = 1.464141e-02, Beta update rate = 1.060238e-02
Epoch   1000 (0.0%): Train pred MSE = 2.627726e-02, Test pred MSE = 1.247282e-02, Param MSE = 1.276957e-01, Grad norm = 1.070326e-02, Beta update rate = 5.970132e-03
Epoch   1200 (0.0%): Train pred MSE = 1.731648e-02, Test pred MSE = 1.158077e-02, Param MSE = 1.183867e-01, Grad norm = 8.343863e-03, Beta update rate = 4.120996e-03
Epoch   1400 (0.0%): Train pred MSE = 1.178534e-02, Test pred MSE = 1.091636e-02, Param MSE = 1.113552e-01, Grad norm = 6.579489e-03, Beta update rate = 3.150798e-03
Epoch   1600 (0.0%): Train pred MSE = 8.332616e-03, Test pred MSE = 1.040238e-02, Param MSE = 1.058762e-01, Grad norm = 5.223303e-03, Beta update rate = 2.481524e-03
Epoch   1800 (0.0%): Train pred MSE = 6.117615e-03, Test pred MSE = 1.001375e-02, Param MSE = 1.017248e-01, Grad norm = 4.233089e-03, Beta update rate = 1.937529e-03
Epoch   2000 (0.0%): Train pred MSE = 4.629885e-03, Test pred MSE = 9.722837e-03, Param MSE = 9.861968e-02, Grad norm = 3.512066e-03, Beta update rate = 1.518747e-03
Epoch   2200 (0.0%): Train pred MSE = 3.585272e-03, Test pred MSE = 9.502961e-03, Param MSE = 9.627749e-02, Grad norm = 2.973274e-03, Beta update rate = 1.212167e-03
Epoch   2400 (0.0%): Train pred MSE = 2.824662e-03, Test pred MSE = 9.333967e-03, Param MSE = 9.448092e-02, Grad norm = 2.557142e-03, Beta update rate = 9.892812e-04
Epoch   2600 (0.1%): Train pred MSE = 2.255426e-03, Test pred MSE = 9.201969e-03, Param MSE = 9.307972e-02, Grad norm = 2.224809e-03, Beta update rate = 8.245398e-04
Epoch   2800 (0.1%): Train pred MSE = 1.820874e-03, Test pred MSE = 9.097514e-03, Param MSE = 9.197172e-02, Grad norm = 1.951882e-03, Beta update rate = 6.993014e-04
Epoch   3000 (0.1%): Train pred MSE = 1.484266e-03, Test pred MSE = 9.014018e-03, Param MSE = 9.108601e-02, Grad norm = 1.723312e-03, Beta update rate = 6.011024e-04
Epoch   3200 (0.1%): Train pred MSE = 1.220508e-03, Test pred MSE = 8.946739e-03, Param MSE = 9.037177e-02, Grad norm = 1.529526e-03, Beta update rate = 5.219953e-04
Epoch   3400 (0.1%): Train pred MSE = 1.011767e-03, Test pred MSE = 8.892151e-03, Param MSE = 8.979141e-02, Grad norm = 1.363977e-03, Beta update rate = 4.569596e-04
Epoch   3600 (0.1%): Train pred MSE = 8.450373e-04, Test pred MSE = 8.847570e-03, Param MSE = 8.931645e-02, Grad norm = 1.221813e-03, Beta update rate = 4.027274e-04
Epoch   3800 (0.1%): Train pred MSE = 7.106861e-04, Test pred MSE = 8.810920e-03, Param MSE = 8.892492e-02, Grad norm = 1.099207e-03, Beta update rate = 3.570479e-04
Epoch   4000 (0.1%): Train pred MSE = 6.015007e-04, Test pred MSE = 8.780579e-03, Param MSE = 8.859974e-02, Grad norm = 9.930358e-04, Beta update rate = 3.182742e-04
Epoch   4200 (0.1%): Train pred MSE = 5.120389e-04, Test pred MSE = 8.755274e-03, Param MSE = 8.832755e-02, Grad norm = 9.007061e-04, Beta update rate = 2.851443e-04
Epoch   4400 (0.1%): Train pred MSE = 4.381650e-04, Test pred MSE = 8.734007e-03, Param MSE = 8.809785e-02, Grad norm = 8.200534e-04, Beta update rate = 2.566623e-04
Epoch   4600 (0.1%): Train pred MSE = 3.767141e-04, Test pred MSE = 8.715989e-03, Param MSE = 8.790241e-02, Grad norm = 7.492679e-04, Beta update rate = 2.320301e-04
Epoch   4800 (0.1%): Train pred MSE = 3.252471e-04, Test pred MSE = 8.700600e-03, Param MSE = 8.773474e-02, Grad norm = 6.868384e-04, Beta update rate = 2.106029e-04
Epoch   5000 (0.1%): Train pred MSE = 2.818700e-04, Test pred MSE = 8.687350e-03, Param MSE = 8.758972e-02, Grad norm = 6.315052e-04, Beta update rate = 1.918570e-04
Epoch   5200 (0.1%): Train pred MSE = 2.451004e-04, Test pred MSE = 8.675850e-03, Param MSE = 8.746331e-02, Grad norm = 5.822203e-04, Beta update rate = 1.753657e-04
Epoch   5400 (0.1%): Train pred MSE = 2.137688e-04, Test pred MSE = 8.665794e-03, Param MSE = 8.735229e-02, Grad norm = 5.381127e-04, Beta update rate = 1.607802e-04
Epoch   5600 (0.1%): Train pred MSE = 1.869448e-04, Test pred MSE = 8.656935e-03, Param MSE = 8.725409e-02, Grad norm = 4.984581e-04, Beta update rate = 1.478145e-04
Epoch   5800 (0.1%): Train pred MSE = 1.638823e-04, Test pred MSE = 8.649077e-03, Param MSE = 8.716668e-02, Grad norm = 4.626543e-04, Beta update rate = 1.362336e-04
Epoch   6000 (0.1%): Train pred MSE = 1.439780e-04, Test pred MSE = 8.642062e-03, Param MSE = 8.708839e-02, Grad norm = 4.301985e-04, Beta update rate = 1.258433e-04
Epoch   6200 (0.1%): Train pred MSE = 1.267403e-04, Test pred MSE = 8.635762e-03, Param MSE = 8.701788e-02, Grad norm = 4.006702e-04, Beta update rate = 1.164824e-04
Epoch   6400 (0.1%): Train pred MSE = 1.117658e-04, Test pred MSE = 8.630073e-03, Param MSE = 8.695406e-02, Grad norm = 3.737157e-04, Beta update rate = 1.080168e-04
Epoch   6600 (0.1%): Train pred MSE = 9.872104e-05, Test pred MSE = 8.624910e-03, Param MSE = 8.689603e-02, Grad norm = 3.490361e-04, Beta update rate = 1.003342e-04
Epoch   6800 (0.1%): Train pred MSE = 8.732864e-05, Test pred MSE = 8.620203e-03, Param MSE = 8.684305e-02, Grad norm = 3.263775e-04, Beta update rate = 9.333996e-05
Epoch   7000 (0.1%): Train pred MSE = 7.735649e-05, Test pred MSE = 8.615893e-03, Param MSE = 8.679450e-02, Grad norm = 3.055226e-04, Beta update rate = 8.695390e-05
Epoch   7200 (0.1%): Train pred MSE = 6.860933e-05, Test pred MSE = 8.611933e-03, Param MSE = 8.674987e-02, Grad norm = 2.862848e-04, Beta update rate = 8.110776e-05
Epoch   7400 (0.1%): Train pred MSE = 6.092206e-05, Test pred MSE = 8.608282e-03, Param MSE = 8.670871e-02, Grad norm = 2.685025e-04, Beta update rate = 7.574303e-05
Epoch   7600 (0.2%): Train pred MSE = 5.415445e-05, Test pred MSE = 8.604905e-03, Param MSE = 8.667065e-02, Grad norm = 2.520353e-04, Beta update rate = 7.080928e-05
Epoch   7800 (0.2%): Train pred MSE = 4.818690e-05, Test pred MSE = 8.601773e-03, Param MSE = 8.663538e-02, Grad norm = 2.367602e-04, Beta update rate = 6.626280e-05
Epoch   8000 (0.2%): Train pred MSE = 4.291704e-05, Test pred MSE = 8.598861e-03, Param MSE = 8.660262e-02, Grad norm = 2.225691e-04, Beta update rate = 6.206550e-05
Epoch   8200 (0.2%): Train pred MSE = 3.825692e-05, Test pred MSE = 8.596149e-03, Param MSE = 8.657213e-02, Grad norm = 2.093665e-04, Beta update rate = 5.818401e-05
Epoch   8400 (0.2%): Train pred MSE = 3.413073e-05, Test pred MSE = 8.593616e-03, Param MSE = 8.654371e-02, Grad norm = 1.970678e-04, Beta update rate = 5.458899e-05
Epoch   8600 (0.2%): Train pred MSE = 3.047300e-05, Test pred MSE = 8.591248e-03, Param MSE = 8.651718e-02, Grad norm = 1.855974e-04, Beta update rate = 5.125449e-05
Epoch   8800 (0.2%): Train pred MSE = 2.722694e-05, Test pred MSE = 8.589029e-03, Param MSE = 8.649237e-02, Grad norm = 1.748877e-04, Beta update rate = 4.815747e-05
Epoch   9000 (0.2%): Train pred MSE = 2.434326e-05, Test pred MSE = 8.586948e-03, Param MSE = 8.646914e-02, Grad norm = 1.648781e-04, Beta update rate = 4.527744e-05
Epoch   9200 (0.2%): Train pred MSE = 2.177904e-05, Test pred MSE = 8.584994e-03, Param MSE = 8.644737e-02, Grad norm = 1.555140e-04, Beta update rate = 4.259605e-05
Epoch   9400 (0.2%): Train pred MSE = 1.949680e-05, Test pred MSE = 8.583156e-03, Param MSE = 8.642695e-02, Grad norm = 1.467461e-04, Beta update rate = 4.009687e-05
Epoch   9600 (0.2%): Train pred MSE = 1.746382e-05, Test pred MSE = 8.581426e-03, Param MSE = 8.640777e-02, Grad norm = 1.385297e-04, Beta update rate = 3.776510e-05
Epoch   9800 (0.2%): Train pred MSE = 1.565142e-05, Test pred MSE = 8.579796e-03, Param MSE = 8.638974e-02, Grad norm = 1.308243e-04, Beta update rate = 3.558743e-05
Epoch  10000 (0.2%): Train pred MSE = 1.403444e-05, Test pred MSE = 8.578259e-03, Param MSE = 8.637278e-02, Grad norm = 1.235928e-04, Beta update rate = 3.355180e-05
Epoch  10200 (0.2%): Train pred MSE = 1.259078e-05, Test pred MSE = 8.576809e-03, Param MSE = 8.635682e-02, Grad norm = 1.168016e-04, Beta update rate = 3.164730e-05
Epoch  10400 (0.2%): Train pred MSE = 1.130099e-05, Test pred MSE = 8.575440e-03, Param MSE = 8.634178e-02, Grad norm = 1.104198e-04, Beta update rate = 2.986401e-05
Epoch  10600 (0.2%): Train pred MSE = 1.014794e-05, Test pred MSE = 8.574146e-03, Param MSE = 8.632761e-02, Grad norm = 1.044193e-04, Beta update rate = 2.819293e-05
Epoch  10800 (0.2%): Train pred MSE = 9.116496e-06, Test pred MSE = 8.572924e-03, Param MSE = 8.631425e-02, Grad norm = 9.877408e-05, Beta update rate = 2.662584e-05
Epoch  11000 (0.2%): Train pred MSE = 8.193305e-06, Test pred MSE = 8.571767e-03, Param MSE = 8.630164e-02, Grad norm = 9.346037e-05, Beta update rate = 2.515523e-05
Epoch  11200 (0.2%): Train pred MSE = 7.366550e-06, Test pred MSE = 8.570673e-03, Param MSE = 8.628974e-02, Grad norm = 8.845623e-05, Beta update rate = 2.377427e-05
Epoch  11400 (0.2%): Train pred MSE = 6.625769e-06, Test pred MSE = 8.569637e-03, Param MSE = 8.627851e-02, Grad norm = 8.374143e-05, Beta update rate = 2.247666e-05
Epoch  11600 (0.2%): Train pred MSE = 5.961692e-06, Test pred MSE = 8.568656e-03, Param MSE = 8.626789e-02, Grad norm = 7.929728e-05, Beta update rate = 2.125665e-05
Epoch  11800 (0.2%): Train pred MSE = 5.366090e-06, Test pred MSE = 8.567727e-03, Param MSE = 8.625786e-02, Grad norm = 7.510651e-05, Beta update rate = 2.010894e-05
Epoch  12000 (0.2%): Train pred MSE = 4.831660e-06, Test pred MSE = 8.566847e-03, Param MSE = 8.624838e-02, Grad norm = 7.115311e-05, Beta update rate = 1.902867e-05
Epoch  12200 (0.2%): Train pred MSE = 4.351908e-06, Test pred MSE = 8.566013e-03, Param MSE = 8.623942e-02, Grad norm = 6.742225e-05, Beta update rate = 1.801137e-05
Epoch  12400 (0.2%): Train pred MSE = 3.921060e-06, Test pred MSE = 8.565223e-03, Param MSE = 8.623095e-02, Grad norm = 6.390015e-05, Beta update rate = 1.705289e-05
Epoch  12600 (0.3%): Train pred MSE = 3.533974e-06, Test pred MSE = 8.564473e-03, Param MSE = 8.622293e-02, Grad norm = 6.057401e-05, Beta update rate = 1.614942e-05
Epoch  12800 (0.3%): Train pred MSE = 3.186072e-06, Test pred MSE = 8.563763e-03, Param MSE = 8.621534e-02, Grad norm = 5.743192e-05, Beta update rate = 1.529743e-05
Epoch  13000 (0.3%): Train pred MSE = 2.873268e-06, Test pred MSE = 8.563089e-03, Param MSE = 8.620816e-02, Grad norm = 5.446281e-05, Beta update rate = 1.449366e-05
Epoch  13200 (0.3%): Train pred MSE = 2.591922e-06, Test pred MSE = 8.562450e-03, Param MSE = 8.620136e-02, Grad norm = 5.165632e-05, Beta update rate = 1.373508e-05
Epoch  13400 (0.3%): Train pred MSE = 2.338781e-06, Test pred MSE = 8.561843e-03, Param MSE = 8.619493e-02, Grad norm = 4.900283e-05, Beta update rate = 1.301889e-05
Epoch  13600 (0.3%): Train pred MSE = 2.110942e-06, Test pred MSE = 8.561268e-03, Param MSE = 8.618884e-02, Grad norm = 4.649334e-05, Beta update rate = 1.234247e-05
Epoch  13800 (0.3%): Train pred MSE = 1.905808e-06, Test pred MSE = 8.560722e-03, Param MSE = 8.618307e-02, Grad norm = 4.411942e-05, Beta update rate = 1.170340e-05
Epoch  14000 (0.3%): Train pred MSE = 1.721059e-06, Test pred MSE = 8.560204e-03, Param MSE = 8.617761e-02, Grad norm = 4.187322e-05, Beta update rate = 1.109943e-05
Epoch  14200 (0.3%): Train pred MSE = 1.554618e-06, Test pred MSE = 8.559713e-03, Param MSE = 8.617243e-02, Grad norm = 3.974737e-05, Beta update rate = 1.052846e-05
Epoch  14400 (0.3%): Train pred MSE = 1.404626e-06, Test pred MSE = 8.559247e-03, Param MSE = 8.616753e-02, Grad norm = 3.773498e-05, Beta update rate = 9.988532e-06
Epoch  14600 (0.3%): Train pred MSE = 1.269418e-06, Test pred MSE = 8.558804e-03, Param MSE = 8.616289e-02, Grad norm = 3.582959e-05, Beta update rate = 9.477816e-06
Epoch  14800 (0.3%): Train pred MSE = 1.147503e-06, Test pred MSE = 8.558384e-03, Param MSE = 8.615849e-02, Grad norm = 3.402515e-05, Beta update rate = 8.994606e-06
Epoch  15000 (0.3%): Train pred MSE = 1.037544e-06, Test pred MSE = 8.557985e-03, Param MSE = 8.615432e-02, Grad norm = 3.231596e-05, Beta update rate = 8.537308e-06
Epoch  15200 (0.3%): Train pred MSE = 9.383413e-07, Test pred MSE = 8.557607e-03, Param MSE = 8.615037e-02, Grad norm = 3.069670e-05, Beta update rate = 8.104431e-06
Epoch  15400 (0.3%): Train pred MSE = 8.488196e-07, Test pred MSE = 8.557248e-03, Param MSE = 8.614662e-02, Grad norm = 2.916236e-05, Beta update rate = 7.694578e-06
Epoch  15600 (0.3%): Train pred MSE = 7.680133e-07, Test pred MSE = 8.556907e-03, Param MSE = 8.614307e-02, Grad norm = 2.770823e-05, Beta update rate = 7.306442e-06
Epoch  15800 (0.3%): Train pred MSE = 6.950556e-07, Test pred MSE = 8.556583e-03, Param MSE = 8.613971e-02, Grad norm = 2.632988e-05, Beta update rate = 6.938796e-06
Epoch  16000 (0.3%): Train pred MSE = 6.291680e-07, Test pred MSE = 8.556276e-03, Param MSE = 8.613652e-02, Grad norm = 2.502314e-05, Beta update rate = 6.590490e-06
Epoch  16200 (0.3%): Train pred MSE = 5.696510e-07, Test pred MSE = 8.555984e-03, Param MSE = 8.613350e-02, Grad norm = 2.378411e-05, Beta update rate = 6.260445e-06
Epoch  16400 (0.3%): Train pred MSE = 5.158758e-07, Test pred MSE = 8.555708e-03, Param MSE = 8.613064e-02, Grad norm = 2.260909e-05, Beta update rate = 5.947648e-06
Epoch  16600 (0.3%): Train pred MSE = 4.672771e-07, Test pred MSE = 8.555445e-03, Param MSE = 8.612792e-02, Grad norm = 2.149460e-05, Beta update rate = 5.651146e-06
Epoch  16800 (0.3%): Train pred MSE = 4.233466e-07, Test pred MSE = 8.555196e-03, Param MSE = 8.612535e-02, Grad norm = 2.043738e-05, Beta update rate = 5.370043e-06
Epoch  17000 (0.3%): Train pred MSE = 3.836268e-07, Test pred MSE = 8.554959e-03, Param MSE = 8.612291e-02, Grad norm = 1.943435e-05, Beta update rate = 5.103498e-06
Epoch  17200 (0.3%): Train pred MSE = 3.477062e-07, Test pred MSE = 8.554734e-03, Param MSE = 8.612060e-02, Grad norm = 1.848258e-05, Beta update rate = 4.850718e-06
Epoch  17400 (0.3%): Train pred MSE = 3.152143e-07, Test pred MSE = 8.554521e-03, Param MSE = 8.611841e-02, Grad norm = 1.757935e-05, Beta update rate = 4.610957e-06
Epoch  17600 (0.4%): Train pred MSE = 2.858172e-07, Test pred MSE = 8.554318e-03, Param MSE = 8.611633e-02, Grad norm = 1.672207e-05, Beta update rate = 4.383512e-06
Epoch  17800 (0.4%): Train pred MSE = 2.592147e-07, Test pred MSE = 8.554126e-03, Param MSE = 8.611436e-02, Grad norm = 1.590829e-05, Beta update rate = 4.167720e-06
Epoch  18000 (0.4%): Train pred MSE = 2.351358e-07, Test pred MSE = 8.553944e-03, Param MSE = 8.611249e-02, Grad norm = 1.513571e-05, Beta update rate = 3.962958e-06
Epoch  18200 (0.4%): Train pred MSE = 2.133366e-07, Test pred MSE = 8.553771e-03, Param MSE = 8.611072e-02, Grad norm = 1.440216e-05, Beta update rate = 3.768636e-06
Epoch  18400 (0.4%): Train pred MSE = 1.935972e-07, Test pred MSE = 8.553606e-03, Param MSE = 8.610904e-02, Grad norm = 1.370558e-05, Beta update rate = 3.584199e-06
Epoch  18600 (0.4%): Train pred MSE = 1.757193e-07, Test pred MSE = 8.553450e-03, Param MSE = 8.610745e-02, Grad norm = 1.304403e-05, Beta update rate = 3.409124e-06
Epoch  18800 (0.4%): Train pred MSE = 1.595239e-07, Test pred MSE = 8.553302e-03, Param MSE = 8.610594e-02, Grad norm = 1.241567e-05, Beta update rate = 3.242915e-06
Epoch  19000 (0.4%): Train pred MSE = 1.448499e-07, Test pred MSE = 8.553161e-03, Param MSE = 8.610451e-02, Grad norm = 1.181878e-05, Beta update rate = 3.085105e-06
Epoch  19200 (0.4%): Train pred MSE = 1.315515e-07, Test pred MSE = 8.553028e-03, Param MSE = 8.610315e-02, Grad norm = 1.125171e-05, Beta update rate = 2.935254e-06
Epoch  19400 (0.4%): Train pred MSE = 1.194974e-07, Test pred MSE = 8.552901e-03, Param MSE = 8.610186e-02, Grad norm = 1.071291e-05, Beta update rate = 2.792943e-06
Epoch  19600 (0.4%): Train pred MSE = 1.085691e-07, Test pred MSE = 8.552781e-03, Param MSE = 8.610064e-02, Grad norm = 1.020093e-05, Beta update rate = 2.657780e-06
Epoch  19800 (0.4%): Train pred MSE = 9.865941e-08, Test pred MSE = 8.552667e-03, Param MSE = 8.609949e-02, Grad norm = 9.714368e-06, Beta update rate = 2.529393e-06
Epoch  20000 (0.4%): Train pred MSE = 8.967162e-08, Test pred MSE = 8.552559e-03, Param MSE = 8.609839e-02, Grad norm = 9.251922e-06, Beta update rate = 2.407428e-06
Epoch  20200 (0.4%): Train pred MSE = 8.151839e-08, Test pred MSE = 8.552456e-03, Param MSE = 8.609735e-02, Grad norm = 8.812349e-06, Beta update rate = 2.291553e-06
Epoch  20400 (0.4%): Train pred MSE = 7.412079e-08, Test pred MSE = 8.552358e-03, Param MSE = 8.609636e-02, Grad norm = 8.394474e-06, Beta update rate = 2.181453e-06
Epoch  20600 (0.4%): Train pred MSE = 6.740749e-08, Test pred MSE = 8.552266e-03, Param MSE = 8.609543e-02, Grad norm = 7.997188e-06, Beta update rate = 2.076830e-06
Epoch  20800 (0.4%): Train pred MSE = 6.131402e-08, Test pred MSE = 8.552178e-03, Param MSE = 8.609454e-02, Grad norm = 7.619437e-06, Beta update rate = 1.977403e-06
Epoch  21000 (0.4%): Train pred MSE = 5.578208e-08, Test pred MSE = 8.552094e-03, Param MSE = 8.609370e-02, Grad norm = 7.260225e-06, Beta update rate = 1.882904e-06
Epoch  21200 (0.4%): Train pred MSE = 5.075896e-08, Test pred MSE = 8.552015e-03, Param MSE = 8.609290e-02, Grad norm = 6.918609e-06, Beta update rate = 1.793080e-06
Epoch  21400 (0.4%): Train pred MSE = 4.619700e-08, Test pred MSE = 8.551940e-03, Param MSE = 8.609214e-02, Grad norm = 6.593696e-06, Beta update rate = 1.707694e-06
Epoch  21600 (0.4%): Train pred MSE = 4.205307e-08, Test pred MSE = 8.551868e-03, Param MSE = 8.609143e-02, Grad norm = 6.284639e-06, Beta update rate = 1.626518e-06
Epoch  21800 (0.4%): Train pred MSE = 3.828814e-08, Test pred MSE = 8.551801e-03, Param MSE = 8.609075e-02, Grad norm = 5.990635e-06, Beta update rate = 1.549337e-06
Epoch  22000 (0.4%): Train pred MSE = 3.486691e-08, Test pred MSE = 8.551736e-03, Param MSE = 8.609010e-02, Grad norm = 5.710926e-06, Beta update rate = 1.475949e-06
Epoch  22200 (0.4%): Train pred MSE = 3.175741e-08, Test pred MSE = 8.551675e-03, Param MSE = 8.608949e-02, Grad norm = 5.444791e-06, Beta update rate = 1.406161e-06
Epoch  22400 (0.4%): Train pred MSE = 2.893071e-08, Test pred MSE = 8.551617e-03, Param MSE = 8.608891e-02, Grad norm = 5.191547e-06, Beta update rate = 1.339791e-06
Epoch  22600 (0.5%): Train pred MSE = 2.636060e-08, Test pred MSE = 8.551562e-03, Param MSE = 8.608836e-02, Grad norm = 4.950548e-06, Beta update rate = 1.276665e-06
Epoch  22800 (0.5%): Train pred MSE = 2.402335e-08, Test pred MSE = 8.551510e-03, Param MSE = 8.608784e-02, Grad norm = 4.721179e-06, Beta update rate = 1.216621e-06
Epoch  23000 (0.5%): Train pred MSE = 2.189746e-08, Test pred MSE = 8.551461e-03, Param MSE = 8.608734e-02, Grad norm = 4.502860e-06, Beta update rate = 1.159503e-06
Epoch  23200 (0.5%): Train pred MSE = 1.996346e-08, Test pred MSE = 8.551414e-03, Param MSE = 8.608687e-02, Grad norm = 4.295039e-06, Beta update rate = 1.105164e-06
Epoch  23400 (0.5%): Train pred MSE = 1.820370e-08, Test pred MSE = 8.551369e-03, Param MSE = 8.608643e-02, Grad norm = 4.097193e-06, Beta update rate = 1.053463e-06
Epoch  23600 (0.5%): Train pred MSE = 1.660218e-08, Test pred MSE = 8.551327e-03, Param MSE = 8.608601e-02, Grad norm = 3.908826e-06, Beta update rate = 1.004270e-06
Epoch  23800 (0.5%): Train pred MSE = 1.514439e-08, Test pred MSE = 8.551286e-03, Param MSE = 8.608561e-02, Grad norm = 3.729466e-06, Beta update rate = 9.574582e-07
Epoch  24000 (0.5%): Train pred MSE = 1.381720e-08, Test pred MSE = 8.551248e-03, Param MSE = 8.608523e-02, Grad norm = 3.558669e-06, Beta update rate = 9.129087e-07
Epoch  24200 (0.5%): Train pred MSE = 1.260867e-08, Test pred MSE = 8.551212e-03, Param MSE = 8.608487e-02, Grad norm = 3.396010e-06, Beta update rate = 8.705089e-07
Epoch  24400 (0.5%): Train pred MSE = 1.150800e-08, Test pred MSE = 8.551178e-03, Param MSE = 8.608452e-02, Grad norm = 3.241088e-06, Beta update rate = 8.301515e-07
Epoch  24600 (0.5%): Train pred MSE = 1.050537e-08, Test pred MSE = 8.551145e-03, Param MSE = 8.608420e-02, Grad norm = 3.093521e-06, Beta update rate = 7.917351e-07
Epoch  24800 (0.5%): Train pred MSE = 9.591870e-09, Test pred MSE = 8.551114e-03, Param MSE = 8.608389e-02, Grad norm = 2.952946e-06, Beta update rate = 7.551633e-07
Epoch  25000 (0.5%): Train pred MSE = 8.759431e-09, Test pred MSE = 8.551085e-03, Param MSE = 8.608360e-02, Grad norm = 2.819022e-06, Beta update rate = 7.203446e-07
Epoch  25200 (0.5%): Train pred MSE = 8.000718e-09, Test pred MSE = 8.551057e-03, Param MSE = 8.608332e-02, Grad norm = 2.691420e-06, Beta update rate = 6.871922e-07
Epoch  25400 (0.5%): Train pred MSE = 7.309072e-09, Test pred MSE = 8.551030e-03, Param MSE = 8.608306e-02, Grad norm = 2.569833e-06, Beta update rate = 6.556238e-07
Epoch  25600 (0.5%): Train pred MSE = 6.678448e-09, Test pred MSE = 8.551005e-03, Param MSE = 8.608281e-02, Grad norm = 2.453965e-06, Beta update rate = 6.255613e-07
Epoch  25800 (0.5%): Train pred MSE = 6.103356e-09, Test pred MSE = 8.550981e-03, Param MSE = 8.608258e-02, Grad norm = 2.343539e-06, Beta update rate = 5.969303e-07
Epoch  26000 (0.5%): Train pred MSE = 5.578809e-09, Test pred MSE = 8.550958e-03, Param MSE = 8.608235e-02, Grad norm = 2.238288e-06, Beta update rate = 5.696606e-07
Epoch  26200 (0.5%): Train pred MSE = 5.100276e-09, Test pred MSE = 8.550937e-03, Param MSE = 8.608214e-02, Grad norm = 2.137961e-06, Beta update rate = 5.436851e-07
Epoch  26400 (0.5%): Train pred MSE = 4.663640e-09, Test pred MSE = 8.550916e-03, Param MSE = 8.608194e-02, Grad norm = 2.042319e-06, Beta update rate = 5.189405e-07
Epoch  26600 (0.5%): Train pred MSE = 4.265160e-09, Test pred MSE = 8.550897e-03, Param MSE = 8.608175e-02, Grad norm = 1.951136e-06, Beta update rate = 4.953664e-07
Epoch  26800 (0.5%): Train pred MSE = 3.901435e-09, Test pred MSE = 8.550878e-03, Param MSE = 8.608156e-02, Grad norm = 1.864194e-06, Beta update rate = 4.729056e-07
Epoch  27000 (0.5%): Train pred MSE = 3.569372e-09, Test pred MSE = 8.550861e-03, Param MSE = 8.608139e-02, Grad norm = 1.781290e-06, Beta update rate = 4.515037e-07
Epoch  27200 (0.5%): Train pred MSE = 3.266159e-09, Test pred MSE = 8.550844e-03, Param MSE = 8.608123e-02, Grad norm = 1.702229e-06, Beta update rate = 4.311091e-07
Epoch  27400 (0.5%): Train pred MSE = 2.989240e-09, Test pred MSE = 8.550828e-03, Param MSE = 8.608107e-02, Grad norm = 1.626825e-06, Beta update rate = 4.116728e-07
Epoch  27600 (0.6%): Train pred MSE = 2.736287e-09, Test pred MSE = 8.550813e-03, Param MSE = 8.608093e-02, Grad norm = 1.554904e-06, Beta update rate = 3.931480e-07
Epoch  27800 (0.6%): Train pred MSE = 2.505186e-09, Test pred MSE = 8.550799e-03, Param MSE = 8.608079e-02, Grad norm = 1.486297e-06, Beta update rate = 3.754907e-07
Epoch  28000 (0.6%): Train pred MSE = 2.294009e-09, Test pred MSE = 8.550785e-03, Param MSE = 8.608065e-02, Grad norm = 1.420847e-06, Beta update rate = 3.586588e-07
Epoch  28200 (0.6%): Train pred MSE = 2.101004e-09, Test pred MSE = 8.550772e-03, Param MSE = 8.608053e-02, Grad norm = 1.358401e-06, Beta update rate = 3.426122e-07
Epoch  28400 (0.6%): Train pred MSE = 1.924575e-09, Test pred MSE = 8.550760e-03, Param MSE = 8.608041e-02, Grad norm = 1.298818e-06, Beta update rate = 3.273131e-07
Epoch  28600 (0.6%): Train pred MSE = 1.763270e-09, Test pred MSE = 8.550749e-03, Param MSE = 8.608029e-02, Grad norm = 1.241960e-06, Beta update rate = 3.127253e-07
Epoch  28800 (0.6%): Train pred MSE = 1.615765e-09, Test pred MSE = 8.550737e-03, Param MSE = 8.608019e-02, Grad norm = 1.187698e-06, Beta update rate = 2.988147e-07
Epoch  29000 (0.6%): Train pred MSE = 1.480856e-09, Test pred MSE = 8.550727e-03, Param MSE = 8.608008e-02, Grad norm = 1.135909e-06, Beta update rate = 2.855486e-07
Epoch  29200 (0.6%): Train pred MSE = 1.357444e-09, Test pred MSE = 8.550717e-03, Param MSE = 8.607999e-02, Grad norm = 1.086475e-06, Beta update rate = 2.728961e-07
Epoch  29400 (0.6%): Train pred MSE = 1.244531e-09, Test pred MSE = 8.550708e-03, Param MSE = 8.607989e-02, Grad norm = 1.039285e-06, Beta update rate = 2.608277e-07
Epoch  29600 (0.6%): Train pred MSE = 1.141204e-09, Test pred MSE = 8.550699e-03, Param MSE = 8.607981e-02, Grad norm = 9.942328e-07, Beta update rate = 2.493155e-07
Epoch  29800 (0.6%): Train pred MSE = 1.046633e-09, Test pred MSE = 8.550690e-03, Param MSE = 8.607972e-02, Grad norm = 9.512179e-07, Beta update rate = 2.383328e-07
Epoch  30000 (0.6%): Train pred MSE = 9.600599e-10, Test pred MSE = 8.550682e-03, Param MSE = 8.607964e-02, Grad norm = 9.101443e-07, Beta update rate = 2.278545e-07
Epoch  30200 (0.6%): Train pred MSE = 8.807952e-10, Test pred MSE = 8.550674e-03, Param MSE = 8.607957e-02, Grad norm = 8.709207e-07, Beta update rate = 2.178564e-07
Epoch  30400 (0.6%): Train pred MSE = 8.082091e-10, Test pred MSE = 8.550667e-03, Param MSE = 8.607950e-02, Grad norm = 8.334604e-07, Beta update rate = 2.083158e-07
Epoch  30600 (0.6%): Train pred MSE = 7.417270e-10, Test pred MSE = 8.550660e-03, Param MSE = 8.607943e-02, Grad norm = 7.976808e-07, Beta update rate = 1.992108e-07
Epoch  30800 (0.6%): Train pred MSE = 6.808253e-10, Test pred MSE = 8.550653e-03, Param MSE = 8.607937e-02, Grad norm = 7.635034e-07, Beta update rate = 1.905208e-07
Epoch  31000 (0.6%): Train pred MSE = 6.250257e-10, Test pred MSE = 8.550647e-03, Param MSE = 8.607931e-02, Grad norm = 7.308534e-07, Beta update rate = 1.822262e-07
Epoch  31200 (0.6%): Train pred MSE = 5.738920e-10, Test pred MSE = 8.550641e-03, Param MSE = 8.607925e-02, Grad norm = 6.996598e-07, Beta update rate = 1.743082e-07
Epoch  31400 (0.6%): Train pred MSE = 5.270262e-10, Test pred MSE = 8.550635e-03, Param MSE = 8.607919e-02, Grad norm = 6.698548e-07, Beta update rate = 1.667492e-07
Epoch  31600 (0.6%): Train pred MSE = 4.840645e-10, Test pred MSE = 8.550630e-03, Param MSE = 8.607914e-02, Grad norm = 6.413740e-07, Beta update rate = 1.595321e-07
Epoch  31800 (0.6%): Train pred MSE = 4.446752e-10, Test pred MSE = 8.550625e-03, Param MSE = 8.607909e-02, Grad norm = 6.141561e-07, Beta update rate = 1.526408e-07
Epoch  32000 (0.6%): Train pred MSE = 4.085550e-10, Test pred MSE = 8.550620e-03, Param MSE = 8.607904e-02, Grad norm = 5.881427e-07, Beta update rate = 1.460602e-07
Epoch  32200 (0.6%): Train pred MSE = 3.754271e-10, Test pred MSE = 8.550615e-03, Param MSE = 8.607900e-02, Grad norm = 5.632782e-07, Beta update rate = 1.397755e-07
Epoch  32400 (0.6%): Train pred MSE = 3.450385e-10, Test pred MSE = 8.550611e-03, Param MSE = 8.607896e-02, Grad norm = 5.395097e-07, Beta update rate = 1.337730e-07
Epoch  32600 (0.7%): Train pred MSE = 3.171581e-10, Test pred MSE = 8.550606e-03, Param MSE = 8.607891e-02, Grad norm = 5.167868e-07, Beta update rate = 1.280395e-07
Epoch  32800 (0.7%): Train pred MSE = 2.915747e-10, Test pred MSE = 8.550602e-03, Param MSE = 8.607888e-02, Grad norm = 4.950617e-07, Beta update rate = 1.225624e-07
Epoch  33000 (0.7%): Train pred MSE = 2.680952e-10, Test pred MSE = 8.550599e-03, Param MSE = 8.607884e-02, Grad norm = 4.742884e-07, Beta update rate = 1.173298e-07
Epoch  33200 (0.7%): Train pred MSE = 2.465430e-10, Test pred MSE = 8.550595e-03, Param MSE = 8.607881e-02, Grad norm = 4.544237e-07, Beta update rate = 1.123302e-07
Epoch  33400 (0.7%): Train pred MSE = 2.267568e-10, Test pred MSE = 8.550592e-03, Param MSE = 8.607877e-02, Grad norm = 4.354259e-07, Beta update rate = 1.075530e-07
Epoch  33600 (0.7%): Train pred MSE = 2.085890e-10, Test pred MSE = 8.550588e-03, Param MSE = 8.607874e-02, Grad norm = 4.172557e-07, Beta update rate = 1.029877e-07
Epoch  33800 (0.7%): Train pred MSE = 1.919045e-10, Test pred MSE = 8.550585e-03, Param MSE = 8.607871e-02, Grad norm = 3.998754e-07, Beta update rate = 9.862464e-08
Epoch  34000 (0.7%): Train pred MSE = 1.765797e-10, Test pred MSE = 8.550582e-03, Param MSE = 8.607868e-02, Grad norm = 3.832493e-07, Beta update rate = 9.445442e-08
Epoch  34200 (0.7%): Train pred MSE = 1.625018e-10, Test pred MSE = 8.550579e-03, Param MSE = 8.607866e-02, Grad norm = 3.673430e-07, Beta update rate = 9.046817e-08
Epoch  34400 (0.7%): Train pred MSE = 1.495672e-10, Test pred MSE = 8.550577e-03, Param MSE = 8.607863e-02, Grad norm = 3.521242e-07, Beta update rate = 8.665741e-08
Epoch  34600 (0.7%): Train pred MSE = 1.376812e-10, Test pred MSE = 8.550574e-03, Param MSE = 8.607860e-02, Grad norm = 3.375618e-07, Beta update rate = 8.301411e-08
Epoch  34800 (0.7%): Train pred MSE = 1.267571e-10, Test pred MSE = 8.550572e-03, Param MSE = 8.607858e-02, Grad norm = 3.236263e-07, Beta update rate = 7.953057e-08
Epoch  35000 (0.7%): Train pred MSE = 1.167157e-10, Test pred MSE = 8.550569e-03, Param MSE = 8.607856e-02, Grad norm = 3.102895e-07, Beta update rate = 7.619950e-08
Epoch  35200 (0.7%): Train pred MSE = 1.074841e-10, Test pred MSE = 8.550567e-03, Param MSE = 8.607854e-02, Grad norm = 2.975246e-07, Beta update rate = 7.301392e-08
Epoch  35400 (0.7%): Train pred MSE = 9.899584e-11, Test pred MSE = 8.550565e-03, Param MSE = 8.607852e-02, Grad norm = 2.853060e-07, Beta update rate = 6.996721e-08

Training completed at epoch 35400
Stop reason: train_pred_mse
Final Train pred MSE = 9.899584e-11
Final Test pred MSE = 8.550565e-03
Final Param MSE = 8.607852e-02
Final Grad norm = 2.853060e-07
Final Beta update rate = 6.996721e-08
Success flag: True (train_pred_mse < 1.00e-10)
Results metadata saved to results/diagonal/step1_mixture/pi_A=0.90--alpha=0.250000--seed=2/results_meta.json
Saved c_vec to results/diagonal/step1_mixture/pi_A=0.90--alpha=0.250000--seed=2/c_vec.npy

Results saved to results/diagonal/step1_mixture/pi_A=0.90--alpha=0.250000--seed=2/
Total jobs in this sweep: 108
Pi_A values: [0.1, 0.5, 0.9]
Alpha values: [0.05, 0.1, 0.2, 0.25, 0.3, 0.4, 0.5, 0.6, 0.7, 0.8, 0.9, 1.0]
Seeds: [0, 1, 2]
================================================================================
Step 1 Mixture Sweep - Experiment Parameters:
================================================================================
  c: 0.001
  c_A: 0.001
  c_B: 0.5
  c_mode: mixture
  epochs: 5000000
  init_method: complex
  inp_dim: 1000
  lmda: 0.0
  lr: 0.5
  n_test: 10000
  n_train: 250
  no_tuning: True
  pi_A: 0.9
  rho: 0.04
  save_folder: results/diagonal/step1_mixture/pi_A=0.90--alpha=0.250000--seed=2/
  scaling: 1.0
  seed: 2
  test_every_n_epochs: 200
  threshold: 1e-12
================================================================================

Running training script...

Extracting results and saving to CSV...
Results appended to /home/na658/multi-task2/experiment_results_step1_mixture.csv

✓ Experiment 83 completed successfully
[SLURM] Job 20446065 task 83 finished
