[SLURM] Job 20446388 task 74 starting on cpu-q-588
[SLURM] Step 3 Omega Sweep (PT+FT Oracle)
[SLURM] Using Python: /home/na658/.conda/envs/mtl_ft/bin/python
Starting PT+FT Oracle experiment...

================================================================================
STEP 3: PT+FT ORACLE EXPERIMENT
================================================================================

================================================================================
EXPERIMENT SETTINGS
================================================================================
Seed: 2
Input dimension: 1000
PT support fraction (rho_pt): 0.1
FT sparsity (rho_ft): 0.04
Overlap (omega): 1.0
PT amplitude (a_pt): 1.0
PT c parameter (c_pt): 0.001
PT lambda (lambda_pt): 0.0
Gamma reinit: 0.0
Training samples (FT): 50
Test samples: 10000
Learning rate: 0.5
Max epochs: 5000000
Save folder: results/diagonal/step3_omega/omega=1.00--alpha=0.050000--seed=2/
================================================================================

Sampling PT teacher (oracle)...
  PT support size: 100 / 1000 = 0.1000

Sampling FT teacher with overlap...
  FT support size: 40 / 1000 = 0.0400
  Overlap: 40 / 40 = 1.0000 (target: 1.0)

  Coordinate groups:
    OV (both):     40
    NEW (FT only): 0
    PTONLY:        60
    NONE:          900

Computing c_ft from Cosyne formula...

  c_ft statistics by group:
    OV:     mean=1.001000, range=[1.001000, 1.001000]
    NEW:    N/A
    PTONLY: mean=1.001000
    NONE:   mean=0.002000

Sampling FT data...

Initializing DiagonalNet with per-coordinate c_ft...
Per-coordinate c init: c_vec range [0.002000, 1.001000]

Training on FT data...

Starting training loop (max 5000000 epochs, threshold=1.00e-12)...
Epoch      0 (0.0%): Train pred MSE = 9.972507e+00, Test pred MSE = 5.554756e-02, Param MSE = 5.643778e-01, Grad norm = 2.470571e+00, Beta update rate = nan
Epoch    200 (0.0%): Train pred MSE = 5.308362e-05, Test pred MSE = 2.143099e-02, Param MSE = 2.210879e-01, Grad norm = 1.972708e-03, Beta update rate = 8.180461e-02
Epoch    400 (0.0%): Train pred MSE = 6.547895e-08, Test pred MSE = 2.140423e-02, Param MSE = 2.207679e-01, Grad norm = 6.536794e-05, Beta update rate = 4.228399e-04
Epoch    600 (0.0%): Train pred MSE = 1.289952e-10, Test pred MSE = 2.140348e-02, Param MSE = 2.207591e-01, Grad norm = 2.848564e-06, Beta update rate = 1.494548e-05

Training completed at epoch 760
Stop reason: loss_threshold_legacy
Final Train pred MSE = 9.616792e-13
Final Test pred MSE = 2.140346e-02
Final Param MSE = 2.207587e-01
Final Grad norm = 2.414575e-07
Final Beta update rate = 7.986673e-07
Success flag: True (train_pred_mse < 1.00e-12)
Results metadata saved to results/diagonal/step3_omega/omega=1.00--alpha=0.050000--seed=2/results_meta.json
Group diagnostics saved to results/diagonal/step3_omega/omega=1.00--alpha=0.050000--seed=2/group_diagnostics.csv

Results saved to results/diagonal/step3_omega/omega=1.00--alpha=0.050000--seed=2/
Total jobs in this sweep: 108
Omega values: [0.0, 0.5, 1.0]
Alpha values: [0.05, 0.1, 0.2, 0.25, 0.3, 0.4, 0.5, 0.6, 0.7, 0.8, 0.9, 1.0]
Seeds: [0, 1, 2]
================================================================================
Step 3 Omega Sweep - Experiment Parameters:
================================================================================
  a_pt: 1.0
  c_pt: 0.001
  epochs: 5000000
  gamma_reinit: 0.0
  inp_dim: 1000
  lambda_pt: 0.0
  lr: 0.5
  n_test: 10000
  n_train: 50
  no_tuning: True
  omega: 1.0
  rho_ft: 0.04
  rho_pt: 0.1
  save_folder: results/diagonal/step3_omega/omega=1.00--alpha=0.050000--seed=2/
  seed: 2
  test_every_n_epochs: 200
  threshold: 1e-12
================================================================================

Omega: 1.0, Alpha: 0.0500

Running PT+FT Oracle script...

Extracting results and saving to CSV...
Results appended to /home/na658/multi-task2/experiment_results_step3_omega.csv

✓ Experiment 74 completed successfully
[SLURM] Job 20446388 task 74 finished
