[SLURM] Job 20446118 task 13 starting on cpu-q-402
[SLURM] Step 2 Support Sweep
[SLURM] Using Python: /home/na658/.conda/envs/mtl_ft/bin/python
Starting diagonal network pretrain BG script...

================================================================================
SCRIPT STARTED - Running diagonal network BG experiment...
================================================================================

================================================================================
EXPERIMENT SETTINGS
================================================================================
Seed: 1
Input dimension: 1000
Sparsity (rho): 0.04
Training samples: 300
Test samples: 10000
Learning rate: 0.5
Max epochs: 5000000
Test every N epochs: 200
Convergence threshold: 1e-12
Stop pred MSE: 1e-10
Stop beta rate: disabled
Stop grad norm: disabled
LR decay: disabled
LR decay interval: 2000
Scaling: 1.0
Lambda (λ): 0.0
C parameter: 0.001
Initialization method: complex
Learning rate tuning: False
Save folder: results/diagonal/step2_support/c_nz=0.001000--c_z=0.500000--alpha=0.300000--seed=1/
C mode: support
  c_nz=0.001, c_z=0.5
================================================================================
Starting training...
================================================================================
[c_mode=support] support fraction=0.0470 (rho=0.04)
[c_mode=support] c_nz=0.001, c_z=0.5
Per-coordinate c init: c_vec range [0.001000, 0.500000]

Starting training loop (max 5000000 epochs, threshold=1.00e-12)...
Epoch      0 (0.0%): Train pred MSE = 4.182403e+00, Test pred MSE = 1.346506e-01, Param MSE = 1.325963e+00, Grad norm = 4.335054e-01, Beta update rate = nan
Epoch    200 (0.0%): Train pred MSE = 1.304233e-01, Test pred MSE = 1.728306e-01, Param MSE = 1.708071e+00, Grad norm = 5.858531e-02, Beta update rate = 9.974873e-02
Epoch    400 (0.0%): Train pred MSE = 1.363767e-02, Test pred MSE = 1.840269e-01, Param MSE = 1.815230e+00, Grad norm = 1.677302e-02, Beta update rate = 2.148607e-02
Epoch    600 (0.0%): Train pred MSE = 1.943996e-03, Test pred MSE = 1.869009e-01, Param MSE = 1.841995e+00, Grad norm = 6.049665e-03, Beta update rate = 6.714234e-03
Epoch    800 (0.0%): Train pred MSE = 3.183391e-04, Test pred MSE = 1.878266e-01, Param MSE = 1.850473e+00, Grad norm = 2.372074e-03, Beta update rate = 2.494342e-03
Epoch   1000 (0.0%): Train pred MSE = 5.753922e-05, Test pred MSE = 1.881560e-01, Param MSE = 1.853460e+00, Grad norm = 9.832405e-04, Beta update rate = 9.996897e-04
Epoch   1200 (0.0%): Train pred MSE = 1.122235e-05, Test pred MSE = 1.882797e-01, Param MSE = 1.854576e+00, Grad norm = 4.253820e-04, Beta update rate = 4.218137e-04
Epoch   1400 (0.0%): Train pred MSE = 2.322023e-06, Test pred MSE = 1.883279e-01, Param MSE = 1.855010e+00, Grad norm = 1.903142e-04, Beta update rate = 1.851012e-04
Epoch   1600 (0.0%): Train pred MSE = 5.029930e-07, Test pred MSE = 1.883474e-01, Param MSE = 1.855184e+00, Grad norm = 8.741064e-05, Beta update rate = 8.373517e-05
Epoch   1800 (0.0%): Train pred MSE = 1.129115e-07, Test pred MSE = 1.883554e-01, Param MSE = 1.855256e+00, Grad norm = 4.097880e-05, Beta update rate = 3.878547e-05
Epoch   2000 (0.0%): Train pred MSE = 2.606352e-08, Test pred MSE = 1.883588e-01, Param MSE = 1.855286e+00, Grad norm = 1.952199e-05, Beta update rate = 1.829900e-05
Epoch   2200 (0.0%): Train pred MSE = 6.150596e-09, Test pred MSE = 1.883602e-01, Param MSE = 1.855300e+00, Grad norm = 9.418640e-06, Beta update rate = 8.759218e-06
Epoch   2400 (0.0%): Train pred MSE = 1.477366e-09, Test pred MSE = 1.883609e-01, Param MSE = 1.855305e+00, Grad norm = 4.590294e-06, Beta update rate = 4.241217e-06
Epoch   2600 (0.1%): Train pred MSE = 3.599990e-10, Test pred MSE = 1.883612e-01, Param MSE = 1.855308e+00, Grad norm = 2.255476e-06, Beta update rate = 2.072669e-06
Epoch   2800 (0.1%): Train pred MSE = 8.876555e-11, Test pred MSE = 1.883613e-01, Param MSE = 1.855309e+00, Grad norm = 1.115670e-06, Beta update rate = 1.020571e-06

Training completed at epoch 2800
Stop reason: train_pred_mse
Final Train pred MSE = 8.876555e-11
Final Test pred MSE = 1.883613e-01
Final Param MSE = 1.855309e+00
Final Grad norm = 1.115670e-06
Final Beta update rate = 1.020571e-06
Success flag: True (train_pred_mse < 1.00e-10)
Results metadata saved to results/diagonal/step2_support/c_nz=0.001000--c_z=0.500000--alpha=0.300000--seed=1/results_meta.json
Saved c_vec to results/diagonal/step2_support/c_nz=0.001000--c_z=0.500000--alpha=0.300000--seed=1/c_vec.npy

Results saved to results/diagonal/step2_support/c_nz=0.001000--c_z=0.500000--alpha=0.300000--seed=1/
Total jobs in this sweep: 72
Cases: good (c_nz=0.001, c_z=0.5), bad (c_nz=0.5, c_z=0.001)
Alpha values: [0.05, 0.1, 0.2, 0.25, 0.3, 0.4, 0.5, 0.6, 0.7, 0.8, 0.9, 1.0]
Seeds: [0, 1, 2]
================================================================================
Step 2 Support Sweep - Experiment Parameters:
================================================================================
  c: 0.001
  c_mode: support
  c_nz: 0.001
  c_z: 0.5
  epochs: 5000000
  init_method: complex
  inp_dim: 1000
  lmda: 0.0
  lr: 0.5
  n_test: 10000
  n_train: 300
  no_tuning: True
  rho: 0.04
  save_folder: results/diagonal/step2_support/c_nz=0.001000--c_z=0.500000--alpha=0.300000--seed=1/
  scaling: 1.0
  seed: 1
  test_every_n_epochs: 200
  threshold: 1e-12
================================================================================

Case: good (c_nz=0.001, c_z=0.5)

Running training script...

Extracting results and saving to CSV...
Results appended to /home/na658/multi-task2/experiment_results_step2_support.csv

✓ Experiment 13 completed successfully
[SLURM] Job 20446118 task 13 finished
