[SLURM] Job 20446066 task 84 starting on cpu-q-227
[SLURM] Step 1 Mixture Sweep
[SLURM] Using Python: /home/na658/.conda/envs/mtl_ft/bin/python
Starting diagonal network pretrain BG script...

================================================================================
SCRIPT STARTED - Running diagonal network BG experiment...
================================================================================

================================================================================
EXPERIMENT SETTINGS
================================================================================
Seed: 0
Input dimension: 1000
Sparsity (rho): 0.04
Training samples: 300
Test samples: 10000
Learning rate: 0.5
Max epochs: 5000000
Test every N epochs: 200
Convergence threshold: 1e-12
Stop pred MSE: 1e-10
Stop beta rate: disabled
Stop grad norm: disabled
LR decay: disabled
LR decay interval: 2000
Scaling: 1.0
Lambda (λ): 0.0
C parameter: 0.001
Initialization method: complex
Learning rate tuning: False
Save folder: results/diagonal/step1_mixture/pi_A=0.90--alpha=0.300000--seed=0/
C mode: mixture
  c_A=0.001, c_B=0.5, pi_A=0.9
================================================================================
Starting training...
================================================================================
[c_mode=mixture] pi_A=0.9, empirical frac_A=0.9030
[c_mode=mixture] c_A=0.001, c_B=0.5
Per-coordinate c init: c_vec range [0.001000, 0.500000]

Starting training loop (max 5000000 epochs, threshold=1.00e-12)...
Epoch      0 (0.0%): Train pred MSE = 5.390079e+00, Test pred MSE = 1.612714e-01, Param MSE = 1.608301e+00, Grad norm = 1.985597e-01, Beta update rate = nan
Epoch    200 (0.0%): Train pred MSE = 1.163460e+00, Test pred MSE = 9.078547e-02, Param MSE = 9.041415e-01, Grad norm = 1.544537e-01, Beta update rate = 1.376400e-01
Epoch    400 (0.0%): Train pred MSE = 3.355263e-01, Test pred MSE = 5.448820e-02, Param MSE = 5.419265e-01, Grad norm = 5.647537e-02, Beta update rate = 6.503544e-02
Epoch    600 (0.0%): Train pred MSE = 1.378714e-01, Test pred MSE = 3.728596e-02, Param MSE = 3.688267e-01, Grad norm = 3.234605e-02, Beta update rate = 3.013638e-02
Epoch    800 (0.0%): Train pred MSE = 6.846638e-02, Test pred MSE = 2.912646e-02, Param MSE = 2.880754e-01, Grad norm = 2.161189e-02, Beta update rate = 1.596614e-02
Epoch   1000 (0.0%): Train pred MSE = 3.738473e-02, Test pred MSE = 2.439253e-02, Param MSE = 2.415726e-01, Grad norm = 1.372206e-02, Beta update rate = 1.040793e-02
Epoch   1200 (0.0%): Train pred MSE = 2.477358e-02, Test pred MSE = 2.179218e-02, Param MSE = 2.159626e-01, Grad norm = 9.189804e-03, Beta update rate = 6.445092e-03
Epoch   1400 (0.0%): Train pred MSE = 1.839091e-02, Test pred MSE = 2.035888e-02, Param MSE = 2.017942e-01, Grad norm = 6.989816e-03, Beta update rate = 4.018692e-03
Epoch   1600 (0.0%): Train pred MSE = 1.440295e-02, Test pred MSE = 1.948600e-02, Param MSE = 1.931507e-01, Grad norm = 5.725785e-03, Beta update rate = 2.825979e-03
Epoch   1800 (0.0%): Train pred MSE = 1.161397e-02, Test pred MSE = 1.891290e-02, Param MSE = 1.874756e-01, Grad norm = 4.880287e-03, Beta update rate = 2.179888e-03
Epoch   2000 (0.0%): Train pred MSE = 9.536365e-03, Test pred MSE = 1.851743e-02, Param MSE = 1.835628e-01, Grad norm = 4.262897e-03, Beta update rate = 1.774432e-03
Epoch   2200 (0.0%): Train pred MSE = 7.922371e-03, Test pred MSE = 1.823141e-02, Param MSE = 1.807365e-01, Grad norm = 3.790787e-03, Beta update rate = 1.491518e-03
Epoch   2400 (0.0%): Train pred MSE = 6.627651e-03, Test pred MSE = 1.801125e-02, Param MSE = 1.785648e-01, Grad norm = 3.419166e-03, Beta update rate = 1.284205e-03
Epoch   2600 (0.1%): Train pred MSE = 5.562765e-03, Test pred MSE = 1.782721e-02, Param MSE = 1.767535e-01, Grad norm = 3.116402e-03, Beta update rate = 1.131025e-03
Epoch   2800 (0.1%): Train pred MSE = 4.672733e-03, Test pred MSE = 1.765921e-02, Param MSE = 1.751042e-01, Grad norm = 2.855154e-03, Beta update rate = 1.020177e-03
Epoch   3000 (0.1%): Train pred MSE = 3.925742e-03, Test pred MSE = 1.749540e-02, Param MSE = 1.735002e-01, Grad norm = 2.612841e-03, Beta update rate = 9.416451e-04
Epoch   3200 (0.1%): Train pred MSE = 3.303396e-03, Test pred MSE = 1.733151e-02, Param MSE = 1.718987e-01, Grad norm = 2.377272e-03, Beta update rate = 8.819749e-04
Epoch   3400 (0.1%): Train pred MSE = 2.791555e-03, Test pred MSE = 1.716899e-02, Param MSE = 1.703134e-01, Grad norm = 2.149115e-03, Beta update rate = 8.262015e-04
Epoch   3600 (0.1%): Train pred MSE = 2.374893e-03, Test pred MSE = 1.701206e-02, Param MSE = 1.687853e-01, Grad norm = 1.936381e-03, Beta update rate = 7.652227e-04
Epoch   3800 (0.1%): Train pred MSE = 2.036568e-03, Test pred MSE = 1.686491e-02, Param MSE = 1.673551e-01, Grad norm = 1.746258e-03, Beta update rate = 6.987331e-04
Epoch   4000 (0.1%): Train pred MSE = 1.760432e-03, Test pred MSE = 1.673016e-02, Param MSE = 1.660484e-01, Grad norm = 1.581226e-03, Beta update rate = 6.313195e-04
Epoch   4200 (0.1%): Train pred MSE = 1.532816e-03, Test pred MSE = 1.660878e-02, Param MSE = 1.648746e-01, Grad norm = 1.439806e-03, Beta update rate = 5.676202e-04
Epoch   4400 (0.1%): Train pred MSE = 1.343011e-03, Test pred MSE = 1.650052e-02, Param MSE = 1.638313e-01, Grad norm = 1.318694e-03, Beta update rate = 5.102677e-04
Epoch   4600 (0.1%): Train pred MSE = 1.182934e-03, Test pred MSE = 1.640449e-02, Param MSE = 1.629092e-01, Grad norm = 1.214305e-03, Beta update rate = 4.600213e-04
Epoch   4800 (0.1%): Train pred MSE = 1.046553e-03, Test pred MSE = 1.631954e-02, Param MSE = 1.620970e-01, Grad norm = 1.123461e-03, Beta update rate = 4.165422e-04
Epoch   5000 (0.1%): Train pred MSE = 9.293406e-04, Test pred MSE = 1.624446e-02, Param MSE = 1.613823e-01, Grad norm = 1.043586e-03, Beta update rate = 3.790303e-04
Epoch   5200 (0.1%): Train pred MSE = 8.278569e-04, Test pred MSE = 1.617810e-02, Param MSE = 1.607538e-01, Grad norm = 9.726618e-04, Beta update rate = 3.465852e-04
Epoch   5400 (0.1%): Train pred MSE = 7.394451e-04, Test pred MSE = 1.611944e-02, Param MSE = 1.602010e-01, Grad norm = 9.091312e-04, Beta update rate = 3.183694e-04
Epoch   5600 (0.1%): Train pred MSE = 6.620177e-04, Test pred MSE = 1.606755e-02, Param MSE = 1.597146e-01, Grad norm = 8.517912e-04, Beta update rate = 2.936646e-04
Epoch   5800 (0.1%): Train pred MSE = 5.939082e-04, Test pred MSE = 1.602161e-02, Param MSE = 1.592865e-01, Grad norm = 7.997037e-04, Beta update rate = 2.718777e-04
Epoch   6000 (0.1%): Train pred MSE = 5.337667e-04, Test pred MSE = 1.598092e-02, Param MSE = 1.589095e-01, Grad norm = 7.521278e-04, Beta update rate = 2.525278e-04
Epoch   6200 (0.1%): Train pred MSE = 4.804856e-04, Test pred MSE = 1.594485e-02, Param MSE = 1.585774e-01, Grad norm = 7.084691e-04, Beta update rate = 2.352274e-04
Epoch   6400 (0.1%): Train pred MSE = 4.331464e-04, Test pred MSE = 1.591284e-02, Param MSE = 1.582846e-01, Grad norm = 6.682433e-04, Beta update rate = 2.196643e-04
Epoch   6600 (0.1%): Train pred MSE = 3.909798e-04, Test pred MSE = 1.588442e-02, Param MSE = 1.580265e-01, Grad norm = 6.310502e-04, Beta update rate = 2.055861e-04
Epoch   6800 (0.1%): Train pred MSE = 3.533365e-04, Test pred MSE = 1.585918e-02, Param MSE = 1.577988e-01, Grad norm = 5.965550e-04, Beta update rate = 1.927870e-04
Epoch   7000 (0.1%): Train pred MSE = 3.196643e-04, Test pred MSE = 1.583672e-02, Param MSE = 1.575979e-01, Grad norm = 5.644749e-04, Beta update rate = 1.810986e-04
Epoch   7200 (0.1%): Train pred MSE = 2.894906e-04, Test pred MSE = 1.581674e-02, Param MSE = 1.574205e-01, Grad norm = 5.345688e-04, Beta update rate = 1.703811e-04
Epoch   7400 (0.1%): Train pred MSE = 2.624089e-04, Test pred MSE = 1.579894e-02, Param MSE = 1.572638e-01, Grad norm = 5.066299e-04, Beta update rate = 1.605185e-04
Epoch   7600 (0.2%): Train pred MSE = 2.380673e-04, Test pred MSE = 1.578308e-02, Param MSE = 1.571254e-01, Grad norm = 4.804791e-04, Beta update rate = 1.514130e-04
Epoch   7800 (0.2%): Train pred MSE = 2.161601e-04, Test pred MSE = 1.576892e-02, Param MSE = 1.570030e-01, Grad norm = 4.559613e-04, Beta update rate = 1.429822e-04
Epoch   8000 (0.2%): Train pred MSE = 1.964203e-04, Test pred MSE = 1.575627e-02, Param MSE = 1.568947e-01, Grad norm = 4.329404e-04, Beta update rate = 1.351558e-04
Epoch   8200 (0.2%): Train pred MSE = 1.786141e-04, Test pred MSE = 1.574496e-02, Param MSE = 1.567988e-01, Grad norm = 4.112970e-04, Beta update rate = 1.278735e-04
Epoch   8400 (0.2%): Train pred MSE = 1.625359e-04, Test pred MSE = 1.573483e-02, Param MSE = 1.567140e-01, Grad norm = 3.909254e-04, Beta update rate = 1.210835e-04
Epoch   8600 (0.2%): Train pred MSE = 1.480044e-04, Test pred MSE = 1.572576e-02, Param MSE = 1.566387e-01, Grad norm = 3.717314e-04, Beta update rate = 1.147409e-04
Epoch   8800 (0.2%): Train pred MSE = 1.348592e-04, Test pred MSE = 1.571762e-02, Param MSE = 1.565720e-01, Grad norm = 3.536309e-04, Beta update rate = 1.088063e-04
Epoch   9000 (0.2%): Train pred MSE = 1.229582e-04, Test pred MSE = 1.571030e-02, Param MSE = 1.565127e-01, Grad norm = 3.365481e-04, Beta update rate = 1.032453e-04
Epoch   9200 (0.2%): Train pred MSE = 1.121750e-04, Test pred MSE = 1.570372e-02, Param MSE = 1.564601e-01, Grad norm = 3.204142e-04, Beta update rate = 9.802752e-05
Epoch   9400 (0.2%): Train pred MSE = 1.023974e-04, Test pred MSE = 1.569779e-02, Param MSE = 1.564133e-01, Grad norm = 3.051667e-04, Beta update rate = 9.312601e-05
Epoch   9600 (0.2%): Train pred MSE = 9.352495e-05, Test pred MSE = 1.569243e-02, Param MSE = 1.563715e-01, Grad norm = 2.907486e-04, Beta update rate = 8.851666e-05
Epoch   9800 (0.2%): Train pred MSE = 8.546836e-05, Test pred MSE = 1.568759e-02, Param MSE = 1.563344e-01, Grad norm = 2.771072e-04, Beta update rate = 8.417786e-05
Epoch  10000 (0.2%): Train pred MSE = 7.814759e-05, Test pred MSE = 1.568321e-02, Param MSE = 1.563012e-01, Grad norm = 2.641943e-04, Beta update rate = 8.009012e-05
Epoch  10200 (0.2%): Train pred MSE = 7.149105e-05, Test pred MSE = 1.567924e-02, Param MSE = 1.562715e-01, Grad norm = 2.519650e-04, Beta update rate = 7.623578e-05
Epoch  10400 (0.2%): Train pred MSE = 6.543458e-05, Test pred MSE = 1.567563e-02, Param MSE = 1.562450e-01, Grad norm = 2.403779e-04, Beta update rate = 7.259878e-05
Epoch  10600 (0.2%): Train pred MSE = 5.992065e-05, Test pred MSE = 1.567234e-02, Param MSE = 1.562211e-01, Grad norm = 2.293945e-04, Beta update rate = 6.916444e-05
Epoch  10800 (0.2%): Train pred MSE = 5.489758e-05, Test pred MSE = 1.566935e-02, Param MSE = 1.561998e-01, Grad norm = 2.189789e-04, Beta update rate = 6.591932e-05
Epoch  11000 (0.2%): Train pred MSE = 5.031897e-05, Test pred MSE = 1.566661e-02, Param MSE = 1.561805e-01, Grad norm = 2.090976e-04, Beta update rate = 6.285107e-05
Epoch  11200 (0.2%): Train pred MSE = 4.614306e-05, Test pred MSE = 1.566410e-02, Param MSE = 1.561632e-01, Grad norm = 1.997193e-04, Beta update rate = 5.994829e-05
Epoch  11400 (0.2%): Train pred MSE = 4.233227e-05, Test pred MSE = 1.566181e-02, Param MSE = 1.561475e-01, Grad norm = 1.908149e-04, Beta update rate = 5.720047e-05
Epoch  11600 (0.2%): Train pred MSE = 3.885277e-05, Test pred MSE = 1.565970e-02, Param MSE = 1.561333e-01, Grad norm = 1.823572e-04, Beta update rate = 5.459788e-05
Epoch  11800 (0.2%): Train pred MSE = 3.567405e-05, Test pred MSE = 1.565775e-02, Param MSE = 1.561204e-01, Grad norm = 1.743205e-04, Beta update rate = 5.213150e-05
Epoch  12000 (0.2%): Train pred MSE = 3.276859e-05, Test pred MSE = 1.565596e-02, Param MSE = 1.561087e-01, Grad norm = 1.666810e-04, Beta update rate = 4.979298e-05
Epoch  12200 (0.2%): Train pred MSE = 3.011154e-05, Test pred MSE = 1.565430e-02, Param MSE = 1.560981e-01, Grad norm = 1.594163e-04, Beta update rate = 4.757454e-05
Epoch  12400 (0.2%): Train pred MSE = 2.768046e-05, Test pred MSE = 1.565277e-02, Param MSE = 1.560884e-01, Grad norm = 1.525056e-04, Beta update rate = 4.546895e-05
Epoch  12600 (0.3%): Train pred MSE = 2.545506e-05, Test pred MSE = 1.565134e-02, Param MSE = 1.560794e-01, Grad norm = 1.459290e-04, Beta update rate = 4.346950e-05
Epoch  12800 (0.3%): Train pred MSE = 2.341699e-05, Test pred MSE = 1.565002e-02, Param MSE = 1.560713e-01, Grad norm = 1.396683e-04, Beta update rate = 4.156993e-05
Epoch  13000 (0.3%): Train pred MSE = 2.154963e-05, Test pred MSE = 1.564878e-02, Param MSE = 1.560637e-01, Grad norm = 1.337061e-04, Beta update rate = 3.976440e-05
Epoch  13200 (0.3%): Train pred MSE = 1.983792e-05, Test pred MSE = 1.564763e-02, Param MSE = 1.560568e-01, Grad norm = 1.280264e-04, Beta update rate = 3.804747e-05
Epoch  13400 (0.3%): Train pred MSE = 1.826822e-05, Test pred MSE = 1.564655e-02, Param MSE = 1.560503e-01, Grad norm = 1.226138e-04, Beta update rate = 3.641408e-05
Epoch  13600 (0.3%): Train pred MSE = 1.682814e-05, Test pred MSE = 1.564554e-02, Param MSE = 1.560444e-01, Grad norm = 1.174541e-04, Beta update rate = 3.485948e-05
Epoch  13800 (0.3%): Train pred MSE = 1.550644e-05, Test pred MSE = 1.564460e-02, Param MSE = 1.560388e-01, Grad norm = 1.125340e-04, Beta update rate = 3.337925e-05
Epoch  14000 (0.3%): Train pred MSE = 1.429292e-05, Test pred MSE = 1.564371e-02, Param MSE = 1.560337e-01, Grad norm = 1.078409e-04, Beta update rate = 3.196927e-05
Epoch  14200 (0.3%): Train pred MSE = 1.317830e-05, Test pred MSE = 1.564287e-02, Param MSE = 1.560288e-01, Grad norm = 1.033630e-04, Beta update rate = 3.062566e-05
Epoch  14400 (0.3%): Train pred MSE = 1.215414e-05, Test pred MSE = 1.564208e-02, Param MSE = 1.560243e-01, Grad norm = 9.908905e-05, Beta update rate = 2.934481e-05
Epoch  14600 (0.3%): Train pred MSE = 1.121275e-05, Test pred MSE = 1.564133e-02, Param MSE = 1.560200e-01, Grad norm = 9.500873e-05, Beta update rate = 2.812335e-05
Epoch  14800 (0.3%): Train pred MSE = 1.034715e-05, Test pred MSE = 1.564062e-02, Param MSE = 1.560160e-01, Grad norm = 9.111215e-05, Beta update rate = 2.695810e-05
Epoch  15000 (0.3%): Train pred MSE = 9.550962e-06, Test pred MSE = 1.563996e-02, Param MSE = 1.560123e-01, Grad norm = 8.739006e-05, Beta update rate = 2.584610e-05
Epoch  15200 (0.3%): Train pred MSE = 8.818375e-06, Test pred MSE = 1.563932e-02, Param MSE = 1.560087e-01, Grad norm = 8.383373e-05, Beta update rate = 2.478455e-05
Epoch  15400 (0.3%): Train pred MSE = 8.144094e-06, Test pred MSE = 1.563872e-02, Param MSE = 1.560053e-01, Grad norm = 8.043493e-05, Beta update rate = 2.377086e-05
Epoch  15600 (0.3%): Train pred MSE = 7.523282e-06, Test pred MSE = 1.563814e-02, Param MSE = 1.560021e-01, Grad norm = 7.718589e-05, Beta update rate = 2.280256e-05
Epoch  15800 (0.3%): Train pred MSE = 6.951524e-06, Test pred MSE = 1.563760e-02, Param MSE = 1.559990e-01, Grad norm = 7.407929e-05, Beta update rate = 2.187735e-05
Epoch  16000 (0.3%): Train pred MSE = 6.424786e-06, Test pred MSE = 1.563708e-02, Param MSE = 1.559961e-01, Grad norm = 7.110821e-05, Beta update rate = 2.099306e-05
Epoch  16200 (0.3%): Train pred MSE = 5.939384e-06, Test pred MSE = 1.563658e-02, Param MSE = 1.559933e-01, Grad norm = 6.826613e-05, Beta update rate = 2.014766e-05
Epoch  16400 (0.3%): Train pred MSE = 5.491944e-06, Test pred MSE = 1.563611e-02, Param MSE = 1.559906e-01, Grad norm = 6.554686e-05, Beta update rate = 1.933922e-05
Epoch  16600 (0.3%): Train pred MSE = 5.079384e-06, Test pred MSE = 1.563565e-02, Param MSE = 1.559881e-01, Grad norm = 6.294456e-05, Beta update rate = 1.856593e-05
Epoch  16800 (0.3%): Train pred MSE = 4.698881e-06, Test pred MSE = 1.563522e-02, Param MSE = 1.559856e-01, Grad norm = 6.045370e-05, Beta update rate = 1.782610e-05
Epoch  17000 (0.3%): Train pred MSE = 4.347851e-06, Test pred MSE = 1.563480e-02, Param MSE = 1.559833e-01, Grad norm = 5.806906e-05, Beta update rate = 1.711810e-05
Epoch  17200 (0.3%): Train pred MSE = 4.023926e-06, Test pred MSE = 1.563441e-02, Param MSE = 1.559810e-01, Grad norm = 5.578568e-05, Beta update rate = 1.644042e-05
Epoch  17400 (0.3%): Train pred MSE = 3.724938e-06, Test pred MSE = 1.563402e-02, Param MSE = 1.559788e-01, Grad norm = 5.359885e-05, Beta update rate = 1.579162e-05
Epoch  17600 (0.4%): Train pred MSE = 3.448897e-06, Test pred MSE = 1.563366e-02, Param MSE = 1.559767e-01, Grad norm = 5.150413e-05, Beta update rate = 1.517035e-05
Epoch  17800 (0.4%): Train pred MSE = 3.193979e-06, Test pred MSE = 1.563331e-02, Param MSE = 1.559747e-01, Grad norm = 4.949730e-05, Beta update rate = 1.457532e-05
Epoch  18000 (0.4%): Train pred MSE = 2.958512e-06, Test pred MSE = 1.563297e-02, Param MSE = 1.559728e-01, Grad norm = 4.757434e-05, Beta update rate = 1.400532e-05
Epoch  18200 (0.4%): Train pred MSE = 2.740960e-06, Test pred MSE = 1.563264e-02, Param MSE = 1.559709e-01, Grad norm = 4.573144e-05, Beta update rate = 1.345918e-05
Epoch  18400 (0.4%): Train pred MSE = 2.539913e-06, Test pred MSE = 1.563233e-02, Param MSE = 1.559690e-01, Grad norm = 4.396501e-05, Beta update rate = 1.293583e-05
Epoch  18600 (0.4%): Train pred MSE = 2.354076e-06, Test pred MSE = 1.563203e-02, Param MSE = 1.559673e-01, Grad norm = 4.227160e-05, Beta update rate = 1.243423e-05
Epoch  18800 (0.4%): Train pred MSE = 2.182260e-06, Test pred MSE = 1.563174e-02, Param MSE = 1.559656e-01, Grad norm = 4.064794e-05, Beta update rate = 1.195339e-05
Epoch  19000 (0.4%): Train pred MSE = 2.023373e-06, Test pred MSE = 1.563146e-02, Param MSE = 1.559639e-01, Grad norm = 3.909095e-05, Beta update rate = 1.149238e-05
Epoch  19200 (0.4%): Train pred MSE = 1.876408e-06, Test pred MSE = 1.563119e-02, Param MSE = 1.559623e-01, Grad norm = 3.759765e-05, Beta update rate = 1.105032e-05
Epoch  19400 (0.4%): Train pred MSE = 1.740443e-06, Test pred MSE = 1.563094e-02, Param MSE = 1.559608e-01, Grad norm = 3.616526e-05, Beta update rate = 1.062636e-05
Epoch  19600 (0.4%): Train pred MSE = 1.614628e-06, Test pred MSE = 1.563069e-02, Param MSE = 1.559593e-01, Grad norm = 3.479108e-05, Beta update rate = 1.021972e-05
Epoch  19800 (0.4%): Train pred MSE = 1.498180e-06, Test pred MSE = 1.563045e-02, Param MSE = 1.559578e-01, Grad norm = 3.347259e-05, Beta update rate = 9.829613e-06
Epoch  20000 (0.4%): Train pred MSE = 1.390380e-06, Test pred MSE = 1.563021e-02, Param MSE = 1.559564e-01, Grad norm = 3.220735e-05, Beta update rate = 9.455332e-06
Epoch  20200 (0.4%): Train pred MSE = 1.290565e-06, Test pred MSE = 1.562999e-02, Param MSE = 1.559551e-01, Grad norm = 3.099305e-05, Beta update rate = 9.096184e-06
Epoch  20400 (0.4%): Train pred MSE = 1.198126e-06, Test pred MSE = 1.562977e-02, Param MSE = 1.559537e-01, Grad norm = 2.982750e-05, Beta update rate = 8.751513e-06
Epoch  20600 (0.4%): Train pred MSE = 1.112501e-06, Test pred MSE = 1.562957e-02, Param MSE = 1.559525e-01, Grad norm = 2.870860e-05, Beta update rate = 8.420694e-06
Epoch  20800 (0.4%): Train pred MSE = 1.033171e-06, Test pred MSE = 1.562937e-02, Param MSE = 1.559512e-01, Grad norm = 2.763435e-05, Beta update rate = 8.103132e-06
Epoch  21000 (0.4%): Train pred MSE = 9.596604e-07, Test pred MSE = 1.562917e-02, Param MSE = 1.559500e-01, Grad norm = 2.660283e-05, Beta update rate = 7.798260e-06
Epoch  21200 (0.4%): Train pred MSE = 8.915286e-07, Test pred MSE = 1.562898e-02, Param MSE = 1.559488e-01, Grad norm = 2.561224e-05, Beta update rate = 7.505535e-06
Epoch  21400 (0.4%): Train pred MSE = 8.283705e-07, Test pred MSE = 1.562880e-02, Param MSE = 1.559477e-01, Grad norm = 2.466084e-05, Beta update rate = 7.224443e-06
Epoch  21600 (0.4%): Train pred MSE = 7.698121e-07, Test pred MSE = 1.562863e-02, Param MSE = 1.559466e-01, Grad norm = 2.374696e-05, Beta update rate = 6.954490e-06
Epoch  21800 (0.4%): Train pred MSE = 7.155084e-07, Test pred MSE = 1.562846e-02, Param MSE = 1.559455e-01, Grad norm = 2.286904e-05, Beta update rate = 6.695207e-06
Epoch  22000 (0.4%): Train pred MSE = 6.651412e-07, Test pred MSE = 1.562830e-02, Param MSE = 1.559445e-01, Grad norm = 2.202555e-05, Beta update rate = 6.446146e-06
Epoch  22200 (0.4%): Train pred MSE = 6.184168e-07, Test pred MSE = 1.562814e-02, Param MSE = 1.559435e-01, Grad norm = 2.121506e-05, Beta update rate = 6.206877e-06
Epoch  22400 (0.4%): Train pred MSE = 5.750639e-07, Test pred MSE = 1.562799e-02, Param MSE = 1.559425e-01, Grad norm = 2.043619e-05, Beta update rate = 5.976993e-06
Epoch  22600 (0.5%): Train pred MSE = 5.348324e-07, Test pred MSE = 1.562784e-02, Param MSE = 1.559416e-01, Grad norm = 1.968763e-05, Beta update rate = 5.756102e-06
Epoch  22800 (0.5%): Train pred MSE = 4.974910e-07, Test pred MSE = 1.562770e-02, Param MSE = 1.559406e-01, Grad norm = 1.896812e-05, Beta update rate = 5.543830e-06
Epoch  23000 (0.5%): Train pred MSE = 4.628262e-07, Test pred MSE = 1.562756e-02, Param MSE = 1.559398e-01, Grad norm = 1.827646e-05, Beta update rate = 5.339823e-06
Epoch  23200 (0.5%): Train pred MSE = 4.306406e-07, Test pred MSE = 1.562743e-02, Param MSE = 1.559389e-01, Grad norm = 1.761150e-05, Beta update rate = 5.143737e-06
Epoch  23400 (0.5%): Train pred MSE = 4.007520e-07, Test pred MSE = 1.562730e-02, Param MSE = 1.559381e-01, Grad norm = 1.697214e-05, Beta update rate = 4.955248e-06
Epoch  23600 (0.5%): Train pred MSE = 3.729919e-07, Test pred MSE = 1.562718e-02, Param MSE = 1.559372e-01, Grad norm = 1.635734e-05, Beta update rate = 4.774044e-06
Epoch  23800 (0.5%): Train pred MSE = 3.472044e-07, Test pred MSE = 1.562706e-02, Param MSE = 1.559365e-01, Grad norm = 1.576609e-05, Beta update rate = 4.599827e-06
Epoch  24000 (0.5%): Train pred MSE = 3.232456e-07, Test pred MSE = 1.562694e-02, Param MSE = 1.559357e-01, Grad norm = 1.519743e-05, Beta update rate = 4.432311e-06
Epoch  24200 (0.5%): Train pred MSE = 3.009821e-07, Test pred MSE = 1.562683e-02, Param MSE = 1.559349e-01, Grad norm = 1.465045e-05, Beta update rate = 4.271224e-06
Epoch  24400 (0.5%): Train pred MSE = 2.802907e-07, Test pred MSE = 1.562673e-02, Param MSE = 1.559342e-01, Grad norm = 1.412426e-05, Beta update rate = 4.116305e-06
Epoch  24600 (0.5%): Train pred MSE = 2.610575e-07, Test pred MSE = 1.562662e-02, Param MSE = 1.559335e-01, Grad norm = 1.361803e-05, Beta update rate = 3.967304e-06
Epoch  24800 (0.5%): Train pred MSE = 2.431769e-07, Test pred MSE = 1.562652e-02, Param MSE = 1.559329e-01, Grad norm = 1.313096e-05, Beta update rate = 3.823983e-06
Epoch  25000 (0.5%): Train pred MSE = 2.265512e-07, Test pred MSE = 1.562642e-02, Param MSE = 1.559322e-01, Grad norm = 1.266227e-05, Beta update rate = 3.686112e-06
Epoch  25200 (0.5%): Train pred MSE = 2.110900e-07, Test pred MSE = 1.562633e-02, Param MSE = 1.559316e-01, Grad norm = 1.221122e-05, Beta update rate = 3.553473e-06
Epoch  25400 (0.5%): Train pred MSE = 1.967097e-07, Test pred MSE = 1.562624e-02, Param MSE = 1.559310e-01, Grad norm = 1.177712e-05, Beta update rate = 3.425856e-06
Epoch  25600 (0.5%): Train pred MSE = 1.833326e-07, Test pred MSE = 1.562615e-02, Param MSE = 1.559304e-01, Grad norm = 1.135929e-05, Beta update rate = 3.303060e-06
Epoch  25800 (0.5%): Train pred MSE = 1.708869e-07, Test pred MSE = 1.562607e-02, Param MSE = 1.559298e-01, Grad norm = 1.095708e-05, Beta update rate = 3.184892e-06
Epoch  26000 (0.5%): Train pred MSE = 1.593062e-07, Test pred MSE = 1.562598e-02, Param MSE = 1.559292e-01, Grad norm = 1.056986e-05, Beta update rate = 3.071170e-06
Epoch  26200 (0.5%): Train pred MSE = 1.485288e-07, Test pred MSE = 1.562591e-02, Param MSE = 1.559287e-01, Grad norm = 1.019706e-05, Beta update rate = 2.961715e-06
Epoch  26400 (0.5%): Train pred MSE = 1.384975e-07, Test pred MSE = 1.562583e-02, Param MSE = 1.559282e-01, Grad norm = 9.838100e-06, Beta update rate = 2.856360e-06
Epoch  26600 (0.5%): Train pred MSE = 1.291593e-07, Test pred MSE = 1.562576e-02, Param MSE = 1.559277e-01, Grad norm = 9.492435e-06, Beta update rate = 2.754942e-06
Epoch  26800 (0.5%): Train pred MSE = 1.204653e-07, Test pred MSE = 1.562568e-02, Param MSE = 1.559272e-01, Grad norm = 9.159545e-06, Beta update rate = 2.657306e-06
Epoch  27000 (0.5%): Train pred MSE = 1.123698e-07, Test pred MSE = 1.562562e-02, Param MSE = 1.559267e-01, Grad norm = 8.838930e-06, Beta update rate = 2.563304e-06
Epoch  27200 (0.5%): Train pred MSE = 1.048306e-07, Test pred MSE = 1.562555e-02, Param MSE = 1.559262e-01, Grad norm = 8.530111e-06, Beta update rate = 2.472792e-06
Epoch  27400 (0.5%): Train pred MSE = 9.780850e-08, Test pred MSE = 1.562548e-02, Param MSE = 1.559258e-01, Grad norm = 8.232629e-06, Beta update rate = 2.385634e-06
Epoch  27600 (0.6%): Train pred MSE = 9.126726e-08, Test pred MSE = 1.562542e-02, Param MSE = 1.559254e-01, Grad norm = 7.946044e-06, Beta update rate = 2.301700e-06
Epoch  27800 (0.6%): Train pred MSE = 8.517311e-08, Test pred MSE = 1.562536e-02, Param MSE = 1.559249e-01, Grad norm = 7.669933e-06, Beta update rate = 2.220863e-06
Epoch  28000 (0.6%): Train pred MSE = 7.949476e-08, Test pred MSE = 1.562530e-02, Param MSE = 1.559245e-01, Grad norm = 7.403892e-06, Beta update rate = 2.143003e-06
Epoch  28200 (0.6%): Train pred MSE = 7.420316e-08, Test pred MSE = 1.562525e-02, Param MSE = 1.559241e-01, Grad norm = 7.147534e-06, Beta update rate = 2.068004e-06
Epoch  28400 (0.6%): Train pred MSE = 6.927135e-08, Test pred MSE = 1.562519e-02, Param MSE = 1.559238e-01, Grad norm = 6.900484e-06, Beta update rate = 1.995757e-06
Epoch  28600 (0.6%): Train pred MSE = 6.467430e-08, Test pred MSE = 1.562514e-02, Param MSE = 1.559234e-01, Grad norm = 6.662388e-06, Beta update rate = 1.926154e-06
Epoch  28800 (0.6%): Train pred MSE = 6.038874e-08, Test pred MSE = 1.562509e-02, Param MSE = 1.559230e-01, Grad norm = 6.432901e-06, Beta update rate = 1.859094e-06
Epoch  29000 (0.6%): Train pred MSE = 5.639309e-08, Test pred MSE = 1.562504e-02, Param MSE = 1.559227e-01, Grad norm = 6.211696e-06, Beta update rate = 1.794478e-06
Epoch  29200 (0.6%): Train pred MSE = 5.266729e-08, Test pred MSE = 1.562500e-02, Param MSE = 1.559224e-01, Grad norm = 5.998457e-06, Beta update rate = 1.732214e-06
Epoch  29400 (0.6%): Train pred MSE = 4.919269e-08, Test pred MSE = 1.562495e-02, Param MSE = 1.559221e-01, Grad norm = 5.792882e-06, Beta update rate = 1.672210e-06
Epoch  29600 (0.6%): Train pred MSE = 4.595198e-08, Test pred MSE = 1.562491e-02, Param MSE = 1.559217e-01, Grad norm = 5.594679e-06, Beta update rate = 1.614382e-06
Epoch  29800 (0.6%): Train pred MSE = 4.292907e-08, Test pred MSE = 1.562486e-02, Param MSE = 1.559214e-01, Grad norm = 5.403571e-06, Beta update rate = 1.558645e-06
Epoch  30000 (0.6%): Train pred MSE = 4.010898e-08, Test pred MSE = 1.562482e-02, Param MSE = 1.559212e-01, Grad norm = 5.219290e-06, Beta update rate = 1.504920e-06
Epoch  30200 (0.6%): Train pred MSE = 3.747782e-08, Test pred MSE = 1.562478e-02, Param MSE = 1.559209e-01, Grad norm = 5.041578e-06, Beta update rate = 1.453131e-06
Epoch  30400 (0.6%): Train pred MSE = 3.502264e-08, Test pred MSE = 1.562475e-02, Param MSE = 1.559206e-01, Grad norm = 4.870190e-06, Beta update rate = 1.403205e-06
Epoch  30600 (0.6%): Train pred MSE = 3.273143e-08, Test pred MSE = 1.562471e-02, Param MSE = 1.559203e-01, Grad norm = 4.704888e-06, Beta update rate = 1.355071e-06
Epoch  30800 (0.6%): Train pred MSE = 3.059300e-08, Test pred MSE = 1.562467e-02, Param MSE = 1.559201e-01, Grad norm = 4.545445e-06, Beta update rate = 1.308661e-06
Epoch  31000 (0.6%): Train pred MSE = 2.859694e-08, Test pred MSE = 1.562464e-02, Param MSE = 1.559198e-01, Grad norm = 4.391642e-06, Beta update rate = 1.263911e-06
Epoch  31200 (0.6%): Train pred MSE = 2.673358e-08, Test pred MSE = 1.562461e-02, Param MSE = 1.559196e-01, Grad norm = 4.243270e-06, Beta update rate = 1.220758e-06
Epoch  31400 (0.6%): Train pred MSE = 2.499390e-08, Test pred MSE = 1.562457e-02, Param MSE = 1.559194e-01, Grad norm = 4.100127e-06, Beta update rate = 1.179143e-06
Epoch  31600 (0.6%): Train pred MSE = 2.336954e-08, Test pred MSE = 1.562454e-02, Param MSE = 1.559192e-01, Grad norm = 3.962019e-06, Beta update rate = 1.139007e-06
Epoch  31800 (0.6%): Train pred MSE = 2.185268e-08, Test pred MSE = 1.562451e-02, Param MSE = 1.559189e-01, Grad norm = 3.828760e-06, Beta update rate = 1.100296e-06
Epoch  32000 (0.6%): Train pred MSE = 2.043608e-08, Test pred MSE = 1.562448e-02, Param MSE = 1.559187e-01, Grad norm = 3.700172e-06, Beta update rate = 1.062957e-06
Epoch  32200 (0.6%): Train pred MSE = 1.911296e-08, Test pred MSE = 1.562446e-02, Param MSE = 1.559185e-01, Grad norm = 3.576082e-06, Beta update rate = 1.026939e-06
Epoch  32400 (0.6%): Train pred MSE = 1.787704e-08, Test pred MSE = 1.562443e-02, Param MSE = 1.559183e-01, Grad norm = 3.456325e-06, Beta update rate = 9.921922e-07
Epoch  32600 (0.7%): Train pred MSE = 1.672245e-08, Test pred MSE = 1.562440e-02, Param MSE = 1.559182e-01, Grad norm = 3.340743e-06, Beta update rate = 9.586700e-07
Epoch  32800 (0.7%): Train pred MSE = 1.564374e-08, Test pred MSE = 1.562438e-02, Param MSE = 1.559180e-01, Grad norm = 3.229182e-06, Beta update rate = 9.263272e-07
Epoch  33000 (0.7%): Train pred MSE = 1.463582e-08, Test pred MSE = 1.562435e-02, Param MSE = 1.559178e-01, Grad norm = 3.121497e-06, Beta update rate = 8.951202e-07
Epoch  33200 (0.7%): Train pred MSE = 1.369396e-08, Test pred MSE = 1.562433e-02, Param MSE = 1.559176e-01, Grad norm = 3.017546e-06, Beta update rate = 8.650074e-07
Epoch  33400 (0.7%): Train pred MSE = 1.281375e-08, Test pred MSE = 1.562431e-02, Param MSE = 1.559175e-01, Grad norm = 2.917193e-06, Beta update rate = 8.359484e-07
Epoch  33600 (0.7%): Train pred MSE = 1.199107e-08, Test pred MSE = 1.562429e-02, Param MSE = 1.559173e-01, Grad norm = 2.820309e-06, Beta update rate = 8.079047e-07
Epoch  33800 (0.7%): Train pred MSE = 1.122209e-08, Test pred MSE = 1.562427e-02, Param MSE = 1.559172e-01, Grad norm = 2.726766e-06, Beta update rate = 7.808392e-07
Epoch  34000 (0.7%): Train pred MSE = 1.050324e-08, Test pred MSE = 1.562424e-02, Param MSE = 1.559170e-01, Grad norm = 2.636446e-06, Beta update rate = 7.547161e-07
Epoch  34200 (0.7%): Train pred MSE = 9.831199e-09, Test pred MSE = 1.562423e-02, Param MSE = 1.559169e-01, Grad norm = 2.549231e-06, Beta update rate = 7.295011e-07
Epoch  34400 (0.7%): Train pred MSE = 9.202856e-09, Test pred MSE = 1.562421e-02, Param MSE = 1.559167e-01, Grad norm = 2.465010e-06, Beta update rate = 7.051612e-07
Epoch  34600 (0.7%): Train pred MSE = 8.615319e-09, Test pred MSE = 1.562419e-02, Param MSE = 1.559166e-01, Grad norm = 2.383675e-06, Beta update rate = 6.816646e-07
Epoch  34800 (0.7%): Train pred MSE = 8.065892e-09, Test pred MSE = 1.562417e-02, Param MSE = 1.559165e-01, Grad norm = 2.305124e-06, Beta update rate = 6.589808e-07
Epoch  35000 (0.7%): Train pred MSE = 7.552057e-09, Test pred MSE = 1.562415e-02, Param MSE = 1.559164e-01, Grad norm = 2.229256e-06, Beta update rate = 6.370804e-07
Epoch  35200 (0.7%): Train pred MSE = 7.071469e-09, Test pred MSE = 1.562414e-02, Param MSE = 1.559163e-01, Grad norm = 2.155976e-06, Beta update rate = 6.159351e-07
Epoch  35400 (0.7%): Train pred MSE = 6.621939e-09, Test pred MSE = 1.562412e-02, Param MSE = 1.559161e-01, Grad norm = 2.085192e-06, Beta update rate = 5.955178e-07
Epoch  35600 (0.7%): Train pred MSE = 6.201425e-09, Test pred MSE = 1.562411e-02, Param MSE = 1.559160e-01, Grad norm = 2.016814e-06, Beta update rate = 5.758023e-07
Epoch  35800 (0.7%): Train pred MSE = 5.808021e-09, Test pred MSE = 1.562409e-02, Param MSE = 1.559159e-01, Grad norm = 1.950759e-06, Beta update rate = 5.567633e-07
Epoch  36000 (0.7%): Train pred MSE = 5.439951e-09, Test pred MSE = 1.562408e-02, Param MSE = 1.559158e-01, Grad norm = 1.886942e-06, Beta update rate = 5.383767e-07
Epoch  36200 (0.7%): Train pred MSE = 5.095555e-09, Test pred MSE = 1.562406e-02, Param MSE = 1.559157e-01, Grad norm = 1.825286e-06, Beta update rate = 5.206191e-07
Epoch  36400 (0.7%): Train pred MSE = 4.773285e-09, Test pred MSE = 1.562405e-02, Param MSE = 1.559156e-01, Grad norm = 1.765713e-06, Beta update rate = 5.034681e-07
Epoch  36600 (0.7%): Train pred MSE = 4.471696e-09, Test pred MSE = 1.562404e-02, Param MSE = 1.559155e-01, Grad norm = 1.708152e-06, Beta update rate = 4.869021e-07
Epoch  36800 (0.7%): Train pred MSE = 4.189439e-09, Test pred MSE = 1.562402e-02, Param MSE = 1.559154e-01, Grad norm = 1.652530e-06, Beta update rate = 4.709003e-07
Epoch  37000 (0.7%): Train pred MSE = 3.925255e-09, Test pred MSE = 1.562401e-02, Param MSE = 1.559154e-01, Grad norm = 1.598779e-06, Beta update rate = 4.554427e-07
Epoch  37200 (0.7%): Train pred MSE = 3.677968e-09, Test pred MSE = 1.562400e-02, Param MSE = 1.559153e-01, Grad norm = 1.546836e-06, Beta update rate = 4.405100e-07
Epoch  37400 (0.7%): Train pred MSE = 3.446480e-09, Test pred MSE = 1.562399e-02, Param MSE = 1.559152e-01, Grad norm = 1.496635e-06, Beta update rate = 4.260835e-07
Epoch  37600 (0.8%): Train pred MSE = 3.229765e-09, Test pred MSE = 1.562398e-02, Param MSE = 1.559151e-01, Grad norm = 1.448116e-06, Beta update rate = 4.121456e-07
Epoch  37800 (0.8%): Train pred MSE = 3.026867e-09, Test pred MSE = 1.562397e-02, Param MSE = 1.559150e-01, Grad norm = 1.401221e-06, Beta update rate = 3.986788e-07
Epoch  38000 (0.8%): Train pred MSE = 2.836890e-09, Test pred MSE = 1.562396e-02, Param MSE = 1.559150e-01, Grad norm = 1.355893e-06, Beta update rate = 3.856668e-07
Epoch  38200 (0.8%): Train pred MSE = 2.658999e-09, Test pred MSE = 1.562395e-02, Param MSE = 1.559149e-01, Grad norm = 1.312078e-06, Beta update rate = 3.730934e-07
Epoch  38400 (0.8%): Train pred MSE = 2.492413e-09, Test pred MSE = 1.562394e-02, Param MSE = 1.559148e-01, Grad norm = 1.269723e-06, Beta update rate = 3.609433e-07
Epoch  38600 (0.8%): Train pred MSE = 2.336404e-09, Test pred MSE = 1.562393e-02, Param MSE = 1.559148e-01, Grad norm = 1.228778e-06, Beta update rate = 3.492017e-07
Epoch  38800 (0.8%): Train pred MSE = 2.190289e-09, Test pred MSE = 1.562392e-02, Param MSE = 1.559147e-01, Grad norm = 1.189194e-06, Beta update rate = 3.378544e-07
Epoch  39000 (0.8%): Train pred MSE = 2.053432e-09, Test pred MSE = 1.562391e-02, Param MSE = 1.559146e-01, Grad norm = 1.150924e-06, Beta update rate = 3.268875e-07
Epoch  39200 (0.8%): Train pred MSE = 1.925237e-09, Test pred MSE = 1.562390e-02, Param MSE = 1.559146e-01, Grad norm = 1.113923e-06, Beta update rate = 3.162879e-07
Epoch  39400 (0.8%): Train pred MSE = 1.805148e-09, Test pred MSE = 1.562390e-02, Param MSE = 1.559145e-01, Grad norm = 1.078147e-06, Beta update rate = 3.060427e-07
Epoch  39600 (0.8%): Train pred MSE = 1.692646e-09, Test pred MSE = 1.562389e-02, Param MSE = 1.559145e-01, Grad norm = 1.043554e-06, Beta update rate = 2.961396e-07
Epoch  39800 (0.8%): Train pred MSE = 1.587244e-09, Test pred MSE = 1.562388e-02, Param MSE = 1.559144e-01, Grad norm = 1.010103e-06, Beta update rate = 2.865669e-07
Epoch  40000 (0.8%): Train pred MSE = 1.488488e-09, Test pred MSE = 1.562387e-02, Param MSE = 1.559144e-01, Grad norm = 9.777564e-07, Beta update rate = 2.773130e-07
Epoch  40200 (0.8%): Train pred MSE = 1.395952e-09, Test pred MSE = 1.562387e-02, Param MSE = 1.559143e-01, Grad norm = 9.464753e-07, Beta update rate = 2.683669e-07
Epoch  40400 (0.8%): Train pred MSE = 1.309240e-09, Test pred MSE = 1.562386e-02, Param MSE = 1.559143e-01, Grad norm = 9.162235e-07, Beta update rate = 2.597181e-07
Epoch  40600 (0.8%): Train pred MSE = 1.227980e-09, Test pred MSE = 1.562385e-02, Param MSE = 1.559142e-01, Grad norm = 8.869660e-07, Beta update rate = 2.513563e-07
Epoch  40800 (0.8%): Train pred MSE = 1.151825e-09, Test pred MSE = 1.562385e-02, Param MSE = 1.559142e-01, Grad norm = 8.586691e-07, Beta update rate = 2.432716e-07
Epoch  41000 (0.8%): Train pred MSE = 1.080449e-09, Test pred MSE = 1.562384e-02, Param MSE = 1.559141e-01, Grad norm = 8.313000e-07, Beta update rate = 2.354545e-07
Epoch  41200 (0.8%): Train pred MSE = 1.013549e-09, Test pred MSE = 1.562384e-02, Param MSE = 1.559141e-01, Grad norm = 8.048273e-07, Beta update rate = 2.278958e-07
Epoch  41400 (0.8%): Train pred MSE = 9.508394e-10, Test pred MSE = 1.562383e-02, Param MSE = 1.559141e-01, Grad norm = 7.792207e-07, Beta update rate = 2.205868e-07
Epoch  41600 (0.8%): Train pred MSE = 8.920554e-10, Test pred MSE = 1.562383e-02, Param MSE = 1.559140e-01, Grad norm = 7.544508e-07, Beta update rate = 2.135188e-07
Epoch  41800 (0.8%): Train pred MSE = 8.369476e-10, Test pred MSE = 1.562382e-02, Param MSE = 1.559140e-01, Grad norm = 7.304895e-07, Beta update rate = 2.066836e-07
Epoch  42000 (0.8%): Train pred MSE = 7.852831e-10, Test pred MSE = 1.562382e-02, Param MSE = 1.559140e-01, Grad norm = 7.073094e-07, Beta update rate = 2.000734e-07
Epoch  42200 (0.8%): Train pred MSE = 7.368442e-10, Test pred MSE = 1.562381e-02, Param MSE = 1.559139e-01, Grad norm = 6.848842e-07, Beta update rate = 1.936804e-07
Epoch  42400 (0.8%): Train pred MSE = 6.914268e-10, Test pred MSE = 1.562381e-02, Param MSE = 1.559139e-01, Grad norm = 6.631886e-07, Beta update rate = 1.874972e-07
Epoch  42600 (0.9%): Train pred MSE = 6.488401e-10, Test pred MSE = 1.562380e-02, Param MSE = 1.559139e-01, Grad norm = 6.421981e-07, Beta update rate = 1.815169e-07
Epoch  42800 (0.9%): Train pred MSE = 6.089054e-10, Test pred MSE = 1.562380e-02, Param MSE = 1.559138e-01, Grad norm = 6.218890e-07, Beta update rate = 1.757323e-07
Epoch  43000 (0.9%): Train pred MSE = 5.714556e-10, Test pred MSE = 1.562379e-02, Param MSE = 1.559138e-01, Grad norm = 6.022384e-07, Beta update rate = 1.701371e-07
Epoch  43200 (0.9%): Train pred MSE = 5.363342e-10, Test pred MSE = 1.562379e-02, Param MSE = 1.559138e-01, Grad norm = 5.832245e-07, Beta update rate = 1.647247e-07
Epoch  43400 (0.9%): Train pred MSE = 5.033946e-10, Test pred MSE = 1.562379e-02, Param MSE = 1.559137e-01, Grad norm = 5.648258e-07, Beta update rate = 1.594890e-07
Epoch  43600 (0.9%): Train pred MSE = 4.724996e-10, Test pred MSE = 1.562378e-02, Param MSE = 1.559137e-01, Grad norm = 5.470219e-07, Beta update rate = 1.544240e-07
Epoch  43800 (0.9%): Train pred MSE = 4.435209e-10, Test pred MSE = 1.562378e-02, Param MSE = 1.559137e-01, Grad norm = 5.297930e-07, Beta update rate = 1.495240e-07
Epoch  44000 (0.9%): Train pred MSE = 4.163382e-10, Test pred MSE = 1.562377e-02, Param MSE = 1.559137e-01, Grad norm = 5.131200e-07, Beta update rate = 1.447834e-07
Epoch  44200 (0.9%): Train pred MSE = 3.908388e-10, Test pred MSE = 1.562377e-02, Param MSE = 1.559136e-01, Grad norm = 4.969843e-07, Beta update rate = 1.401970e-07
Epoch  44400 (0.9%): Train pred MSE = 3.669173e-10, Test pred MSE = 1.562377e-02, Param MSE = 1.559136e-01, Grad norm = 4.813681e-07, Beta update rate = 1.357594e-07
Epoch  44600 (0.9%): Train pred MSE = 3.444750e-10, Test pred MSE = 1.562377e-02, Param MSE = 1.559136e-01, Grad norm = 4.662543e-07, Beta update rate = 1.314659e-07
Epoch  44800 (0.9%): Train pred MSE = 3.234193e-10, Test pred MSE = 1.562376e-02, Param MSE = 1.559136e-01, Grad norm = 4.516262e-07, Beta update rate = 1.273114e-07
Epoch  45000 (0.9%): Train pred MSE = 3.036636e-10, Test pred MSE = 1.562376e-02, Param MSE = 1.559135e-01, Grad norm = 4.374676e-07, Beta update rate = 1.232914e-07
Epoch  45200 (0.9%): Train pred MSE = 2.851267e-10, Test pred MSE = 1.562376e-02, Param MSE = 1.559135e-01, Grad norm = 4.237632e-07, Beta update rate = 1.194015e-07
Epoch  45400 (0.9%): Train pred MSE = 2.677326e-10, Test pred MSE = 1.562375e-02, Param MSE = 1.559135e-01, Grad norm = 4.104980e-07, Beta update rate = 1.156372e-07
Epoch  45600 (0.9%): Train pred MSE = 2.514100e-10, Test pred MSE = 1.562375e-02, Param MSE = 1.559135e-01, Grad norm = 3.976574e-07, Beta update rate = 1.119944e-07
Epoch  45800 (0.9%): Train pred MSE = 2.360923e-10, Test pred MSE = 1.562375e-02, Param MSE = 1.559135e-01, Grad norm = 3.852275e-07, Beta update rate = 1.084691e-07
Epoch  46000 (0.9%): Train pred MSE = 2.217168e-10, Test pred MSE = 1.562375e-02, Param MSE = 1.559135e-01, Grad norm = 3.731949e-07, Beta update rate = 1.050573e-07
Epoch  46200 (0.9%): Train pred MSE = 2.082251e-10, Test pred MSE = 1.562374e-02, Param MSE = 1.559134e-01, Grad norm = 3.615464e-07, Beta update rate = 1.017554e-07
Epoch  46400 (0.9%): Train pred MSE = 1.955622e-10, Test pred MSE = 1.562374e-02, Param MSE = 1.559134e-01, Grad norm = 3.502694e-07, Beta update rate = 9.855957e-08
Epoch  46600 (0.9%): Train pred MSE = 1.836766e-10, Test pred MSE = 1.562374e-02, Param MSE = 1.559134e-01, Grad norm = 3.393518e-07, Beta update rate = 9.546643e-08
Epoch  46800 (0.9%): Train pred MSE = 1.725202e-10, Test pred MSE = 1.562374e-02, Param MSE = 1.559134e-01, Grad norm = 3.287819e-07, Beta update rate = 9.247255e-08
Epoch  47000 (0.9%): Train pred MSE = 1.620477e-10, Test pred MSE = 1.562373e-02, Param MSE = 1.559134e-01, Grad norm = 3.185483e-07, Beta update rate = 8.957467e-08
Epoch  47200 (0.9%): Train pred MSE = 1.522167e-10, Test pred MSE = 1.562373e-02, Param MSE = 1.559134e-01, Grad norm = 3.086399e-07, Beta update rate = 8.676962e-08
Epoch  47400 (0.9%): Train pred MSE = 1.429876e-10, Test pred MSE = 1.562373e-02, Param MSE = 1.559134e-01, Grad norm = 2.990462e-07, Beta update rate = 8.405434e-08
Epoch  47600 (1.0%): Train pred MSE = 1.343232e-10, Test pred MSE = 1.562373e-02, Param MSE = 1.559133e-01, Grad norm = 2.897570e-07, Beta update rate = 8.142589e-08
Epoch  47800 (1.0%): Train pred MSE = 1.261885e-10, Test pred MSE = 1.562373e-02, Param MSE = 1.559133e-01, Grad norm = 2.807623e-07, Beta update rate = 7.888141e-08
Epoch  48000 (1.0%): Train pred MSE = 1.185509e-10, Test pred MSE = 1.562373e-02, Param MSE = 1.559133e-01, Grad norm = 2.720525e-07, Beta update rate = 7.641815e-08
Epoch  48200 (1.0%): Train pred MSE = 1.113796e-10, Test pred MSE = 1.562372e-02, Param MSE = 1.559133e-01, Grad norm = 2.636184e-07, Beta update rate = 7.403345e-08
Epoch  48400 (1.0%): Train pred MSE = 1.046460e-10, Test pred MSE = 1.562372e-02, Param MSE = 1.559133e-01, Grad norm = 2.554511e-07, Beta update rate = 7.172474e-08
Epoch  48600 (1.0%): Train pred MSE = 9.832295e-11, Test pred MSE = 1.562372e-02, Param MSE = 1.559133e-01, Grad norm = 2.475419e-07, Beta update rate = 6.948953e-08

Training completed at epoch 48600
Stop reason: train_pred_mse
Final Train pred MSE = 9.832295e-11
Final Test pred MSE = 1.562372e-02
Final Param MSE = 1.559133e-01
Final Grad norm = 2.475419e-07
Final Beta update rate = 6.948953e-08
Success flag: True (train_pred_mse < 1.00e-10)
Results metadata saved to results/diagonal/step1_mixture/pi_A=0.90--alpha=0.300000--seed=0/results_meta.json
Saved c_vec to results/diagonal/step1_mixture/pi_A=0.90--alpha=0.300000--seed=0/c_vec.npy

Results saved to results/diagonal/step1_mixture/pi_A=0.90--alpha=0.300000--seed=0/
Total jobs in this sweep: 108
Pi_A values: [0.1, 0.5, 0.9]
Alpha values: [0.05, 0.1, 0.2, 0.25, 0.3, 0.4, 0.5, 0.6, 0.7, 0.8, 0.9, 1.0]
Seeds: [0, 1, 2]
================================================================================
Step 1 Mixture Sweep - Experiment Parameters:
================================================================================
  c: 0.001
  c_A: 0.001
  c_B: 0.5
  c_mode: mixture
  epochs: 5000000
  init_method: complex
  inp_dim: 1000
  lmda: 0.0
  lr: 0.5
  n_test: 10000
  n_train: 300
  no_tuning: True
  pi_A: 0.9
  rho: 0.04
  save_folder: results/diagonal/step1_mixture/pi_A=0.90--alpha=0.300000--seed=0/
  scaling: 1.0
  seed: 0
  test_every_n_epochs: 200
  threshold: 1e-12
================================================================================

Running training script...

Extracting results and saving to CSV...
Results appended to /home/na658/multi-task2/experiment_results_step1_mixture.csv

✓ Experiment 84 completed successfully
[SLURM] Job 20446066 task 84 finished
