[SLURM] Job 20446154 task 42 starting on cpu-q-401
[SLURM] Step 2 Support Sweep
[SLURM] Using Python: /home/na658/.conda/envs/mtl_ft/bin/python
Starting diagonal network pretrain BG script...

================================================================================
SCRIPT STARTED - Running diagonal network BG experiment...
================================================================================

================================================================================
EXPERIMENT SETTINGS
================================================================================
Seed: 0
Input dimension: 1000
Sparsity (rho): 0.04
Training samples: 200
Test samples: 10000
Learning rate: 0.5
Max epochs: 5000000
Test every N epochs: 200
Convergence threshold: 1e-12
Stop pred MSE: 1e-10
Stop beta rate: disabled
Stop grad norm: disabled
LR decay: disabled
LR decay interval: 2000
Scaling: 1.0
Lambda (λ): 0.0
C parameter: 0.001
Initialization method: complex
Learning rate tuning: False
Save folder: results/diagonal/step2_support/c_nz=0.500000--c_z=0.001000--alpha=0.200000--seed=0/
C mode: support
  c_nz=0.5, c_z=0.001
================================================================================
Starting training...
================================================================================
[c_mode=support] support fraction=0.0570 (rho=0.04)
[c_mode=support] c_nz=0.5, c_z=0.001
Per-coordinate c init: c_vec range [0.001000, 0.500000]

Starting training loop (max 5000000 epochs, threshold=1.00e-12)...
Epoch      0 (0.0%): Train pred MSE = 8.840662e+00, Test pred MSE = 1.596691e-01, Param MSE = 1.592296e+00, Grad norm = 5.051825e-01, Beta update rate = nan
Epoch    200 (0.0%): Train pred MSE = 3.883321e-02, Test pred MSE = 1.970106e-03, Param MSE = 1.962964e-02, Grad norm = 3.527102e-02, Beta update rate = 1.906773e-01
Epoch    400 (0.0%): Train pred MSE = 2.237687e-03, Test pred MSE = 1.739460e-04, Param MSE = 1.751807e-03, Grad norm = 7.158410e-03, Beta update rate = 1.659831e-02
Epoch    600 (0.0%): Train pred MSE = 3.660710e-04, Test pred MSE = 5.065515e-05, Param MSE = 5.080470e-04, Grad norm = 2.273860e-03, Beta update rate = 3.337598e-03
Epoch    800 (0.0%): Train pred MSE = 1.355428e-04, Test pred MSE = 2.905329e-05, Param MSE = 2.907601e-04, Grad norm = 9.247662e-04, Beta update rate = 1.113111e-03
Epoch   1000 (0.0%): Train pred MSE = 9.022333e-05, Test pred MSE = 2.326914e-05, Param MSE = 2.330313e-04, Grad norm = 4.801618e-04, Beta update rate = 4.369191e-04
Epoch   1200 (0.0%): Train pred MSE = 7.471394e-05, Test pred MSE = 2.103071e-05, Param MSE = 2.108183e-04, Grad norm = 3.302986e-04, Beta update rate = 1.916170e-04
Epoch   1400 (0.0%): Train pred MSE = 6.577855e-05, Test pred MSE = 1.983562e-05, Param MSE = 1.989587e-04, Grad norm = 2.749812e-04, Beta update rate = 9.619912e-05
Epoch   1600 (0.0%): Train pred MSE = 5.901909e-05, Test pred MSE = 1.903120e-05, Param MSE = 1.909520e-04, Grad norm = 2.472450e-04, Beta update rate = 5.813679e-05
Epoch   1800 (0.0%): Train pred MSE = 5.339165e-05, Test pred MSE = 1.840907e-05, Param MSE = 1.847421e-04, Grad norm = 2.280278e-04, Beta update rate = 4.267719e-05
Epoch   2000 (0.0%): Train pred MSE = 4.855400e-05, Test pred MSE = 1.789013e-05, Param MSE = 1.795531e-04, Grad norm = 2.123050e-04, Beta update rate = 3.553112e-05
Epoch   2200 (0.0%): Train pred MSE = 4.433866e-05, Test pred MSE = 1.743936e-05, Param MSE = 1.750416e-04, Grad norm = 1.986326e-04, Beta update rate = 3.133762e-05
Epoch   2400 (0.0%): Train pred MSE = 4.063580e-05, Test pred MSE = 1.703887e-05, Param MSE = 1.710319e-04, Grad norm = 1.864766e-04, Beta update rate = 2.832065e-05
Epoch   2600 (0.1%): Train pred MSE = 3.736298e-05, Test pred MSE = 1.667822e-05, Param MSE = 1.674207e-04, Grad norm = 1.755580e-04, Beta update rate = 2.589299e-05
Epoch   2800 (0.1%): Train pred MSE = 3.445496e-05, Test pred MSE = 1.635062e-05, Param MSE = 1.641406e-04, Grad norm = 1.656882e-04, Beta update rate = 2.383422e-05
Epoch   3000 (0.1%): Train pred MSE = 3.185892e-05, Test pred MSE = 1.605121e-05, Param MSE = 1.611428e-04, Grad norm = 1.567221e-04, Beta update rate = 2.204313e-05
Epoch   3200 (0.1%): Train pred MSE = 2.953151e-05, Test pred MSE = 1.577625e-05, Param MSE = 1.583903e-04, Grad norm = 1.485422e-04, Beta update rate = 2.046266e-05
Epoch   3400 (0.1%): Train pred MSE = 2.743681e-05, Test pred MSE = 1.552278e-05, Param MSE = 1.558530e-04, Grad norm = 1.410514e-04, Beta update rate = 1.905531e-05
Epoch   3600 (0.1%): Train pred MSE = 2.554479e-05, Test pred MSE = 1.528834e-05, Param MSE = 1.535064e-04, Grad norm = 1.341681e-04, Beta update rate = 1.779381e-05
Epoch   3800 (0.1%): Train pred MSE = 2.383019e-05, Test pred MSE = 1.507087e-05, Param MSE = 1.513298e-04, Grad norm = 1.278234e-04, Beta update rate = 1.665713e-05
Epoch   4000 (0.1%): Train pred MSE = 2.227163e-05, Test pred MSE = 1.486860e-05, Param MSE = 1.493055e-04, Grad norm = 1.219583e-04, Beta update rate = 1.562841e-05
Epoch   4200 (0.1%): Train pred MSE = 2.085085e-05, Test pred MSE = 1.468001e-05, Param MSE = 1.474181e-04, Grad norm = 1.165223e-04, Beta update rate = 1.469382e-05
Epoch   4400 (0.1%): Train pred MSE = 1.955223e-05, Test pred MSE = 1.450379e-05, Param MSE = 1.456546e-04, Grad norm = 1.114717e-04, Beta update rate = 1.384182e-05
Epoch   4600 (0.1%): Train pred MSE = 1.836231e-05, Test pred MSE = 1.433878e-05, Param MSE = 1.440033e-04, Grad norm = 1.067684e-04, Beta update rate = 1.306268e-05
Epoch   4800 (0.1%): Train pred MSE = 1.726945e-05, Test pred MSE = 1.418397e-05, Param MSE = 1.424541e-04, Grad norm = 1.023793e-04, Beta update rate = 1.234812e-05
Epoch   5000 (0.1%): Train pred MSE = 1.626351e-05, Test pred MSE = 1.403847e-05, Param MSE = 1.409980e-04, Grad norm = 9.827532e-05, Beta update rate = 1.169103e-05
Epoch   5200 (0.1%): Train pred MSE = 1.533567e-05, Test pred MSE = 1.390148e-05, Param MSE = 1.396271e-04, Grad norm = 9.443073e-05, Beta update rate = 1.108527e-05
Epoch   5400 (0.1%): Train pred MSE = 1.447819e-05, Test pred MSE = 1.377232e-05, Param MSE = 1.383344e-04, Grad norm = 9.082286e-05, Beta update rate = 1.052553e-05
Epoch   5600 (0.1%): Train pred MSE = 1.368427e-05, Test pred MSE = 1.365033e-05, Param MSE = 1.371135e-04, Grad norm = 8.743154e-05, Beta update rate = 1.000718e-05
Epoch   5800 (0.1%): Train pred MSE = 1.294789e-05, Test pred MSE = 1.353497e-05, Param MSE = 1.359589e-04, Grad norm = 8.423880e-05, Beta update rate = 9.526165e-06
Epoch   6000 (0.1%): Train pred MSE = 1.226376e-05, Test pred MSE = 1.342573e-05, Param MSE = 1.348655e-04, Grad norm = 8.122857e-05, Beta update rate = 9.078921e-06
Epoch   6200 (0.1%): Train pred MSE = 1.162715e-05, Test pred MSE = 1.332215e-05, Param MSE = 1.338287e-04, Grad norm = 7.838642e-05, Beta update rate = 8.662307e-06
Epoch   6400 (0.1%): Train pred MSE = 1.103388e-05, Test pred MSE = 1.322383e-05, Param MSE = 1.328444e-04, Grad norm = 7.569941e-05, Beta update rate = 8.273547e-06
Epoch   6600 (0.1%): Train pred MSE = 1.048019e-05, Test pred MSE = 1.313039e-05, Param MSE = 1.319089e-04, Grad norm = 7.315582e-05, Beta update rate = 7.910173e-06
Epoch   6800 (0.1%): Train pred MSE = 9.962736e-06, Test pred MSE = 1.304149e-05, Param MSE = 1.310188e-04, Grad norm = 7.074509e-05, Beta update rate = 7.569992e-06
Epoch   7000 (0.1%): Train pred MSE = 9.478514e-06, Test pred MSE = 1.295682e-05, Param MSE = 1.301710e-04, Grad norm = 6.845764e-05, Beta update rate = 7.251042e-06
Epoch   7200 (0.1%): Train pred MSE = 9.024821e-06, Test pred MSE = 1.287612e-05, Param MSE = 1.293628e-04, Grad norm = 6.628474e-05, Beta update rate = 6.951570e-06
Epoch   7400 (0.1%): Train pred MSE = 8.599221e-06, Test pred MSE = 1.279911e-05, Param MSE = 1.285915e-04, Grad norm = 6.421848e-05, Beta update rate = 6.670000e-06
Epoch   7600 (0.2%): Train pred MSE = 8.199516e-06, Test pred MSE = 1.272556e-05, Param MSE = 1.278549e-04, Grad norm = 6.225162e-05, Beta update rate = 6.404917e-06
Epoch   7800 (0.2%): Train pred MSE = 7.823717e-06, Test pred MSE = 1.265527e-05, Param MSE = 1.271508e-04, Grad norm = 6.037754e-05, Beta update rate = 6.155042e-06
Epoch   8000 (0.2%): Train pred MSE = 7.470020e-06, Test pred MSE = 1.258802e-05, Param MSE = 1.264771e-04, Grad norm = 5.859019e-05, Beta update rate = 5.919220e-06
Epoch   8200 (0.2%): Train pred MSE = 7.136788e-06, Test pred MSE = 1.252365e-05, Param MSE = 1.258321e-04, Grad norm = 5.688402e-05, Beta update rate = 5.696407e-06
Epoch   8400 (0.2%): Train pred MSE = 6.822531e-06, Test pred MSE = 1.246198e-05, Param MSE = 1.252141e-04, Grad norm = 5.525391e-05, Beta update rate = 5.485652e-06
Epoch   8600 (0.2%): Train pred MSE = 6.525889e-06, Test pred MSE = 1.240285e-05, Param MSE = 1.246216e-04, Grad norm = 5.369517e-05, Beta update rate = 5.286092e-06
Epoch   8800 (0.2%): Train pred MSE = 6.245624e-06, Test pred MSE = 1.234612e-05, Param MSE = 1.240530e-04, Grad norm = 5.220346e-05, Beta update rate = 5.096941e-06
Epoch   9000 (0.2%): Train pred MSE = 5.980602e-06, Test pred MSE = 1.229166e-05, Param MSE = 1.235072e-04, Grad norm = 5.077478e-05, Beta update rate = 4.917481e-06
Epoch   9200 (0.2%): Train pred MSE = 5.729784e-06, Test pred MSE = 1.223935e-05, Param MSE = 1.229827e-04, Grad norm = 4.940543e-05, Beta update rate = 4.747056e-06
Epoch   9400 (0.2%): Train pred MSE = 5.492218e-06, Test pred MSE = 1.218906e-05, Param MSE = 1.224785e-04, Grad norm = 4.809198e-05, Beta update rate = 4.585065e-06
Epoch   9600 (0.2%): Train pred MSE = 5.267030e-06, Test pred MSE = 1.214070e-05, Param MSE = 1.219936e-04, Grad norm = 4.683127e-05, Beta update rate = 4.430955e-06
Epoch   9800 (0.2%): Train pred MSE = 5.053414e-06, Test pred MSE = 1.209416e-05, Param MSE = 1.215268e-04, Grad norm = 4.562034e-05, Beta update rate = 4.284221e-06
Epoch  10000 (0.2%): Train pred MSE = 4.850631e-06, Test pred MSE = 1.204935e-05, Param MSE = 1.210774e-04, Grad norm = 4.445646e-05, Beta update rate = 4.144396e-06
Epoch  10200 (0.2%): Train pred MSE = 4.657996e-06, Test pred MSE = 1.200618e-05, Param MSE = 1.206444e-04, Grad norm = 4.333707e-05, Beta update rate = 4.011051e-06
Epoch  10400 (0.2%): Train pred MSE = 4.474880e-06, Test pred MSE = 1.196457e-05, Param MSE = 1.202269e-04, Grad norm = 4.225982e-05, Beta update rate = 3.883790e-06
Epoch  10600 (0.2%): Train pred MSE = 4.300698e-06, Test pred MSE = 1.192445e-05, Param MSE = 1.198244e-04, Grad norm = 4.122247e-05, Beta update rate = 3.762245e-06
Epoch  10800 (0.2%): Train pred MSE = 4.134911e-06, Test pred MSE = 1.188574e-05, Param MSE = 1.194359e-04, Grad norm = 4.022298e-05, Beta update rate = 3.646079e-06
Epoch  11000 (0.2%): Train pred MSE = 3.977019e-06, Test pred MSE = 1.184837e-05, Param MSE = 1.190609e-04, Grad norm = 3.925941e-05, Beta update rate = 3.534977e-06
Epoch  11200 (0.2%): Train pred MSE = 3.826557e-06, Test pred MSE = 1.181229e-05, Param MSE = 1.186988e-04, Grad norm = 3.832997e-05, Beta update rate = 3.428648e-06
Epoch  11400 (0.2%): Train pred MSE = 3.683096e-06, Test pred MSE = 1.177744e-05, Param MSE = 1.183489e-04, Grad norm = 3.743295e-05, Beta update rate = 3.326822e-06
Epoch  11600 (0.2%): Train pred MSE = 3.546233e-06, Test pred MSE = 1.174375e-05, Param MSE = 1.180107e-04, Grad norm = 3.656678e-05, Beta update rate = 3.229248e-06
Epoch  11800 (0.2%): Train pred MSE = 3.415597e-06, Test pred MSE = 1.171118e-05, Param MSE = 1.176837e-04, Grad norm = 3.572998e-05, Beta update rate = 3.135692e-06
Epoch  12000 (0.2%): Train pred MSE = 3.290839e-06, Test pred MSE = 1.167968e-05, Param MSE = 1.173673e-04, Grad norm = 3.492116e-05, Beta update rate = 3.045935e-06
Epoch  12200 (0.2%): Train pred MSE = 3.171637e-06, Test pred MSE = 1.164919e-05, Param MSE = 1.170612e-04, Grad norm = 3.413901e-05, Beta update rate = 2.959775e-06
Epoch  12400 (0.2%): Train pred MSE = 3.057687e-06, Test pred MSE = 1.161969e-05, Param MSE = 1.167648e-04, Grad norm = 3.338230e-05, Beta update rate = 2.877022e-06
Epoch  12600 (0.3%): Train pred MSE = 2.948707e-06, Test pred MSE = 1.159111e-05, Param MSE = 1.164777e-04, Grad norm = 3.264988e-05, Beta update rate = 2.797499e-06
Epoch  12800 (0.3%): Train pred MSE = 2.844434e-06, Test pred MSE = 1.156344e-05, Param MSE = 1.161997e-04, Grad norm = 3.194066e-05, Beta update rate = 2.721039e-06
Epoch  13000 (0.3%): Train pred MSE = 2.744620e-06, Test pred MSE = 1.153662e-05, Param MSE = 1.159302e-04, Grad norm = 3.125362e-05, Beta update rate = 2.647489e-06
Epoch  13200 (0.3%): Train pred MSE = 2.649033e-06, Test pred MSE = 1.151062e-05, Param MSE = 1.156689e-04, Grad norm = 3.058778e-05, Beta update rate = 2.576701e-06
Epoch  13400 (0.3%): Train pred MSE = 2.557457e-06, Test pred MSE = 1.148541e-05, Param MSE = 1.154156e-04, Grad norm = 2.994224e-05, Beta update rate = 2.508541e-06
Epoch  13600 (0.3%): Train pred MSE = 2.469689e-06, Test pred MSE = 1.146096e-05, Param MSE = 1.151698e-04, Grad norm = 2.931614e-05, Beta update rate = 2.442879e-06
Epoch  13800 (0.3%): Train pred MSE = 2.385536e-06, Test pred MSE = 1.143724e-05, Param MSE = 1.149313e-04, Grad norm = 2.870866e-05, Beta update rate = 2.379596e-06
Epoch  14000 (0.3%): Train pred MSE = 2.304819e-06, Test pred MSE = 1.141421e-05, Param MSE = 1.146999e-04, Grad norm = 2.811904e-05, Beta update rate = 2.318579e-06
Epoch  14200 (0.3%): Train pred MSE = 2.227369e-06, Test pred MSE = 1.139186e-05, Param MSE = 1.144751e-04, Grad norm = 2.754654e-05, Beta update rate = 2.259720e-06
Epoch  14400 (0.3%): Train pred MSE = 2.153028e-06, Test pred MSE = 1.137015e-05, Param MSE = 1.142568e-04, Grad norm = 2.699048e-05, Beta update rate = 2.202921e-06
Epoch  14600 (0.3%): Train pred MSE = 2.081646e-06, Test pred MSE = 1.134907e-05, Param MSE = 1.140448e-04, Grad norm = 2.645021e-05, Beta update rate = 2.148086e-06
Epoch  14800 (0.3%): Train pred MSE = 2.013081e-06, Test pred MSE = 1.132858e-05, Param MSE = 1.138387e-04, Grad norm = 2.592510e-05, Beta update rate = 2.095127e-06
Epoch  15000 (0.3%): Train pred MSE = 1.947201e-06, Test pred MSE = 1.130867e-05, Param MSE = 1.136384e-04, Grad norm = 2.541457e-05, Beta update rate = 2.043960e-06
Epoch  15200 (0.3%): Train pred MSE = 1.883880e-06, Test pred MSE = 1.128931e-05, Param MSE = 1.134437e-04, Grad norm = 2.491806e-05, Beta update rate = 1.994505e-06
Epoch  15400 (0.3%): Train pred MSE = 1.822999e-06, Test pred MSE = 1.127049e-05, Param MSE = 1.132543e-04, Grad norm = 2.443505e-05, Beta update rate = 1.946687e-06
Epoch  15600 (0.3%): Train pred MSE = 1.764446e-06, Test pred MSE = 1.125218e-05, Param MSE = 1.130700e-04, Grad norm = 2.396503e-05, Beta update rate = 1.900436e-06
Epoch  15800 (0.3%): Train pred MSE = 1.708117e-06, Test pred MSE = 1.123437e-05, Param MSE = 1.128908e-04, Grad norm = 2.350751e-05, Beta update rate = 1.855684e-06
Epoch  16000 (0.3%): Train pred MSE = 1.653909e-06, Test pred MSE = 1.121703e-05, Param MSE = 1.127164e-04, Grad norm = 2.306206e-05, Beta update rate = 1.812368e-06
Epoch  16200 (0.3%): Train pred MSE = 1.601729e-06, Test pred MSE = 1.120016e-05, Param MSE = 1.125465e-04, Grad norm = 2.262822e-05, Beta update rate = 1.770429e-06
Epoch  16400 (0.3%): Train pred MSE = 1.551487e-06, Test pred MSE = 1.118374e-05, Param MSE = 1.123812e-04, Grad norm = 2.220560e-05, Beta update rate = 1.729808e-06
Epoch  16600 (0.3%): Train pred MSE = 1.503098e-06, Test pred MSE = 1.116774e-05, Param MSE = 1.122202e-04, Grad norm = 2.179379e-05, Beta update rate = 1.690453e-06
Epoch  16800 (0.3%): Train pred MSE = 1.456481e-06, Test pred MSE = 1.115216e-05, Param MSE = 1.120633e-04, Grad norm = 2.139242e-05, Beta update rate = 1.652310e-06
Epoch  17000 (0.3%): Train pred MSE = 1.411559e-06, Test pred MSE = 1.113699e-05, Param MSE = 1.119105e-04, Grad norm = 2.100113e-05, Beta update rate = 1.615333e-06
Epoch  17200 (0.3%): Train pred MSE = 1.368260e-06, Test pred MSE = 1.112220e-05, Param MSE = 1.117616e-04, Grad norm = 2.061958e-05, Beta update rate = 1.579475e-06
Epoch  17400 (0.3%): Train pred MSE = 1.326515e-06, Test pred MSE = 1.110779e-05, Param MSE = 1.116164e-04, Grad norm = 2.024744e-05, Beta update rate = 1.544691e-06
Epoch  17600 (0.4%): Train pred MSE = 1.286258e-06, Test pred MSE = 1.109374e-05, Param MSE = 1.114749e-04, Grad norm = 1.988440e-05, Beta update rate = 1.510940e-06
Epoch  17800 (0.4%): Train pred MSE = 1.247427e-06, Test pred MSE = 1.108004e-05, Param MSE = 1.113369e-04, Grad norm = 1.953016e-05, Beta update rate = 1.478183e-06
Epoch  18000 (0.4%): Train pred MSE = 1.209963e-06, Test pred MSE = 1.106668e-05, Param MSE = 1.112023e-04, Grad norm = 1.918444e-05, Beta update rate = 1.446380e-06
Epoch  18200 (0.4%): Train pred MSE = 1.173810e-06, Test pred MSE = 1.105365e-05, Param MSE = 1.110711e-04, Grad norm = 1.884696e-05, Beta update rate = 1.415497e-06
Epoch  18400 (0.4%): Train pred MSE = 1.138914e-06, Test pred MSE = 1.104094e-05, Param MSE = 1.109430e-04, Grad norm = 1.851746e-05, Beta update rate = 1.385498e-06
Epoch  18600 (0.4%): Train pred MSE = 1.105223e-06, Test pred MSE = 1.102853e-05, Param MSE = 1.108180e-04, Grad norm = 1.819568e-05, Beta update rate = 1.356351e-06
Epoch  18800 (0.4%): Train pred MSE = 1.072690e-06, Test pred MSE = 1.101643e-05, Param MSE = 1.106960e-04, Grad norm = 1.788139e-05, Beta update rate = 1.328025e-06
Epoch  19000 (0.4%): Train pred MSE = 1.041268e-06, Test pred MSE = 1.100461e-05, Param MSE = 1.105769e-04, Grad norm = 1.757436e-05, Beta update rate = 1.300490e-06
Epoch  19200 (0.4%): Train pred MSE = 1.010912e-06, Test pred MSE = 1.099308e-05, Param MSE = 1.104607e-04, Grad norm = 1.727435e-05, Beta update rate = 1.273716e-06
Epoch  19400 (0.4%): Train pred MSE = 9.815811e-07, Test pred MSE = 1.098182e-05, Param MSE = 1.103472e-04, Grad norm = 1.698117e-05, Beta update rate = 1.247679e-06
Epoch  19600 (0.4%): Train pred MSE = 9.532344e-07, Test pred MSE = 1.097082e-05, Param MSE = 1.102363e-04, Grad norm = 1.669460e-05, Beta update rate = 1.222350e-06
Epoch  19800 (0.4%): Train pred MSE = 9.258338e-07, Test pred MSE = 1.096008e-05, Param MSE = 1.101280e-04, Grad norm = 1.641446e-05, Beta update rate = 1.197705e-06
Epoch  20000 (0.4%): Train pred MSE = 8.993424e-07, Test pred MSE = 1.094958e-05, Param MSE = 1.100222e-04, Grad norm = 1.614054e-05, Beta update rate = 1.173721e-06
Epoch  20200 (0.4%): Train pred MSE = 8.737255e-07, Test pred MSE = 1.093933e-05, Param MSE = 1.099188e-04, Grad norm = 1.587267e-05, Beta update rate = 1.150374e-06
Epoch  20400 (0.4%): Train pred MSE = 8.489495e-07, Test pred MSE = 1.092931e-05, Param MSE = 1.098177e-04, Grad norm = 1.561067e-05, Beta update rate = 1.127643e-06
Epoch  20600 (0.4%): Train pred MSE = 8.249826e-07, Test pred MSE = 1.091951e-05, Param MSE = 1.097190e-04, Grad norm = 1.535438e-05, Beta update rate = 1.105507e-06
Epoch  20800 (0.4%): Train pred MSE = 8.017941e-07, Test pred MSE = 1.090994e-05, Param MSE = 1.096224e-04, Grad norm = 1.510363e-05, Beta update rate = 1.083946e-06
Epoch  21000 (0.4%): Train pred MSE = 7.793548e-07, Test pred MSE = 1.090058e-05, Param MSE = 1.095280e-04, Grad norm = 1.485826e-05, Beta update rate = 1.062941e-06
Epoch  21200 (0.4%): Train pred MSE = 7.576368e-07, Test pred MSE = 1.089143e-05, Param MSE = 1.094357e-04, Grad norm = 1.461813e-05, Beta update rate = 1.042474e-06
Epoch  21400 (0.4%): Train pred MSE = 7.366133e-07, Test pred MSE = 1.088248e-05, Param MSE = 1.093454e-04, Grad norm = 1.438309e-05, Beta update rate = 1.022526e-06
Epoch  21600 (0.4%): Train pred MSE = 7.162588e-07, Test pred MSE = 1.087373e-05, Param MSE = 1.092571e-04, Grad norm = 1.415300e-05, Beta update rate = 1.003082e-06
Epoch  21800 (0.4%): Train pred MSE = 6.965487e-07, Test pred MSE = 1.086517e-05, Param MSE = 1.091707e-04, Grad norm = 1.392772e-05, Beta update rate = 9.841241e-07
Epoch  22000 (0.4%): Train pred MSE = 6.774595e-07, Test pred MSE = 1.085679e-05, Param MSE = 1.090862e-04, Grad norm = 1.370713e-05, Beta update rate = 9.656375e-07
Epoch  22200 (0.4%): Train pred MSE = 6.589687e-07, Test pred MSE = 1.084860e-05, Param MSE = 1.090035e-04, Grad norm = 1.349110e-05, Beta update rate = 9.476072e-07
Epoch  22400 (0.4%): Train pred MSE = 6.410548e-07, Test pred MSE = 1.084058e-05, Param MSE = 1.089226e-04, Grad norm = 1.327951e-05, Beta update rate = 9.300187e-07
Epoch  22600 (0.5%): Train pred MSE = 6.236971e-07, Test pred MSE = 1.083273e-05, Param MSE = 1.088434e-04, Grad norm = 1.307223e-05, Beta update rate = 9.128583e-07
Epoch  22800 (0.5%): Train pred MSE = 6.068757e-07, Test pred MSE = 1.082505e-05, Param MSE = 1.087658e-04, Grad norm = 1.286916e-05, Beta update rate = 8.961127e-07
Epoch  23000 (0.5%): Train pred MSE = 5.905717e-07, Test pred MSE = 1.081752e-05, Param MSE = 1.086899e-04, Grad norm = 1.267019e-05, Beta update rate = 8.797692e-07
Epoch  23200 (0.5%): Train pred MSE = 5.747668e-07, Test pred MSE = 1.081016e-05, Param MSE = 1.086156e-04, Grad norm = 1.247521e-05, Beta update rate = 8.638154e-07
Epoch  23400 (0.5%): Train pred MSE = 5.594434e-07, Test pred MSE = 1.080295e-05, Param MSE = 1.085428e-04, Grad norm = 1.228411e-05, Beta update rate = 8.482395e-07
Epoch  23600 (0.5%): Train pred MSE = 5.445849e-07, Test pred MSE = 1.079589e-05, Param MSE = 1.084715e-04, Grad norm = 1.209680e-05, Beta update rate = 8.330302e-07
Epoch  23800 (0.5%): Train pred MSE = 5.301750e-07, Test pred MSE = 1.078897e-05, Param MSE = 1.084016e-04, Grad norm = 1.191319e-05, Beta update rate = 8.181765e-07
Epoch  24000 (0.5%): Train pred MSE = 5.161983e-07, Test pred MSE = 1.078220e-05, Param MSE = 1.083332e-04, Grad norm = 1.173317e-05, Beta update rate = 8.036678e-07
Epoch  24200 (0.5%): Train pred MSE = 5.026398e-07, Test pred MSE = 1.077556e-05, Param MSE = 1.082662e-04, Grad norm = 1.155667e-05, Beta update rate = 7.894940e-07
Epoch  24400 (0.5%): Train pred MSE = 4.894853e-07, Test pred MSE = 1.076906e-05, Param MSE = 1.082006e-04, Grad norm = 1.138358e-05, Beta update rate = 7.756452e-07
Epoch  24600 (0.5%): Train pred MSE = 4.767210e-07, Test pred MSE = 1.076269e-05, Param MSE = 1.081362e-04, Grad norm = 1.121383e-05, Beta update rate = 7.621121e-07
Epoch  24800 (0.5%): Train pred MSE = 4.643338e-07, Test pred MSE = 1.075645e-05, Param MSE = 1.080732e-04, Grad norm = 1.104734e-05, Beta update rate = 7.488855e-07
Epoch  25000 (0.5%): Train pred MSE = 4.523109e-07, Test pred MSE = 1.075033e-05, Param MSE = 1.080113e-04, Grad norm = 1.088402e-05, Beta update rate = 7.359567e-07
Epoch  25200 (0.5%): Train pred MSE = 4.406401e-07, Test pred MSE = 1.074433e-05, Param MSE = 1.079508e-04, Grad norm = 1.072380e-05, Beta update rate = 7.233171e-07
Epoch  25400 (0.5%): Train pred MSE = 4.293096e-07, Test pred MSE = 1.073845e-05, Param MSE = 1.078914e-04, Grad norm = 1.056661e-05, Beta update rate = 7.109586e-07
Epoch  25600 (0.5%): Train pred MSE = 4.183082e-07, Test pred MSE = 1.073269e-05, Param MSE = 1.078331e-04, Grad norm = 1.041237e-05, Beta update rate = 6.988732e-07
Epoch  25800 (0.5%): Train pred MSE = 4.076250e-07, Test pred MSE = 1.072704e-05, Param MSE = 1.077760e-04, Grad norm = 1.026100e-05, Beta update rate = 6.870534e-07
Epoch  26000 (0.5%): Train pred MSE = 3.972494e-07, Test pred MSE = 1.072150e-05, Param MSE = 1.077201e-04, Grad norm = 1.011245e-05, Beta update rate = 6.754918e-07
Epoch  26200 (0.5%): Train pred MSE = 3.871716e-07, Test pred MSE = 1.071607e-05, Param MSE = 1.076651e-04, Grad norm = 9.966650e-06, Beta update rate = 6.641812e-07
Epoch  26400 (0.5%): Train pred MSE = 3.773816e-07, Test pred MSE = 1.071074e-05, Param MSE = 1.076113e-04, Grad norm = 9.823529e-06, Beta update rate = 6.531149e-07
Epoch  26600 (0.5%): Train pred MSE = 3.678702e-07, Test pred MSE = 1.070551e-05, Param MSE = 1.075585e-04, Grad norm = 9.683027e-06, Beta update rate = 6.422860e-07
Epoch  26800 (0.5%): Train pred MSE = 3.586285e-07, Test pred MSE = 1.070039e-05, Param MSE = 1.075066e-04, Grad norm = 9.545085e-06, Beta update rate = 6.316883e-07
Epoch  27000 (0.5%): Train pred MSE = 3.496476e-07, Test pred MSE = 1.069536e-05, Param MSE = 1.074558e-04, Grad norm = 9.409643e-06, Beta update rate = 6.213156e-07
Epoch  27200 (0.5%): Train pred MSE = 3.409194e-07, Test pred MSE = 1.069042e-05, Param MSE = 1.074059e-04, Grad norm = 9.276644e-06, Beta update rate = 6.111617e-07
Epoch  27400 (0.5%): Train pred MSE = 3.324356e-07, Test pred MSE = 1.068558e-05, Param MSE = 1.073570e-04, Grad norm = 9.146032e-06, Beta update rate = 6.012209e-07
Epoch  27600 (0.6%): Train pred MSE = 3.241886e-07, Test pred MSE = 1.068083e-05, Param MSE = 1.073089e-04, Grad norm = 9.017753e-06, Beta update rate = 5.914876e-07
Epoch  27800 (0.6%): Train pred MSE = 3.161709e-07, Test pred MSE = 1.067617e-05, Param MSE = 1.072618e-04, Grad norm = 8.891754e-06, Beta update rate = 5.819563e-07
Epoch  28000 (0.6%): Train pred MSE = 3.083753e-07, Test pred MSE = 1.067159e-05, Param MSE = 1.072155e-04, Grad norm = 8.767985e-06, Beta update rate = 5.726217e-07
Epoch  28200 (0.6%): Train pred MSE = 3.007947e-07, Test pred MSE = 1.066710e-05, Param MSE = 1.071701e-04, Grad norm = 8.646396e-06, Beta update rate = 5.634788e-07
Epoch  28400 (0.6%): Train pred MSE = 2.934226e-07, Test pred MSE = 1.066269e-05, Param MSE = 1.071255e-04, Grad norm = 8.526938e-06, Beta update rate = 5.545227e-07
Epoch  28600 (0.6%): Train pred MSE = 2.862524e-07, Test pred MSE = 1.065837e-05, Param MSE = 1.070818e-04, Grad norm = 8.409564e-06, Beta update rate = 5.457484e-07
Epoch  28800 (0.6%): Train pred MSE = 2.792779e-07, Test pred MSE = 1.065412e-05, Param MSE = 1.070388e-04, Grad norm = 8.294228e-06, Beta update rate = 5.371514e-07
Epoch  29000 (0.6%): Train pred MSE = 2.724930e-07, Test pred MSE = 1.064995e-05, Param MSE = 1.069966e-04, Grad norm = 8.180886e-06, Beta update rate = 5.287273e-07
Epoch  29200 (0.6%): Train pred MSE = 2.658920e-07, Test pred MSE = 1.064585e-05, Param MSE = 1.069552e-04, Grad norm = 8.069495e-06, Beta update rate = 5.204715e-07
Epoch  29400 (0.6%): Train pred MSE = 2.594691e-07, Test pred MSE = 1.064183e-05, Param MSE = 1.069145e-04, Grad norm = 7.960012e-06, Beta update rate = 5.123800e-07
Epoch  29600 (0.6%): Train pred MSE = 2.532191e-07, Test pred MSE = 1.063788e-05, Param MSE = 1.068745e-04, Grad norm = 7.852396e-06, Beta update rate = 5.044487e-07
Epoch  29800 (0.6%): Train pred MSE = 2.471367e-07, Test pred MSE = 1.063400e-05, Param MSE = 1.068353e-04, Grad norm = 7.746607e-06, Beta update rate = 4.966735e-07
Epoch  30000 (0.6%): Train pred MSE = 2.412167e-07, Test pred MSE = 1.063019e-05, Param MSE = 1.067967e-04, Grad norm = 7.642607e-06, Beta update rate = 4.890506e-07
Epoch  30200 (0.6%): Train pred MSE = 2.354544e-07, Test pred MSE = 1.062645e-05, Param MSE = 1.067588e-04, Grad norm = 7.540356e-06, Beta update rate = 4.815763e-07
Epoch  30400 (0.6%): Train pred MSE = 2.298449e-07, Test pred MSE = 1.062278e-05, Param MSE = 1.067216e-04, Grad norm = 7.439819e-06, Beta update rate = 4.742469e-07
Epoch  30600 (0.6%): Train pred MSE = 2.243838e-07, Test pred MSE = 1.061917e-05, Param MSE = 1.066851e-04, Grad norm = 7.340959e-06, Beta update rate = 4.670590e-07
Epoch  30800 (0.6%): Train pred MSE = 2.190666e-07, Test pred MSE = 1.061562e-05, Param MSE = 1.066492e-04, Grad norm = 7.243740e-06, Beta update rate = 4.600091e-07
Epoch  31000 (0.6%): Train pred MSE = 2.138891e-07, Test pred MSE = 1.061213e-05, Param MSE = 1.066139e-04, Grad norm = 7.148130e-06, Beta update rate = 4.530939e-07
Epoch  31200 (0.6%): Train pred MSE = 2.088471e-07, Test pred MSE = 1.060871e-05, Param MSE = 1.065792e-04, Grad norm = 7.054094e-06, Beta update rate = 4.463102e-07
Epoch  31400 (0.6%): Train pred MSE = 2.039367e-07, Test pred MSE = 1.060534e-05, Param MSE = 1.065451e-04, Grad norm = 6.961600e-06, Beta update rate = 4.396549e-07
Epoch  31600 (0.6%): Train pred MSE = 1.991540e-07, Test pred MSE = 1.060203e-05, Param MSE = 1.065116e-04, Grad norm = 6.870616e-06, Beta update rate = 4.331249e-07
Epoch  31800 (0.6%): Train pred MSE = 1.944954e-07, Test pred MSE = 1.059878e-05, Param MSE = 1.064787e-04, Grad norm = 6.781112e-06, Beta update rate = 4.267174e-07
Epoch  32000 (0.6%): Train pred MSE = 1.899571e-07, Test pred MSE = 1.059559e-05, Param MSE = 1.064463e-04, Grad norm = 6.693057e-06, Beta update rate = 4.204293e-07
Epoch  32200 (0.6%): Train pred MSE = 1.855357e-07, Test pred MSE = 1.059245e-05, Param MSE = 1.064145e-04, Grad norm = 6.606421e-06, Beta update rate = 4.142581e-07
Epoch  32400 (0.6%): Train pred MSE = 1.812279e-07, Test pred MSE = 1.058936e-05, Param MSE = 1.063833e-04, Grad norm = 6.521177e-06, Beta update rate = 4.082008e-07
Epoch  32600 (0.7%): Train pred MSE = 1.770303e-07, Test pred MSE = 1.058633e-05, Param MSE = 1.063525e-04, Grad norm = 6.437296e-06, Beta update rate = 4.022550e-07
Epoch  32800 (0.7%): Train pred MSE = 1.729399e-07, Test pred MSE = 1.058334e-05, Param MSE = 1.063223e-04, Grad norm = 6.354750e-06, Beta update rate = 3.964180e-07
Epoch  33000 (0.7%): Train pred MSE = 1.689535e-07, Test pred MSE = 1.058041e-05, Param MSE = 1.062926e-04, Grad norm = 6.273514e-06, Beta update rate = 3.906875e-07
Epoch  33200 (0.7%): Train pred MSE = 1.650683e-07, Test pred MSE = 1.057753e-05, Param MSE = 1.062634e-04, Grad norm = 6.193562e-06, Beta update rate = 3.850608e-07
Epoch  33400 (0.7%): Train pred MSE = 1.612813e-07, Test pred MSE = 1.057469e-05, Param MSE = 1.062346e-04, Grad norm = 6.114867e-06, Beta update rate = 3.795358e-07
Epoch  33600 (0.7%): Train pred MSE = 1.575898e-07, Test pred MSE = 1.057190e-05, Param MSE = 1.062064e-04, Grad norm = 6.037405e-06, Beta update rate = 3.741102e-07
Epoch  33800 (0.7%): Train pred MSE = 1.539910e-07, Test pred MSE = 1.056916e-05, Param MSE = 1.061786e-04, Grad norm = 5.961153e-06, Beta update rate = 3.687816e-07
Epoch  34000 (0.7%): Train pred MSE = 1.504825e-07, Test pred MSE = 1.056647e-05, Param MSE = 1.061512e-04, Grad norm = 5.886085e-06, Beta update rate = 3.635480e-07
Epoch  34200 (0.7%): Train pred MSE = 1.470617e-07, Test pred MSE = 1.056381e-05, Param MSE = 1.061244e-04, Grad norm = 5.812181e-06, Beta update rate = 3.584072e-07
Epoch  34400 (0.7%): Train pred MSE = 1.437261e-07, Test pred MSE = 1.056121e-05, Param MSE = 1.060979e-04, Grad norm = 5.739416e-06, Beta update rate = 3.533573e-07
Epoch  34600 (0.7%): Train pred MSE = 1.404733e-07, Test pred MSE = 1.055864e-05, Param MSE = 1.060719e-04, Grad norm = 5.667769e-06, Beta update rate = 3.483961e-07
Epoch  34800 (0.7%): Train pred MSE = 1.373012e-07, Test pred MSE = 1.055612e-05, Param MSE = 1.060463e-04, Grad norm = 5.597219e-06, Beta update rate = 3.435218e-07
Epoch  35000 (0.7%): Train pred MSE = 1.342074e-07, Test pred MSE = 1.055364e-05, Param MSE = 1.060211e-04, Grad norm = 5.527745e-06, Beta update rate = 3.387324e-07
Epoch  35200 (0.7%): Train pred MSE = 1.311899e-07, Test pred MSE = 1.055119e-05, Param MSE = 1.059964e-04, Grad norm = 5.459326e-06, Beta update rate = 3.340262e-07
Epoch  35400 (0.7%): Train pred MSE = 1.282464e-07, Test pred MSE = 1.054879e-05, Param MSE = 1.059720e-04, Grad norm = 5.391942e-06, Beta update rate = 3.294013e-07
Epoch  35600 (0.7%): Train pred MSE = 1.253751e-07, Test pred MSE = 1.054643e-05, Param MSE = 1.059480e-04, Grad norm = 5.325573e-06, Beta update rate = 3.248560e-07
Epoch  35800 (0.7%): Train pred MSE = 1.225740e-07, Test pred MSE = 1.054410e-05, Param MSE = 1.059244e-04, Grad norm = 5.260202e-06, Beta update rate = 3.203886e-07
Epoch  36000 (0.7%): Train pred MSE = 1.198411e-07, Test pred MSE = 1.054181e-05, Param MSE = 1.059012e-04, Grad norm = 5.195808e-06, Beta update rate = 3.159975e-07
Epoch  36200 (0.7%): Train pred MSE = 1.171746e-07, Test pred MSE = 1.053956e-05, Param MSE = 1.058784e-04, Grad norm = 5.132374e-06, Beta update rate = 3.116809e-07
Epoch  36400 (0.7%): Train pred MSE = 1.145727e-07, Test pred MSE = 1.053735e-05, Param MSE = 1.058559e-04, Grad norm = 5.069882e-06, Beta update rate = 3.074374e-07
Epoch  36600 (0.7%): Train pred MSE = 1.120337e-07, Test pred MSE = 1.053517e-05, Param MSE = 1.058338e-04, Grad norm = 5.008315e-06, Beta update rate = 3.032655e-07
Epoch  36800 (0.7%): Train pred MSE = 1.095560e-07, Test pred MSE = 1.053302e-05, Param MSE = 1.058120e-04, Grad norm = 4.947655e-06, Beta update rate = 2.991635e-07
Epoch  37000 (0.7%): Train pred MSE = 1.071378e-07, Test pred MSE = 1.053091e-05, Param MSE = 1.057906e-04, Grad norm = 4.887886e-06, Beta update rate = 2.951301e-07
Epoch  37200 (0.7%): Train pred MSE = 1.047776e-07, Test pred MSE = 1.052883e-05, Param MSE = 1.057695e-04, Grad norm = 4.828991e-06, Beta update rate = 2.911639e-07
Epoch  37400 (0.7%): Train pred MSE = 1.024739e-07, Test pred MSE = 1.052678e-05, Param MSE = 1.057487e-04, Grad norm = 4.770956e-06, Beta update rate = 2.872634e-07
Epoch  37600 (0.8%): Train pred MSE = 1.002251e-07, Test pred MSE = 1.052477e-05, Param MSE = 1.057282e-04, Grad norm = 4.713764e-06, Beta update rate = 2.834273e-07
Epoch  37800 (0.8%): Train pred MSE = 9.802990e-08, Test pred MSE = 1.052279e-05, Param MSE = 1.057081e-04, Grad norm = 4.657399e-06, Beta update rate = 2.796543e-07
Epoch  38000 (0.8%): Train pred MSE = 9.588679e-08, Test pred MSE = 1.052084e-05, Param MSE = 1.056883e-04, Grad norm = 4.601848e-06, Beta update rate = 2.759432e-07
Epoch  38200 (0.8%): Train pred MSE = 9.379443e-08, Test pred MSE = 1.051891e-05, Param MSE = 1.056688e-04, Grad norm = 4.547095e-06, Beta update rate = 2.722925e-07
Epoch  38400 (0.8%): Train pred MSE = 9.175151e-08, Test pred MSE = 1.051702e-05, Param MSE = 1.056496e-04, Grad norm = 4.493127e-06, Beta update rate = 2.687013e-07
Epoch  38600 (0.8%): Train pred MSE = 8.975674e-08, Test pred MSE = 1.051516e-05, Param MSE = 1.056307e-04, Grad norm = 4.439929e-06, Beta update rate = 2.651681e-07
Epoch  38800 (0.8%): Train pred MSE = 8.780886e-08, Test pred MSE = 1.051333e-05, Param MSE = 1.056120e-04, Grad norm = 4.387488e-06, Beta update rate = 2.616920e-07
Epoch  39000 (0.8%): Train pred MSE = 8.590667e-08, Test pred MSE = 1.051152e-05, Param MSE = 1.055937e-04, Grad norm = 4.335791e-06, Beta update rate = 2.582717e-07
Epoch  39200 (0.8%): Train pred MSE = 8.404899e-08, Test pred MSE = 1.050974e-05, Param MSE = 1.055756e-04, Grad norm = 4.284823e-06, Beta update rate = 2.549061e-07
Epoch  39400 (0.8%): Train pred MSE = 8.223468e-08, Test pred MSE = 1.050799e-05, Param MSE = 1.055578e-04, Grad norm = 4.234574e-06, Beta update rate = 2.515942e-07
Epoch  39600 (0.8%): Train pred MSE = 8.046262e-08, Test pred MSE = 1.050627e-05, Param MSE = 1.055403e-04, Grad norm = 4.185030e-06, Beta update rate = 2.483349e-07
Epoch  39800 (0.8%): Train pred MSE = 7.873174e-08, Test pred MSE = 1.050457e-05, Param MSE = 1.055231e-04, Grad norm = 4.136178e-06, Beta update rate = 2.451272e-07
Epoch  40000 (0.8%): Train pred MSE = 7.704098e-08, Test pred MSE = 1.050290e-05, Param MSE = 1.055061e-04, Grad norm = 4.088008e-06, Beta update rate = 2.419700e-07
Epoch  40200 (0.8%): Train pred MSE = 7.538933e-08, Test pred MSE = 1.050125e-05, Param MSE = 1.054893e-04, Grad norm = 4.040507e-06, Beta update rate = 2.388624e-07
Epoch  40400 (0.8%): Train pred MSE = 7.377580e-08, Test pred MSE = 1.049963e-05, Param MSE = 1.054729e-04, Grad norm = 3.993663e-06, Beta update rate = 2.358034e-07
Epoch  40600 (0.8%): Train pred MSE = 7.219943e-08, Test pred MSE = 1.049804e-05, Param MSE = 1.054566e-04, Grad norm = 3.947466e-06, Beta update rate = 2.327921e-07
Epoch  40800 (0.8%): Train pred MSE = 7.065927e-08, Test pred MSE = 1.049646e-05, Param MSE = 1.054406e-04, Grad norm = 3.901905e-06, Beta update rate = 2.298276e-07
Epoch  41000 (0.8%): Train pred MSE = 6.915442e-08, Test pred MSE = 1.049491e-05, Param MSE = 1.054249e-04, Grad norm = 3.856969e-06, Beta update rate = 2.269089e-07
Epoch  41200 (0.8%): Train pred MSE = 6.768399e-08, Test pred MSE = 1.049339e-05, Param MSE = 1.054093e-04, Grad norm = 3.812646e-06, Beta update rate = 2.240352e-07
Epoch  41400 (0.8%): Train pred MSE = 6.624713e-08, Test pred MSE = 1.049188e-05, Param MSE = 1.053940e-04, Grad norm = 3.768928e-06, Beta update rate = 2.212057e-07
Epoch  41600 (0.8%): Train pred MSE = 6.484300e-08, Test pred MSE = 1.049040e-05, Param MSE = 1.053790e-04, Grad norm = 3.725804e-06, Beta update rate = 2.184195e-07
Epoch  41800 (0.8%): Train pred MSE = 6.347078e-08, Test pred MSE = 1.048894e-05, Param MSE = 1.053641e-04, Grad norm = 3.683263e-06, Beta update rate = 2.156758e-07
Epoch  42000 (0.8%): Train pred MSE = 6.212969e-08, Test pred MSE = 1.048750e-05, Param MSE = 1.053495e-04, Grad norm = 3.641296e-06, Beta update rate = 2.129738e-07
Epoch  42200 (0.8%): Train pred MSE = 6.081895e-08, Test pred MSE = 1.048609e-05, Param MSE = 1.053351e-04, Grad norm = 3.599894e-06, Beta update rate = 2.103127e-07
Epoch  42400 (0.8%): Train pred MSE = 5.953782e-08, Test pred MSE = 1.048469e-05, Param MSE = 1.053209e-04, Grad norm = 3.559048e-06, Beta update rate = 2.076918e-07
Epoch  42600 (0.9%): Train pred MSE = 5.828556e-08, Test pred MSE = 1.048331e-05, Param MSE = 1.053069e-04, Grad norm = 3.518748e-06, Beta update rate = 2.051103e-07
Epoch  42800 (0.9%): Train pred MSE = 5.706148e-08, Test pred MSE = 1.048196e-05, Param MSE = 1.052931e-04, Grad norm = 3.478984e-06, Beta update rate = 2.025674e-07
Epoch  43000 (0.9%): Train pred MSE = 5.586488e-08, Test pred MSE = 1.048062e-05, Param MSE = 1.052795e-04, Grad norm = 3.439750e-06, Beta update rate = 2.000626e-07
Epoch  43200 (0.9%): Train pred MSE = 5.469508e-08, Test pred MSE = 1.047931e-05, Param MSE = 1.052661e-04, Grad norm = 3.401035e-06, Beta update rate = 1.975950e-07
Epoch  43400 (0.9%): Train pred MSE = 5.355145e-08, Test pred MSE = 1.047801e-05, Param MSE = 1.052529e-04, Grad norm = 3.362832e-06, Beta update rate = 1.951640e-07
Epoch  43600 (0.9%): Train pred MSE = 5.243334e-08, Test pred MSE = 1.047673e-05, Param MSE = 1.052399e-04, Grad norm = 3.325131e-06, Beta update rate = 1.927690e-07
Epoch  43800 (0.9%): Train pred MSE = 5.134013e-08, Test pred MSE = 1.047547e-05, Param MSE = 1.052270e-04, Grad norm = 3.287926e-06, Beta update rate = 1.904092e-07
Epoch  44000 (0.9%): Train pred MSE = 5.027123e-08, Test pred MSE = 1.047423e-05, Param MSE = 1.052144e-04, Grad norm = 3.251208e-06, Beta update rate = 1.880841e-07
Epoch  44200 (0.9%): Train pred MSE = 4.922605e-08, Test pred MSE = 1.047301e-05, Param MSE = 1.052019e-04, Grad norm = 3.214970e-06, Beta update rate = 1.857930e-07
Epoch  44400 (0.9%): Train pred MSE = 4.820401e-08, Test pred MSE = 1.047180e-05, Param MSE = 1.051896e-04, Grad norm = 3.179203e-06, Beta update rate = 1.835353e-07
Epoch  44600 (0.9%): Train pred MSE = 4.720457e-08, Test pred MSE = 1.047061e-05, Param MSE = 1.051775e-04, Grad norm = 3.143900e-06, Beta update rate = 1.813105e-07
Epoch  44800 (0.9%): Train pred MSE = 4.622718e-08, Test pred MSE = 1.046944e-05, Param MSE = 1.051656e-04, Grad norm = 3.109055e-06, Beta update rate = 1.791178e-07
Epoch  45000 (0.9%): Train pred MSE = 4.527131e-08, Test pred MSE = 1.046829e-05, Param MSE = 1.051538e-04, Grad norm = 3.074659e-06, Beta update rate = 1.769569e-07
Epoch  45200 (0.9%): Train pred MSE = 4.433646e-08, Test pred MSE = 1.046715e-05, Param MSE = 1.051422e-04, Grad norm = 3.040705e-06, Beta update rate = 1.748270e-07
Epoch  45400 (0.9%): Train pred MSE = 4.342212e-08, Test pred MSE = 1.046603e-05, Param MSE = 1.051308e-04, Grad norm = 3.007188e-06, Beta update rate = 1.727277e-07
Epoch  45600 (0.9%): Train pred MSE = 4.252782e-08, Test pred MSE = 1.046492e-05, Param MSE = 1.051195e-04, Grad norm = 2.974099e-06, Beta update rate = 1.706585e-07
Epoch  45800 (0.9%): Train pred MSE = 4.165306e-08, Test pred MSE = 1.046383e-05, Param MSE = 1.051084e-04, Grad norm = 2.941433e-06, Beta update rate = 1.686187e-07
Epoch  46000 (0.9%): Train pred MSE = 4.079740e-08, Test pred MSE = 1.046275e-05, Param MSE = 1.050974e-04, Grad norm = 2.909182e-06, Beta update rate = 1.666079e-07
Epoch  46200 (0.9%): Train pred MSE = 3.996039e-08, Test pred MSE = 1.046169e-05, Param MSE = 1.050866e-04, Grad norm = 2.877341e-06, Beta update rate = 1.646256e-07
Epoch  46400 (0.9%): Train pred MSE = 3.914158e-08, Test pred MSE = 1.046065e-05, Param MSE = 1.050760e-04, Grad norm = 2.845903e-06, Beta update rate = 1.626713e-07
Epoch  46600 (0.9%): Train pred MSE = 3.834055e-08, Test pred MSE = 1.045962e-05, Param MSE = 1.050655e-04, Grad norm = 2.814862e-06, Beta update rate = 1.607446e-07
Epoch  46800 (0.9%): Train pred MSE = 3.755688e-08, Test pred MSE = 1.045860e-05, Param MSE = 1.050551e-04, Grad norm = 2.784211e-06, Beta update rate = 1.588448e-07
Epoch  47000 (0.9%): Train pred MSE = 3.679017e-08, Test pred MSE = 1.045760e-05, Param MSE = 1.050449e-04, Grad norm = 2.753946e-06, Beta update rate = 1.569717e-07
Epoch  47200 (0.9%): Train pred MSE = 3.604003e-08, Test pred MSE = 1.045661e-05, Param MSE = 1.050348e-04, Grad norm = 2.724059e-06, Beta update rate = 1.551246e-07
Epoch  47400 (0.9%): Train pred MSE = 3.530607e-08, Test pred MSE = 1.045564e-05, Param MSE = 1.050248e-04, Grad norm = 2.694546e-06, Beta update rate = 1.533033e-07
Epoch  47600 (1.0%): Train pred MSE = 3.458791e-08, Test pred MSE = 1.045468e-05, Param MSE = 1.050150e-04, Grad norm = 2.665400e-06, Beta update rate = 1.515072e-07
Epoch  47800 (1.0%): Train pred MSE = 3.388519e-08, Test pred MSE = 1.045373e-05, Param MSE = 1.050054e-04, Grad norm = 2.636617e-06, Beta update rate = 1.497359e-07
Epoch  48000 (1.0%): Train pred MSE = 3.319756e-08, Test pred MSE = 1.045280e-05, Param MSE = 1.049958e-04, Grad norm = 2.608190e-06, Beta update rate = 1.479890e-07
Epoch  48200 (1.0%): Train pred MSE = 3.252466e-08, Test pred MSE = 1.045187e-05, Param MSE = 1.049864e-04, Grad norm = 2.580115e-06, Beta update rate = 1.462662e-07
Epoch  48400 (1.0%): Train pred MSE = 3.186615e-08, Test pred MSE = 1.045097e-05, Param MSE = 1.049772e-04, Grad norm = 2.552386e-06, Beta update rate = 1.445669e-07
Epoch  48600 (1.0%): Train pred MSE = 3.122172e-08, Test pred MSE = 1.045007e-05, Param MSE = 1.049680e-04, Grad norm = 2.524998e-06, Beta update rate = 1.428908e-07
Epoch  48800 (1.0%): Train pred MSE = 3.059103e-08, Test pred MSE = 1.044919e-05, Param MSE = 1.049590e-04, Grad norm = 2.497947e-06, Beta update rate = 1.412376e-07
Epoch  49000 (1.0%): Train pred MSE = 2.997377e-08, Test pred MSE = 1.044831e-05, Param MSE = 1.049501e-04, Grad norm = 2.471226e-06, Beta update rate = 1.396068e-07
Epoch  49200 (1.0%): Train pred MSE = 2.936963e-08, Test pred MSE = 1.044745e-05, Param MSE = 1.049413e-04, Grad norm = 2.444832e-06, Beta update rate = 1.379981e-07
Epoch  49400 (1.0%): Train pred MSE = 2.877833e-08, Test pred MSE = 1.044661e-05, Param MSE = 1.049326e-04, Grad norm = 2.418759e-06, Beta update rate = 1.364111e-07
Epoch  49600 (1.0%): Train pred MSE = 2.819955e-08, Test pred MSE = 1.044577e-05, Param MSE = 1.049241e-04, Grad norm = 2.393003e-06, Beta update rate = 1.348455e-07
Epoch  49800 (1.0%): Train pred MSE = 2.763303e-08, Test pred MSE = 1.044494e-05, Param MSE = 1.049157e-04, Grad norm = 2.367559e-06, Beta update rate = 1.333009e-07
Epoch  50000 (1.0%): Train pred MSE = 2.707849e-08, Test pred MSE = 1.044413e-05, Param MSE = 1.049073e-04, Grad norm = 2.342423e-06, Beta update rate = 1.317770e-07
Epoch  50200 (1.0%): Train pred MSE = 2.653564e-08, Test pred MSE = 1.044333e-05, Param MSE = 1.048991e-04, Grad norm = 2.317590e-06, Beta update rate = 1.302734e-07
Epoch  50400 (1.0%): Train pred MSE = 2.600424e-08, Test pred MSE = 1.044254e-05, Param MSE = 1.048910e-04, Grad norm = 2.293056e-06, Beta update rate = 1.287899e-07
Epoch  50600 (1.0%): Train pred MSE = 2.548402e-08, Test pred MSE = 1.044175e-05, Param MSE = 1.048831e-04, Grad norm = 2.268816e-06, Beta update rate = 1.273260e-07
Epoch  50800 (1.0%): Train pred MSE = 2.497473e-08, Test pred MSE = 1.044098e-05, Param MSE = 1.048752e-04, Grad norm = 2.244867e-06, Beta update rate = 1.258815e-07
Epoch  51000 (1.0%): Train pred MSE = 2.447614e-08, Test pred MSE = 1.044022e-05, Param MSE = 1.048674e-04, Grad norm = 2.221204e-06, Beta update rate = 1.244561e-07
Epoch  51200 (1.0%): Train pred MSE = 2.398798e-08, Test pred MSE = 1.043947e-05, Param MSE = 1.048597e-04, Grad norm = 2.197824e-06, Beta update rate = 1.230494e-07
Epoch  51400 (1.0%): Train pred MSE = 2.351005e-08, Test pred MSE = 1.043873e-05, Param MSE = 1.048522e-04, Grad norm = 2.174721e-06, Beta update rate = 1.216613e-07
Epoch  51600 (1.0%): Train pred MSE = 2.304210e-08, Test pred MSE = 1.043800e-05, Param MSE = 1.048447e-04, Grad norm = 2.151893e-06, Beta update rate = 1.202913e-07
Epoch  51800 (1.0%): Train pred MSE = 2.258392e-08, Test pred MSE = 1.043728e-05, Param MSE = 1.048373e-04, Grad norm = 2.129336e-06, Beta update rate = 1.189392e-07
Epoch  52000 (1.0%): Train pred MSE = 2.213529e-08, Test pred MSE = 1.043657e-05, Param MSE = 1.048300e-04, Grad norm = 2.107044e-06, Beta update rate = 1.176047e-07
Epoch  52200 (1.0%): Train pred MSE = 2.169599e-08, Test pred MSE = 1.043587e-05, Param MSE = 1.048229e-04, Grad norm = 2.085016e-06, Beta update rate = 1.162875e-07
Epoch  52400 (1.0%): Train pred MSE = 2.126583e-08, Test pred MSE = 1.043517e-05, Param MSE = 1.048158e-04, Grad norm = 2.063247e-06, Beta update rate = 1.149874e-07
Epoch  52600 (1.1%): Train pred MSE = 2.084460e-08, Test pred MSE = 1.043449e-05, Param MSE = 1.048088e-04, Grad norm = 2.041734e-06, Beta update rate = 1.137041e-07
Epoch  52800 (1.1%): Train pred MSE = 2.043210e-08, Test pred MSE = 1.043382e-05, Param MSE = 1.048019e-04, Grad norm = 2.020473e-06, Beta update rate = 1.124374e-07
Epoch  53000 (1.1%): Train pred MSE = 2.002814e-08, Test pred MSE = 1.043315e-05, Param MSE = 1.047951e-04, Grad norm = 1.999460e-06, Beta update rate = 1.111869e-07
Epoch  53200 (1.1%): Train pred MSE = 1.963253e-08, Test pred MSE = 1.043249e-05, Param MSE = 1.047884e-04, Grad norm = 1.978692e-06, Beta update rate = 1.099525e-07
Epoch  53400 (1.1%): Train pred MSE = 1.924509e-08, Test pred MSE = 1.043185e-05, Param MSE = 1.047817e-04, Grad norm = 1.958167e-06, Beta update rate = 1.087338e-07
Epoch  53600 (1.1%): Train pred MSE = 1.886565e-08, Test pred MSE = 1.043121e-05, Param MSE = 1.047752e-04, Grad norm = 1.937879e-06, Beta update rate = 1.075308e-07
Epoch  53800 (1.1%): Train pred MSE = 1.849402e-08, Test pred MSE = 1.043058e-05, Param MSE = 1.047687e-04, Grad norm = 1.917828e-06, Beta update rate = 1.063430e-07
Epoch  54000 (1.1%): Train pred MSE = 1.813003e-08, Test pred MSE = 1.042995e-05, Param MSE = 1.047623e-04, Grad norm = 1.898008e-06, Beta update rate = 1.051703e-07
Epoch  54200 (1.1%): Train pred MSE = 1.777353e-08, Test pred MSE = 1.042934e-05, Param MSE = 1.047560e-04, Grad norm = 1.878416e-06, Beta update rate = 1.040124e-07
Epoch  54400 (1.1%): Train pred MSE = 1.742435e-08, Test pred MSE = 1.042873e-05, Param MSE = 1.047498e-04, Grad norm = 1.859051e-06, Beta update rate = 1.028692e-07
Epoch  54600 (1.1%): Train pred MSE = 1.708232e-08, Test pred MSE = 1.042813e-05, Param MSE = 1.047437e-04, Grad norm = 1.839909e-06, Beta update rate = 1.017404e-07
Epoch  54800 (1.1%): Train pred MSE = 1.674730e-08, Test pred MSE = 1.042754e-05, Param MSE = 1.047376e-04, Grad norm = 1.820986e-06, Beta update rate = 1.006258e-07
Epoch  55000 (1.1%): Train pred MSE = 1.641912e-08, Test pred MSE = 1.042696e-05, Param MSE = 1.047317e-04, Grad norm = 1.802280e-06, Beta update rate = 9.952516e-08
Epoch  55200 (1.1%): Train pred MSE = 1.609765e-08, Test pred MSE = 1.042638e-05, Param MSE = 1.047258e-04, Grad norm = 1.783788e-06, Beta update rate = 9.843830e-08
Epoch  55400 (1.1%): Train pred MSE = 1.578274e-08, Test pred MSE = 1.042581e-05, Param MSE = 1.047199e-04, Grad norm = 1.765507e-06, Beta update rate = 9.736499e-08
Epoch  55600 (1.1%): Train pred MSE = 1.547425e-08, Test pred MSE = 1.042525e-05, Param MSE = 1.047142e-04, Grad norm = 1.747434e-06, Beta update rate = 9.630506e-08
Epoch  55800 (1.1%): Train pred MSE = 1.517204e-08, Test pred MSE = 1.042470e-05, Param MSE = 1.047085e-04, Grad norm = 1.729566e-06, Beta update rate = 9.525829e-08
Epoch  56000 (1.1%): Train pred MSE = 1.487597e-08, Test pred MSE = 1.042415e-05, Param MSE = 1.047029e-04, Grad norm = 1.711901e-06, Beta update rate = 9.422449e-08
Epoch  56200 (1.1%): Train pred MSE = 1.458592e-08, Test pred MSE = 1.042361e-05, Param MSE = 1.046974e-04, Grad norm = 1.694437e-06, Beta update rate = 9.320348e-08
Epoch  56400 (1.1%): Train pred MSE = 1.430175e-08, Test pred MSE = 1.042308e-05, Param MSE = 1.046919e-04, Grad norm = 1.677170e-06, Beta update rate = 9.219506e-08
Epoch  56600 (1.1%): Train pred MSE = 1.402334e-08, Test pred MSE = 1.042255e-05, Param MSE = 1.046865e-04, Grad norm = 1.660097e-06, Beta update rate = 9.119905e-08
Epoch  56800 (1.1%): Train pred MSE = 1.375057e-08, Test pred MSE = 1.042203e-05, Param MSE = 1.046812e-04, Grad norm = 1.643217e-06, Beta update rate = 9.021528e-08
Epoch  57000 (1.1%): Train pred MSE = 1.348331e-08, Test pred MSE = 1.042152e-05, Param MSE = 1.046759e-04, Grad norm = 1.626527e-06, Beta update rate = 8.924356e-08
Epoch  57200 (1.1%): Train pred MSE = 1.322145e-08, Test pred MSE = 1.042102e-05, Param MSE = 1.046707e-04, Grad norm = 1.610024e-06, Beta update rate = 8.828372e-08
Epoch  57400 (1.1%): Train pred MSE = 1.296488e-08, Test pred MSE = 1.042052e-05, Param MSE = 1.046656e-04, Grad norm = 1.593706e-06, Beta update rate = 8.733558e-08
Epoch  57600 (1.2%): Train pred MSE = 1.271348e-08, Test pred MSE = 1.042002e-05, Param MSE = 1.046605e-04, Grad norm = 1.577570e-06, Beta update rate = 8.639899e-08
Epoch  57800 (1.2%): Train pred MSE = 1.246714e-08, Test pred MSE = 1.041954e-05, Param MSE = 1.046555e-04, Grad norm = 1.561614e-06, Beta update rate = 8.547377e-08
Epoch  58000 (1.2%): Train pred MSE = 1.222575e-08, Test pred MSE = 1.041905e-05, Param MSE = 1.046506e-04, Grad norm = 1.545837e-06, Beta update rate = 8.455976e-08
Epoch  58200 (1.2%): Train pred MSE = 1.198922e-08, Test pred MSE = 1.041858e-05, Param MSE = 1.046457e-04, Grad norm = 1.530234e-06, Beta update rate = 8.365680e-08
Epoch  58400 (1.2%): Train pred MSE = 1.175743e-08, Test pred MSE = 1.041811e-05, Param MSE = 1.046409e-04, Grad norm = 1.514805e-06, Beta update rate = 8.276473e-08
Epoch  58600 (1.2%): Train pred MSE = 1.153029e-08, Test pred MSE = 1.041765e-05, Param MSE = 1.046362e-04, Grad norm = 1.499547e-06, Beta update rate = 8.188341e-08
Epoch  58800 (1.2%): Train pred MSE = 1.130770e-08, Test pred MSE = 1.041719e-05, Param MSE = 1.046315e-04, Grad norm = 1.484458e-06, Beta update rate = 8.101267e-08
Epoch  59000 (1.2%): Train pred MSE = 1.108957e-08, Test pred MSE = 1.041674e-05, Param MSE = 1.046268e-04, Grad norm = 1.469536e-06, Beta update rate = 8.015237e-08
Epoch  59200 (1.2%): Train pred MSE = 1.087580e-08, Test pred MSE = 1.041629e-05, Param MSE = 1.046223e-04, Grad norm = 1.454778e-06, Beta update rate = 7.930237e-08
Epoch  59400 (1.2%): Train pred MSE = 1.066630e-08, Test pred MSE = 1.041585e-05, Param MSE = 1.046177e-04, Grad norm = 1.440183e-06, Beta update rate = 7.846250e-08
Epoch  59600 (1.2%): Train pred MSE = 1.046097e-08, Test pred MSE = 1.041542e-05, Param MSE = 1.046133e-04, Grad norm = 1.425748e-06, Beta update rate = 7.763265e-08
Epoch  59800 (1.2%): Train pred MSE = 1.025975e-08, Test pred MSE = 1.041499e-05, Param MSE = 1.046089e-04, Grad norm = 1.411472e-06, Beta update rate = 7.681266e-08
Epoch  60000 (1.2%): Train pred MSE = 1.006253e-08, Test pred MSE = 1.041457e-05, Param MSE = 1.046045e-04, Grad norm = 1.397352e-06, Beta update rate = 7.600240e-08
Epoch  60200 (1.2%): Train pred MSE = 9.869229e-09, Test pred MSE = 1.041415e-05, Param MSE = 1.046002e-04, Grad norm = 1.383386e-06, Beta update rate = 7.520173e-08
Epoch  60400 (1.2%): Train pred MSE = 9.679775e-09, Test pred MSE = 1.041373e-05, Param MSE = 1.045960e-04, Grad norm = 1.369573e-06, Beta update rate = 7.441052e-08
Epoch  60600 (1.2%): Train pred MSE = 9.494085e-09, Test pred MSE = 1.041332e-05, Param MSE = 1.045918e-04, Grad norm = 1.355911e-06, Beta update rate = 7.362865e-08
Epoch  60800 (1.2%): Train pred MSE = 9.312078e-09, Test pred MSE = 1.041292e-05, Param MSE = 1.045876e-04, Grad norm = 1.342398e-06, Beta update rate = 7.285597e-08
Epoch  61000 (1.2%): Train pred MSE = 9.133680e-09, Test pred MSE = 1.041252e-05, Param MSE = 1.045835e-04, Grad norm = 1.329031e-06, Beta update rate = 7.209237e-08
Epoch  61200 (1.2%): Train pred MSE = 8.958815e-09, Test pred MSE = 1.041213e-05, Param MSE = 1.045795e-04, Grad norm = 1.315810e-06, Beta update rate = 7.133773e-08
Epoch  61400 (1.2%): Train pred MSE = 8.787411e-09, Test pred MSE = 1.041174e-05, Param MSE = 1.045755e-04, Grad norm = 1.302732e-06, Beta update rate = 7.059191e-08
Epoch  61600 (1.2%): Train pred MSE = 8.619395e-09, Test pred MSE = 1.041136e-05, Param MSE = 1.045715e-04, Grad norm = 1.289795e-06, Beta update rate = 6.985480e-08
Epoch  61800 (1.2%): Train pred MSE = 8.454698e-09, Test pred MSE = 1.041098e-05, Param MSE = 1.045676e-04, Grad norm = 1.276998e-06, Beta update rate = 6.912628e-08
Epoch  62000 (1.2%): Train pred MSE = 8.293252e-09, Test pred MSE = 1.041060e-05, Param MSE = 1.045638e-04, Grad norm = 1.264340e-06, Beta update rate = 6.840624e-08
Epoch  62200 (1.2%): Train pred MSE = 8.134989e-09, Test pred MSE = 1.041023e-05, Param MSE = 1.045600e-04, Grad norm = 1.251817e-06, Beta update rate = 6.769455e-08
Epoch  62400 (1.2%): Train pred MSE = 7.979845e-09, Test pred MSE = 1.040987e-05, Param MSE = 1.045562e-04, Grad norm = 1.239430e-06, Beta update rate = 6.699112e-08
Epoch  62600 (1.3%): Train pred MSE = 7.827754e-09, Test pred MSE = 1.040951e-05, Param MSE = 1.045525e-04, Grad norm = 1.227175e-06, Beta update rate = 6.629582e-08
Epoch  62800 (1.3%): Train pred MSE = 7.678655e-09, Test pred MSE = 1.040915e-05, Param MSE = 1.045488e-04, Grad norm = 1.215052e-06, Beta update rate = 6.560854e-08
Epoch  63000 (1.3%): Train pred MSE = 7.532485e-09, Test pred MSE = 1.040880e-05, Param MSE = 1.045452e-04, Grad norm = 1.203059e-06, Beta update rate = 6.492919e-08
Epoch  63200 (1.3%): Train pred MSE = 7.389186e-09, Test pred MSE = 1.040845e-05, Param MSE = 1.045416e-04, Grad norm = 1.191194e-06, Beta update rate = 6.425765e-08
Epoch  63400 (1.3%): Train pred MSE = 7.248698e-09, Test pred MSE = 1.040811e-05, Param MSE = 1.045381e-04, Grad norm = 1.179456e-06, Beta update rate = 6.359382e-08
Epoch  63600 (1.3%): Train pred MSE = 7.110965e-09, Test pred MSE = 1.040777e-05, Param MSE = 1.045346e-04, Grad norm = 1.167843e-06, Beta update rate = 6.293761e-08
Epoch  63800 (1.3%): Train pred MSE = 6.975929e-09, Test pred MSE = 1.040743e-05, Param MSE = 1.045312e-04, Grad norm = 1.156354e-06, Beta update rate = 6.228889e-08
Epoch  64000 (1.3%): Train pred MSE = 6.843535e-09, Test pred MSE = 1.040710e-05, Param MSE = 1.045277e-04, Grad norm = 1.144987e-06, Beta update rate = 6.164759e-08
Epoch  64200 (1.3%): Train pred MSE = 6.713731e-09, Test pred MSE = 1.040677e-05, Param MSE = 1.045244e-04, Grad norm = 1.133741e-06, Beta update rate = 6.101360e-08
Epoch  64400 (1.3%): Train pred MSE = 6.586463e-09, Test pred MSE = 1.040645e-05, Param MSE = 1.045210e-04, Grad norm = 1.122614e-06, Beta update rate = 6.038682e-08
Epoch  64600 (1.3%): Train pred MSE = 6.461680e-09, Test pred MSE = 1.040613e-05, Param MSE = 1.045178e-04, Grad norm = 1.111605e-06, Beta update rate = 5.976716e-08
Epoch  64800 (1.3%): Train pred MSE = 6.339332e-09, Test pred MSE = 1.040582e-05, Param MSE = 1.045145e-04, Grad norm = 1.100713e-06, Beta update rate = 5.915453e-08
Epoch  65000 (1.3%): Train pred MSE = 6.219368e-09, Test pred MSE = 1.040550e-05, Param MSE = 1.045113e-04, Grad norm = 1.089935e-06, Beta update rate = 5.854884e-08
Epoch  65200 (1.3%): Train pred MSE = 6.101742e-09, Test pred MSE = 1.040520e-05, Param MSE = 1.045081e-04, Grad norm = 1.079272e-06, Beta update rate = 5.794999e-08
Epoch  65400 (1.3%): Train pred MSE = 5.986404e-09, Test pred MSE = 1.040489e-05, Param MSE = 1.045050e-04, Grad norm = 1.068721e-06, Beta update rate = 5.735789e-08
Epoch  65600 (1.3%): Train pred MSE = 5.873310e-09, Test pred MSE = 1.040459e-05, Param MSE = 1.045019e-04, Grad norm = 1.058280e-06, Beta update rate = 5.677247e-08
Epoch  65800 (1.3%): Train pred MSE = 5.762414e-09, Test pred MSE = 1.040429e-05, Param MSE = 1.044988e-04, Grad norm = 1.047950e-06, Beta update rate = 5.619363e-08
Epoch  66000 (1.3%): Train pred MSE = 5.653672e-09, Test pred MSE = 1.040400e-05, Param MSE = 1.044958e-04, Grad norm = 1.037728e-06, Beta update rate = 5.562129e-08
Epoch  66200 (1.3%): Train pred MSE = 5.547040e-09, Test pred MSE = 1.040371e-05, Param MSE = 1.044928e-04, Grad norm = 1.027613e-06, Beta update rate = 5.505536e-08
Epoch  66400 (1.3%): Train pred MSE = 5.442476e-09, Test pred MSE = 1.040342e-05, Param MSE = 1.044898e-04, Grad norm = 1.017605e-06, Beta update rate = 5.449576e-08
Epoch  66600 (1.3%): Train pred MSE = 5.339938e-09, Test pred MSE = 1.040314e-05, Param MSE = 1.044869e-04, Grad norm = 1.007701e-06, Beta update rate = 5.394241e-08
Epoch  66800 (1.3%): Train pred MSE = 5.239385e-09, Test pred MSE = 1.040286e-05, Param MSE = 1.044840e-04, Grad norm = 9.979000e-07, Beta update rate = 5.339524e-08
Epoch  67000 (1.3%): Train pred MSE = 5.140778e-09, Test pred MSE = 1.040258e-05, Param MSE = 1.044812e-04, Grad norm = 9.882017e-07, Beta update rate = 5.285416e-08
Epoch  67200 (1.3%): Train pred MSE = 5.044078e-09, Test pred MSE = 1.040231e-05, Param MSE = 1.044784e-04, Grad norm = 9.786044e-07, Beta update rate = 5.231909e-08
Epoch  67400 (1.3%): Train pred MSE = 4.949246e-09, Test pred MSE = 1.040204e-05, Param MSE = 1.044756e-04, Grad norm = 9.691071e-07, Beta update rate = 5.178996e-08
Epoch  67600 (1.4%): Train pred MSE = 4.856246e-09, Test pred MSE = 1.040177e-05, Param MSE = 1.044728e-04, Grad norm = 9.597086e-07, Beta update rate = 5.126670e-08
Epoch  67800 (1.4%): Train pred MSE = 4.765040e-09, Test pred MSE = 1.040151e-05, Param MSE = 1.044701e-04, Grad norm = 9.504076e-07, Beta update rate = 5.074923e-08
Epoch  68000 (1.4%): Train pred MSE = 4.675592e-09, Test pred MSE = 1.040125e-05, Param MSE = 1.044674e-04, Grad norm = 9.412032e-07, Beta update rate = 5.023747e-08
Epoch  68200 (1.4%): Train pred MSE = 4.587868e-09, Test pred MSE = 1.040099e-05, Param MSE = 1.044648e-04, Grad norm = 9.320941e-07, Beta update rate = 4.973136e-08
Epoch  68400 (1.4%): Train pred MSE = 4.501834e-09, Test pred MSE = 1.040074e-05, Param MSE = 1.044621e-04, Grad norm = 9.230793e-07, Beta update rate = 4.923082e-08
Epoch  68600 (1.4%): Train pred MSE = 4.417454e-09, Test pred MSE = 1.040049e-05, Param MSE = 1.044595e-04, Grad norm = 9.141578e-07, Beta update rate = 4.873579e-08
Epoch  68800 (1.4%): Train pred MSE = 4.334698e-09, Test pred MSE = 1.040024e-05, Param MSE = 1.044570e-04, Grad norm = 9.053283e-07, Beta update rate = 4.824619e-08
Epoch  69000 (1.4%): Train pred MSE = 4.253532e-09, Test pred MSE = 1.039999e-05, Param MSE = 1.044544e-04, Grad norm = 8.965899e-07, Beta update rate = 4.776196e-08
Epoch  69200 (1.4%): Train pred MSE = 4.173925e-09, Test pred MSE = 1.039975e-05, Param MSE = 1.044519e-04, Grad norm = 8.879416e-07, Beta update rate = 4.728303e-08
Epoch  69400 (1.4%): Train pred MSE = 4.095845e-09, Test pred MSE = 1.039951e-05, Param MSE = 1.044495e-04, Grad norm = 8.793823e-07, Beta update rate = 4.680934e-08
Epoch  69600 (1.4%): Train pred MSE = 4.019263e-09, Test pred MSE = 1.039927e-05, Param MSE = 1.044470e-04, Grad norm = 8.709110e-07, Beta update rate = 4.634082e-08
Epoch  69800 (1.4%): Train pred MSE = 3.944149e-09, Test pred MSE = 1.039904e-05, Param MSE = 1.044446e-04, Grad norm = 8.625266e-07, Beta update rate = 4.587740e-08
Epoch  70000 (1.4%): Train pred MSE = 3.870474e-09, Test pred MSE = 1.039881e-05, Param MSE = 1.044422e-04, Grad norm = 8.542284e-07, Beta update rate = 4.541903e-08
Epoch  70200 (1.4%): Train pred MSE = 3.798209e-09, Test pred MSE = 1.039858e-05, Param MSE = 1.044398e-04, Grad norm = 8.460151e-07, Beta update rate = 4.496564e-08
Epoch  70400 (1.4%): Train pred MSE = 3.727327e-09, Test pred MSE = 1.039835e-05, Param MSE = 1.044375e-04, Grad norm = 8.378859e-07, Beta update rate = 4.451718e-08
Epoch  70600 (1.4%): Train pred MSE = 3.657800e-09, Test pred MSE = 1.039813e-05, Param MSE = 1.044352e-04, Grad norm = 8.298399e-07, Beta update rate = 4.407357e-08
Epoch  70800 (1.4%): Train pred MSE = 3.589601e-09, Test pred MSE = 1.039790e-05, Param MSE = 1.044329e-04, Grad norm = 8.218761e-07, Beta update rate = 4.363476e-08
Epoch  71000 (1.4%): Train pred MSE = 3.522705e-09, Test pred MSE = 1.039769e-05, Param MSE = 1.044306e-04, Grad norm = 8.139935e-07, Beta update rate = 4.320070e-08
Epoch  71200 (1.4%): Train pred MSE = 3.457085e-09, Test pred MSE = 1.039747e-05, Param MSE = 1.044284e-04, Grad norm = 8.061913e-07, Beta update rate = 4.277132e-08
Epoch  71400 (1.4%): Train pred MSE = 3.392717e-09, Test pred MSE = 1.039726e-05, Param MSE = 1.044262e-04, Grad norm = 7.984686e-07, Beta update rate = 4.234657e-08
Epoch  71600 (1.4%): Train pred MSE = 3.329576e-09, Test pred MSE = 1.039705e-05, Param MSE = 1.044240e-04, Grad norm = 7.908244e-07, Beta update rate = 4.192639e-08
Epoch  71800 (1.4%): Train pred MSE = 3.267637e-09, Test pred MSE = 1.039684e-05, Param MSE = 1.044219e-04, Grad norm = 7.832580e-07, Beta update rate = 4.151072e-08
Epoch  72000 (1.4%): Train pred MSE = 3.206878e-09, Test pred MSE = 1.039663e-05, Param MSE = 1.044197e-04, Grad norm = 7.757684e-07, Beta update rate = 4.109952e-08
Epoch  72200 (1.4%): Train pred MSE = 3.147275e-09, Test pred MSE = 1.039643e-05, Param MSE = 1.044176e-04, Grad norm = 7.683547e-07, Beta update rate = 4.069273e-08
Epoch  72400 (1.4%): Train pred MSE = 3.088805e-09, Test pred MSE = 1.039623e-05, Param MSE = 1.044155e-04, Grad norm = 7.610162e-07, Beta update rate = 4.029029e-08
Epoch  72600 (1.5%): Train pred MSE = 3.031447e-09, Test pred MSE = 1.039603e-05, Param MSE = 1.044135e-04, Grad norm = 7.537520e-07, Beta update rate = 3.989216e-08
Epoch  72800 (1.5%): Train pred MSE = 2.975178e-09, Test pred MSE = 1.039583e-05, Param MSE = 1.044114e-04, Grad norm = 7.465613e-07, Beta update rate = 3.949827e-08
Epoch  73000 (1.5%): Train pred MSE = 2.919977e-09, Test pred MSE = 1.039563e-05, Param MSE = 1.044094e-04, Grad norm = 7.394432e-07, Beta update rate = 3.910859e-08
Epoch  73200 (1.5%): Train pred MSE = 2.865824e-09, Test pred MSE = 1.039544e-05, Param MSE = 1.044074e-04, Grad norm = 7.323970e-07, Beta update rate = 3.872305e-08
Epoch  73400 (1.5%): Train pred MSE = 2.812697e-09, Test pred MSE = 1.039525e-05, Param MSE = 1.044055e-04, Grad norm = 7.254219e-07, Beta update rate = 3.834162e-08
Epoch  73600 (1.5%): Train pred MSE = 2.760577e-09, Test pred MSE = 1.039506e-05, Param MSE = 1.044035e-04, Grad norm = 7.185170e-07, Beta update rate = 3.796424e-08
Epoch  73800 (1.5%): Train pred MSE = 2.709445e-09, Test pred MSE = 1.039488e-05, Param MSE = 1.044016e-04, Grad norm = 7.116817e-07, Beta update rate = 3.759087e-08
Epoch  74000 (1.5%): Train pred MSE = 2.659280e-09, Test pred MSE = 1.039469e-05, Param MSE = 1.043997e-04, Grad norm = 7.049151e-07, Beta update rate = 3.722145e-08
Epoch  74200 (1.5%): Train pred MSE = 2.610065e-09, Test pred MSE = 1.039451e-05, Param MSE = 1.043978e-04, Grad norm = 6.982165e-07, Beta update rate = 3.685594e-08
Epoch  74400 (1.5%): Train pred MSE = 2.561780e-09, Test pred MSE = 1.039433e-05, Param MSE = 1.043959e-04, Grad norm = 6.915852e-07, Beta update rate = 3.649429e-08
Epoch  74600 (1.5%): Train pred MSE = 2.514407e-09, Test pred MSE = 1.039415e-05, Param MSE = 1.043941e-04, Grad norm = 6.850204e-07, Beta update rate = 3.613646e-08
Epoch  74800 (1.5%): Train pred MSE = 2.467930e-09, Test pred MSE = 1.039398e-05, Param MSE = 1.043923e-04, Grad norm = 6.785214e-07, Beta update rate = 3.578241e-08
Epoch  75000 (1.5%): Train pred MSE = 2.422330e-09, Test pred MSE = 1.039381e-05, Param MSE = 1.043905e-04, Grad norm = 6.720875e-07, Beta update rate = 3.543208e-08
Epoch  75200 (1.5%): Train pred MSE = 2.377590e-09, Test pred MSE = 1.039363e-05, Param MSE = 1.043887e-04, Grad norm = 6.657179e-07, Beta update rate = 3.508544e-08
Epoch  75400 (1.5%): Train pred MSE = 2.333695e-09, Test pred MSE = 1.039346e-05, Param MSE = 1.043870e-04, Grad norm = 6.594121e-07, Beta update rate = 3.474244e-08
Epoch  75600 (1.5%): Train pred MSE = 2.290626e-09, Test pred MSE = 1.039330e-05, Param MSE = 1.043852e-04, Grad norm = 6.531692e-07, Beta update rate = 3.440304e-08
Epoch  75800 (1.5%): Train pred MSE = 2.248370e-09, Test pred MSE = 1.039313e-05, Param MSE = 1.043835e-04, Grad norm = 6.469885e-07, Beta update rate = 3.406720e-08
Epoch  76000 (1.5%): Train pred MSE = 2.206908e-09, Test pred MSE = 1.039297e-05, Param MSE = 1.043818e-04, Grad norm = 6.408696e-07, Beta update rate = 3.373488e-08
Epoch  76200 (1.5%): Train pred MSE = 2.166228e-09, Test pred MSE = 1.039280e-05, Param MSE = 1.043801e-04, Grad norm = 6.348115e-07, Beta update rate = 3.340603e-08
Epoch  76400 (1.5%): Train pred MSE = 2.126312e-09, Test pred MSE = 1.039264e-05, Param MSE = 1.043784e-04, Grad norm = 6.288138e-07, Beta update rate = 3.308061e-08
Epoch  76600 (1.5%): Train pred MSE = 2.087147e-09, Test pred MSE = 1.039248e-05, Param MSE = 1.043768e-04, Grad norm = 6.228758e-07, Beta update rate = 3.275860e-08
Epoch  76800 (1.5%): Train pred MSE = 2.048718e-09, Test pred MSE = 1.039233e-05, Param MSE = 1.043752e-04, Grad norm = 6.169967e-07, Beta update rate = 3.243993e-08
Epoch  77000 (1.5%): Train pred MSE = 2.011011e-09, Test pred MSE = 1.039217e-05, Param MSE = 1.043736e-04, Grad norm = 6.111760e-07, Beta update rate = 3.212459e-08
Epoch  77200 (1.5%): Train pred MSE = 1.974011e-09, Test pred MSE = 1.039202e-05, Param MSE = 1.043720e-04, Grad norm = 6.054131e-07, Beta update rate = 3.181252e-08
Epoch  77400 (1.5%): Train pred MSE = 1.937706e-09, Test pred MSE = 1.039187e-05, Param MSE = 1.043704e-04, Grad norm = 5.997073e-07, Beta update rate = 3.150370e-08
Epoch  77600 (1.6%): Train pred MSE = 1.902082e-09, Test pred MSE = 1.039172e-05, Param MSE = 1.043689e-04, Grad norm = 5.940580e-07, Beta update rate = 3.119808e-08
Epoch  77800 (1.6%): Train pred MSE = 1.867126e-09, Test pred MSE = 1.039157e-05, Param MSE = 1.043673e-04, Grad norm = 5.884646e-07, Beta update rate = 3.089563e-08
Epoch  78000 (1.6%): Train pred MSE = 1.832825e-09, Test pred MSE = 1.039142e-05, Param MSE = 1.043658e-04, Grad norm = 5.829266e-07, Beta update rate = 3.059631e-08
Epoch  78200 (1.6%): Train pred MSE = 1.799166e-09, Test pred MSE = 1.039128e-05, Param MSE = 1.043643e-04, Grad norm = 5.774432e-07, Beta update rate = 3.030009e-08
Epoch  78400 (1.6%): Train pred MSE = 1.766137e-09, Test pred MSE = 1.039113e-05, Param MSE = 1.043628e-04, Grad norm = 5.720141e-07, Beta update rate = 3.000692e-08
Epoch  78600 (1.6%): Train pred MSE = 1.733727e-09, Test pred MSE = 1.039099e-05, Param MSE = 1.043613e-04, Grad norm = 5.666385e-07, Beta update rate = 2.971678e-08
Epoch  78800 (1.6%): Train pred MSE = 1.701922e-09, Test pred MSE = 1.039085e-05, Param MSE = 1.043599e-04, Grad norm = 5.613158e-07, Beta update rate = 2.942964e-08
Epoch  79000 (1.6%): Train pred MSE = 1.670712e-09, Test pred MSE = 1.039071e-05, Param MSE = 1.043584e-04, Grad norm = 5.560457e-07, Beta update rate = 2.914545e-08
Epoch  79200 (1.6%): Train pred MSE = 1.640085e-09, Test pred MSE = 1.039058e-05, Param MSE = 1.043570e-04, Grad norm = 5.508274e-07, Beta update rate = 2.886418e-08
Epoch  79400 (1.6%): Train pred MSE = 1.610031e-09, Test pred MSE = 1.039044e-05, Param MSE = 1.043556e-04, Grad norm = 5.456604e-07, Beta update rate = 2.858581e-08
Epoch  79600 (1.6%): Train pred MSE = 1.580537e-09, Test pred MSE = 1.039031e-05, Param MSE = 1.043542e-04, Grad norm = 5.405443e-07, Beta update rate = 2.831029e-08
Epoch  79800 (1.6%): Train pred MSE = 1.551594e-09, Test pred MSE = 1.039017e-05, Param MSE = 1.043528e-04, Grad norm = 5.354784e-07, Beta update rate = 2.803760e-08
Epoch  80000 (1.6%): Train pred MSE = 1.523190e-09, Test pred MSE = 1.039004e-05, Param MSE = 1.043515e-04, Grad norm = 5.304622e-07, Beta update rate = 2.776771e-08
Epoch  80200 (1.6%): Train pred MSE = 1.495316e-09, Test pred MSE = 1.038991e-05, Param MSE = 1.043501e-04, Grad norm = 5.254952e-07, Beta update rate = 2.750057e-08
Epoch  80400 (1.6%): Train pred MSE = 1.467962e-09, Test pred MSE = 1.038978e-05, Param MSE = 1.043488e-04, Grad norm = 5.205769e-07, Beta update rate = 2.723617e-08
Epoch  80600 (1.6%): Train pred MSE = 1.441117e-09, Test pred MSE = 1.038966e-05, Param MSE = 1.043475e-04, Grad norm = 5.157068e-07, Beta update rate = 2.697447e-08
Epoch  80800 (1.6%): Train pred MSE = 1.414772e-09, Test pred MSE = 1.038953e-05, Param MSE = 1.043462e-04, Grad norm = 5.108843e-07, Beta update rate = 2.671544e-08
Epoch  81000 (1.6%): Train pred MSE = 1.388917e-09, Test pred MSE = 1.038941e-05, Param MSE = 1.043449e-04, Grad norm = 5.061091e-07, Beta update rate = 2.645905e-08
Epoch  81200 (1.6%): Train pred MSE = 1.363543e-09, Test pred MSE = 1.038928e-05, Param MSE = 1.043436e-04, Grad norm = 5.013804e-07, Beta update rate = 2.620528e-08
Epoch  81400 (1.6%): Train pred MSE = 1.338641e-09, Test pred MSE = 1.038916e-05, Param MSE = 1.043424e-04, Grad norm = 4.966980e-07, Beta update rate = 2.595408e-08
Epoch  81600 (1.6%): Train pred MSE = 1.314202e-09, Test pred MSE = 1.038904e-05, Param MSE = 1.043411e-04, Grad norm = 4.920613e-07, Beta update rate = 2.570545e-08
Epoch  81800 (1.6%): Train pred MSE = 1.290216e-09, Test pred MSE = 1.038892e-05, Param MSE = 1.043399e-04, Grad norm = 4.874698e-07, Beta update rate = 2.545933e-08
Epoch  82000 (1.6%): Train pred MSE = 1.266677e-09, Test pred MSE = 1.038881e-05, Param MSE = 1.043387e-04, Grad norm = 4.829230e-07, Beta update rate = 2.521571e-08
Epoch  82200 (1.6%): Train pred MSE = 1.243574e-09, Test pred MSE = 1.038869e-05, Param MSE = 1.043374e-04, Grad norm = 4.784206e-07, Beta update rate = 2.497457e-08
Epoch  82400 (1.6%): Train pred MSE = 1.220900e-09, Test pred MSE = 1.038858e-05, Param MSE = 1.043362e-04, Grad norm = 4.739620e-07, Beta update rate = 2.473586e-08
Epoch  82600 (1.7%): Train pred MSE = 1.198646e-09, Test pred MSE = 1.038846e-05, Param MSE = 1.043351e-04, Grad norm = 4.695467e-07, Beta update rate = 2.449958e-08
Epoch  82800 (1.7%): Train pred MSE = 1.176806e-09, Test pred MSE = 1.038835e-05, Param MSE = 1.043339e-04, Grad norm = 4.651744e-07, Beta update rate = 2.426568e-08
Epoch  83000 (1.7%): Train pred MSE = 1.155369e-09, Test pred MSE = 1.038824e-05, Param MSE = 1.043327e-04, Grad norm = 4.608445e-07, Beta update rate = 2.403414e-08
Epoch  83200 (1.7%): Train pred MSE = 1.134330e-09, Test pred MSE = 1.038813e-05, Param MSE = 1.043316e-04, Grad norm = 4.565567e-07, Beta update rate = 2.380494e-08
Epoch  83400 (1.7%): Train pred MSE = 1.113681e-09, Test pred MSE = 1.038802e-05, Param MSE = 1.043305e-04, Grad norm = 4.523105e-07, Beta update rate = 2.357805e-08
Epoch  83600 (1.7%): Train pred MSE = 1.093414e-09, Test pred MSE = 1.038791e-05, Param MSE = 1.043293e-04, Grad norm = 4.481055e-07, Beta update rate = 2.335345e-08
Epoch  83800 (1.7%): Train pred MSE = 1.073522e-09, Test pred MSE = 1.038780e-05, Param MSE = 1.043282e-04, Grad norm = 4.439412e-07, Beta update rate = 2.313111e-08
Epoch  84000 (1.7%): Train pred MSE = 1.053998e-09, Test pred MSE = 1.038770e-05, Param MSE = 1.043271e-04, Grad norm = 4.398172e-07, Beta update rate = 2.291100e-08
Epoch  84200 (1.7%): Train pred MSE = 1.034834e-09, Test pred MSE = 1.038760e-05, Param MSE = 1.043261e-04, Grad norm = 4.357332e-07, Beta update rate = 2.269310e-08
Epoch  84400 (1.7%): Train pred MSE = 1.016025e-09, Test pred MSE = 1.038749e-05, Param MSE = 1.043250e-04, Grad norm = 4.316886e-07, Beta update rate = 2.247740e-08
Epoch  84600 (1.7%): Train pred MSE = 9.975638e-10, Test pred MSE = 1.038739e-05, Param MSE = 1.043239e-04, Grad norm = 4.276832e-07, Beta update rate = 2.226385e-08
Epoch  84800 (1.7%): Train pred MSE = 9.794431e-10, Test pred MSE = 1.038729e-05, Param MSE = 1.043229e-04, Grad norm = 4.237164e-07, Beta update rate = 2.205245e-08
Epoch  85000 (1.7%): Train pred MSE = 9.616570e-10, Test pred MSE = 1.038719e-05, Param MSE = 1.043218e-04, Grad norm = 4.197879e-07, Beta update rate = 2.184317e-08
Epoch  85200 (1.7%): Train pred MSE = 9.441991e-10, Test pred MSE = 1.038709e-05, Param MSE = 1.043208e-04, Grad norm = 4.158974e-07, Beta update rate = 2.163597e-08
Epoch  85400 (1.7%): Train pred MSE = 9.270633e-10, Test pred MSE = 1.038699e-05, Param MSE = 1.043198e-04, Grad norm = 4.120443e-07, Beta update rate = 2.143085e-08
Epoch  85600 (1.7%): Train pred MSE = 9.102434e-10, Test pred MSE = 1.038690e-05, Param MSE = 1.043188e-04, Grad norm = 4.082284e-07, Beta update rate = 2.122778e-08
Epoch  85800 (1.7%): Train pred MSE = 8.937336e-10, Test pred MSE = 1.038680e-05, Param MSE = 1.043178e-04, Grad norm = 4.044493e-07, Beta update rate = 2.102674e-08
Epoch  86000 (1.7%): Train pred MSE = 8.775279e-10, Test pred MSE = 1.038671e-05, Param MSE = 1.043168e-04, Grad norm = 4.007065e-07, Beta update rate = 2.082770e-08
Epoch  86200 (1.7%): Train pred MSE = 8.616208e-10, Test pred MSE = 1.038661e-05, Param MSE = 1.043158e-04, Grad norm = 3.969997e-07, Beta update rate = 2.063064e-08
Epoch  86400 (1.7%): Train pred MSE = 8.460065e-10, Test pred MSE = 1.038652e-05, Param MSE = 1.043149e-04, Grad norm = 3.933286e-07, Beta update rate = 2.043555e-08
Epoch  86600 (1.7%): Train pred MSE = 8.306796e-10, Test pred MSE = 1.038643e-05, Param MSE = 1.043139e-04, Grad norm = 3.896927e-07, Beta update rate = 2.024239e-08
Epoch  86800 (1.7%): Train pred MSE = 8.156348e-10, Test pred MSE = 1.038634e-05, Param MSE = 1.043130e-04, Grad norm = 3.860918e-07, Beta update rate = 2.005116e-08
Epoch  87000 (1.7%): Train pred MSE = 8.008666e-10, Test pred MSE = 1.038625e-05, Param MSE = 1.043120e-04, Grad norm = 3.825254e-07, Beta update rate = 1.986182e-08
Epoch  87200 (1.7%): Train pred MSE = 7.863700e-10, Test pred MSE = 1.038616e-05, Param MSE = 1.043111e-04, Grad norm = 3.789932e-07, Beta update rate = 1.967437e-08
Epoch  87400 (1.7%): Train pred MSE = 7.721398e-10, Test pred MSE = 1.038607e-05, Param MSE = 1.043102e-04, Grad norm = 3.754949e-07, Beta update rate = 1.948877e-08
Epoch  87600 (1.8%): Train pred MSE = 7.581710e-10, Test pred MSE = 1.038599e-05, Param MSE = 1.043093e-04, Grad norm = 3.720301e-07, Beta update rate = 1.930502e-08
Epoch  87800 (1.8%): Train pred MSE = 7.444588e-10, Test pred MSE = 1.038590e-05, Param MSE = 1.043084e-04, Grad norm = 3.685985e-07, Beta update rate = 1.912308e-08
Epoch  88000 (1.8%): Train pred MSE = 7.309983e-10, Test pred MSE = 1.038581e-05, Param MSE = 1.043075e-04, Grad norm = 3.651998e-07, Beta update rate = 1.894294e-08
Epoch  88200 (1.8%): Train pred MSE = 7.177849e-10, Test pred MSE = 1.038573e-05, Param MSE = 1.043067e-04, Grad norm = 3.618335e-07, Beta update rate = 1.876459e-08
Epoch  88400 (1.8%): Train pred MSE = 7.048139e-10, Test pred MSE = 1.038565e-05, Param MSE = 1.043058e-04, Grad norm = 3.584994e-07, Beta update rate = 1.858799e-08
Epoch  88600 (1.8%): Train pred MSE = 6.920808e-10, Test pred MSE = 1.038557e-05, Param MSE = 1.043049e-04, Grad norm = 3.551972e-07, Beta update rate = 1.841314e-08
Epoch  88800 (1.8%): Train pred MSE = 6.795812e-10, Test pred MSE = 1.038548e-05, Param MSE = 1.043041e-04, Grad norm = 3.519266e-07, Beta update rate = 1.824002e-08
Epoch  89000 (1.8%): Train pred MSE = 6.673106e-10, Test pred MSE = 1.038540e-05, Param MSE = 1.043032e-04, Grad norm = 3.486872e-07, Beta update rate = 1.806860e-08
Epoch  89200 (1.8%): Train pred MSE = 6.552649e-10, Test pred MSE = 1.038532e-05, Param MSE = 1.043024e-04, Grad norm = 3.454786e-07, Beta update rate = 1.789887e-08
Epoch  89400 (1.8%): Train pred MSE = 6.434398e-10, Test pred MSE = 1.038524e-05, Param MSE = 1.043016e-04, Grad norm = 3.423007e-07, Beta update rate = 1.773081e-08
Epoch  89600 (1.8%): Train pred MSE = 6.318312e-10, Test pred MSE = 1.038517e-05, Param MSE = 1.043008e-04, Grad norm = 3.391530e-07, Beta update rate = 1.756440e-08
Epoch  89800 (1.8%): Train pred MSE = 6.204351e-10, Test pred MSE = 1.038509e-05, Param MSE = 1.043000e-04, Grad norm = 3.360354e-07, Beta update rate = 1.739963e-08
Epoch  90000 (1.8%): Train pred MSE = 6.092475e-10, Test pred MSE = 1.038501e-05, Param MSE = 1.042992e-04, Grad norm = 3.329474e-07, Beta update rate = 1.723648e-08
Epoch  90200 (1.8%): Train pred MSE = 5.982646e-10, Test pred MSE = 1.038494e-05, Param MSE = 1.042984e-04, Grad norm = 3.298888e-07, Beta update rate = 1.707493e-08
Epoch  90400 (1.8%): Train pred MSE = 5.874825e-10, Test pred MSE = 1.038486e-05, Param MSE = 1.042976e-04, Grad norm = 3.268593e-07, Beta update rate = 1.691496e-08
Epoch  90600 (1.8%): Train pred MSE = 5.768974e-10, Test pred MSE = 1.038479e-05, Param MSE = 1.042968e-04, Grad norm = 3.238586e-07, Beta update rate = 1.675657e-08
Epoch  90800 (1.8%): Train pred MSE = 5.665058e-10, Test pred MSE = 1.038472e-05, Param MSE = 1.042961e-04, Grad norm = 3.208864e-07, Beta update rate = 1.659972e-08
Epoch  91000 (1.8%): Train pred MSE = 5.563040e-10, Test pred MSE = 1.038464e-05, Param MSE = 1.042953e-04, Grad norm = 3.179424e-07, Beta update rate = 1.644441e-08
Epoch  91200 (1.8%): Train pred MSE = 5.462886e-10, Test pred MSE = 1.038457e-05, Param MSE = 1.042946e-04, Grad norm = 3.150264e-07, Beta update rate = 1.629062e-08
Epoch  91400 (1.8%): Train pred MSE = 5.364559e-10, Test pred MSE = 1.038450e-05, Param MSE = 1.042938e-04, Grad norm = 3.121381e-07, Beta update rate = 1.613833e-08
Epoch  91600 (1.8%): Train pred MSE = 5.268028e-10, Test pred MSE = 1.038443e-05, Param MSE = 1.042931e-04, Grad norm = 3.092771e-07, Beta update rate = 1.598753e-08
Epoch  91800 (1.8%): Train pred MSE = 5.173257e-10, Test pred MSE = 1.038436e-05, Param MSE = 1.042924e-04, Grad norm = 3.064433e-07, Beta update rate = 1.583820e-08
Epoch  92000 (1.8%): Train pred MSE = 5.080215e-10, Test pred MSE = 1.038429e-05, Param MSE = 1.042917e-04, Grad norm = 3.036363e-07, Beta update rate = 1.569033e-08
Epoch  92200 (1.8%): Train pred MSE = 4.988869e-10, Test pred MSE = 1.038422e-05, Param MSE = 1.042910e-04, Grad norm = 3.008559e-07, Beta update rate = 1.554389e-08
Epoch  92400 (1.8%): Train pred MSE = 4.899188e-10, Test pred MSE = 1.038416e-05, Param MSE = 1.042902e-04, Grad norm = 2.981018e-07, Beta update rate = 1.539889e-08
Epoch  92600 (1.9%): Train pred MSE = 4.811142e-10, Test pred MSE = 1.038409e-05, Param MSE = 1.042896e-04, Grad norm = 2.953738e-07, Beta update rate = 1.525530e-08
Epoch  92800 (1.9%): Train pred MSE = 4.724699e-10, Test pred MSE = 1.038402e-05, Param MSE = 1.042889e-04, Grad norm = 2.926715e-07, Beta update rate = 1.511310e-08
Epoch  93000 (1.9%): Train pred MSE = 4.639831e-10, Test pred MSE = 1.038396e-05, Param MSE = 1.042882e-04, Grad norm = 2.899948e-07, Beta update rate = 1.497229e-08
Epoch  93200 (1.9%): Train pred MSE = 4.556507e-10, Test pred MSE = 1.038389e-05, Param MSE = 1.042875e-04, Grad norm = 2.873434e-07, Beta update rate = 1.483285e-08
Epoch  93400 (1.9%): Train pred MSE = 4.474700e-10, Test pred MSE = 1.038383e-05, Param MSE = 1.042868e-04, Grad norm = 2.847170e-07, Beta update rate = 1.469476e-08
Epoch  93600 (1.9%): Train pred MSE = 4.394381e-10, Test pred MSE = 1.038377e-05, Param MSE = 1.042862e-04, Grad norm = 2.821155e-07, Beta update rate = 1.455801e-08
Epoch  93800 (1.9%): Train pred MSE = 4.315524e-10, Test pred MSE = 1.038371e-05, Param MSE = 1.042855e-04, Grad norm = 2.795384e-07, Beta update rate = 1.442259e-08
Epoch  94000 (1.9%): Train pred MSE = 4.238100e-10, Test pred MSE = 1.038364e-05, Param MSE = 1.042849e-04, Grad norm = 2.769857e-07, Beta update rate = 1.428848e-08
Epoch  94200 (1.9%): Train pred MSE = 4.162083e-10, Test pred MSE = 1.038358e-05, Param MSE = 1.042843e-04, Grad norm = 2.744570e-07, Beta update rate = 1.415566e-08
Epoch  94400 (1.9%): Train pred MSE = 4.087448e-10, Test pred MSE = 1.038352e-05, Param MSE = 1.042836e-04, Grad norm = 2.719522e-07, Beta update rate = 1.402414e-08
Epoch  94600 (1.9%): Train pred MSE = 4.014169e-10, Test pred MSE = 1.038346e-05, Param MSE = 1.042830e-04, Grad norm = 2.694709e-07, Beta update rate = 1.389389e-08
Epoch  94800 (1.9%): Train pred MSE = 3.942221e-10, Test pred MSE = 1.038340e-05, Param MSE = 1.042824e-04, Grad norm = 2.670130e-07, Beta update rate = 1.376489e-08
Epoch  95000 (1.9%): Train pred MSE = 3.871579e-10, Test pred MSE = 1.038334e-05, Param MSE = 1.042818e-04, Grad norm = 2.645782e-07, Beta update rate = 1.363715e-08
Epoch  95200 (1.9%): Train pred MSE = 3.802219e-10, Test pred MSE = 1.038329e-05, Param MSE = 1.042812e-04, Grad norm = 2.621664e-07, Beta update rate = 1.351063e-08
Epoch  95400 (1.9%): Train pred MSE = 3.734118e-10, Test pred MSE = 1.038323e-05, Param MSE = 1.042805e-04, Grad norm = 2.597772e-07, Beta update rate = 1.338534e-08
Epoch  95600 (1.9%): Train pred MSE = 3.667253e-10, Test pred MSE = 1.038317e-05, Param MSE = 1.042800e-04, Grad norm = 2.574104e-07, Beta update rate = 1.326126e-08
Epoch  95800 (1.9%): Train pred MSE = 3.601600e-10, Test pred MSE = 1.038311e-05, Param MSE = 1.042794e-04, Grad norm = 2.550659e-07, Beta update rate = 1.313837e-08
Epoch  96000 (1.9%): Train pred MSE = 3.537137e-10, Test pred MSE = 1.038306e-05, Param MSE = 1.042788e-04, Grad norm = 2.527434e-07, Beta update rate = 1.301667e-08
Epoch  96200 (1.9%): Train pred MSE = 3.473843e-10, Test pred MSE = 1.038300e-05, Param MSE = 1.042782e-04, Grad norm = 2.504427e-07, Beta update rate = 1.289614e-08
Epoch  96400 (1.9%): Train pred MSE = 3.411695e-10, Test pred MSE = 1.038295e-05, Param MSE = 1.042776e-04, Grad norm = 2.481636e-07, Beta update rate = 1.277677e-08
Epoch  96600 (1.9%): Train pred MSE = 3.350674e-10, Test pred MSE = 1.038289e-05, Param MSE = 1.042771e-04, Grad norm = 2.459058e-07, Beta update rate = 1.265854e-08
Epoch  96800 (1.9%): Train pred MSE = 3.290757e-10, Test pred MSE = 1.038284e-05, Param MSE = 1.042765e-04, Grad norm = 2.436693e-07, Beta update rate = 1.254146e-08
Epoch  97000 (1.9%): Train pred MSE = 3.231926e-10, Test pred MSE = 1.038279e-05, Param MSE = 1.042760e-04, Grad norm = 2.414536e-07, Beta update rate = 1.242550e-08
Epoch  97200 (1.9%): Train pred MSE = 3.174159e-10, Test pred MSE = 1.038274e-05, Param MSE = 1.042754e-04, Grad norm = 2.392588e-07, Beta update rate = 1.231065e-08
Epoch  97400 (1.9%): Train pred MSE = 3.117438e-10, Test pred MSE = 1.038268e-05, Param MSE = 1.042749e-04, Grad norm = 2.370844e-07, Beta update rate = 1.219690e-08
Epoch  97600 (2.0%): Train pred MSE = 3.061742e-10, Test pred MSE = 1.038263e-05, Param MSE = 1.042743e-04, Grad norm = 2.349304e-07, Beta update rate = 1.208425e-08
Epoch  97800 (2.0%): Train pred MSE = 3.007054e-10, Test pred MSE = 1.038258e-05, Param MSE = 1.042738e-04, Grad norm = 2.327966e-07, Beta update rate = 1.197267e-08
Epoch  98000 (2.0%): Train pred MSE = 2.953355e-10, Test pred MSE = 1.038253e-05, Param MSE = 1.042733e-04, Grad norm = 2.306827e-07, Beta update rate = 1.186217e-08
Epoch  98200 (2.0%): Train pred MSE = 2.900627e-10, Test pred MSE = 1.038248e-05, Param MSE = 1.042728e-04, Grad norm = 2.285886e-07, Beta update rate = 1.175272e-08
Epoch  98400 (2.0%): Train pred MSE = 2.848851e-10, Test pred MSE = 1.038243e-05, Param MSE = 1.042722e-04, Grad norm = 2.265141e-07, Beta update rate = 1.164432e-08
Epoch  98600 (2.0%): Train pred MSE = 2.798011e-10, Test pred MSE = 1.038238e-05, Param MSE = 1.042717e-04, Grad norm = 2.244589e-07, Beta update rate = 1.153696e-08
Epoch  98800 (2.0%): Train pred MSE = 2.748089e-10, Test pred MSE = 1.038234e-05, Param MSE = 1.042712e-04, Grad norm = 2.224229e-07, Beta update rate = 1.143062e-08
Epoch  99000 (2.0%): Train pred MSE = 2.699068e-10, Test pred MSE = 1.038229e-05, Param MSE = 1.042707e-04, Grad norm = 2.204059e-07, Beta update rate = 1.132530e-08
Epoch  99200 (2.0%): Train pred MSE = 2.650932e-10, Test pred MSE = 1.038224e-05, Param MSE = 1.042702e-04, Grad norm = 2.184078e-07, Beta update rate = 1.122099e-08
Epoch  99400 (2.0%): Train pred MSE = 2.603665e-10, Test pred MSE = 1.038219e-05, Param MSE = 1.042697e-04, Grad norm = 2.164282e-07, Beta update rate = 1.111767e-08
Epoch  99600 (2.0%): Train pred MSE = 2.557251e-10, Test pred MSE = 1.038215e-05, Param MSE = 1.042693e-04, Grad norm = 2.144672e-07, Beta update rate = 1.101534e-08
Epoch  99800 (2.0%): Train pred MSE = 2.511674e-10, Test pred MSE = 1.038210e-05, Param MSE = 1.042688e-04, Grad norm = 2.125243e-07, Beta update rate = 1.091398e-08
Epoch 100000 (2.0%): Train pred MSE = 2.466919e-10, Test pred MSE = 1.038206e-05, Param MSE = 1.042683e-04, Grad norm = 2.105996e-07, Beta update rate = 1.081359e-08
Epoch 100200 (2.0%): Train pred MSE = 2.422971e-10, Test pred MSE = 1.038201e-05, Param MSE = 1.042678e-04, Grad norm = 2.086928e-07, Beta update rate = 1.071416e-08
Epoch 100400 (2.0%): Train pred MSE = 2.379814e-10, Test pred MSE = 1.038197e-05, Param MSE = 1.042674e-04, Grad norm = 2.068038e-07, Beta update rate = 1.061567e-08
Epoch 100600 (2.0%): Train pred MSE = 2.337436e-10, Test pred MSE = 1.038192e-05, Param MSE = 1.042669e-04, Grad norm = 2.049323e-07, Beta update rate = 1.051812e-08
Epoch 100800 (2.0%): Train pred MSE = 2.295821e-10, Test pred MSE = 1.038188e-05, Param MSE = 1.042665e-04, Grad norm = 2.030783e-07, Beta update rate = 1.042150e-08
Epoch 101000 (2.0%): Train pred MSE = 2.254955e-10, Test pred MSE = 1.038184e-05, Param MSE = 1.042660e-04, Grad norm = 2.012415e-07, Beta update rate = 1.032579e-08
Epoch 101200 (2.0%): Train pred MSE = 2.214826e-10, Test pred MSE = 1.038179e-05, Param MSE = 1.042656e-04, Grad norm = 1.994217e-07, Beta update rate = 1.023100e-08
Epoch 101400 (2.0%): Train pred MSE = 2.175418e-10, Test pred MSE = 1.038175e-05, Param MSE = 1.042651e-04, Grad norm = 1.976189e-07, Beta update rate = 1.013710e-08
Epoch 101600 (2.0%): Train pred MSE = 2.136720e-10, Test pred MSE = 1.038171e-05, Param MSE = 1.042647e-04, Grad norm = 1.958328e-07, Beta update rate = 1.004410e-08
Epoch 101800 (2.0%): Train pred MSE = 2.098718e-10, Test pred MSE = 1.038167e-05, Param MSE = 1.042642e-04, Grad norm = 1.940633e-07, Beta update rate = 9.951981e-09
Epoch 102000 (2.0%): Train pred MSE = 2.061400e-10, Test pred MSE = 1.038163e-05, Param MSE = 1.042638e-04, Grad norm = 1.923102e-07, Beta update rate = 9.860735e-09
Epoch 102200 (2.0%): Train pred MSE = 2.024753e-10, Test pred MSE = 1.038159e-05, Param MSE = 1.042634e-04, Grad norm = 1.905733e-07, Beta update rate = 9.770353e-09
Epoch 102400 (2.0%): Train pred MSE = 1.988765e-10, Test pred MSE = 1.038155e-05, Param MSE = 1.042630e-04, Grad norm = 1.888526e-07, Beta update rate = 9.680828e-09
Epoch 102600 (2.1%): Train pred MSE = 1.953423e-10, Test pred MSE = 1.038151e-05, Param MSE = 1.042625e-04, Grad norm = 1.871479e-07, Beta update rate = 9.592150e-09
Epoch 102800 (2.1%): Train pred MSE = 1.918717e-10, Test pred MSE = 1.038147e-05, Param MSE = 1.042621e-04, Grad norm = 1.854589e-07, Beta update rate = 9.504312e-09
Epoch 103000 (2.1%): Train pred MSE = 1.884634e-10, Test pred MSE = 1.038143e-05, Param MSE = 1.042617e-04, Grad norm = 1.837856e-07, Beta update rate = 9.417306e-09
Epoch 103200 (2.1%): Train pred MSE = 1.851163e-10, Test pred MSE = 1.038139e-05, Param MSE = 1.042613e-04, Grad norm = 1.821277e-07, Beta update rate = 9.331122e-09
Epoch 103400 (2.1%): Train pred MSE = 1.818294e-10, Test pred MSE = 1.038135e-05, Param MSE = 1.042609e-04, Grad norm = 1.804853e-07, Beta update rate = 9.245752e-09
Epoch 103600 (2.1%): Train pred MSE = 1.786014e-10, Test pred MSE = 1.038131e-05, Param MSE = 1.042605e-04, Grad norm = 1.788580e-07, Beta update rate = 9.161189e-09
Epoch 103800 (2.1%): Train pred MSE = 1.754314e-10, Test pred MSE = 1.038128e-05, Param MSE = 1.042601e-04, Grad norm = 1.772458e-07, Beta update rate = 9.077425e-09
Epoch 104000 (2.1%): Train pred MSE = 1.723183e-10, Test pred MSE = 1.038124e-05, Param MSE = 1.042597e-04, Grad norm = 1.756485e-07, Beta update rate = 8.994452e-09
Epoch 104200 (2.1%): Train pred MSE = 1.692610e-10, Test pred MSE = 1.038120e-05, Param MSE = 1.042594e-04, Grad norm = 1.740659e-07, Beta update rate = 8.912262e-09
Epoch 104400 (2.1%): Train pred MSE = 1.662586e-10, Test pred MSE = 1.038117e-05, Param MSE = 1.042590e-04, Grad norm = 1.724980e-07, Beta update rate = 8.830846e-09
Epoch 104600 (2.1%): Train pred MSE = 1.633100e-10, Test pred MSE = 1.038113e-05, Param MSE = 1.042586e-04, Grad norm = 1.709446e-07, Beta update rate = 8.750199e-09
Epoch 104800 (2.1%): Train pred MSE = 1.604143e-10, Test pred MSE = 1.038109e-05, Param MSE = 1.042582e-04, Grad norm = 1.694055e-07, Beta update rate = 8.670311e-09
Epoch 105000 (2.1%): Train pred MSE = 1.575704e-10, Test pred MSE = 1.038106e-05, Param MSE = 1.042579e-04, Grad norm = 1.678806e-07, Beta update rate = 8.591175e-09
Epoch 105200 (2.1%): Train pred MSE = 1.547775e-10, Test pred MSE = 1.038102e-05, Param MSE = 1.042575e-04, Grad norm = 1.663698e-07, Beta update rate = 8.512785e-09
Epoch 105400 (2.1%): Train pred MSE = 1.520347e-10, Test pred MSE = 1.038099e-05, Param MSE = 1.042571e-04, Grad norm = 1.648730e-07, Beta update rate = 8.435133e-09
Epoch 105600 (2.1%): Train pred MSE = 1.493410e-10, Test pred MSE = 1.038096e-05, Param MSE = 1.042568e-04, Grad norm = 1.633899e-07, Beta update rate = 8.358211e-09
Epoch 105800 (2.1%): Train pred MSE = 1.466955e-10, Test pred MSE = 1.038092e-05, Param MSE = 1.042564e-04, Grad norm = 1.619206e-07, Beta update rate = 8.282012e-09
Epoch 106000 (2.1%): Train pred MSE = 1.440974e-10, Test pred MSE = 1.038089e-05, Param MSE = 1.042561e-04, Grad norm = 1.604648e-07, Beta update rate = 8.206529e-09
Epoch 106200 (2.1%): Train pred MSE = 1.415458e-10, Test pred MSE = 1.038086e-05, Param MSE = 1.042557e-04, Grad norm = 1.590223e-07, Beta update rate = 8.131756e-09
Epoch 106400 (2.1%): Train pred MSE = 1.390398e-10, Test pred MSE = 1.038082e-05, Param MSE = 1.042554e-04, Grad norm = 1.575932e-07, Beta update rate = 8.057684e-09
Epoch 106600 (2.1%): Train pred MSE = 1.365787e-10, Test pred MSE = 1.038079e-05, Param MSE = 1.042550e-04, Grad norm = 1.561773e-07, Beta update rate = 7.984308e-09
Epoch 106800 (2.1%): Train pred MSE = 1.341616e-10, Test pred MSE = 1.038076e-05, Param MSE = 1.042547e-04, Grad norm = 1.547743e-07, Beta update rate = 7.911621e-09
Epoch 107000 (2.1%): Train pred MSE = 1.317878e-10, Test pred MSE = 1.038073e-05, Param MSE = 1.042544e-04, Grad norm = 1.533843e-07, Beta update rate = 7.839615e-09
Epoch 107200 (2.1%): Train pred MSE = 1.294563e-10, Test pred MSE = 1.038069e-05, Param MSE = 1.042540e-04, Grad norm = 1.520071e-07, Beta update rate = 7.768284e-09
Epoch 107400 (2.1%): Train pred MSE = 1.271666e-10, Test pred MSE = 1.038066e-05, Param MSE = 1.042537e-04, Grad norm = 1.506426e-07, Beta update rate = 7.697622e-09
Epoch 107600 (2.2%): Train pred MSE = 1.249178e-10, Test pred MSE = 1.038063e-05, Param MSE = 1.042534e-04, Grad norm = 1.492906e-07, Beta update rate = 7.627621e-09
Epoch 107800 (2.2%): Train pred MSE = 1.227091e-10, Test pred MSE = 1.038060e-05, Param MSE = 1.042531e-04, Grad norm = 1.479510e-07, Beta update rate = 7.558276e-09
Epoch 108000 (2.2%): Train pred MSE = 1.205399e-10, Test pred MSE = 1.038057e-05, Param MSE = 1.042528e-04, Grad norm = 1.466237e-07, Beta update rate = 7.489580e-09
Epoch 108200 (2.2%): Train pred MSE = 1.184095e-10, Test pred MSE = 1.038054e-05, Param MSE = 1.042524e-04, Grad norm = 1.453086e-07, Beta update rate = 7.421527e-09
Epoch 108400 (2.2%): Train pred MSE = 1.163171e-10, Test pred MSE = 1.038051e-05, Param MSE = 1.042521e-04, Grad norm = 1.440056e-07, Beta update rate = 7.354110e-09
Epoch 108600 (2.2%): Train pred MSE = 1.142620e-10, Test pred MSE = 1.038048e-05, Param MSE = 1.042518e-04, Grad norm = 1.427146e-07, Beta update rate = 7.287324e-09
Epoch 108800 (2.2%): Train pred MSE = 1.122436e-10, Test pred MSE = 1.038045e-05, Param MSE = 1.042515e-04, Grad norm = 1.414354e-07, Beta update rate = 7.221162e-09
Epoch 109000 (2.2%): Train pred MSE = 1.102613e-10, Test pred MSE = 1.038042e-05, Param MSE = 1.042512e-04, Grad norm = 1.401680e-07, Beta update rate = 7.155617e-09
Epoch 109200 (2.2%): Train pred MSE = 1.083143e-10, Test pred MSE = 1.038040e-05, Param MSE = 1.042509e-04, Grad norm = 1.389122e-07, Beta update rate = 7.090685e-09
Epoch 109400 (2.2%): Train pred MSE = 1.064020e-10, Test pred MSE = 1.038037e-05, Param MSE = 1.042506e-04, Grad norm = 1.376679e-07, Beta update rate = 7.026359e-09
Epoch 109600 (2.2%): Train pred MSE = 1.045238e-10, Test pred MSE = 1.038034e-05, Param MSE = 1.042503e-04, Grad norm = 1.364350e-07, Beta update rate = 6.962633e-09
Epoch 109800 (2.2%): Train pred MSE = 1.026791e-10, Test pred MSE = 1.038031e-05, Param MSE = 1.042500e-04, Grad norm = 1.352134e-07, Beta update rate = 6.899501e-09
Epoch 110000 (2.2%): Train pred MSE = 1.008673e-10, Test pred MSE = 1.038028e-05, Param MSE = 1.042497e-04, Grad norm = 1.340030e-07, Beta update rate = 6.836958e-09
Epoch 110200 (2.2%): Train pred MSE = 9.908783e-11, Test pred MSE = 1.038026e-05, Param MSE = 1.042495e-04, Grad norm = 1.328037e-07, Beta update rate = 6.774998e-09

Training completed at epoch 110200
Stop reason: train_pred_mse
Final Train pred MSE = 9.908783e-11
Final Test pred MSE = 1.038026e-05
Final Param MSE = 1.042495e-04
Final Grad norm = 1.328037e-07
Final Beta update rate = 6.774998e-09
Success flag: True (train_pred_mse < 1.00e-10)
Results metadata saved to results/diagonal/step2_support/c_nz=0.500000--c_z=0.001000--alpha=0.200000--seed=0/results_meta.json
Saved c_vec to results/diagonal/step2_support/c_nz=0.500000--c_z=0.001000--alpha=0.200000--seed=0/c_vec.npy

Results saved to results/diagonal/step2_support/c_nz=0.500000--c_z=0.001000--alpha=0.200000--seed=0/
Total jobs in this sweep: 72
Cases: good (c_nz=0.001, c_z=0.5), bad (c_nz=0.5, c_z=0.001)
Alpha values: [0.05, 0.1, 0.2, 0.25, 0.3, 0.4, 0.5, 0.6, 0.7, 0.8, 0.9, 1.0]
Seeds: [0, 1, 2]
================================================================================
Step 2 Support Sweep - Experiment Parameters:
================================================================================
  c: 0.001
  c_mode: support
  c_nz: 0.5
  c_z: 0.001
  epochs: 5000000
  init_method: complex
  inp_dim: 1000
  lmda: 0.0
  lr: 0.5
  n_test: 10000
  n_train: 200
  no_tuning: True
  rho: 0.04
  save_folder: results/diagonal/step2_support/c_nz=0.500000--c_z=0.001000--alpha=0.200000--seed=0/
  scaling: 1.0
  seed: 0
  test_every_n_epochs: 200
  threshold: 1e-12
================================================================================

Case: bad (c_nz=0.5, c_z=0.001)

Running training script...

Extracting results and saving to CSV...
Results appended to /home/na658/multi-task2/experiment_results_step2_support.csv

✓ Experiment 42 completed successfully
[SLURM] Job 20446154 task 42 finished
