[SLURM] Job 20446068 task 86 starting on cpu-q-227
[SLURM] Step 1 Mixture Sweep
[SLURM] Using Python: /home/na658/.conda/envs/mtl_ft/bin/python
Starting diagonal network pretrain BG script...

================================================================================
SCRIPT STARTED - Running diagonal network BG experiment...
================================================================================

================================================================================
EXPERIMENT SETTINGS
================================================================================
Seed: 2
Input dimension: 1000
Sparsity (rho): 0.04
Training samples: 300
Test samples: 10000
Learning rate: 0.5
Max epochs: 5000000
Test every N epochs: 200
Convergence threshold: 1e-12
Stop pred MSE: 1e-10
Stop beta rate: disabled
Stop grad norm: disabled
LR decay: disabled
LR decay interval: 2000
Scaling: 1.0
Lambda (λ): 0.0
C parameter: 0.001
Initialization method: complex
Learning rate tuning: False
Save folder: results/diagonal/step1_mixture/pi_A=0.90--alpha=0.300000--seed=2/
C mode: mixture
  c_A=0.001, c_B=0.5, pi_A=0.9
================================================================================
Starting training...
================================================================================
[c_mode=mixture] pi_A=0.9, empirical frac_A=0.8950
[c_mode=mixture] c_A=0.001, c_B=0.5
Per-coordinate c init: c_vec range [0.001000, 0.500000]

Starting training loop (max 5000000 epochs, threshold=1.00e-12)...
Epoch      0 (0.0%): Train pred MSE = 2.210373e+00, Test pred MSE = 8.228522e-02, Param MSE = 8.341567e-01, Grad norm = 1.183066e-01, Beta update rate = nan
Epoch    200 (0.0%): Train pred MSE = 6.777155e-01, Test pred MSE = 5.123004e-02, Param MSE = 5.233604e-01, Grad norm = 9.513216e-02, Beta update rate = 8.487575e-02
Epoch    400 (0.0%): Train pred MSE = 2.548538e-01, Test pred MSE = 2.428841e-02, Param MSE = 2.462071e-01, Grad norm = 4.641424e-02, Beta update rate = 5.132348e-02
Epoch    600 (0.0%): Train pred MSE = 1.159668e-01, Test pred MSE = 1.528928e-02, Param MSE = 1.550856e-01, Grad norm = 3.043023e-02, Beta update rate = 2.486117e-02
Epoch    800 (0.0%): Train pred MSE = 5.555171e-02, Test pred MSE = 1.038910e-02, Param MSE = 1.060191e-01, Grad norm = 1.920851e-02, Beta update rate = 1.503011e-02
Epoch   1000 (0.0%): Train pred MSE = 3.014370e-02, Test pred MSE = 7.912996e-03, Param MSE = 8.084995e-02, Grad norm = 1.283112e-02, Beta update rate = 9.197223e-03
Epoch   1200 (0.0%): Train pred MSE = 1.925949e-02, Test pred MSE = 6.563048e-03, Param MSE = 6.695081e-02, Grad norm = 8.389338e-03, Beta update rate = 6.015181e-03
Epoch   1400 (0.0%): Train pred MSE = 1.401518e-02, Test pred MSE = 5.810136e-03, Param MSE = 5.917186e-02, Grad norm = 6.316734e-03, Beta update rate = 3.713176e-03
Epoch   1600 (0.0%): Train pred MSE = 1.075235e-02, Test pred MSE = 5.323913e-03, Param MSE = 5.416126e-02, Grad norm = 5.179404e-03, Beta update rate = 2.568631e-03
Epoch   1800 (0.0%): Train pred MSE = 8.487613e-03, Test pred MSE = 4.971731e-03, Param MSE = 5.054901e-02, Grad norm = 4.370568e-03, Beta update rate = 1.980201e-03
Epoch   2000 (0.0%): Train pred MSE = 6.845565e-03, Test pred MSE = 4.703813e-03, Param MSE = 4.781374e-02, Grad norm = 3.760303e-03, Beta update rate = 1.595237e-03
Epoch   2200 (0.0%): Train pred MSE = 5.606049e-03, Test pred MSE = 4.494048e-03, Param MSE = 4.568014e-02, Grad norm = 3.299348e-03, Beta update rate = 1.308769e-03
Epoch   2400 (0.0%): Train pred MSE = 4.639209e-03, Test pred MSE = 4.324332e-03, Param MSE = 4.395840e-02, Grad norm = 2.929825e-03, Beta update rate = 1.101377e-03
Epoch   2600 (0.1%): Train pred MSE = 3.872547e-03, Test pred MSE = 4.182351e-03, Param MSE = 4.252036e-02, Grad norm = 2.614767e-03, Beta update rate = 9.501701e-04
Epoch   2800 (0.1%): Train pred MSE = 3.260084e-03, Test pred MSE = 4.060261e-03, Param MSE = 4.128483e-02, Grad norm = 2.340676e-03, Beta update rate = 8.317953e-04
Epoch   3000 (0.1%): Train pred MSE = 2.767799e-03, Test pred MSE = 3.953108e-03, Param MSE = 4.020074e-02, Grad norm = 2.101928e-03, Beta update rate = 7.343812e-04
Epoch   3200 (0.1%): Train pred MSE = 2.369627e-03, Test pred MSE = 3.857754e-03, Param MSE = 3.923577e-02, Grad norm = 1.893272e-03, Beta update rate = 6.533313e-04
Epoch   3400 (0.1%): Train pred MSE = 2.045660e-03, Test pred MSE = 3.772238e-03, Param MSE = 3.836971e-02, Grad norm = 1.710402e-03, Beta update rate = 5.849065e-04
Epoch   3600 (0.1%): Train pred MSE = 1.780383e-03, Test pred MSE = 3.695311e-03, Param MSE = 3.758963e-02, Grad norm = 1.550639e-03, Beta update rate = 5.254231e-04
Epoch   3800 (0.1%): Train pred MSE = 1.561447e-03, Test pred MSE = 3.626062e-03, Param MSE = 3.688625e-02, Grad norm = 1.411956e-03, Beta update rate = 4.725189e-04
Epoch   4000 (0.1%): Train pred MSE = 1.379048e-03, Test pred MSE = 3.563702e-03, Param MSE = 3.625162e-02, Grad norm = 1.292081e-03, Beta update rate = 4.252638e-04
Epoch   4200 (0.1%): Train pred MSE = 1.225541e-03, Test pred MSE = 3.507479e-03, Param MSE = 3.567828e-02, Grad norm = 1.188409e-03, Beta update rate = 3.833983e-04
Epoch   4400 (0.1%): Train pred MSE = 1.095057e-03, Test pred MSE = 3.456667e-03, Param MSE = 3.515908e-02, Grad norm = 1.098328e-03, Beta update rate = 3.467066e-04
Epoch   4600 (0.1%): Train pred MSE = 9.831172e-04, Test pred MSE = 3.410588e-03, Param MSE = 3.468738e-02, Grad norm = 1.019509e-03, Beta update rate = 3.148045e-04
Epoch   4800 (0.1%): Train pred MSE = 8.862926e-04, Test pred MSE = 3.368634e-03, Param MSE = 3.425719e-02, Grad norm = 9.500054e-04, Beta update rate = 2.871721e-04
Epoch   5000 (0.1%): Train pred MSE = 8.019322e-04, Test pred MSE = 3.330270e-03, Param MSE = 3.386323e-02, Grad norm = 8.882470e-04, Beta update rate = 2.632442e-04
Epoch   5200 (0.1%): Train pred MSE = 7.279625e-04, Test pred MSE = 3.295038e-03, Param MSE = 3.350099e-02, Grad norm = 8.329744e-04, Beta update rate = 2.424784e-04
Epoch   5400 (0.1%): Train pred MSE = 6.627414e-04, Test pred MSE = 3.262549e-03, Param MSE = 3.316661e-02, Grad norm = 7.831746e-04, Beta update rate = 2.243877e-04
Epoch   5600 (0.1%): Train pred MSE = 6.049531e-04, Test pred MSE = 3.232476e-03, Param MSE = 3.285685e-02, Grad norm = 7.380280e-04, Beta update rate = 2.085493e-04
Epoch   5800 (0.1%): Train pred MSE = 5.535321e-04, Test pred MSE = 3.204546e-03, Param MSE = 3.256897e-02, Grad norm = 6.968690e-04, Beta update rate = 1.946022e-04
Epoch   6000 (0.1%): Train pred MSE = 5.076056e-04, Test pred MSE = 3.178529e-03, Param MSE = 3.230066e-02, Grad norm = 6.591561e-04, Beta update rate = 1.822403e-04
Epoch   6200 (0.1%): Train pred MSE = 4.664513e-04, Test pred MSE = 3.154231e-03, Param MSE = 3.204999e-02, Grad norm = 6.244491e-04, Beta update rate = 1.712058e-04
Epoch   6400 (0.1%): Train pred MSE = 4.294652e-04, Test pred MSE = 3.131488e-03, Param MSE = 3.181530e-02, Grad norm = 5.923900e-04, Beta update rate = 1.612833e-04
Epoch   6600 (0.1%): Train pred MSE = 3.961371e-04, Test pred MSE = 3.110163e-03, Param MSE = 3.159520e-02, Grad norm = 5.626865e-04, Beta update rate = 1.522942e-04
Epoch   6800 (0.1%): Train pred MSE = 3.660322e-04, Test pred MSE = 3.090135e-03, Param MSE = 3.138846e-02, Grad norm = 5.350981e-04, Beta update rate = 1.440926e-04
Epoch   7000 (0.1%): Train pred MSE = 3.387770e-04, Test pred MSE = 3.071301e-03, Param MSE = 3.119405e-02, Grad norm = 5.094240e-04, Beta update rate = 1.365606e-04
Epoch   7200 (0.1%): Train pred MSE = 3.140484e-04, Test pred MSE = 3.053570e-03, Param MSE = 3.101103e-02, Grad norm = 4.854939e-04, Beta update rate = 1.296036e-04
Epoch   7400 (0.1%): Train pred MSE = 2.915657e-04, Test pred MSE = 3.036863e-03, Param MSE = 3.083859e-02, Grad norm = 4.631597e-04, Beta update rate = 1.231469e-04
Epoch   7600 (0.2%): Train pred MSE = 2.710837e-04, Test pred MSE = 3.021107e-03, Param MSE = 3.067599e-02, Grad norm = 4.422912e-04, Beta update rate = 1.171309e-04
Epoch   7800 (0.2%): Train pred MSE = 2.523879e-04, Test pred MSE = 3.006238e-03, Param MSE = 3.052256e-02, Grad norm = 4.227711e-04, Beta update rate = 1.115083e-04
Epoch   8000 (0.2%): Train pred MSE = 2.352898e-04, Test pred MSE = 2.992197e-03, Param MSE = 3.037771e-02, Grad norm = 4.044929e-04, Beta update rate = 1.062411e-04
Epoch   8200 (0.2%): Train pred MSE = 2.196240e-04, Test pred MSE = 2.978930e-03, Param MSE = 3.024087e-02, Grad norm = 3.873592e-04, Beta update rate = 1.012981e-04
Epoch   8400 (0.2%): Train pred MSE = 2.052444e-04, Test pred MSE = 2.966387e-03, Param MSE = 3.011153e-02, Grad norm = 3.712801e-04, Beta update rate = 9.665314e-05
Epoch   8600 (0.2%): Train pred MSE = 1.920226e-04, Test pred MSE = 2.954523e-03, Param MSE = 2.998923e-02, Grad norm = 3.561731e-04, Beta update rate = 9.228375e-05
Epoch   8800 (0.2%): Train pred MSE = 1.798448e-04, Test pred MSE = 2.943295e-03, Param MSE = 2.987351e-02, Grad norm = 3.419622e-04, Beta update rate = 8.817024e-05
Epoch   9000 (0.2%): Train pred MSE = 1.686105e-04, Test pred MSE = 2.932663e-03, Param MSE = 2.976397e-02, Grad norm = 3.285774e-04, Beta update rate = 8.429493e-05
Epoch   9200 (0.2%): Train pred MSE = 1.582307e-04, Test pred MSE = 2.922591e-03, Param MSE = 2.966024e-02, Grad norm = 3.159546e-04, Beta update rate = 8.064174e-05
Epoch   9400 (0.2%): Train pred MSE = 1.486260e-04, Test pred MSE = 2.913045e-03, Param MSE = 2.956195e-02, Grad norm = 3.040353e-04, Beta update rate = 7.719584e-05
Epoch   9600 (0.2%): Train pred MSE = 1.397263e-04, Test pred MSE = 2.903993e-03, Param MSE = 2.946877e-02, Grad norm = 2.927658e-04, Beta update rate = 7.394349e-05
Epoch   9800 (0.2%): Train pred MSE = 1.314687e-04, Test pred MSE = 2.895404e-03, Param MSE = 2.938040e-02, Grad norm = 2.820974e-04, Beta update rate = 7.087190e-05
Epoch  10000 (0.2%): Train pred MSE = 1.237973e-04, Test pred MSE = 2.887252e-03, Param MSE = 2.929655e-02, Grad norm = 2.719856e-04, Beta update rate = 6.796912e-05
Epoch  10200 (0.2%): Train pred MSE = 1.166617e-04, Test pred MSE = 2.879510e-03, Param MSE = 2.921695e-02, Grad norm = 2.623901e-04, Beta update rate = 6.522401e-05
Epoch  10400 (0.2%): Train pred MSE = 1.100170e-04, Test pred MSE = 2.872154e-03, Param MSE = 2.914134e-02, Grad norm = 2.532741e-04, Beta update rate = 6.262617e-05
Epoch  10600 (0.2%): Train pred MSE = 1.038227e-04, Test pred MSE = 2.865161e-03, Param MSE = 2.906949e-02, Grad norm = 2.446041e-04, Beta update rate = 6.016591e-05
Epoch  10800 (0.2%): Train pred MSE = 9.804234e-05, Test pred MSE = 2.858511e-03, Param MSE = 2.900119e-02, Grad norm = 2.363499e-04, Beta update rate = 5.783424e-05
Epoch  11000 (0.2%): Train pred MSE = 9.264289e-05, Test pred MSE = 2.852183e-03, Param MSE = 2.893622e-02, Grad norm = 2.284838e-04, Beta update rate = 5.562278e-05
Epoch  11200 (0.2%): Train pred MSE = 8.759454e-05, Test pred MSE = 2.846159e-03, Param MSE = 2.887440e-02, Grad norm = 2.209806e-04, Beta update rate = 5.352376e-05
Epoch  11400 (0.2%): Train pred MSE = 8.287025e-05, Test pred MSE = 2.840422e-03, Param MSE = 2.881554e-02, Grad norm = 2.138171e-04, Beta update rate = 5.152997e-05
Epoch  11600 (0.2%): Train pred MSE = 7.844542e-05, Test pred MSE = 2.834956e-03, Param MSE = 2.875948e-02, Grad norm = 2.069725e-04, Beta update rate = 4.963473e-05
Epoch  11800 (0.2%): Train pred MSE = 7.429769e-05, Test pred MSE = 2.829746e-03, Param MSE = 2.870606e-02, Grad norm = 2.004274e-04, Beta update rate = 4.783186e-05
Epoch  12000 (0.2%): Train pred MSE = 7.040663e-05, Test pred MSE = 2.824777e-03, Param MSE = 2.865514e-02, Grad norm = 1.941640e-04, Beta update rate = 4.611563e-05
Epoch  12200 (0.2%): Train pred MSE = 6.675360e-05, Test pred MSE = 2.820036e-03, Param MSE = 2.860657e-02, Grad norm = 1.881661e-04, Beta update rate = 4.448073e-05
Epoch  12400 (0.2%): Train pred MSE = 6.332155e-05, Test pred MSE = 2.815510e-03, Param MSE = 2.856023e-02, Grad norm = 1.824187e-04, Beta update rate = 4.292225e-05
Epoch  12600 (0.3%): Train pred MSE = 6.009483e-05, Test pred MSE = 2.811189e-03, Param MSE = 2.851599e-02, Grad norm = 1.769079e-04, Beta update rate = 4.143563e-05
Epoch  12800 (0.3%): Train pred MSE = 5.705911e-05, Test pred MSE = 2.807061e-03, Param MSE = 2.847375e-02, Grad norm = 1.716209e-04, Beta update rate = 4.001665e-05
Epoch  13000 (0.3%): Train pred MSE = 5.420121e-05, Test pred MSE = 2.803117e-03, Param MSE = 2.843340e-02, Grad norm = 1.665456e-04, Beta update rate = 3.866138e-05
Epoch  13200 (0.3%): Train pred MSE = 5.150899e-05, Test pred MSE = 2.799345e-03, Param MSE = 2.839483e-02, Grad norm = 1.616711e-04, Beta update rate = 3.736618e-05
Epoch  13400 (0.3%): Train pred MSE = 4.897128e-05, Test pred MSE = 2.795737e-03, Param MSE = 2.835796e-02, Grad norm = 1.569870e-04, Beta update rate = 3.612767e-05
Epoch  13600 (0.3%): Train pred MSE = 4.657779e-05, Test pred MSE = 2.792286e-03, Param MSE = 2.832269e-02, Grad norm = 1.524835e-04, Beta update rate = 3.494271e-05
Epoch  13800 (0.3%): Train pred MSE = 4.431900e-05, Test pred MSE = 2.788982e-03, Param MSE = 2.828894e-02, Grad norm = 1.481519e-04, Beta update rate = 3.380834e-05
Epoch  14000 (0.3%): Train pred MSE = 4.218613e-05, Test pred MSE = 2.785818e-03, Param MSE = 2.825664e-02, Grad norm = 1.439834e-04, Beta update rate = 3.272186e-05
Epoch  14200 (0.3%): Train pred MSE = 4.017103e-05, Test pred MSE = 2.782788e-03, Param MSE = 2.822571e-02, Grad norm = 1.399704e-04, Beta update rate = 3.168069e-05
Epoch  14400 (0.3%): Train pred MSE = 3.826620e-05, Test pred MSE = 2.779884e-03, Param MSE = 2.819608e-02, Grad norm = 1.361052e-04, Beta update rate = 3.068245e-05
Epoch  14600 (0.3%): Train pred MSE = 3.646464e-05, Test pred MSE = 2.777100e-03, Param MSE = 2.816769e-02, Grad norm = 1.323810e-04, Beta update rate = 2.972492e-05
Epoch  14800 (0.3%): Train pred MSE = 3.475990e-05, Test pred MSE = 2.774431e-03, Param MSE = 2.814047e-02, Grad norm = 1.287910e-04, Beta update rate = 2.880601e-05
Epoch  15000 (0.3%): Train pred MSE = 3.314597e-05, Test pred MSE = 2.771870e-03, Param MSE = 2.811438e-02, Grad norm = 1.253292e-04, Beta update rate = 2.792377e-05
Epoch  15200 (0.3%): Train pred MSE = 3.161727e-05, Test pred MSE = 2.769413e-03, Param MSE = 2.808935e-02, Grad norm = 1.219897e-04, Beta update rate = 2.707635e-05
Epoch  15400 (0.3%): Train pred MSE = 3.016861e-05, Test pred MSE = 2.767054e-03, Param MSE = 2.806533e-02, Grad norm = 1.187668e-04, Beta update rate = 2.626204e-05
Epoch  15600 (0.3%): Train pred MSE = 2.879517e-05, Test pred MSE = 2.764790e-03, Param MSE = 2.804227e-02, Grad norm = 1.156554e-04, Beta update rate = 2.547921e-05
Epoch  15800 (0.3%): Train pred MSE = 2.749246e-05, Test pred MSE = 2.762614e-03, Param MSE = 2.802013e-02, Grad norm = 1.126506e-04, Beta update rate = 2.472635e-05
Epoch  16000 (0.3%): Train pred MSE = 2.625629e-05, Test pred MSE = 2.760524e-03, Param MSE = 2.799887e-02, Grad norm = 1.097476e-04, Beta update rate = 2.400203e-05
Epoch  16200 (0.3%): Train pred MSE = 2.508276e-05, Test pred MSE = 2.758515e-03, Param MSE = 2.797844e-02, Grad norm = 1.069420e-04, Beta update rate = 2.330488e-05
Epoch  16400 (0.3%): Train pred MSE = 2.396824e-05, Test pred MSE = 2.756584e-03, Param MSE = 2.795881e-02, Grad norm = 1.042297e-04, Beta update rate = 2.263365e-05
Epoch  16600 (0.3%): Train pred MSE = 2.290932e-05, Test pred MSE = 2.754726e-03, Param MSE = 2.793994e-02, Grad norm = 1.016065e-04, Beta update rate = 2.198713e-05
Epoch  16800 (0.3%): Train pred MSE = 2.190283e-05, Test pred MSE = 2.752939e-03, Param MSE = 2.792179e-02, Grad norm = 9.906881e-05, Beta update rate = 2.136418e-05
Epoch  17000 (0.3%): Train pred MSE = 2.094581e-05, Test pred MSE = 2.751220e-03, Param MSE = 2.790434e-02, Grad norm = 9.661294e-05, Beta update rate = 2.076374e-05
Epoch  17200 (0.3%): Train pred MSE = 2.003548e-05, Test pred MSE = 2.749564e-03, Param MSE = 2.788754e-02, Grad norm = 9.423550e-05, Beta update rate = 2.018480e-05
Epoch  17400 (0.3%): Train pred MSE = 1.916924e-05, Test pred MSE = 2.747971e-03, Param MSE = 2.787138e-02, Grad norm = 9.193326e-05, Beta update rate = 1.962639e-05
Epoch  17600 (0.4%): Train pred MSE = 1.834466e-05, Test pred MSE = 2.746436e-03, Param MSE = 2.785581e-02, Grad norm = 8.970314e-05, Beta update rate = 1.908761e-05
Epoch  17800 (0.4%): Train pred MSE = 1.755947e-05, Test pred MSE = 2.744958e-03, Param MSE = 2.784083e-02, Grad norm = 8.754222e-05, Beta update rate = 1.856759e-05
Epoch  18000 (0.4%): Train pred MSE = 1.681152e-05, Test pred MSE = 2.743533e-03, Param MSE = 2.782640e-02, Grad norm = 8.544770e-05, Beta update rate = 1.806554e-05
Epoch  18200 (0.4%): Train pred MSE = 1.609882e-05, Test pred MSE = 2.742160e-03, Param MSE = 2.781249e-02, Grad norm = 8.341694e-05, Beta update rate = 1.758067e-05
Epoch  18400 (0.4%): Train pred MSE = 1.541949e-05, Test pred MSE = 2.740836e-03, Param MSE = 2.779909e-02, Grad norm = 8.144742e-05, Beta update rate = 1.711225e-05
Epoch  18600 (0.4%): Train pred MSE = 1.477175e-05, Test pred MSE = 2.739560e-03, Param MSE = 2.778618e-02, Grad norm = 7.953675e-05, Beta update rate = 1.665959e-05
Epoch  18800 (0.4%): Train pred MSE = 1.415396e-05, Test pred MSE = 2.738328e-03, Param MSE = 2.777372e-02, Grad norm = 7.768263e-05, Beta update rate = 1.622203e-05
Epoch  19000 (0.4%): Train pred MSE = 1.356455e-05, Test pred MSE = 2.737140e-03, Param MSE = 2.776171e-02, Grad norm = 7.588290e-05, Beta update rate = 1.579894e-05
Epoch  19200 (0.4%): Train pred MSE = 1.300204e-05, Test pred MSE = 2.735994e-03, Param MSE = 2.775013e-02, Grad norm = 7.413548e-05, Beta update rate = 1.538973e-05
Epoch  19400 (0.4%): Train pred MSE = 1.246508e-05, Test pred MSE = 2.734888e-03, Param MSE = 2.773895e-02, Grad norm = 7.243839e-05, Beta update rate = 1.499383e-05
Epoch  19600 (0.4%): Train pred MSE = 1.195234e-05, Test pred MSE = 2.733819e-03, Param MSE = 2.772817e-02, Grad norm = 7.078976e-05, Beta update rate = 1.461070e-05
Epoch  19800 (0.4%): Train pred MSE = 1.146261e-05, Test pred MSE = 2.732787e-03, Param MSE = 2.771776e-02, Grad norm = 6.918777e-05, Beta update rate = 1.423982e-05
Epoch  20000 (0.4%): Train pred MSE = 1.099474e-05, Test pred MSE = 2.731791e-03, Param MSE = 2.770770e-02, Grad norm = 6.763072e-05, Beta update rate = 1.388072e-05
Epoch  20200 (0.4%): Train pred MSE = 1.054764e-05, Test pred MSE = 2.730828e-03, Param MSE = 2.769800e-02, Grad norm = 6.611698e-05, Beta update rate = 1.353292e-05
Epoch  20400 (0.4%): Train pred MSE = 1.012027e-05, Test pred MSE = 2.729898e-03, Param MSE = 2.768862e-02, Grad norm = 6.464498e-05, Beta update rate = 1.319598e-05
Epoch  20600 (0.4%): Train pred MSE = 9.711668e-06, Test pred MSE = 2.728999e-03, Param MSE = 2.767956e-02, Grad norm = 6.321322e-05, Beta update rate = 1.286948e-05
Epoch  20800 (0.4%): Train pred MSE = 9.320922e-06, Test pred MSE = 2.728129e-03, Param MSE = 2.767081e-02, Grad norm = 6.182029e-05, Beta update rate = 1.255302e-05
Epoch  21000 (0.4%): Train pred MSE = 8.947165e-06, Test pred MSE = 2.727289e-03, Param MSE = 2.766235e-02, Grad norm = 6.046482e-05, Beta update rate = 1.224621e-05
Epoch  21200 (0.4%): Train pred MSE = 8.589579e-06, Test pred MSE = 2.726476e-03, Param MSE = 2.765417e-02, Grad norm = 5.914552e-05, Beta update rate = 1.194869e-05
Epoch  21400 (0.4%): Train pred MSE = 8.247392e-06, Test pred MSE = 2.725689e-03, Param MSE = 2.764627e-02, Grad norm = 5.786113e-05, Beta update rate = 1.166010e-05
Epoch  21600 (0.4%): Train pred MSE = 7.919870e-06, Test pred MSE = 2.724928e-03, Param MSE = 2.763862e-02, Grad norm = 5.661046e-05, Beta update rate = 1.138012e-05
Epoch  21800 (0.4%): Train pred MSE = 7.606323e-06, Test pred MSE = 2.724192e-03, Param MSE = 2.763123e-02, Grad norm = 5.539239e-05, Beta update rate = 1.110842e-05
Epoch  22000 (0.4%): Train pred MSE = 7.306094e-06, Test pred MSE = 2.723480e-03, Param MSE = 2.762407e-02, Grad norm = 5.420581e-05, Beta update rate = 1.084470e-05
Epoch  22200 (0.4%): Train pred MSE = 7.018563e-06, Test pred MSE = 2.722790e-03, Param MSE = 2.761715e-02, Grad norm = 5.304969e-05, Beta update rate = 1.058867e-05
Epoch  22400 (0.4%): Train pred MSE = 6.743140e-06, Test pred MSE = 2.722122e-03, Param MSE = 2.761045e-02, Grad norm = 5.192302e-05, Beta update rate = 1.034004e-05
Epoch  22600 (0.5%): Train pred MSE = 6.479268e-06, Test pred MSE = 2.721475e-03, Param MSE = 2.760396e-02, Grad norm = 5.082485e-05, Beta update rate = 1.009856e-05
Epoch  22800 (0.5%): Train pred MSE = 6.226418e-06, Test pred MSE = 2.720848e-03, Param MSE = 2.759768e-02, Grad norm = 4.975426e-05, Beta update rate = 9.863970e-06
Epoch  23000 (0.5%): Train pred MSE = 5.984087e-06, Test pred MSE = 2.720241e-03, Param MSE = 2.759160e-02, Grad norm = 4.871037e-05, Beta update rate = 9.636020e-06
Epoch  23200 (0.5%): Train pred MSE = 5.751798e-06, Test pred MSE = 2.719653e-03, Param MSE = 2.758572e-02, Grad norm = 4.769234e-05, Beta update rate = 9.414481e-06
Epoch  23400 (0.5%): Train pred MSE = 5.529100e-06, Test pred MSE = 2.719083e-03, Param MSE = 2.758001e-02, Grad norm = 4.669935e-05, Beta update rate = 9.199129e-06
Epoch  23600 (0.5%): Train pred MSE = 5.315561e-06, Test pred MSE = 2.718530e-03, Param MSE = 2.757448e-02, Grad norm = 4.573063e-05, Beta update rate = 8.989749e-06
Epoch  23800 (0.5%): Train pred MSE = 5.110775e-06, Test pred MSE = 2.717994e-03, Param MSE = 2.756913e-02, Grad norm = 4.478543e-05, Beta update rate = 8.786137e-06
Epoch  24000 (0.5%): Train pred MSE = 4.914351e-06, Test pred MSE = 2.717475e-03, Param MSE = 2.756394e-02, Grad norm = 4.386304e-05, Beta update rate = 8.588096e-06
Epoch  24200 (0.5%): Train pred MSE = 4.725921e-06, Test pred MSE = 2.716971e-03, Param MSE = 2.755891e-02, Grad norm = 4.296276e-05, Beta update rate = 8.395437e-06
Epoch  24400 (0.5%): Train pred MSE = 4.545134e-06, Test pred MSE = 2.716482e-03, Param MSE = 2.755403e-02, Grad norm = 4.208394e-05, Beta update rate = 8.207980e-06
Epoch  24600 (0.5%): Train pred MSE = 4.371656e-06, Test pred MSE = 2.716008e-03, Param MSE = 2.754930e-02, Grad norm = 4.122594e-05, Beta update rate = 8.025551e-06
Epoch  24800 (0.5%): Train pred MSE = 4.205168e-06, Test pred MSE = 2.715548e-03, Param MSE = 2.754472e-02, Grad norm = 4.038815e-05, Beta update rate = 7.847983e-06
Epoch  25000 (0.5%): Train pred MSE = 4.045367e-06, Test pred MSE = 2.715102e-03, Param MSE = 2.754027e-02, Grad norm = 3.956997e-05, Beta update rate = 7.675117e-06
Epoch  25200 (0.5%): Train pred MSE = 3.891965e-06, Test pred MSE = 2.714668e-03, Param MSE = 2.753595e-02, Grad norm = 3.877084e-05, Beta update rate = 7.506799e-06
Epoch  25400 (0.5%): Train pred MSE = 3.744688e-06, Test pred MSE = 2.714248e-03, Param MSE = 2.753176e-02, Grad norm = 3.799021e-05, Beta update rate = 7.342882e-06
Epoch  25600 (0.5%): Train pred MSE = 3.603273e-06, Test pred MSE = 2.713839e-03, Param MSE = 2.752770e-02, Grad norm = 3.722756e-05, Beta update rate = 7.183225e-06
Epoch  25800 (0.5%): Train pred MSE = 3.467470e-06, Test pred MSE = 2.713443e-03, Param MSE = 2.752376e-02, Grad norm = 3.648239e-05, Beta update rate = 7.027692e-06
Epoch  26000 (0.5%): Train pred MSE = 3.337043e-06, Test pred MSE = 2.713058e-03, Param MSE = 2.751993e-02, Grad norm = 3.575419e-05, Beta update rate = 6.876151e-06
Epoch  26200 (0.5%): Train pred MSE = 3.211763e-06, Test pred MSE = 2.712684e-03, Param MSE = 2.751621e-02, Grad norm = 3.504251e-05, Beta update rate = 6.728478e-06
Epoch  26400 (0.5%): Train pred MSE = 3.091414e-06, Test pred MSE = 2.712320e-03, Param MSE = 2.751260e-02, Grad norm = 3.434689e-05, Beta update rate = 6.584551e-06
Epoch  26600 (0.5%): Train pred MSE = 2.975789e-06, Test pred MSE = 2.711967e-03, Param MSE = 2.750909e-02, Grad norm = 3.366688e-05, Beta update rate = 6.444254e-06
Epoch  26800 (0.5%): Train pred MSE = 2.864692e-06, Test pred MSE = 2.711624e-03, Param MSE = 2.750569e-02, Grad norm = 3.300208e-05, Beta update rate = 6.307476e-06
Epoch  27000 (0.5%): Train pred MSE = 2.757933e-06, Test pred MSE = 2.711290e-03, Param MSE = 2.750238e-02, Grad norm = 3.235205e-05, Beta update rate = 6.174107e-06
Epoch  27200 (0.5%): Train pred MSE = 2.655333e-06, Test pred MSE = 2.710966e-03, Param MSE = 2.749917e-02, Grad norm = 3.171643e-05, Beta update rate = 6.044046e-06
Epoch  27400 (0.5%): Train pred MSE = 2.556720e-06, Test pred MSE = 2.710651e-03, Param MSE = 2.749605e-02, Grad norm = 3.109481e-05, Beta update rate = 5.917192e-06
Epoch  27600 (0.6%): Train pred MSE = 2.461931e-06, Test pred MSE = 2.710344e-03, Param MSE = 2.749301e-02, Grad norm = 3.048684e-05, Beta update rate = 5.793448e-06
Epoch  27800 (0.6%): Train pred MSE = 2.370807e-06, Test pred MSE = 2.710046e-03, Param MSE = 2.749006e-02, Grad norm = 2.989215e-05, Beta update rate = 5.672723e-06
Epoch  28000 (0.6%): Train pred MSE = 2.283200e-06, Test pred MSE = 2.709756e-03, Param MSE = 2.748719e-02, Grad norm = 2.931040e-05, Beta update rate = 5.554927e-06
Epoch  28200 (0.6%): Train pred MSE = 2.198966e-06, Test pred MSE = 2.709474e-03, Param MSE = 2.748440e-02, Grad norm = 2.874127e-05, Beta update rate = 5.439973e-06
Epoch  28400 (0.6%): Train pred MSE = 2.117968e-06, Test pred MSE = 2.709200e-03, Param MSE = 2.748169e-02, Grad norm = 2.818442e-05, Beta update rate = 5.327780e-06
Epoch  28600 (0.6%): Train pred MSE = 2.040074e-06, Test pred MSE = 2.708933e-03, Param MSE = 2.747905e-02, Grad norm = 2.763955e-05, Beta update rate = 5.218266e-06
Epoch  28800 (0.6%): Train pred MSE = 1.965160e-06, Test pred MSE = 2.708673e-03, Param MSE = 2.747649e-02, Grad norm = 2.710634e-05, Beta update rate = 5.111355e-06
Epoch  29000 (0.6%): Train pred MSE = 1.893106e-06, Test pred MSE = 2.708420e-03, Param MSE = 2.747399e-02, Grad norm = 2.658452e-05, Beta update rate = 5.006972e-06
Epoch  29200 (0.6%): Train pred MSE = 1.823796e-06, Test pred MSE = 2.708174e-03, Param MSE = 2.747157e-02, Grad norm = 2.607379e-05, Beta update rate = 4.905045e-06
Epoch  29400 (0.6%): Train pred MSE = 1.757121e-06, Test pred MSE = 2.707934e-03, Param MSE = 2.746920e-02, Grad norm = 2.557389e-05, Beta update rate = 4.805504e-06
Epoch  29600 (0.6%): Train pred MSE = 1.692976e-06, Test pred MSE = 2.707701e-03, Param MSE = 2.746690e-02, Grad norm = 2.508454e-05, Beta update rate = 4.708284e-06
Epoch  29800 (0.6%): Train pred MSE = 1.631260e-06, Test pred MSE = 2.707474e-03, Param MSE = 2.746466e-02, Grad norm = 2.460548e-05, Beta update rate = 4.613318e-06
Epoch  30000 (0.6%): Train pred MSE = 1.571876e-06, Test pred MSE = 2.707252e-03, Param MSE = 2.746249e-02, Grad norm = 2.413647e-05, Beta update rate = 4.520545e-06
Epoch  30200 (0.6%): Train pred MSE = 1.514733e-06, Test pred MSE = 2.707037e-03, Param MSE = 2.746036e-02, Grad norm = 2.367726e-05, Beta update rate = 4.429903e-06
Epoch  30400 (0.6%): Train pred MSE = 1.459741e-06, Test pred MSE = 2.706827e-03, Param MSE = 2.745830e-02, Grad norm = 2.322762e-05, Beta update rate = 4.341335e-06
Epoch  30600 (0.6%): Train pred MSE = 1.406816e-06, Test pred MSE = 2.706622e-03, Param MSE = 2.745629e-02, Grad norm = 2.278732e-05, Beta update rate = 4.254784e-06
Epoch  30800 (0.6%): Train pred MSE = 1.355877e-06, Test pred MSE = 2.706423e-03, Param MSE = 2.745433e-02, Grad norm = 2.235613e-05, Beta update rate = 4.170195e-06
Epoch  31000 (0.6%): Train pred MSE = 1.306846e-06, Test pred MSE = 2.706229e-03, Param MSE = 2.745242e-02, Grad norm = 2.193384e-05, Beta update rate = 4.087515e-06
Epoch  31200 (0.6%): Train pred MSE = 1.259648e-06, Test pred MSE = 2.706039e-03, Param MSE = 2.745056e-02, Grad norm = 2.152024e-05, Beta update rate = 4.006694e-06
Epoch  31400 (0.6%): Train pred MSE = 1.214211e-06, Test pred MSE = 2.705855e-03, Param MSE = 2.744875e-02, Grad norm = 2.111513e-05, Beta update rate = 3.927682e-06
Epoch  31600 (0.6%): Train pred MSE = 1.170468e-06, Test pred MSE = 2.705675e-03, Param MSE = 2.744698e-02, Grad norm = 2.071830e-05, Beta update rate = 3.850431e-06
Epoch  31800 (0.6%): Train pred MSE = 1.128353e-06, Test pred MSE = 2.705499e-03, Param MSE = 2.744526e-02, Grad norm = 2.032957e-05, Beta update rate = 3.774894e-06
Epoch  32000 (0.6%): Train pred MSE = 1.087801e-06, Test pred MSE = 2.705328e-03, Param MSE = 2.744359e-02, Grad norm = 1.994875e-05, Beta update rate = 3.701028e-06
Epoch  32200 (0.6%): Train pred MSE = 1.048754e-06, Test pred MSE = 2.705162e-03, Param MSE = 2.744195e-02, Grad norm = 1.957566e-05, Beta update rate = 3.628788e-06
Epoch  32400 (0.6%): Train pred MSE = 1.011152e-06, Test pred MSE = 2.704999e-03, Param MSE = 2.744036e-02, Grad norm = 1.921011e-05, Beta update rate = 3.558131e-06
Epoch  32600 (0.7%): Train pred MSE = 9.749401e-07, Test pred MSE = 2.704840e-03, Param MSE = 2.743881e-02, Grad norm = 1.885195e-05, Beta update rate = 3.489019e-06
Epoch  32800 (0.7%): Train pred MSE = 9.400651e-07, Test pred MSE = 2.704685e-03, Param MSE = 2.743729e-02, Grad norm = 1.850099e-05, Beta update rate = 3.421410e-06
Epoch  33000 (0.7%): Train pred MSE = 9.064756e-07, Test pred MSE = 2.704534e-03, Param MSE = 2.743581e-02, Grad norm = 1.815708e-05, Beta update rate = 3.355268e-06
Epoch  33200 (0.7%): Train pred MSE = 8.741224e-07, Test pred MSE = 2.704387e-03, Param MSE = 2.743437e-02, Grad norm = 1.782007e-05, Beta update rate = 3.290553e-06
Epoch  33400 (0.7%): Train pred MSE = 8.429582e-07, Test pred MSE = 2.704243e-03, Param MSE = 2.743297e-02, Grad norm = 1.748978e-05, Beta update rate = 3.227232e-06
Epoch  33600 (0.7%): Train pred MSE = 8.129377e-07, Test pred MSE = 2.704103e-03, Param MSE = 2.743160e-02, Grad norm = 1.716609e-05, Beta update rate = 3.165268e-06
Epoch  33800 (0.7%): Train pred MSE = 7.840173e-07, Test pred MSE = 2.703966e-03, Param MSE = 2.743026e-02, Grad norm = 1.684883e-05, Beta update rate = 3.104627e-06
Epoch  34000 (0.7%): Train pred MSE = 7.561554e-07, Test pred MSE = 2.703832e-03, Param MSE = 2.742895e-02, Grad norm = 1.653786e-05, Beta update rate = 3.045278e-06
Epoch  34200 (0.7%): Train pred MSE = 7.293117e-07, Test pred MSE = 2.703701e-03, Param MSE = 2.742768e-02, Grad norm = 1.623306e-05, Beta update rate = 2.987188e-06
Epoch  34400 (0.7%): Train pred MSE = 7.034477e-07, Test pred MSE = 2.703574e-03, Param MSE = 2.742644e-02, Grad norm = 1.593427e-05, Beta update rate = 2.930326e-06
Epoch  34600 (0.7%): Train pred MSE = 6.785264e-07, Test pred MSE = 2.703450e-03, Param MSE = 2.742522e-02, Grad norm = 1.564138e-05, Beta update rate = 2.874662e-06
Epoch  34800 (0.7%): Train pred MSE = 6.545124e-07, Test pred MSE = 2.703328e-03, Param MSE = 2.742404e-02, Grad norm = 1.535424e-05, Beta update rate = 2.820167e-06
Epoch  35000 (0.7%): Train pred MSE = 6.313713e-07, Test pred MSE = 2.703209e-03, Param MSE = 2.742288e-02, Grad norm = 1.507274e-05, Beta update rate = 2.766812e-06
Epoch  35200 (0.7%): Train pred MSE = 6.090704e-07, Test pred MSE = 2.703093e-03, Param MSE = 2.742175e-02, Grad norm = 1.479676e-05, Beta update rate = 2.714571e-06
Epoch  35400 (0.7%): Train pred MSE = 5.875782e-07, Test pred MSE = 2.702980e-03, Param MSE = 2.742065e-02, Grad norm = 1.452617e-05, Beta update rate = 2.663416e-06
Epoch  35600 (0.7%): Train pred MSE = 5.668644e-07, Test pred MSE = 2.702869e-03, Param MSE = 2.741957e-02, Grad norm = 1.426086e-05, Beta update rate = 2.613322e-06
Epoch  35800 (0.7%): Train pred MSE = 5.468999e-07, Test pred MSE = 2.702761e-03, Param MSE = 2.741852e-02, Grad norm = 1.400072e-05, Beta update rate = 2.564263e-06
Epoch  36000 (0.7%): Train pred MSE = 5.276566e-07, Test pred MSE = 2.702656e-03, Param MSE = 2.741749e-02, Grad norm = 1.374563e-05, Beta update rate = 2.516215e-06
Epoch  36200 (0.7%): Train pred MSE = 5.091078e-07, Test pred MSE = 2.702552e-03, Param MSE = 2.741649e-02, Grad norm = 1.349549e-05, Beta update rate = 2.469154e-06
Epoch  36400 (0.7%): Train pred MSE = 4.912275e-07, Test pred MSE = 2.702452e-03, Param MSE = 2.741551e-02, Grad norm = 1.325020e-05, Beta update rate = 2.423057e-06
Epoch  36600 (0.7%): Train pred MSE = 4.739910e-07, Test pred MSE = 2.702353e-03, Param MSE = 2.741455e-02, Grad norm = 1.300964e-05, Beta update rate = 2.377901e-06
Epoch  36800 (0.7%): Train pred MSE = 4.573742e-07, Test pred MSE = 2.702257e-03, Param MSE = 2.741361e-02, Grad norm = 1.277372e-05, Beta update rate = 2.333664e-06
Epoch  37000 (0.7%): Train pred MSE = 4.413543e-07, Test pred MSE = 2.702162e-03, Param MSE = 2.741270e-02, Grad norm = 1.254235e-05, Beta update rate = 2.290326e-06
Epoch  37200 (0.7%): Train pred MSE = 4.259092e-07, Test pred MSE = 2.702070e-03, Param MSE = 2.741180e-02, Grad norm = 1.231542e-05, Beta update rate = 2.247865e-06
Epoch  37400 (0.7%): Train pred MSE = 4.110176e-07, Test pred MSE = 2.701980e-03, Param MSE = 2.741093e-02, Grad norm = 1.209285e-05, Beta update rate = 2.206261e-06
Epoch  37600 (0.8%): Train pred MSE = 3.966591e-07, Test pred MSE = 2.701892e-03, Param MSE = 2.741007e-02, Grad norm = 1.187454e-05, Beta update rate = 2.165496e-06
Epoch  37800 (0.8%): Train pred MSE = 3.828141e-07, Test pred MSE = 2.701806e-03, Param MSE = 2.740924e-02, Grad norm = 1.166040e-05, Beta update rate = 2.125548e-06
Epoch  38000 (0.8%): Train pred MSE = 3.694637e-07, Test pred MSE = 2.701722e-03, Param MSE = 2.740842e-02, Grad norm = 1.145035e-05, Beta update rate = 2.086401e-06
Epoch  38200 (0.8%): Train pred MSE = 3.565896e-07, Test pred MSE = 2.701639e-03, Param MSE = 2.740762e-02, Grad norm = 1.124431e-05, Beta update rate = 2.048036e-06
Epoch  38400 (0.8%): Train pred MSE = 3.441745e-07, Test pred MSE = 2.701559e-03, Param MSE = 2.740684e-02, Grad norm = 1.104218e-05, Beta update rate = 2.010435e-06
Epoch  38600 (0.8%): Train pred MSE = 3.322015e-07, Test pred MSE = 2.701480e-03, Param MSE = 2.740608e-02, Grad norm = 1.084390e-05, Beta update rate = 1.973582e-06
Epoch  38800 (0.8%): Train pred MSE = 3.206544e-07, Test pred MSE = 2.701403e-03, Param MSE = 2.740533e-02, Grad norm = 1.064937e-05, Beta update rate = 1.937459e-06
Epoch  39000 (0.8%): Train pred MSE = 3.095177e-07, Test pred MSE = 2.701327e-03, Param MSE = 2.740460e-02, Grad norm = 1.045853e-05, Beta update rate = 1.902051e-06
Epoch  39200 (0.8%): Train pred MSE = 2.987763e-07, Test pred MSE = 2.701254e-03, Param MSE = 2.740389e-02, Grad norm = 1.027130e-05, Beta update rate = 1.867341e-06
Epoch  39400 (0.8%): Train pred MSE = 2.884159e-07, Test pred MSE = 2.701181e-03, Param MSE = 2.740319e-02, Grad norm = 1.008760e-05, Beta update rate = 1.833314e-06
Epoch  39600 (0.8%): Train pred MSE = 2.784226e-07, Test pred MSE = 2.701111e-03, Param MSE = 2.740251e-02, Grad norm = 9.907364e-06, Beta update rate = 1.799955e-06
Epoch  39800 (0.8%): Train pred MSE = 2.687830e-07, Test pred MSE = 2.701042e-03, Param MSE = 2.740184e-02, Grad norm = 9.730521e-06, Beta update rate = 1.767249e-06
Epoch  40000 (0.8%): Train pred MSE = 2.594843e-07, Test pred MSE = 2.700974e-03, Param MSE = 2.740118e-02, Grad norm = 9.557001e-06, Beta update rate = 1.735183e-06
Epoch  40200 (0.8%): Train pred MSE = 2.505142e-07, Test pred MSE = 2.700908e-03, Param MSE = 2.740054e-02, Grad norm = 9.386738e-06, Beta update rate = 1.703741e-06
Epoch  40400 (0.8%): Train pred MSE = 2.418606e-07, Test pred MSE = 2.700843e-03, Param MSE = 2.739991e-02, Grad norm = 9.219666e-06, Beta update rate = 1.672912e-06
Epoch  40600 (0.8%): Train pred MSE = 2.335123e-07, Test pred MSE = 2.700779e-03, Param MSE = 2.739930e-02, Grad norm = 9.055721e-06, Beta update rate = 1.642681e-06
Epoch  40800 (0.8%): Train pred MSE = 2.254580e-07, Test pred MSE = 2.700717e-03, Param MSE = 2.739870e-02, Grad norm = 8.894840e-06, Beta update rate = 1.613035e-06
Epoch  41000 (0.8%): Train pred MSE = 2.176873e-07, Test pred MSE = 2.700656e-03, Param MSE = 2.739811e-02, Grad norm = 8.736961e-06, Beta update rate = 1.583963e-06
Epoch  41200 (0.8%): Train pred MSE = 2.101898e-07, Test pred MSE = 2.700597e-03, Param MSE = 2.739754e-02, Grad norm = 8.582025e-06, Beta update rate = 1.555451e-06
Epoch  41400 (0.8%): Train pred MSE = 2.029558e-07, Test pred MSE = 2.700538e-03, Param MSE = 2.739697e-02, Grad norm = 8.429972e-06, Beta update rate = 1.527488e-06
Epoch  41600 (0.8%): Train pred MSE = 1.959757e-07, Test pred MSE = 2.700481e-03, Param MSE = 2.739642e-02, Grad norm = 8.280746e-06, Beta update rate = 1.500061e-06
Epoch  41800 (0.8%): Train pred MSE = 1.892405e-07, Test pred MSE = 2.700425e-03, Param MSE = 2.739588e-02, Grad norm = 8.134290e-06, Beta update rate = 1.473161e-06
Epoch  42000 (0.8%): Train pred MSE = 1.827413e-07, Test pred MSE = 2.700370e-03, Param MSE = 2.739535e-02, Grad norm = 7.990549e-06, Beta update rate = 1.446775e-06
Epoch  42200 (0.8%): Train pred MSE = 1.764697e-07, Test pred MSE = 2.700317e-03, Param MSE = 2.739484e-02, Grad norm = 7.849469e-06, Beta update rate = 1.420893e-06
Epoch  42400 (0.8%): Train pred MSE = 1.704175e-07, Test pred MSE = 2.700264e-03, Param MSE = 2.739433e-02, Grad norm = 7.710999e-06, Beta update rate = 1.395504e-06
Epoch  42600 (0.9%): Train pred MSE = 1.645768e-07, Test pred MSE = 2.700213e-03, Param MSE = 2.739383e-02, Grad norm = 7.575086e-06, Beta update rate = 1.370598e-06
Epoch  42800 (0.9%): Train pred MSE = 1.589401e-07, Test pred MSE = 2.700162e-03, Param MSE = 2.739334e-02, Grad norm = 7.441680e-06, Beta update rate = 1.346165e-06
Epoch  43000 (0.9%): Train pred MSE = 1.535002e-07, Test pred MSE = 2.700113e-03, Param MSE = 2.739287e-02, Grad norm = 7.310732e-06, Beta update rate = 1.322194e-06
Epoch  43200 (0.9%): Train pred MSE = 1.482499e-07, Test pred MSE = 2.700064e-03, Param MSE = 2.739240e-02, Grad norm = 7.182194e-06, Beta update rate = 1.298677e-06
Epoch  43400 (0.9%): Train pred MSE = 1.431825e-07, Test pred MSE = 2.700017e-03, Param MSE = 2.739194e-02, Grad norm = 7.056018e-06, Beta update rate = 1.275604e-06
Epoch  43600 (0.9%): Train pred MSE = 1.382916e-07, Test pred MSE = 2.699970e-03, Param MSE = 2.739150e-02, Grad norm = 6.932159e-06, Beta update rate = 1.252966e-06
Epoch  43800 (0.9%): Train pred MSE = 1.335708e-07, Test pred MSE = 2.699925e-03, Param MSE = 2.739106e-02, Grad norm = 6.810571e-06, Beta update rate = 1.230753e-06
Epoch  44000 (0.9%): Train pred MSE = 1.290141e-07, Test pred MSE = 2.699880e-03, Param MSE = 2.739063e-02, Grad norm = 6.691210e-06, Beta update rate = 1.208958e-06
Epoch  44200 (0.9%): Train pred MSE = 1.246156e-07, Test pred MSE = 2.699836e-03, Param MSE = 2.739021e-02, Grad norm = 6.574032e-06, Beta update rate = 1.187571e-06
Epoch  44400 (0.9%): Train pred MSE = 1.203698e-07, Test pred MSE = 2.699793e-03, Param MSE = 2.738979e-02, Grad norm = 6.458996e-06, Beta update rate = 1.166584e-06
Epoch  44600 (0.9%): Train pred MSE = 1.162712e-07, Test pred MSE = 2.699751e-03, Param MSE = 2.738939e-02, Grad norm = 6.346059e-06, Beta update rate = 1.145989e-06
Epoch  44800 (0.9%): Train pred MSE = 1.123147e-07, Test pred MSE = 2.699710e-03, Param MSE = 2.738899e-02, Grad norm = 6.235182e-06, Beta update rate = 1.125779e-06
Epoch  45000 (0.9%): Train pred MSE = 1.084951e-07, Test pred MSE = 2.699670e-03, Param MSE = 2.738860e-02, Grad norm = 6.126324e-06, Beta update rate = 1.105944e-06
Epoch  45200 (0.9%): Train pred MSE = 1.048077e-07, Test pred MSE = 2.699630e-03, Param MSE = 2.738822e-02, Grad norm = 6.019447e-06, Beta update rate = 1.086479e-06
Epoch  45400 (0.9%): Train pred MSE = 1.012478e-07, Test pred MSE = 2.699591e-03, Param MSE = 2.738785e-02, Grad norm = 5.914512e-06, Beta update rate = 1.067375e-06
Epoch  45600 (0.9%): Train pred MSE = 9.781087e-08, Test pred MSE = 2.699553e-03, Param MSE = 2.738748e-02, Grad norm = 5.811482e-06, Beta update rate = 1.048625e-06
Epoch  45800 (0.9%): Train pred MSE = 9.449260e-08, Test pred MSE = 2.699516e-03, Param MSE = 2.738712e-02, Grad norm = 5.710320e-06, Beta update rate = 1.030221e-06
Epoch  46000 (0.9%): Train pred MSE = 9.128881e-08, Test pred MSE = 2.699479e-03, Param MSE = 2.738677e-02, Grad norm = 5.610992e-06, Beta update rate = 1.012158e-06
Epoch  46200 (0.9%): Train pred MSE = 8.819547e-08, Test pred MSE = 2.699443e-03, Param MSE = 2.738642e-02, Grad norm = 5.513460e-06, Beta update rate = 9.944282e-07
Epoch  46400 (0.9%): Train pred MSE = 8.520869e-08, Test pred MSE = 2.699408e-03, Param MSE = 2.738609e-02, Grad norm = 5.417693e-06, Beta update rate = 9.770248e-07
Epoch  46600 (0.9%): Train pred MSE = 8.232473e-08, Test pred MSE = 2.699374e-03, Param MSE = 2.738575e-02, Grad norm = 5.323655e-06, Beta update rate = 9.599416e-07
Epoch  46800 (0.9%): Train pred MSE = 7.953999e-08, Test pred MSE = 2.699340e-03, Param MSE = 2.738543e-02, Grad norm = 5.231313e-06, Beta update rate = 9.431720e-07
Epoch  47000 (0.9%): Train pred MSE = 7.685099e-08, Test pred MSE = 2.699307e-03, Param MSE = 2.738511e-02, Grad norm = 5.140636e-06, Beta update rate = 9.267101e-07
Epoch  47200 (0.9%): Train pred MSE = 7.425436e-08, Test pred MSE = 2.699274e-03, Param MSE = 2.738480e-02, Grad norm = 5.051592e-06, Beta update rate = 9.105496e-07
Epoch  47400 (0.9%): Train pred MSE = 7.174688e-08, Test pred MSE = 2.699242e-03, Param MSE = 2.738449e-02, Grad norm = 4.964150e-06, Beta update rate = 8.946847e-07
Epoch  47600 (1.0%): Train pred MSE = 6.932543e-08, Test pred MSE = 2.699211e-03, Param MSE = 2.738419e-02, Grad norm = 4.878280e-06, Beta update rate = 8.791096e-07
Epoch  47800 (1.0%): Train pred MSE = 6.698699e-08, Test pred MSE = 2.699180e-03, Param MSE = 2.738389e-02, Grad norm = 4.793951e-06, Beta update rate = 8.638186e-07
Epoch  48000 (1.0%): Train pred MSE = 6.472868e-08, Test pred MSE = 2.699150e-03, Param MSE = 2.738361e-02, Grad norm = 4.711135e-06, Beta update rate = 8.488060e-07
Epoch  48200 (1.0%): Train pred MSE = 6.254770e-08, Test pred MSE = 2.699121e-03, Param MSE = 2.738332e-02, Grad norm = 4.629804e-06, Beta update rate = 8.340666e-07
Epoch  48400 (1.0%): Train pred MSE = 6.044134e-08, Test pred MSE = 2.699092e-03, Param MSE = 2.738304e-02, Grad norm = 4.549928e-06, Beta update rate = 8.195950e-07
Epoch  48600 (1.0%): Train pred MSE = 5.840702e-08, Test pred MSE = 2.699063e-03, Param MSE = 2.738277e-02, Grad norm = 4.471482e-06, Beta update rate = 8.053859e-07
Epoch  48800 (1.0%): Train pred MSE = 5.644222e-08, Test pred MSE = 2.699035e-03, Param MSE = 2.738250e-02, Grad norm = 4.394437e-06, Beta update rate = 7.914344e-07
Epoch  49000 (1.0%): Train pred MSE = 5.454452e-08, Test pred MSE = 2.699008e-03, Param MSE = 2.738224e-02, Grad norm = 4.318769e-06, Beta update rate = 7.777353e-07
Epoch  49200 (1.0%): Train pred MSE = 5.271159e-08, Test pred MSE = 2.698981e-03, Param MSE = 2.738198e-02, Grad norm = 4.244450e-06, Beta update rate = 7.642839e-07
Epoch  49400 (1.0%): Train pred MSE = 5.094118e-08, Test pred MSE = 2.698955e-03, Param MSE = 2.738173e-02, Grad norm = 4.171456e-06, Beta update rate = 7.510753e-07
Epoch  49600 (1.0%): Train pred MSE = 4.923112e-08, Test pred MSE = 2.698929e-03, Param MSE = 2.738148e-02, Grad norm = 4.099762e-06, Beta update rate = 7.381049e-07
Epoch  49800 (1.0%): Train pred MSE = 4.757932e-08, Test pred MSE = 2.698903e-03, Param MSE = 2.738124e-02, Grad norm = 4.029344e-06, Beta update rate = 7.253682e-07
Epoch  50000 (1.0%): Train pred MSE = 4.598376e-08, Test pred MSE = 2.698878e-03, Param MSE = 2.738100e-02, Grad norm = 3.960177e-06, Beta update rate = 7.128605e-07
Epoch  50200 (1.0%): Train pred MSE = 4.444249e-08, Test pred MSE = 2.698854e-03, Param MSE = 2.738076e-02, Grad norm = 3.892239e-06, Beta update rate = 7.005776e-07
Epoch  50400 (1.0%): Train pred MSE = 4.295363e-08, Test pred MSE = 2.698830e-03, Param MSE = 2.738053e-02, Grad norm = 3.825507e-06, Beta update rate = 6.885152e-07
Epoch  50600 (1.0%): Train pred MSE = 4.151537e-08, Test pred MSE = 2.698806e-03, Param MSE = 2.738031e-02, Grad norm = 3.759959e-06, Beta update rate = 6.766690e-07
Epoch  50800 (1.0%): Train pred MSE = 4.012597e-08, Test pred MSE = 2.698783e-03, Param MSE = 2.738008e-02, Grad norm = 3.695572e-06, Beta update rate = 6.650350e-07
Epoch  51000 (1.0%): Train pred MSE = 3.878372e-08, Test pred MSE = 2.698761e-03, Param MSE = 2.737987e-02, Grad norm = 3.632324e-06, Beta update rate = 6.536091e-07
Epoch  51200 (1.0%): Train pred MSE = 3.748702e-08, Test pred MSE = 2.698738e-03, Param MSE = 2.737965e-02, Grad norm = 3.570196e-06, Beta update rate = 6.423874e-07
Epoch  51400 (1.0%): Train pred MSE = 3.623428e-08, Test pred MSE = 2.698717e-03, Param MSE = 2.737944e-02, Grad norm = 3.509166e-06, Beta update rate = 6.313659e-07
Epoch  51600 (1.0%): Train pred MSE = 3.502399e-08, Test pred MSE = 2.698695e-03, Param MSE = 2.737924e-02, Grad norm = 3.449213e-06, Beta update rate = 6.205410e-07
Epoch  51800 (1.0%): Train pred MSE = 3.385469e-08, Test pred MSE = 2.698674e-03, Param MSE = 2.737903e-02, Grad norm = 3.390319e-06, Beta update rate = 6.099089e-07
Epoch  52000 (1.0%): Train pred MSE = 3.272497e-08, Test pred MSE = 2.698653e-03, Param MSE = 2.737884e-02, Grad norm = 3.332463e-06, Beta update rate = 5.994660e-07
Epoch  52200 (1.0%): Train pred MSE = 3.163347e-08, Test pred MSE = 2.698633e-03, Param MSE = 2.737864e-02, Grad norm = 3.275627e-06, Beta update rate = 5.892087e-07
Epoch  52400 (1.0%): Train pred MSE = 3.057888e-08, Test pred MSE = 2.698613e-03, Param MSE = 2.737845e-02, Grad norm = 3.219791e-06, Beta update rate = 5.791336e-07
Epoch  52600 (1.1%): Train pred MSE = 2.955992e-08, Test pred MSE = 2.698594e-03, Param MSE = 2.737826e-02, Grad norm = 3.164937e-06, Beta update rate = 5.692372e-07
Epoch  52800 (1.1%): Train pred MSE = 2.857537e-08, Test pred MSE = 2.698574e-03, Param MSE = 2.737808e-02, Grad norm = 3.111048e-06, Beta update rate = 5.595161e-07
Epoch  53000 (1.1%): Train pred MSE = 2.762405e-08, Test pred MSE = 2.698556e-03, Param MSE = 2.737790e-02, Grad norm = 3.058105e-06, Beta update rate = 5.499672e-07
Epoch  53200 (1.1%): Train pred MSE = 2.670483e-08, Test pred MSE = 2.698537e-03, Param MSE = 2.737772e-02, Grad norm = 3.006092e-06, Beta update rate = 5.405872e-07
Epoch  53400 (1.1%): Train pred MSE = 2.581661e-08, Test pred MSE = 2.698519e-03, Param MSE = 2.737755e-02, Grad norm = 2.954991e-06, Beta update rate = 5.313729e-07
Epoch  53600 (1.1%): Train pred MSE = 2.495832e-08, Test pred MSE = 2.698501e-03, Param MSE = 2.737737e-02, Grad norm = 2.904785e-06, Beta update rate = 5.223213e-07
Epoch  53800 (1.1%): Train pred MSE = 2.412894e-08, Test pred MSE = 2.698484e-03, Param MSE = 2.737721e-02, Grad norm = 2.855459e-06, Beta update rate = 5.134293e-07
Epoch  54000 (1.1%): Train pred MSE = 2.332747e-08, Test pred MSE = 2.698466e-03, Param MSE = 2.737704e-02, Grad norm = 2.806996e-06, Beta update rate = 5.046941e-07
Epoch  54200 (1.1%): Train pred MSE = 2.255298e-08, Test pred MSE = 2.698450e-03, Param MSE = 2.737688e-02, Grad norm = 2.759381e-06, Beta update rate = 4.961126e-07
Epoch  54400 (1.1%): Train pred MSE = 2.180453e-08, Test pred MSE = 2.698433e-03, Param MSE = 2.737672e-02, Grad norm = 2.712597e-06, Beta update rate = 4.876821e-07
Epoch  54600 (1.1%): Train pred MSE = 2.108124e-08, Test pred MSE = 2.698417e-03, Param MSE = 2.737656e-02, Grad norm = 2.666631e-06, Beta update rate = 4.793997e-07
Epoch  54800 (1.1%): Train pred MSE = 2.038225e-08, Test pred MSE = 2.698401e-03, Param MSE = 2.737641e-02, Grad norm = 2.621467e-06, Beta update rate = 4.712627e-07
Epoch  55000 (1.1%): Train pred MSE = 1.970673e-08, Test pred MSE = 2.698385e-03, Param MSE = 2.737626e-02, Grad norm = 2.577091e-06, Beta update rate = 4.632685e-07
Epoch  55200 (1.1%): Train pred MSE = 1.905388e-08, Test pred MSE = 2.698370e-03, Param MSE = 2.737611e-02, Grad norm = 2.533488e-06, Beta update rate = 4.554144e-07
Epoch  55400 (1.1%): Train pred MSE = 1.842293e-08, Test pred MSE = 2.698354e-03, Param MSE = 2.737597e-02, Grad norm = 2.490644e-06, Beta update rate = 4.476979e-07
Epoch  55600 (1.1%): Train pred MSE = 1.781313e-08, Test pred MSE = 2.698340e-03, Param MSE = 2.737582e-02, Grad norm = 2.448546e-06, Beta update rate = 4.401163e-07
Epoch  55800 (1.1%): Train pred MSE = 1.722377e-08, Test pred MSE = 2.698325e-03, Param MSE = 2.737568e-02, Grad norm = 2.407180e-06, Beta update rate = 4.326674e-07
Epoch  56000 (1.1%): Train pred MSE = 1.665415e-08, Test pred MSE = 2.698311e-03, Param MSE = 2.737555e-02, Grad norm = 2.366533e-06, Beta update rate = 4.253485e-07
Epoch  56200 (1.1%): Train pred MSE = 1.610360e-08, Test pred MSE = 2.698296e-03, Param MSE = 2.737541e-02, Grad norm = 2.326592e-06, Beta update rate = 4.181575e-07
Epoch  56400 (1.1%): Train pred MSE = 1.557147e-08, Test pred MSE = 2.698283e-03, Param MSE = 2.737528e-02, Grad norm = 2.287344e-06, Beta update rate = 4.110918e-07
Epoch  56600 (1.1%): Train pred MSE = 1.505714e-08, Test pred MSE = 2.698269e-03, Param MSE = 2.737515e-02, Grad norm = 2.248777e-06, Beta update rate = 4.041493e-07
Epoch  56800 (1.1%): Train pred MSE = 1.456000e-08, Test pred MSE = 2.698256e-03, Param MSE = 2.737502e-02, Grad norm = 2.210879e-06, Beta update rate = 3.973276e-07
Epoch  57000 (1.1%): Train pred MSE = 1.407947e-08, Test pred MSE = 2.698243e-03, Param MSE = 2.737489e-02, Grad norm = 2.173637e-06, Beta update rate = 3.906247e-07
Epoch  57200 (1.1%): Train pred MSE = 1.361500e-08, Test pred MSE = 2.698230e-03, Param MSE = 2.737477e-02, Grad norm = 2.137040e-06, Beta update rate = 3.840383e-07
Epoch  57400 (1.1%): Train pred MSE = 1.316602e-08, Test pred MSE = 2.698217e-03, Param MSE = 2.737465e-02, Grad norm = 2.101076e-06, Beta update rate = 3.775663e-07
Epoch  57600 (1.2%): Train pred MSE = 1.273203e-08, Test pred MSE = 2.698205e-03, Param MSE = 2.737453e-02, Grad norm = 2.065734e-06, Beta update rate = 3.712066e-07
Epoch  57800 (1.2%): Train pred MSE = 1.231251e-08, Test pred MSE = 2.698192e-03, Param MSE = 2.737441e-02, Grad norm = 2.031003e-06, Beta update rate = 3.649573e-07
Epoch  58000 (1.2%): Train pred MSE = 1.190698e-08, Test pred MSE = 2.698180e-03, Param MSE = 2.737430e-02, Grad norm = 1.996871e-06, Beta update rate = 3.588163e-07
Epoch  58200 (1.2%): Train pred MSE = 1.151496e-08, Test pred MSE = 2.698169e-03, Param MSE = 2.737418e-02, Grad norm = 1.963329e-06, Beta update rate = 3.527817e-07
Epoch  58400 (1.2%): Train pred MSE = 1.113600e-08, Test pred MSE = 2.698157e-03, Param MSE = 2.737407e-02, Grad norm = 1.930365e-06, Beta update rate = 3.468516e-07
Epoch  58600 (1.2%): Train pred MSE = 1.076965e-08, Test pred MSE = 2.698146e-03, Param MSE = 2.737396e-02, Grad norm = 1.897969e-06, Beta update rate = 3.410240e-07
Epoch  58800 (1.2%): Train pred MSE = 1.041549e-08, Test pred MSE = 2.698134e-03, Param MSE = 2.737386e-02, Grad norm = 1.866131e-06, Beta update rate = 3.352971e-07
Epoch  59000 (1.2%): Train pred MSE = 1.007312e-08, Test pred MSE = 2.698124e-03, Param MSE = 2.737375e-02, Grad norm = 1.834841e-06, Beta update rate = 3.296691e-07
Epoch  59200 (1.2%): Train pred MSE = 9.742121e-09, Test pred MSE = 2.698113e-03, Param MSE = 2.737365e-02, Grad norm = 1.804090e-06, Beta update rate = 3.241383e-07
Epoch  59400 (1.2%): Train pred MSE = 9.422124e-09, Test pred MSE = 2.698102e-03, Param MSE = 2.737355e-02, Grad norm = 1.773868e-06, Beta update rate = 3.187029e-07
Epoch  59600 (1.2%): Train pred MSE = 9.112758e-09, Test pred MSE = 2.698092e-03, Param MSE = 2.737345e-02, Grad norm = 1.744165e-06, Beta update rate = 3.133612e-07
Epoch  59800 (1.2%): Train pred MSE = 8.813662e-09, Test pred MSE = 2.698081e-03, Param MSE = 2.737335e-02, Grad norm = 1.714972e-06, Beta update rate = 3.081114e-07
Epoch  60000 (1.2%): Train pred MSE = 8.524493e-09, Test pred MSE = 2.698071e-03, Param MSE = 2.737325e-02, Grad norm = 1.686281e-06, Beta update rate = 3.029521e-07
Epoch  60200 (1.2%): Train pred MSE = 8.244916e-09, Test pred MSE = 2.698062e-03, Param MSE = 2.737316e-02, Grad norm = 1.658081e-06, Beta update rate = 2.978815e-07
Epoch  60400 (1.2%): Train pred MSE = 7.974610e-09, Test pred MSE = 2.698052e-03, Param MSE = 2.737306e-02, Grad norm = 1.630365e-06, Beta update rate = 2.928980e-07
Epoch  60600 (1.2%): Train pred MSE = 7.713263e-09, Test pred MSE = 2.698042e-03, Param MSE = 2.737297e-02, Grad norm = 1.603125e-06, Beta update rate = 2.880002e-07
Epoch  60800 (1.2%): Train pred MSE = 7.460575e-09, Test pred MSE = 2.698033e-03, Param MSE = 2.737288e-02, Grad norm = 1.576350e-06, Beta update rate = 2.831864e-07
Epoch  61000 (1.2%): Train pred MSE = 7.216255e-09, Test pred MSE = 2.698024e-03, Param MSE = 2.737279e-02, Grad norm = 1.550034e-06, Beta update rate = 2.784553e-07
Epoch  61200 (1.2%): Train pred MSE = 6.980023e-09, Test pred MSE = 2.698015e-03, Param MSE = 2.737271e-02, Grad norm = 1.524169e-06, Beta update rate = 2.738052e-07
Epoch  61400 (1.2%): Train pred MSE = 6.751607e-09, Test pred MSE = 2.698006e-03, Param MSE = 2.737262e-02, Grad norm = 1.498745e-06, Beta update rate = 2.692349e-07
Epoch  61600 (1.2%): Train pred MSE = 6.530746e-09, Test pred MSE = 2.697997e-03, Param MSE = 2.737254e-02, Grad norm = 1.473756e-06, Beta update rate = 2.647428e-07
Epoch  61800 (1.2%): Train pred MSE = 6.317187e-09, Test pred MSE = 2.697988e-03, Param MSE = 2.737245e-02, Grad norm = 1.449194e-06, Beta update rate = 2.603276e-07
Epoch  62000 (1.2%): Train pred MSE = 6.110686e-09, Test pred MSE = 2.697980e-03, Param MSE = 2.737237e-02, Grad norm = 1.425051e-06, Beta update rate = 2.559879e-07
Epoch  62200 (1.2%): Train pred MSE = 5.911007e-09, Test pred MSE = 2.697972e-03, Param MSE = 2.737229e-02, Grad norm = 1.401320e-06, Beta update rate = 2.517224e-07
Epoch  62400 (1.2%): Train pred MSE = 5.717921e-09, Test pred MSE = 2.697964e-03, Param MSE = 2.737222e-02, Grad norm = 1.377994e-06, Beta update rate = 2.475298e-07
Epoch  62600 (1.3%): Train pred MSE = 5.531209e-09, Test pred MSE = 2.697956e-03, Param MSE = 2.737214e-02, Grad norm = 1.355065e-06, Beta update rate = 2.434087e-07
Epoch  62800 (1.3%): Train pred MSE = 5.350657e-09, Test pred MSE = 2.697948e-03, Param MSE = 2.737206e-02, Grad norm = 1.332527e-06, Beta update rate = 2.393580e-07
Epoch  63000 (1.3%): Train pred MSE = 5.176061e-09, Test pred MSE = 2.697940e-03, Param MSE = 2.737199e-02, Grad norm = 1.310373e-06, Beta update rate = 2.353763e-07
Epoch  63200 (1.3%): Train pred MSE = 5.007220e-09, Test pred MSE = 2.697932e-03, Param MSE = 2.737192e-02, Grad norm = 1.288596e-06, Beta update rate = 2.314625e-07
Epoch  63400 (1.3%): Train pred MSE = 4.843943e-09, Test pred MSE = 2.697925e-03, Param MSE = 2.737184e-02, Grad norm = 1.267189e-06, Beta update rate = 2.276154e-07
Epoch  63600 (1.3%): Train pred MSE = 4.686046e-09, Test pred MSE = 2.697918e-03, Param MSE = 2.737177e-02, Grad norm = 1.246146e-06, Beta update rate = 2.238338e-07
Epoch  63800 (1.3%): Train pred MSE = 4.533348e-09, Test pred MSE = 2.697910e-03, Param MSE = 2.737170e-02, Grad norm = 1.225461e-06, Beta update rate = 2.201165e-07
Epoch  64000 (1.3%): Train pred MSE = 4.385676e-09, Test pred MSE = 2.697903e-03, Param MSE = 2.737164e-02, Grad norm = 1.205127e-06, Beta update rate = 2.164624e-07
Epoch  64200 (1.3%): Train pred MSE = 4.242863e-09, Test pred MSE = 2.697896e-03, Param MSE = 2.737157e-02, Grad norm = 1.185138e-06, Beta update rate = 2.128705e-07
Epoch  64400 (1.3%): Train pred MSE = 4.104748e-09, Test pred MSE = 2.697889e-03, Param MSE = 2.737150e-02, Grad norm = 1.165488e-06, Beta update rate = 2.093395e-07
Epoch  64600 (1.3%): Train pred MSE = 3.971174e-09, Test pred MSE = 2.697883e-03, Param MSE = 2.737144e-02, Grad norm = 1.146172e-06, Beta update rate = 2.058685e-07
Epoch  64800 (1.3%): Train pred MSE = 3.841989e-09, Test pred MSE = 2.697876e-03, Param MSE = 2.737137e-02, Grad norm = 1.127183e-06, Beta update rate = 2.024564e-07
Epoch  65000 (1.3%): Train pred MSE = 3.717049e-09, Test pred MSE = 2.697870e-03, Param MSE = 2.737131e-02, Grad norm = 1.108515e-06, Beta update rate = 1.991022e-07
Epoch  65200 (1.3%): Train pred MSE = 3.596213e-09, Test pred MSE = 2.697863e-03, Param MSE = 2.737125e-02, Grad norm = 1.090164e-06, Beta update rate = 1.958048e-07
Epoch  65400 (1.3%): Train pred MSE = 3.479343e-09, Test pred MSE = 2.697857e-03, Param MSE = 2.737119e-02, Grad norm = 1.072123e-06, Beta update rate = 1.925633e-07
Epoch  65600 (1.3%): Train pred MSE = 3.366309e-09, Test pred MSE = 2.697851e-03, Param MSE = 2.737113e-02, Grad norm = 1.054388e-06, Beta update rate = 1.893766e-07
Epoch  65800 (1.3%): Train pred MSE = 3.256983e-09, Test pred MSE = 2.697845e-03, Param MSE = 2.737107e-02, Grad norm = 1.036952e-06, Beta update rate = 1.862439e-07
Epoch  66000 (1.3%): Train pred MSE = 3.151242e-09, Test pred MSE = 2.697839e-03, Param MSE = 2.737102e-02, Grad norm = 1.019811e-06, Beta update rate = 1.831642e-07
Epoch  66200 (1.3%): Train pred MSE = 3.048967e-09, Test pred MSE = 2.697833e-03, Param MSE = 2.737096e-02, Grad norm = 1.002959e-06, Beta update rate = 1.801366e-07
Epoch  66400 (1.3%): Train pred MSE = 2.950044e-09, Test pred MSE = 2.697827e-03, Param MSE = 2.737090e-02, Grad norm = 9.863926e-07, Beta update rate = 1.771601e-07
Epoch  66600 (1.3%): Train pred MSE = 2.854361e-09, Test pred MSE = 2.697821e-03, Param MSE = 2.737085e-02, Grad norm = 9.701053e-07, Beta update rate = 1.742339e-07
Epoch  66800 (1.3%): Train pred MSE = 2.761811e-09, Test pred MSE = 2.697816e-03, Param MSE = 2.737080e-02, Grad norm = 9.540928e-07, Beta update rate = 1.713571e-07
Epoch  67000 (1.3%): Train pred MSE = 2.672291e-09, Test pred MSE = 2.697810e-03, Param MSE = 2.737074e-02, Grad norm = 9.383503e-07, Beta update rate = 1.685288e-07
Epoch  67200 (1.3%): Train pred MSE = 2.585700e-09, Test pred MSE = 2.697805e-03, Param MSE = 2.737069e-02, Grad norm = 9.228731e-07, Beta update rate = 1.657482e-07
Epoch  67400 (1.3%): Train pred MSE = 2.501941e-09, Test pred MSE = 2.697800e-03, Param MSE = 2.737064e-02, Grad norm = 9.076566e-07, Beta update rate = 1.630145e-07
Epoch  67600 (1.4%): Train pred MSE = 2.420922e-09, Test pred MSE = 2.697794e-03, Param MSE = 2.737059e-02, Grad norm = 8.926964e-07, Beta update rate = 1.603269e-07
Epoch  67800 (1.4%): Train pred MSE = 2.342550e-09, Test pred MSE = 2.697789e-03, Param MSE = 2.737054e-02, Grad norm = 8.779879e-07, Beta update rate = 1.576845e-07
Epoch  68000 (1.4%): Train pred MSE = 2.266740e-09, Test pred MSE = 2.697784e-03, Param MSE = 2.737049e-02, Grad norm = 8.635269e-07, Beta update rate = 1.550866e-07
Epoch  68200 (1.4%): Train pred MSE = 2.193405e-09, Test pred MSE = 2.697779e-03, Param MSE = 2.737044e-02, Grad norm = 8.493091e-07, Beta update rate = 1.525324e-07
Epoch  68400 (1.4%): Train pred MSE = 2.122466e-09, Test pred MSE = 2.697775e-03, Param MSE = 2.737040e-02, Grad norm = 8.353303e-07, Beta update rate = 1.500212e-07
Epoch  68600 (1.4%): Train pred MSE = 2.053841e-09, Test pred MSE = 2.697770e-03, Param MSE = 2.737035e-02, Grad norm = 8.215863e-07, Beta update rate = 1.475521e-07
Epoch  68800 (1.4%): Train pred MSE = 1.987457e-09, Test pred MSE = 2.697765e-03, Param MSE = 2.737031e-02, Grad norm = 8.080732e-07, Beta update rate = 1.451246e-07
Epoch  69000 (1.4%): Train pred MSE = 1.923237e-09, Test pred MSE = 2.697760e-03, Param MSE = 2.737026e-02, Grad norm = 7.947868e-07, Beta update rate = 1.427378e-07
Epoch  69200 (1.4%): Train pred MSE = 1.861112e-09, Test pred MSE = 2.697756e-03, Param MSE = 2.737022e-02, Grad norm = 7.817235e-07, Beta update rate = 1.403911e-07
Epoch  69400 (1.4%): Train pred MSE = 1.801011e-09, Test pred MSE = 2.697751e-03, Param MSE = 2.737018e-02, Grad norm = 7.688792e-07, Beta update rate = 1.380838e-07
Epoch  69600 (1.4%): Train pred MSE = 1.742869e-09, Test pred MSE = 2.697747e-03, Param MSE = 2.737013e-02, Grad norm = 7.562503e-07, Beta update rate = 1.358151e-07
Epoch  69800 (1.4%): Train pred MSE = 1.686622e-09, Test pred MSE = 2.697743e-03, Param MSE = 2.737009e-02, Grad norm = 7.438330e-07, Beta update rate = 1.335845e-07
Epoch  70000 (1.4%): Train pred MSE = 1.632205e-09, Test pred MSE = 2.697739e-03, Param MSE = 2.737005e-02, Grad norm = 7.316237e-07, Beta update rate = 1.313913e-07
Epoch  70200 (1.4%): Train pred MSE = 1.579560e-09, Test pred MSE = 2.697734e-03, Param MSE = 2.737001e-02, Grad norm = 7.196188e-07, Beta update rate = 1.292348e-07
Epoch  70400 (1.4%): Train pred MSE = 1.528629e-09, Test pred MSE = 2.697730e-03, Param MSE = 2.736997e-02, Grad norm = 7.078149e-07, Beta update rate = 1.271144e-07
Epoch  70600 (1.4%): Train pred MSE = 1.479354e-09, Test pred MSE = 2.697726e-03, Param MSE = 2.736993e-02, Grad norm = 6.962084e-07, Beta update rate = 1.250295e-07
Epoch  70800 (1.4%): Train pred MSE = 1.431682e-09, Test pred MSE = 2.697722e-03, Param MSE = 2.736989e-02, Grad norm = 6.847961e-07, Beta update rate = 1.229794e-07
Epoch  71000 (1.4%): Train pred MSE = 1.385559e-09, Test pred MSE = 2.697718e-03, Param MSE = 2.736986e-02, Grad norm = 6.735745e-07, Beta update rate = 1.209637e-07
Epoch  71200 (1.4%): Train pred MSE = 1.340936e-09, Test pred MSE = 2.697715e-03, Param MSE = 2.736982e-02, Grad norm = 6.625404e-07, Beta update rate = 1.189816e-07
Epoch  71400 (1.4%): Train pred MSE = 1.297762e-09, Test pred MSE = 2.697711e-03, Param MSE = 2.736978e-02, Grad norm = 6.516907e-07, Beta update rate = 1.170326e-07
Epoch  71600 (1.4%): Train pred MSE = 1.255991e-09, Test pred MSE = 2.697707e-03, Param MSE = 2.736975e-02, Grad norm = 6.410220e-07, Beta update rate = 1.151162e-07
Epoch  71800 (1.4%): Train pred MSE = 1.215575e-09, Test pred MSE = 2.697703e-03, Param MSE = 2.736971e-02, Grad norm = 6.305315e-07, Beta update rate = 1.132318e-07
Epoch  72000 (1.4%): Train pred MSE = 1.176472e-09, Test pred MSE = 2.697700e-03, Param MSE = 2.736968e-02, Grad norm = 6.202159e-07, Beta update rate = 1.113788e-07
Epoch  72200 (1.4%): Train pred MSE = 1.138637e-09, Test pred MSE = 2.697696e-03, Param MSE = 2.736965e-02, Grad norm = 6.100724e-07, Beta update rate = 1.095568e-07
Epoch  72400 (1.4%): Train pred MSE = 1.102030e-09, Test pred MSE = 2.697693e-03, Param MSE = 2.736961e-02, Grad norm = 6.000979e-07, Beta update rate = 1.077651e-07
Epoch  72600 (1.5%): Train pred MSE = 1.066609e-09, Test pred MSE = 2.697690e-03, Param MSE = 2.736958e-02, Grad norm = 5.902897e-07, Beta update rate = 1.060032e-07
Epoch  72800 (1.5%): Train pred MSE = 1.032337e-09, Test pred MSE = 2.697686e-03, Param MSE = 2.736955e-02, Grad norm = 5.806448e-07, Beta update rate = 1.042707e-07
Epoch  73000 (1.5%): Train pred MSE = 9.991758e-10, Test pred MSE = 2.697683e-03, Param MSE = 2.736952e-02, Grad norm = 5.711605e-07, Beta update rate = 1.025671e-07
Epoch  73200 (1.5%): Train pred MSE = 9.670886e-10, Test pred MSE = 2.697680e-03, Param MSE = 2.736948e-02, Grad norm = 5.618341e-07, Beta update rate = 1.008918e-07
Epoch  73400 (1.5%): Train pred MSE = 9.360405e-10, Test pred MSE = 2.697677e-03, Param MSE = 2.736945e-02, Grad norm = 5.526628e-07, Beta update rate = 9.924438e-08
Epoch  73600 (1.5%): Train pred MSE = 9.059977e-10, Test pred MSE = 2.697673e-03, Param MSE = 2.736942e-02, Grad norm = 5.436440e-07, Beta update rate = 9.762437e-08
Epoch  73800 (1.5%): Train pred MSE = 8.769273e-10, Test pred MSE = 2.697670e-03, Param MSE = 2.736939e-02, Grad norm = 5.347752e-07, Beta update rate = 9.603130e-08
Epoch  74000 (1.5%): Train pred MSE = 8.487975e-10, Test pred MSE = 2.697667e-03, Param MSE = 2.736936e-02, Grad norm = 5.260538e-07, Beta update rate = 9.446470e-08
Epoch  74200 (1.5%): Train pred MSE = 8.215775e-10, Test pred MSE = 2.697664e-03, Param MSE = 2.736934e-02, Grad norm = 5.174772e-07, Beta update rate = 9.292412e-08
Epoch  74400 (1.5%): Train pred MSE = 7.952378e-10, Test pred MSE = 2.697661e-03, Param MSE = 2.736931e-02, Grad norm = 5.090431e-07, Beta update rate = 9.140913e-08
Epoch  74600 (1.5%): Train pred MSE = 7.697495e-10, Test pred MSE = 2.697659e-03, Param MSE = 2.736928e-02, Grad norm = 5.007489e-07, Beta update rate = 8.991929e-08
Epoch  74800 (1.5%): Train pred MSE = 7.450850e-10, Test pred MSE = 2.697656e-03, Param MSE = 2.736925e-02, Grad norm = 4.925924e-07, Beta update rate = 8.845417e-08
Epoch  75000 (1.5%): Train pred MSE = 7.212173e-10, Test pred MSE = 2.697653e-03, Param MSE = 2.736923e-02, Grad norm = 4.845712e-07, Beta update rate = 8.701335e-08
Epoch  75200 (1.5%): Train pred MSE = 6.981204e-10, Test pred MSE = 2.697650e-03, Param MSE = 2.736920e-02, Grad norm = 4.766830e-07, Beta update rate = 8.559642e-08
Epoch  75400 (1.5%): Train pred MSE = 6.757693e-10, Test pred MSE = 2.697648e-03, Param MSE = 2.736917e-02, Grad norm = 4.689255e-07, Beta update rate = 8.420298e-08
Epoch  75600 (1.5%): Train pred MSE = 6.541396e-10, Test pred MSE = 2.697645e-03, Param MSE = 2.736915e-02, Grad norm = 4.612965e-07, Beta update rate = 8.283263e-08
Epoch  75800 (1.5%): Train pred MSE = 6.332079e-10, Test pred MSE = 2.697642e-03, Param MSE = 2.736912e-02, Grad norm = 4.537940e-07, Beta update rate = 8.148498e-08
Epoch  76000 (1.5%): Train pred MSE = 6.129515e-10, Test pred MSE = 2.697640e-03, Param MSE = 2.736910e-02, Grad norm = 4.464156e-07, Beta update rate = 8.015964e-08
Epoch  76200 (1.5%): Train pred MSE = 5.933482e-10, Test pred MSE = 2.697637e-03, Param MSE = 2.736907e-02, Grad norm = 4.391593e-07, Beta update rate = 7.885623e-08
Epoch  76400 (1.5%): Train pred MSE = 5.743770e-10, Test pred MSE = 2.697635e-03, Param MSE = 2.736905e-02, Grad norm = 4.320231e-07, Beta update rate = 7.757439e-08
Epoch  76600 (1.5%): Train pred MSE = 5.560173e-10, Test pred MSE = 2.697632e-03, Param MSE = 2.736903e-02, Grad norm = 4.250049e-07, Beta update rate = 7.631375e-08
Epoch  76800 (1.5%): Train pred MSE = 5.382491e-10, Test pred MSE = 2.697630e-03, Param MSE = 2.736900e-02, Grad norm = 4.181028e-07, Beta update rate = 7.507395e-08
Epoch  77000 (1.5%): Train pred MSE = 5.210533e-10, Test pred MSE = 2.697628e-03, Param MSE = 2.736898e-02, Grad norm = 4.113147e-07, Beta update rate = 7.385465e-08
Epoch  77200 (1.5%): Train pred MSE = 5.044112e-10, Test pred MSE = 2.697625e-03, Param MSE = 2.736896e-02, Grad norm = 4.046388e-07, Beta update rate = 7.265549e-08
Epoch  77400 (1.5%): Train pred MSE = 4.883049e-10, Test pred MSE = 2.697623e-03, Param MSE = 2.736894e-02, Grad norm = 3.980731e-07, Beta update rate = 7.147613e-08
Epoch  77600 (1.6%): Train pred MSE = 4.727170e-10, Test pred MSE = 2.697621e-03, Param MSE = 2.736892e-02, Grad norm = 3.916159e-07, Beta update rate = 7.031625e-08
Epoch  77800 (1.6%): Train pred MSE = 4.576306e-10, Test pred MSE = 2.697619e-03, Param MSE = 2.736889e-02, Grad norm = 3.852652e-07, Beta update rate = 6.917550e-08
Epoch  78000 (1.6%): Train pred MSE = 4.430294e-10, Test pred MSE = 2.697617e-03, Param MSE = 2.736887e-02, Grad norm = 3.790192e-07, Beta update rate = 6.805358e-08
Epoch  78200 (1.6%): Train pred MSE = 4.288978e-10, Test pred MSE = 2.697614e-03, Param MSE = 2.736885e-02, Grad norm = 3.728763e-07, Beta update rate = 6.695017e-08
Epoch  78400 (1.6%): Train pred MSE = 4.152205e-10, Test pred MSE = 2.697612e-03, Param MSE = 2.736883e-02, Grad norm = 3.668347e-07, Beta update rate = 6.586494e-08
Epoch  78600 (1.6%): Train pred MSE = 4.019827e-10, Test pred MSE = 2.697610e-03, Param MSE = 2.736881e-02, Grad norm = 3.608926e-07, Beta update rate = 6.479761e-08
Epoch  78800 (1.6%): Train pred MSE = 3.891703e-10, Test pred MSE = 2.697608e-03, Param MSE = 2.736879e-02, Grad norm = 3.550485e-07, Beta update rate = 6.374785e-08
Epoch  79000 (1.6%): Train pred MSE = 3.767694e-10, Test pred MSE = 2.697606e-03, Param MSE = 2.736877e-02, Grad norm = 3.493006e-07, Beta update rate = 6.271539e-08
Epoch  79200 (1.6%): Train pred MSE = 3.647667e-10, Test pred MSE = 2.697604e-03, Param MSE = 2.736876e-02, Grad norm = 3.436473e-07, Beta update rate = 6.169993e-08
Epoch  79400 (1.6%): Train pred MSE = 3.531494e-10, Test pred MSE = 2.697602e-03, Param MSE = 2.736874e-02, Grad norm = 3.380871e-07, Beta update rate = 6.070118e-08
Epoch  79600 (1.6%): Train pred MSE = 3.419049e-10, Test pred MSE = 2.697601e-03, Param MSE = 2.736872e-02, Grad norm = 3.326184e-07, Beta update rate = 5.971887e-08
Epoch  79800 (1.6%): Train pred MSE = 3.310211e-10, Test pred MSE = 2.697599e-03, Param MSE = 2.736870e-02, Grad norm = 3.272396e-07, Beta update rate = 5.875271e-08
Epoch  80000 (1.6%): Train pred MSE = 3.204865e-10, Test pred MSE = 2.697597e-03, Param MSE = 2.736868e-02, Grad norm = 3.219493e-07, Beta update rate = 5.780244e-08
Epoch  80200 (1.6%): Train pred MSE = 3.102897e-10, Test pred MSE = 2.697595e-03, Param MSE = 2.736867e-02, Grad norm = 3.167459e-07, Beta update rate = 5.686779e-08
Epoch  80400 (1.6%): Train pred MSE = 3.004198e-10, Test pred MSE = 2.697593e-03, Param MSE = 2.736865e-02, Grad norm = 3.116280e-07, Beta update rate = 5.594850e-08
Epoch  80600 (1.6%): Train pred MSE = 2.908662e-10, Test pred MSE = 2.697592e-03, Param MSE = 2.736863e-02, Grad norm = 3.065942e-07, Beta update rate = 5.504431e-08
Epoch  80800 (1.6%): Train pred MSE = 2.816187e-10, Test pred MSE = 2.697590e-03, Param MSE = 2.736862e-02, Grad norm = 3.016431e-07, Beta update rate = 5.415497e-08
Epoch  81000 (1.6%): Train pred MSE = 2.726675e-10, Test pred MSE = 2.697588e-03, Param MSE = 2.736860e-02, Grad norm = 2.967732e-07, Beta update rate = 5.328024e-08
Epoch  81200 (1.6%): Train pred MSE = 2.640029e-10, Test pred MSE = 2.697587e-03, Param MSE = 2.736858e-02, Grad norm = 2.919833e-07, Beta update rate = 5.241985e-08
Epoch  81400 (1.6%): Train pred MSE = 2.556157e-10, Test pred MSE = 2.697585e-03, Param MSE = 2.736857e-02, Grad norm = 2.872719e-07, Beta update rate = 5.157358e-08
Epoch  81600 (1.6%): Train pred MSE = 2.474969e-10, Test pred MSE = 2.697583e-03, Param MSE = 2.736855e-02, Grad norm = 2.826378e-07, Beta update rate = 5.074120e-08
Epoch  81800 (1.6%): Train pred MSE = 2.396380e-10, Test pred MSE = 2.697582e-03, Param MSE = 2.736854e-02, Grad norm = 2.780797e-07, Beta update rate = 4.992246e-08
Epoch  82000 (1.6%): Train pred MSE = 2.320304e-10, Test pred MSE = 2.697580e-03, Param MSE = 2.736852e-02, Grad norm = 2.735963e-07, Beta update rate = 4.911714e-08
Epoch  82200 (1.6%): Train pred MSE = 2.246661e-10, Test pred MSE = 2.697579e-03, Param MSE = 2.736851e-02, Grad norm = 2.691863e-07, Beta update rate = 4.832501e-08
Epoch  82400 (1.6%): Train pred MSE = 2.175373e-10, Test pred MSE = 2.697577e-03, Param MSE = 2.736849e-02, Grad norm = 2.648486e-07, Beta update rate = 4.754586e-08
Epoch  82600 (1.7%): Train pred MSE = 2.106364e-10, Test pred MSE = 2.697576e-03, Param MSE = 2.736848e-02, Grad norm = 2.605819e-07, Beta update rate = 4.677948e-08
Epoch  82800 (1.7%): Train pred MSE = 2.039560e-10, Test pred MSE = 2.697574e-03, Param MSE = 2.736847e-02, Grad norm = 2.563850e-07, Beta update rate = 4.602563e-08
Epoch  83000 (1.7%): Train pred MSE = 1.974890e-10, Test pred MSE = 2.697573e-03, Param MSE = 2.736845e-02, Grad norm = 2.522568e-07, Beta update rate = 4.528413e-08
Epoch  83200 (1.7%): Train pred MSE = 1.912286e-10, Test pred MSE = 2.697571e-03, Param MSE = 2.736844e-02, Grad norm = 2.481962e-07, Beta update rate = 4.455475e-08
Epoch  83400 (1.7%): Train pred MSE = 1.851681e-10, Test pred MSE = 2.697570e-03, Param MSE = 2.736842e-02, Grad norm = 2.442020e-07, Beta update rate = 4.383731e-08
Epoch  83600 (1.7%): Train pred MSE = 1.793010e-10, Test pred MSE = 2.697569e-03, Param MSE = 2.736841e-02, Grad norm = 2.402730e-07, Beta update rate = 4.313160e-08
Epoch  83800 (1.7%): Train pred MSE = 1.736212e-10, Test pred MSE = 2.697567e-03, Param MSE = 2.736840e-02, Grad norm = 2.364083e-07, Beta update rate = 4.243742e-08
Epoch  84000 (1.7%): Train pred MSE = 1.681226e-10, Test pred MSE = 2.697566e-03, Param MSE = 2.736839e-02, Grad norm = 2.326067e-07, Beta update rate = 4.175458e-08
Epoch  84200 (1.7%): Train pred MSE = 1.627994e-10, Test pred MSE = 2.697565e-03, Param MSE = 2.736837e-02, Grad norm = 2.288672e-07, Beta update rate = 4.108290e-08
Epoch  84400 (1.7%): Train pred MSE = 1.576460e-10, Test pred MSE = 2.697564e-03, Param MSE = 2.736836e-02, Grad norm = 2.251888e-07, Beta update rate = 4.042219e-08
Epoch  84600 (1.7%): Train pred MSE = 1.526569e-10, Test pred MSE = 2.697562e-03, Param MSE = 2.736835e-02, Grad norm = 2.215704e-07, Beta update rate = 3.977227e-08
Epoch  84800 (1.7%): Train pred MSE = 1.478268e-10, Test pred MSE = 2.697561e-03, Param MSE = 2.736834e-02, Grad norm = 2.180111e-07, Beta update rate = 3.913295e-08
Epoch  85000 (1.7%): Train pred MSE = 1.431506e-10, Test pred MSE = 2.697560e-03, Param MSE = 2.736833e-02, Grad norm = 2.145099e-07, Beta update rate = 3.850407e-08
Epoch  85200 (1.7%): Train pred MSE = 1.386234e-10, Test pred MSE = 2.697559e-03, Param MSE = 2.736831e-02, Grad norm = 2.110657e-07, Beta update rate = 3.788545e-08
Epoch  85400 (1.7%): Train pred MSE = 1.342404e-10, Test pred MSE = 2.697558e-03, Param MSE = 2.736830e-02, Grad norm = 2.076777e-07, Beta update rate = 3.727691e-08
Epoch  85600 (1.7%): Train pred MSE = 1.299969e-10, Test pred MSE = 2.697556e-03, Param MSE = 2.736829e-02, Grad norm = 2.043449e-07, Beta update rate = 3.667829e-08
Epoch  85800 (1.7%): Train pred MSE = 1.258885e-10, Test pred MSE = 2.697555e-03, Param MSE = 2.736828e-02, Grad norm = 2.010665e-07, Beta update rate = 3.608943e-08
Epoch  86000 (1.7%): Train pred MSE = 1.219109e-10, Test pred MSE = 2.697554e-03, Param MSE = 2.736827e-02, Grad norm = 1.978414e-07, Beta update rate = 3.551017e-08
Epoch  86200 (1.7%): Train pred MSE = 1.180599e-10, Test pred MSE = 2.697553e-03, Param MSE = 2.736826e-02, Grad norm = 1.946689e-07, Beta update rate = 3.494034e-08
Epoch  86400 (1.7%): Train pred MSE = 1.143313e-10, Test pred MSE = 2.697552e-03, Param MSE = 2.736825e-02, Grad norm = 1.915480e-07, Beta update rate = 3.437979e-08
Epoch  86600 (1.7%): Train pred MSE = 1.107214e-10, Test pred MSE = 2.697551e-03, Param MSE = 2.736824e-02, Grad norm = 1.884779e-07, Beta update rate = 3.382836e-08
Epoch  86800 (1.7%): Train pred MSE = 1.072262e-10, Test pred MSE = 2.697550e-03, Param MSE = 2.736823e-02, Grad norm = 1.854577e-07, Beta update rate = 3.328591e-08
Epoch  87000 (1.7%): Train pred MSE = 1.038421e-10, Test pred MSE = 2.697549e-03, Param MSE = 2.736822e-02, Grad norm = 1.824867e-07, Beta update rate = 3.275229e-08
Epoch  87200 (1.7%): Train pred MSE = 1.005655e-10, Test pred MSE = 2.697548e-03, Param MSE = 2.736821e-02, Grad norm = 1.795640e-07, Beta update rate = 3.222734e-08
Epoch  87400 (1.7%): Train pred MSE = 9.739307e-11, Test pred MSE = 2.697547e-03, Param MSE = 2.736820e-02, Grad norm = 1.766888e-07, Beta update rate = 3.171093e-08

Training completed at epoch 87400
Stop reason: train_pred_mse
Final Train pred MSE = 9.739307e-11
Final Test pred MSE = 2.697547e-03
Final Param MSE = 2.736820e-02
Final Grad norm = 1.766888e-07
Final Beta update rate = 3.171093e-08
Success flag: True (train_pred_mse < 1.00e-10)
Results metadata saved to results/diagonal/step1_mixture/pi_A=0.90--alpha=0.300000--seed=2/results_meta.json
Saved c_vec to results/diagonal/step1_mixture/pi_A=0.90--alpha=0.300000--seed=2/c_vec.npy

Results saved to results/diagonal/step1_mixture/pi_A=0.90--alpha=0.300000--seed=2/
Total jobs in this sweep: 108
Pi_A values: [0.1, 0.5, 0.9]
Alpha values: [0.05, 0.1, 0.2, 0.25, 0.3, 0.4, 0.5, 0.6, 0.7, 0.8, 0.9, 1.0]
Seeds: [0, 1, 2]
================================================================================
Step 1 Mixture Sweep - Experiment Parameters:
================================================================================
  c: 0.001
  c_A: 0.001
  c_B: 0.5
  c_mode: mixture
  epochs: 5000000
  init_method: complex
  inp_dim: 1000
  lmda: 0.0
  lr: 0.5
  n_test: 10000
  n_train: 300
  no_tuning: True
  pi_A: 0.9
  rho: 0.04
  save_folder: results/diagonal/step1_mixture/pi_A=0.90--alpha=0.300000--seed=2/
  scaling: 1.0
  seed: 2
  test_every_n_epochs: 200
  threshold: 1e-12
================================================================================

Running training script...

Extracting results and saving to CSV...
Results appended to /home/na658/multi-task2/experiment_results_step1_mixture.csv

✓ Experiment 86 completed successfully
[SLURM] Job 20446068 task 86 finished
