[SLURM] Job 20446129 task 24 starting on cpu-q-227
[SLURM] Step 2 Support Sweep
[SLURM] Using Python: /home/na658/.conda/envs/mtl_ft/bin/python
Starting diagonal network pretrain BG script...

================================================================================
SCRIPT STARTED - Running diagonal network BG experiment...
================================================================================

================================================================================
EXPERIMENT SETTINGS
================================================================================
Seed: 0
Input dimension: 1000
Sparsity (rho): 0.04
Training samples: 700
Test samples: 10000
Learning rate: 0.5
Max epochs: 5000000
Test every N epochs: 200
Convergence threshold: 1e-12
Stop pred MSE: 1e-10
Stop beta rate: disabled
Stop grad norm: disabled
LR decay: disabled
LR decay interval: 2000
Scaling: 1.0
Lambda (λ): 0.0
C parameter: 0.001
Initialization method: complex
Learning rate tuning: False
Save folder: results/diagonal/step2_support/c_nz=0.001000--c_z=0.500000--alpha=0.700000--seed=0/
C mode: support
  c_nz=0.001, c_z=0.5
================================================================================
Starting training...
================================================================================
[c_mode=support] support fraction=0.0570 (rho=0.04)
[c_mode=support] c_nz=0.001, c_z=0.5
Per-coordinate c init: c_vec range [0.001000, 0.500000]

Starting training loop (max 5000000 epochs, threshold=1.00e-12)...
Epoch      0 (0.0%): Train pred MSE = 2.432604e+00, Test pred MSE = 1.614475e-01, Param MSE = 1.610163e+00, Grad norm = 1.388496e-01, Beta update rate = nan
Epoch    200 (0.0%): Train pred MSE = 1.151862e+00, Test pred MSE = 1.724856e-01, Param MSE = 1.733291e+00, Grad norm = 9.748097e-02, Beta update rate = 6.206796e-02
Epoch    400 (0.0%): Train pred MSE = 5.284113e-01, Test pred MSE = 1.748339e-01, Param MSE = 1.758407e+00, Grad norm = 5.744153e-02, Beta update rate = 6.168139e-02
Epoch    600 (0.0%): Train pred MSE = 3.113703e-01, Test pred MSE = 1.683531e-01, Param MSE = 1.693979e+00, Grad norm = 3.783069e-02, Beta update rate = 3.462775e-02
Epoch    800 (0.0%): Train pred MSE = 2.020906e-01, Test pred MSE = 1.613487e-01, Param MSE = 1.622195e+00, Grad norm = 2.885225e-02, Beta update rate = 2.323960e-02
Epoch   1000 (0.0%): Train pred MSE = 1.374291e-01, Test pred MSE = 1.541642e-01, Param MSE = 1.548902e+00, Grad norm = 2.220120e-02, Beta update rate = 1.809351e-02
Epoch   1200 (0.0%): Train pred MSE = 9.879930e-02, Test pred MSE = 1.473481e-01, Param MSE = 1.480517e+00, Grad norm = 1.732658e-02, Beta update rate = 1.425275e-02
Epoch   1400 (0.0%): Train pred MSE = 7.469682e-02, Test pred MSE = 1.413339e-01, Param MSE = 1.421051e+00, Grad norm = 1.387874e-02, Beta update rate = 1.139345e-02
Epoch   1600 (0.0%): Train pred MSE = 5.886026e-02, Test pred MSE = 1.363028e-01, Param MSE = 1.371877e+00, Grad norm = 1.140394e-02, Beta update rate = 9.301980e-03
Epoch   1800 (0.0%): Train pred MSE = 4.789533e-02, Test pred MSE = 1.322181e-01, Param MSE = 1.332338e+00, Grad norm = 9.623649e-03, Beta update rate = 7.680632e-03
Epoch   2000 (0.0%): Train pred MSE = 3.989378e-02, Test pred MSE = 1.289068e-01, Param MSE = 1.300545e+00, Grad norm = 8.326262e-03, Beta update rate = 6.435651e-03
Epoch   2200 (0.0%): Train pred MSE = 3.378018e-02, Test pred MSE = 1.261821e-01, Param MSE = 1.274548e+00, Grad norm = 7.352295e-03, Beta update rate = 5.497092e-03
Epoch   2400 (0.0%): Train pred MSE = 2.893801e-02, Test pred MSE = 1.238944e-01, Param MSE = 1.252808e+00, Grad norm = 6.592461e-03, Beta update rate = 4.787344e-03
Epoch   2600 (0.1%): Train pred MSE = 2.500090e-02, Test pred MSE = 1.219359e-01, Param MSE = 1.234227e+00, Grad norm = 5.975954e-03, Beta update rate = 4.240789e-03
Epoch   2800 (0.1%): Train pred MSE = 2.174016e-02, Test pred MSE = 1.202314e-01, Param MSE = 1.218047e+00, Grad norm = 5.458415e-03, Beta update rate = 3.808946e-03
Epoch   3000 (0.1%): Train pred MSE = 1.900464e-02, Test pred MSE = 1.187291e-01, Param MSE = 1.203756e+00, Grad norm = 5.012484e-03, Beta update rate = 3.457919e-03
Epoch   3200 (0.1%): Train pred MSE = 1.668848e-02, Test pred MSE = 1.173930e-01, Param MSE = 1.191004e+00, Grad norm = 4.621161e-03, Beta update rate = 3.164642e-03
Epoch   3400 (0.1%): Train pred MSE = 1.471367e-02, Test pred MSE = 1.161977e-01, Param MSE = 1.179551e+00, Grad norm = 4.273539e-03, Beta update rate = 2.913644e-03
Epoch   3600 (0.1%): Train pred MSE = 1.302042e-02, Test pred MSE = 1.151241e-01, Param MSE = 1.169221e+00, Grad norm = 3.962229e-03, Beta update rate = 2.694599e-03
Epoch   3800 (0.1%): Train pred MSE = 1.156158e-02, Test pred MSE = 1.141577e-01, Param MSE = 1.159882e+00, Grad norm = 3.681887e-03, Beta update rate = 2.500571e-03
Epoch   4000 (0.1%): Train pred MSE = 1.029930e-02, Test pred MSE = 1.132865e-01, Param MSE = 1.151426e+00, Grad norm = 3.428405e-03, Beta update rate = 2.326829e-03
Epoch   4200 (0.1%): Train pred MSE = 9.202766e-03, Test pred MSE = 1.125002e-01, Param MSE = 1.143764e+00, Grad norm = 3.198468e-03, Beta update rate = 2.170038e-03
Epoch   4400 (0.1%): Train pred MSE = 8.246678e-03, Test pred MSE = 1.117901e-01, Param MSE = 1.136817e+00, Grad norm = 2.989317e-03, Beta update rate = 2.027756e-03
Epoch   4600 (0.1%): Train pred MSE = 7.410125e-03, Test pred MSE = 1.111482e-01, Param MSE = 1.130513e+00, Grad norm = 2.798610e-03, Beta update rate = 1.898109e-03
Epoch   4800 (0.1%): Train pred MSE = 6.675719e-03, Test pred MSE = 1.105674e-01, Param MSE = 1.124791e+00, Grad norm = 2.624334e-03, Beta update rate = 1.779600e-03
Epoch   5000 (0.1%): Train pred MSE = 6.028932e-03, Test pred MSE = 1.100414e-01, Param MSE = 1.119591e+00, Grad norm = 2.464742e-03, Beta update rate = 1.670991e-03
Epoch   5200 (0.1%): Train pred MSE = 5.457574e-03, Test pred MSE = 1.095646e-01, Param MSE = 1.114864e+00, Grad norm = 2.318309e-03, Beta update rate = 1.571237e-03
Epoch   5400 (0.1%): Train pred MSE = 4.951369e-03, Test pred MSE = 1.091321e-01, Param MSE = 1.110563e+00, Grad norm = 2.183695e-03, Beta update rate = 1.479435e-03
Epoch   5600 (0.1%): Train pred MSE = 4.501631e-03, Test pred MSE = 1.087392e-01, Param MSE = 1.106645e+00, Grad norm = 2.059720e-03, Beta update rate = 1.394800e-03
Epoch   5800 (0.1%): Train pred MSE = 4.100985e-03, Test pred MSE = 1.083820e-01, Param MSE = 1.103073e+00, Grad norm = 1.945343e-03, Beta update rate = 1.316640e-03
Epoch   6000 (0.1%): Train pred MSE = 3.743150e-03, Test pred MSE = 1.080569e-01, Param MSE = 1.099814e+00, Grad norm = 1.839637e-03, Beta update rate = 1.244345e-03
Epoch   6200 (0.1%): Train pred MSE = 3.422760e-03, Test pred MSE = 1.077607e-01, Param MSE = 1.096837e+00, Grad norm = 1.741782e-03, Beta update rate = 1.177370e-03
Epoch   6400 (0.1%): Train pred MSE = 3.135216e-03, Test pred MSE = 1.074906e-01, Param MSE = 1.094116e+00, Grad norm = 1.651048e-03, Beta update rate = 1.115231e-03
Epoch   6600 (0.1%): Train pred MSE = 2.876563e-03, Test pred MSE = 1.072440e-01, Param MSE = 1.091626e+00, Grad norm = 1.566783e-03, Beta update rate = 1.057497e-03
Epoch   6800 (0.1%): Train pred MSE = 2.643391e-03, Test pred MSE = 1.070187e-01, Param MSE = 1.089345e+00, Grad norm = 1.488405e-03, Beta update rate = 1.003780e-03
Epoch   7000 (0.1%): Train pred MSE = 2.432748e-03, Test pred MSE = 1.068126e-01, Param MSE = 1.087254e+00, Grad norm = 1.415396e-03, Beta update rate = 9.537327e-04
Epoch   7200 (0.1%): Train pred MSE = 2.242078e-03, Test pred MSE = 1.066239e-01, Param MSE = 1.085335e+00, Grad norm = 1.347287e-03, Beta update rate = 9.070430e-04
Epoch   7400 (0.1%): Train pred MSE = 2.069154e-03, Test pred MSE = 1.064510e-01, Param MSE = 1.083574e+00, Grad norm = 1.283660e-03, Beta update rate = 8.634302e-04
Epoch   7600 (0.2%): Train pred MSE = 1.912036e-03, Test pred MSE = 1.062924e-01, Param MSE = 1.081954e+00, Grad norm = 1.224140e-03, Beta update rate = 8.226411e-04
Epoch   7800 (0.2%): Train pred MSE = 1.769027e-03, Test pred MSE = 1.061469e-01, Param MSE = 1.080465e+00, Grad norm = 1.168386e-03, Beta update rate = 7.844467e-04
Epoch   8000 (0.2%): Train pred MSE = 1.638641e-03, Test pred MSE = 1.060132e-01, Param MSE = 1.079094e+00, Grad norm = 1.116094e-03, Beta update rate = 7.486401e-04
Epoch   8200 (0.2%): Train pred MSE = 1.519571e-03, Test pred MSE = 1.058902e-01, Param MSE = 1.077831e+00, Grad norm = 1.066986e-03, Beta update rate = 7.150335e-04
Epoch   8400 (0.2%): Train pred MSE = 1.410665e-03, Test pred MSE = 1.057770e-01, Param MSE = 1.076667e+00, Grad norm = 1.020813e-03, Beta update rate = 6.834566e-04
Epoch   8600 (0.2%): Train pred MSE = 1.310909e-03, Test pred MSE = 1.056728e-01, Param MSE = 1.075593e+00, Grad norm = 9.773489e-04, Beta update rate = 6.537544e-04
Epoch   8800 (0.2%): Train pred MSE = 1.219403e-03, Test pred MSE = 1.055768e-01, Param MSE = 1.074602e+00, Grad norm = 9.363872e-04, Beta update rate = 6.257861e-04
Epoch   9000 (0.2%): Train pred MSE = 1.135351e-03, Test pred MSE = 1.054882e-01, Param MSE = 1.073687e+00, Grad norm = 8.977415e-04, Beta update rate = 5.994232e-04
Epoch   9200 (0.2%): Train pred MSE = 1.058043e-03, Test pred MSE = 1.054065e-01, Param MSE = 1.072841e+00, Grad norm = 8.612421e-04, Beta update rate = 5.745483e-04
Epoch   9400 (0.2%): Train pred MSE = 9.868508e-04, Test pred MSE = 1.053310e-01, Param MSE = 1.072059e+00, Grad norm = 8.267341e-04, Beta update rate = 5.510544e-04
Epoch   9600 (0.2%): Train pred MSE = 9.212101e-04, Test pred MSE = 1.052612e-01, Param MSE = 1.071335e+00, Grad norm = 7.940763e-04, Beta update rate = 5.288435e-04
Epoch   9800 (0.2%): Train pred MSE = 8.606187e-04, Test pred MSE = 1.051967e-01, Param MSE = 1.070666e+00, Grad norm = 7.631398e-04, Beta update rate = 5.078259e-04
Epoch  10000 (0.2%): Train pred MSE = 8.046261e-04, Test pred MSE = 1.051371e-01, Param MSE = 1.070046e+00, Grad norm = 7.338066e-04, Beta update rate = 4.879195e-04
Epoch  10200 (0.2%): Train pred MSE = 7.528282e-04, Test pred MSE = 1.050818e-01, Param MSE = 1.069472e+00, Grad norm = 7.059687e-04, Beta update rate = 4.690486e-04
Epoch  10400 (0.2%): Train pred MSE = 7.048617e-04, Test pred MSE = 1.050306e-01, Param MSE = 1.068940e+00, Grad norm = 6.795269e-04, Beta update rate = 4.511442e-04
Epoch  10600 (0.2%): Train pred MSE = 6.603997e-04, Test pred MSE = 1.049832e-01, Param MSE = 1.068448e+00, Grad norm = 6.543902e-04, Beta update rate = 4.341425e-04
Epoch  10800 (0.2%): Train pred MSE = 6.191471e-04, Test pred MSE = 1.049392e-01, Param MSE = 1.067991e+00, Grad norm = 6.304751e-04, Beta update rate = 4.179850e-04
Epoch  11000 (0.2%): Train pred MSE = 5.808376e-04, Test pred MSE = 1.048984e-01, Param MSE = 1.067567e+00, Grad norm = 6.077044e-04, Beta update rate = 4.026175e-04
Epoch  11200 (0.2%): Train pred MSE = 5.452300e-04, Test pred MSE = 1.048606e-01, Param MSE = 1.067174e+00, Grad norm = 5.860072e-04, Beta update rate = 3.879905e-04
Epoch  11400 (0.2%): Train pred MSE = 5.121060e-04, Test pred MSE = 1.048254e-01, Param MSE = 1.066810e+00, Grad norm = 5.653181e-04, Beta update rate = 3.740578e-04
Epoch  11600 (0.2%): Train pred MSE = 4.812673e-04, Test pred MSE = 1.047928e-01, Param MSE = 1.066472e+00, Grad norm = 5.455764e-04, Beta update rate = 3.607771e-04
Epoch  11800 (0.2%): Train pred MSE = 4.525339e-04, Test pred MSE = 1.047625e-01, Param MSE = 1.066159e+00, Grad norm = 5.267262e-04, Beta update rate = 3.481092e-04
Epoch  12000 (0.2%): Train pred MSE = 4.257417e-04, Test pred MSE = 1.047343e-01, Param MSE = 1.065868e+00, Grad norm = 5.087156e-04, Beta update rate = 3.360176e-04
Epoch  12200 (0.2%): Train pred MSE = 4.007415e-04, Test pred MSE = 1.047081e-01, Param MSE = 1.065598e+00, Grad norm = 4.914964e-04, Beta update rate = 3.244686e-04
Epoch  12400 (0.2%): Train pred MSE = 3.773970e-04, Test pred MSE = 1.046838e-01, Param MSE = 1.065348e+00, Grad norm = 4.750241e-04, Beta update rate = 3.134311e-04
Epoch  12600 (0.3%): Train pred MSE = 3.555837e-04, Test pred MSE = 1.046611e-01, Param MSE = 1.065115e+00, Grad norm = 4.592572e-04, Beta update rate = 3.028760e-04
Epoch  12800 (0.3%): Train pred MSE = 3.351879e-04, Test pred MSE = 1.046401e-01, Param MSE = 1.064900e+00, Grad norm = 4.441570e-04, Beta update rate = 2.927763e-04
Epoch  13000 (0.3%): Train pred MSE = 3.161053e-04, Test pred MSE = 1.046204e-01, Param MSE = 1.064700e+00, Grad norm = 4.296875e-04, Beta update rate = 2.831069e-04
Epoch  13200 (0.3%): Train pred MSE = 2.982403e-04, Test pred MSE = 1.046022e-01, Param MSE = 1.064515e+00, Grad norm = 4.158153e-04, Beta update rate = 2.738444e-04
Epoch  13400 (0.3%): Train pred MSE = 2.815053e-04, Test pred MSE = 1.045852e-01, Param MSE = 1.064343e+00, Grad norm = 4.025089e-04, Beta update rate = 2.649671e-04
Epoch  13600 (0.3%): Train pred MSE = 2.658197e-04, Test pred MSE = 1.045694e-01, Param MSE = 1.064184e+00, Grad norm = 3.897391e-04, Beta update rate = 2.564545e-04
Epoch  13800 (0.3%): Train pred MSE = 2.511096e-04, Test pred MSE = 1.045547e-01, Param MSE = 1.064037e+00, Grad norm = 3.774786e-04, Beta update rate = 2.482876e-04
Epoch  14000 (0.3%): Train pred MSE = 2.373067e-04, Test pred MSE = 1.045410e-01, Param MSE = 1.063900e+00, Grad norm = 3.657016e-04, Beta update rate = 2.404487e-04
Epoch  14200 (0.3%): Train pred MSE = 2.243483e-04, Test pred MSE = 1.045282e-01, Param MSE = 1.063774e+00, Grad norm = 3.543842e-04, Beta update rate = 2.329211e-04
Epoch  14400 (0.3%): Train pred MSE = 2.121765e-04, Test pred MSE = 1.045163e-01, Param MSE = 1.063657e+00, Grad norm = 3.435039e-04, Beta update rate = 2.256892e-04
Epoch  14600 (0.3%): Train pred MSE = 2.007377e-04, Test pred MSE = 1.045052e-01, Param MSE = 1.063549e+00, Grad norm = 3.330394e-04, Beta update rate = 2.187384e-04
Epoch  14800 (0.3%): Train pred MSE = 1.899827e-04, Test pred MSE = 1.044949e-01, Param MSE = 1.063449e+00, Grad norm = 3.229709e-04, Beta update rate = 2.120550e-04
Epoch  15000 (0.3%): Train pred MSE = 1.798658e-04, Test pred MSE = 1.044853e-01, Param MSE = 1.063356e+00, Grad norm = 3.132797e-04, Beta update rate = 2.056260e-04
Epoch  15200 (0.3%): Train pred MSE = 1.703448e-04, Test pred MSE = 1.044764e-01, Param MSE = 1.063271e+00, Grad norm = 3.039481e-04, Beta update rate = 1.994394e-04
Epoch  15400 (0.3%): Train pred MSE = 1.613806e-04, Test pred MSE = 1.044681e-01, Param MSE = 1.063193e+00, Grad norm = 2.949595e-04, Beta update rate = 1.934836e-04
Epoch  15600 (0.3%): Train pred MSE = 1.529369e-04, Test pred MSE = 1.044603e-01, Param MSE = 1.063120e+00, Grad norm = 2.862982e-04, Beta update rate = 1.877481e-04
Epoch  15800 (0.3%): Train pred MSE = 1.449801e-04, Test pred MSE = 1.044531e-01, Param MSE = 1.063054e+00, Grad norm = 2.779496e-04, Beta update rate = 1.822225e-04
Epoch  16000 (0.3%): Train pred MSE = 1.374791e-04, Test pred MSE = 1.044464e-01, Param MSE = 1.062993e+00, Grad norm = 2.698996e-04, Beta update rate = 1.768975e-04
Epoch  16200 (0.3%): Train pred MSE = 1.304049e-04, Test pred MSE = 1.044401e-01, Param MSE = 1.062936e+00, Grad norm = 2.621350e-04, Beta update rate = 1.717639e-04
Epoch  16400 (0.3%): Train pred MSE = 1.237305e-04, Test pred MSE = 1.044343e-01, Param MSE = 1.062885e+00, Grad norm = 2.546434e-04, Beta update rate = 1.668132e-04
Epoch  16600 (0.3%): Train pred MSE = 1.174310e-04, Test pred MSE = 1.044289e-01, Param MSE = 1.062838e+00, Grad norm = 2.474129e-04, Beta update rate = 1.620374e-04
Epoch  16800 (0.3%): Train pred MSE = 1.114830e-04, Test pred MSE = 1.044239e-01, Param MSE = 1.062795e+00, Grad norm = 2.404324e-04, Beta update rate = 1.574289e-04
Epoch  17000 (0.3%): Train pred MSE = 1.058649e-04, Test pred MSE = 1.044192e-01, Param MSE = 1.062756e+00, Grad norm = 2.336912e-04, Beta update rate = 1.529804e-04
Epoch  17200 (0.3%): Train pred MSE = 1.005565e-04, Test pred MSE = 1.044149e-01, Param MSE = 1.062720e+00, Grad norm = 2.271793e-04, Beta update rate = 1.486851e-04
Epoch  17400 (0.3%): Train pred MSE = 9.553897e-05, Test pred MSE = 1.044109e-01, Param MSE = 1.062688e+00, Grad norm = 2.208871e-04, Beta update rate = 1.445364e-04
Epoch  17600 (0.4%): Train pred MSE = 9.079470e-05, Test pred MSE = 1.044071e-01, Param MSE = 1.062659e+00, Grad norm = 2.148057e-04, Beta update rate = 1.405284e-04
Epoch  17800 (0.4%): Train pred MSE = 8.630732e-05, Test pred MSE = 1.044036e-01, Param MSE = 1.062632e+00, Grad norm = 2.089263e-04, Beta update rate = 1.366550e-04
Epoch  18000 (0.4%): Train pred MSE = 8.206154e-05, Test pred MSE = 1.044004e-01, Param MSE = 1.062609e+00, Grad norm = 2.032408e-04, Beta update rate = 1.329109e-04
Epoch  18200 (0.4%): Train pred MSE = 7.804305e-05, Test pred MSE = 1.043974e-01, Param MSE = 1.062587e+00, Grad norm = 1.977414e-04, Beta update rate = 1.292906e-04
Epoch  18400 (0.4%): Train pred MSE = 7.423850e-05, Test pred MSE = 1.043947e-01, Param MSE = 1.062569e+00, Grad norm = 1.924207e-04, Beta update rate = 1.257893e-04
Epoch  18600 (0.4%): Train pred MSE = 7.063539e-05, Test pred MSE = 1.043921e-01, Param MSE = 1.062552e+00, Grad norm = 1.872717e-04, Beta update rate = 1.224021e-04
Epoch  18800 (0.4%): Train pred MSE = 6.722202e-05, Test pred MSE = 1.043898e-01, Param MSE = 1.062537e+00, Grad norm = 1.822876e-04, Beta update rate = 1.191245e-04
Epoch  19000 (0.4%): Train pred MSE = 6.398745e-05, Test pred MSE = 1.043876e-01, Param MSE = 1.062525e+00, Grad norm = 1.774620e-04, Beta update rate = 1.159522e-04
Epoch  19200 (0.4%): Train pred MSE = 6.092142e-05, Test pred MSE = 1.043856e-01, Param MSE = 1.062514e+00, Grad norm = 1.727888e-04, Beta update rate = 1.128811e-04
Epoch  19400 (0.4%): Train pred MSE = 5.801434e-05, Test pred MSE = 1.043837e-01, Param MSE = 1.062504e+00, Grad norm = 1.682623e-04, Beta update rate = 1.099073e-04
Epoch  19600 (0.4%): Train pred MSE = 5.525720e-05, Test pred MSE = 1.043820e-01, Param MSE = 1.062496e+00, Grad norm = 1.638768e-04, Beta update rate = 1.070270e-04
Epoch  19800 (0.4%): Train pred MSE = 5.264156e-05, Test pred MSE = 1.043805e-01, Param MSE = 1.062490e+00, Grad norm = 1.596270e-04, Beta update rate = 1.042367e-04
Epoch  20000 (0.4%): Train pred MSE = 5.015949e-05, Test pred MSE = 1.043790e-01, Param MSE = 1.062485e+00, Grad norm = 1.555079e-04, Beta update rate = 1.015329e-04
Epoch  20200 (0.4%): Train pred MSE = 4.780356e-05, Test pred MSE = 1.043777e-01, Param MSE = 1.062481e+00, Grad norm = 1.515146e-04, Beta update rate = 9.891250e-05
Epoch  20400 (0.4%): Train pred MSE = 4.556680e-05, Test pred MSE = 1.043765e-01, Param MSE = 1.062478e+00, Grad norm = 1.476425e-04, Beta update rate = 9.637228e-05
Epoch  20600 (0.4%): Train pred MSE = 4.344263e-05, Test pred MSE = 1.043754e-01, Param MSE = 1.062477e+00, Grad norm = 1.438872e-04, Beta update rate = 9.390931e-05
Epoch  20800 (0.4%): Train pred MSE = 4.142489e-05, Test pred MSE = 1.043744e-01, Param MSE = 1.062476e+00, Grad norm = 1.402445e-04, Beta update rate = 9.152077e-05
Epoch  21000 (0.4%): Train pred MSE = 3.950780e-05, Test pred MSE = 1.043735e-01, Param MSE = 1.062476e+00, Grad norm = 1.367103e-04, Beta update rate = 8.920393e-05
Epoch  21200 (0.4%): Train pred MSE = 3.768591e-05, Test pred MSE = 1.043727e-01, Param MSE = 1.062477e+00, Grad norm = 1.332806e-04, Beta update rate = 8.695622e-05
Epoch  21400 (0.4%): Train pred MSE = 3.595408e-05, Test pred MSE = 1.043719e-01, Param MSE = 1.062479e+00, Grad norm = 1.299519e-04, Beta update rate = 8.477515e-05
Epoch  21600 (0.4%): Train pred MSE = 3.430749e-05, Test pred MSE = 1.043713e-01, Param MSE = 1.062482e+00, Grad norm = 1.267206e-04, Beta update rate = 8.265834e-05
Epoch  21800 (0.4%): Train pred MSE = 3.274159e-05, Test pred MSE = 1.043707e-01, Param MSE = 1.062485e+00, Grad norm = 1.235832e-04, Beta update rate = 8.060353e-05
Epoch  22000 (0.4%): Train pred MSE = 3.125211e-05, Test pred MSE = 1.043701e-01, Param MSE = 1.062489e+00, Grad norm = 1.205365e-04, Beta update rate = 7.860853e-05
Epoch  22200 (0.4%): Train pred MSE = 2.983502e-05, Test pred MSE = 1.043697e-01, Param MSE = 1.062493e+00, Grad norm = 1.175773e-04, Beta update rate = 7.667127e-05
Epoch  22400 (0.4%): Train pred MSE = 2.848651e-05, Test pred MSE = 1.043692e-01, Param MSE = 1.062498e+00, Grad norm = 1.147028e-04, Beta update rate = 7.478973e-05
Epoch  22600 (0.5%): Train pred MSE = 2.720300e-05, Test pred MSE = 1.043689e-01, Param MSE = 1.062503e+00, Grad norm = 1.119098e-04, Beta update rate = 7.296201e-05
Epoch  22800 (0.5%): Train pred MSE = 2.598112e-05, Test pred MSE = 1.043686e-01, Param MSE = 1.062509e+00, Grad norm = 1.091958e-04, Beta update rate = 7.118626e-05
Epoch  23000 (0.5%): Train pred MSE = 2.481766e-05, Test pred MSE = 1.043683e-01, Param MSE = 1.062515e+00, Grad norm = 1.065581e-04, Beta update rate = 6.946072e-05
Epoch  23200 (0.5%): Train pred MSE = 2.370963e-05, Test pred MSE = 1.043681e-01, Param MSE = 1.062522e+00, Grad norm = 1.039940e-04, Beta update rate = 6.778369e-05
Epoch  23400 (0.5%): Train pred MSE = 2.265419e-05, Test pred MSE = 1.043679e-01, Param MSE = 1.062529e+00, Grad norm = 1.015012e-04, Beta update rate = 6.615356e-05
Epoch  23600 (0.5%): Train pred MSE = 2.164864e-05, Test pred MSE = 1.043677e-01, Param MSE = 1.062536e+00, Grad norm = 9.907738e-05, Beta update rate = 6.456875e-05
Epoch  23800 (0.5%): Train pred MSE = 2.069045e-05, Test pred MSE = 1.043676e-01, Param MSE = 1.062543e+00, Grad norm = 9.672017e-05, Beta update rate = 6.302778e-05
Epoch  24000 (0.5%): Train pred MSE = 1.977724e-05, Test pred MSE = 1.043676e-01, Param MSE = 1.062551e+00, Grad norm = 9.442745e-05, Beta update rate = 6.152919e-05
Epoch  24200 (0.5%): Train pred MSE = 1.890673e-05, Test pred MSE = 1.043675e-01, Param MSE = 1.062559e+00, Grad norm = 9.219712e-05, Beta update rate = 6.007161e-05
Epoch  24400 (0.5%): Train pred MSE = 1.807679e-05, Test pred MSE = 1.043675e-01, Param MSE = 1.062567e+00, Grad norm = 9.002719e-05, Beta update rate = 5.865371e-05
Epoch  24600 (0.5%): Train pred MSE = 1.728539e-05, Test pred MSE = 1.043675e-01, Param MSE = 1.062575e+00, Grad norm = 8.791571e-05, Beta update rate = 5.727420e-05
Epoch  24800 (0.5%): Train pred MSE = 1.653061e-05, Test pred MSE = 1.043675e-01, Param MSE = 1.062584e+00, Grad norm = 8.586083e-05, Beta update rate = 5.593186e-05
Epoch  25000 (0.5%): Train pred MSE = 1.581064e-05, Test pred MSE = 1.043675e-01, Param MSE = 1.062592e+00, Grad norm = 8.386077e-05, Beta update rate = 5.462550e-05
Epoch  25200 (0.5%): Train pred MSE = 1.512377e-05, Test pred MSE = 1.043676e-01, Param MSE = 1.062601e+00, Grad norm = 8.191379e-05, Beta update rate = 5.335398e-05
Epoch  25400 (0.5%): Train pred MSE = 1.446838e-05, Test pred MSE = 1.043677e-01, Param MSE = 1.062610e+00, Grad norm = 8.001826e-05, Beta update rate = 5.211621e-05
Epoch  25600 (0.5%): Train pred MSE = 1.384292e-05, Test pred MSE = 1.043678e-01, Param MSE = 1.062619e+00, Grad norm = 7.817256e-05, Beta update rate = 5.091112e-05
Epoch  25800 (0.5%): Train pred MSE = 1.324593e-05, Test pred MSE = 1.043679e-01, Param MSE = 1.062628e+00, Grad norm = 7.637516e-05, Beta update rate = 4.973772e-05
Epoch  26000 (0.5%): Train pred MSE = 1.267604e-05, Test pred MSE = 1.043681e-01, Param MSE = 1.062637e+00, Grad norm = 7.462457e-05, Beta update rate = 4.859501e-05
Epoch  26200 (0.5%): Train pred MSE = 1.213193e-05, Test pred MSE = 1.043682e-01, Param MSE = 1.062646e+00, Grad norm = 7.291938e-05, Beta update rate = 4.748205e-05
Epoch  26400 (0.5%): Train pred MSE = 1.161237e-05, Test pred MSE = 1.043684e-01, Param MSE = 1.062655e+00, Grad norm = 7.125820e-05, Beta update rate = 4.639794e-05
Epoch  26600 (0.5%): Train pred MSE = 1.111618e-05, Test pred MSE = 1.043685e-01, Param MSE = 1.062664e+00, Grad norm = 6.963971e-05, Beta update rate = 4.534179e-05
Epoch  26800 (0.5%): Train pred MSE = 1.064224e-05, Test pred MSE = 1.043687e-01, Param MSE = 1.062673e+00, Grad norm = 6.806263e-05, Beta update rate = 4.431277e-05
Epoch  27000 (0.5%): Train pred MSE = 1.018949e-05, Test pred MSE = 1.043689e-01, Param MSE = 1.062682e+00, Grad norm = 6.652571e-05, Beta update rate = 4.331006e-05
Epoch  27200 (0.5%): Train pred MSE = 9.756930e-06, Test pred MSE = 1.043691e-01, Param MSE = 1.062691e+00, Grad norm = 6.502778e-05, Beta update rate = 4.233288e-05
Epoch  27400 (0.5%): Train pred MSE = 9.343603e-06, Test pred MSE = 1.043693e-01, Param MSE = 1.062700e+00, Grad norm = 6.356767e-05, Beta update rate = 4.138046e-05
Epoch  27600 (0.6%): Train pred MSE = 8.948604e-06, Test pred MSE = 1.043695e-01, Param MSE = 1.062709e+00, Grad norm = 6.214429e-05, Beta update rate = 4.045207e-05
Epoch  27800 (0.6%): Train pred MSE = 8.571072e-06, Test pred MSE = 1.043697e-01, Param MSE = 1.062718e+00, Grad norm = 6.075655e-05, Beta update rate = 3.954702e-05
Epoch  28000 (0.6%): Train pred MSE = 8.210191e-06, Test pred MSE = 1.043699e-01, Param MSE = 1.062727e+00, Grad norm = 5.940343e-05, Beta update rate = 3.866462e-05
Epoch  28200 (0.6%): Train pred MSE = 7.865185e-06, Test pred MSE = 1.043701e-01, Param MSE = 1.062736e+00, Grad norm = 5.808393e-05, Beta update rate = 3.780420e-05
Epoch  28400 (0.6%): Train pred MSE = 7.535317e-06, Test pred MSE = 1.043704e-01, Param MSE = 1.062744e+00, Grad norm = 5.679707e-05, Beta update rate = 3.696514e-05
Epoch  28600 (0.6%): Train pred MSE = 7.219884e-06, Test pred MSE = 1.043706e-01, Param MSE = 1.062753e+00, Grad norm = 5.554193e-05, Beta update rate = 3.614683e-05
Epoch  28800 (0.6%): Train pred MSE = 6.918222e-06, Test pred MSE = 1.043708e-01, Param MSE = 1.062762e+00, Grad norm = 5.431760e-05, Beta update rate = 3.534867e-05
Epoch  29000 (0.6%): Train pred MSE = 6.629697e-06, Test pred MSE = 1.043711e-01, Param MSE = 1.062771e+00, Grad norm = 5.312322e-05, Beta update rate = 3.457008e-05
Epoch  29200 (0.6%): Train pred MSE = 6.353705e-06, Test pred MSE = 1.043713e-01, Param MSE = 1.062779e+00, Grad norm = 5.195794e-05, Beta update rate = 3.381051e-05
Epoch  29400 (0.6%): Train pred MSE = 6.089675e-06, Test pred MSE = 1.043716e-01, Param MSE = 1.062788e+00, Grad norm = 5.082095e-05, Beta update rate = 3.306944e-05
Epoch  29600 (0.6%): Train pred MSE = 5.837060e-06, Test pred MSE = 1.043718e-01, Param MSE = 1.062796e+00, Grad norm = 4.971145e-05, Beta update rate = 3.234633e-05
Epoch  29800 (0.6%): Train pred MSE = 5.595342e-06, Test pred MSE = 1.043720e-01, Param MSE = 1.062804e+00, Grad norm = 4.862869e-05, Beta update rate = 3.164070e-05
Epoch  30000 (0.6%): Train pred MSE = 5.364027e-06, Test pred MSE = 1.043723e-01, Param MSE = 1.062813e+00, Grad norm = 4.757193e-05, Beta update rate = 3.095205e-05
Epoch  30200 (0.6%): Train pred MSE = 5.142646e-06, Test pred MSE = 1.043725e-01, Param MSE = 1.062821e+00, Grad norm = 4.654046e-05, Beta update rate = 3.027992e-05
Epoch  30400 (0.6%): Train pred MSE = 4.930750e-06, Test pred MSE = 1.043728e-01, Param MSE = 1.062829e+00, Grad norm = 4.553358e-05, Beta update rate = 2.962386e-05
Epoch  30600 (0.6%): Train pred MSE = 4.727914e-06, Test pred MSE = 1.043730e-01, Param MSE = 1.062837e+00, Grad norm = 4.455063e-05, Beta update rate = 2.898342e-05
Epoch  30800 (0.6%): Train pred MSE = 4.533731e-06, Test pred MSE = 1.043733e-01, Param MSE = 1.062845e+00, Grad norm = 4.359095e-05, Beta update rate = 2.835818e-05
Epoch  31000 (0.6%): Train pred MSE = 4.347816e-06, Test pred MSE = 1.043735e-01, Param MSE = 1.062853e+00, Grad norm = 4.265393e-05, Beta update rate = 2.774774e-05
Epoch  31200 (0.6%): Train pred MSE = 4.169799e-06, Test pred MSE = 1.043737e-01, Param MSE = 1.062861e+00, Grad norm = 4.173895e-05, Beta update rate = 2.715168e-05
Epoch  31400 (0.6%): Train pred MSE = 3.999330e-06, Test pred MSE = 1.043740e-01, Param MSE = 1.062868e+00, Grad norm = 4.084543e-05, Beta update rate = 2.656963e-05
Epoch  31600 (0.6%): Train pred MSE = 3.836075e-06, Test pred MSE = 1.043742e-01, Param MSE = 1.062876e+00, Grad norm = 3.997279e-05, Beta update rate = 2.600122e-05
Epoch  31800 (0.6%): Train pred MSE = 3.679713e-06, Test pred MSE = 1.043744e-01, Param MSE = 1.062883e+00, Grad norm = 3.912049e-05, Beta update rate = 2.544608e-05
Epoch  32000 (0.6%): Train pred MSE = 3.529943e-06, Test pred MSE = 1.043747e-01, Param MSE = 1.062891e+00, Grad norm = 3.828798e-05, Beta update rate = 2.490386e-05
Epoch  32200 (0.6%): Train pred MSE = 3.386472e-06, Test pred MSE = 1.043749e-01, Param MSE = 1.062898e+00, Grad norm = 3.747475e-05, Beta update rate = 2.437421e-05
Epoch  32400 (0.6%): Train pred MSE = 3.249026e-06, Test pred MSE = 1.043751e-01, Param MSE = 1.062905e+00, Grad norm = 3.668030e-05, Beta update rate = 2.385682e-05
Epoch  32600 (0.7%): Train pred MSE = 3.117341e-06, Test pred MSE = 1.043754e-01, Param MSE = 1.062912e+00, Grad norm = 3.590414e-05, Beta update rate = 2.335137e-05
Epoch  32800 (0.7%): Train pred MSE = 2.991164e-06, Test pred MSE = 1.043756e-01, Param MSE = 1.062919e+00, Grad norm = 3.514579e-05, Beta update rate = 2.285753e-05
Epoch  33000 (0.7%): Train pred MSE = 2.870257e-06, Test pred MSE = 1.043758e-01, Param MSE = 1.062926e+00, Grad norm = 3.440479e-05, Beta update rate = 2.237502e-05
Epoch  33200 (0.7%): Train pred MSE = 2.754390e-06, Test pred MSE = 1.043760e-01, Param MSE = 1.062933e+00, Grad norm = 3.368071e-05, Beta update rate = 2.190353e-05
Epoch  33400 (0.7%): Train pred MSE = 2.643344e-06, Test pred MSE = 1.043762e-01, Param MSE = 1.062939e+00, Grad norm = 3.297310e-05, Beta update rate = 2.144279e-05
Epoch  33600 (0.7%): Train pred MSE = 2.536911e-06, Test pred MSE = 1.043765e-01, Param MSE = 1.062946e+00, Grad norm = 3.228155e-05, Beta update rate = 2.099253e-05
Epoch  33800 (0.7%): Train pred MSE = 2.434893e-06, Test pred MSE = 1.043767e-01, Param MSE = 1.062952e+00, Grad norm = 3.160565e-05, Beta update rate = 2.055247e-05
Epoch  34000 (0.7%): Train pred MSE = 2.337098e-06, Test pred MSE = 1.043769e-01, Param MSE = 1.062959e+00, Grad norm = 3.094500e-05, Beta update rate = 2.012236e-05
Epoch  34200 (0.7%): Train pred MSE = 2.243345e-06, Test pred MSE = 1.043771e-01, Param MSE = 1.062965e+00, Grad norm = 3.029923e-05, Beta update rate = 1.970195e-05
Epoch  34400 (0.7%): Train pred MSE = 2.153462e-06, Test pred MSE = 1.043773e-01, Param MSE = 1.062971e+00, Grad norm = 2.966795e-05, Beta update rate = 1.929099e-05
Epoch  34600 (0.7%): Train pred MSE = 2.067282e-06, Test pred MSE = 1.043775e-01, Param MSE = 1.062977e+00, Grad norm = 2.905081e-05, Beta update rate = 1.888924e-05
Epoch  34800 (0.7%): Train pred MSE = 1.984647e-06, Test pred MSE = 1.043777e-01, Param MSE = 1.062983e+00, Grad norm = 2.844746e-05, Beta update rate = 1.849649e-05
Epoch  35000 (0.7%): Train pred MSE = 1.905406e-06, Test pred MSE = 1.043779e-01, Param MSE = 1.062989e+00, Grad norm = 2.785755e-05, Beta update rate = 1.811249e-05
Epoch  35200 (0.7%): Train pred MSE = 1.829416e-06, Test pred MSE = 1.043781e-01, Param MSE = 1.062995e+00, Grad norm = 2.728075e-05, Beta update rate = 1.773705e-05
Epoch  35400 (0.7%): Train pred MSE = 1.756537e-06, Test pred MSE = 1.043783e-01, Param MSE = 1.063001e+00, Grad norm = 2.671674e-05, Beta update rate = 1.736994e-05
Epoch  35600 (0.7%): Train pred MSE = 1.686638e-06, Test pred MSE = 1.043785e-01, Param MSE = 1.063006e+00, Grad norm = 2.616521e-05, Beta update rate = 1.701096e-05
Epoch  35800 (0.7%): Train pred MSE = 1.619594e-06, Test pred MSE = 1.043787e-01, Param MSE = 1.063012e+00, Grad norm = 2.562584e-05, Beta update rate = 1.665991e-05
Epoch  36000 (0.7%): Train pred MSE = 1.555283e-06, Test pred MSE = 1.043788e-01, Param MSE = 1.063017e+00, Grad norm = 2.509835e-05, Beta update rate = 1.631661e-05
Epoch  36200 (0.7%): Train pred MSE = 1.493590e-06, Test pred MSE = 1.043790e-01, Param MSE = 1.063023e+00, Grad norm = 2.458245e-05, Beta update rate = 1.598085e-05
Epoch  36400 (0.7%): Train pred MSE = 1.434406e-06, Test pred MSE = 1.043792e-01, Param MSE = 1.063028e+00, Grad norm = 2.407785e-05, Beta update rate = 1.565246e-05
Epoch  36600 (0.7%): Train pred MSE = 1.377625e-06, Test pred MSE = 1.043794e-01, Param MSE = 1.063033e+00, Grad norm = 2.358429e-05, Beta update rate = 1.533126e-05
Epoch  36800 (0.7%): Train pred MSE = 1.323147e-06, Test pred MSE = 1.043795e-01, Param MSE = 1.063038e+00, Grad norm = 2.310149e-05, Beta update rate = 1.501708e-05
Epoch  37000 (0.7%): Train pred MSE = 1.270875e-06, Test pred MSE = 1.043797e-01, Param MSE = 1.063043e+00, Grad norm = 2.262921e-05, Beta update rate = 1.470975e-05
Epoch  37200 (0.7%): Train pred MSE = 1.220717e-06, Test pred MSE = 1.043799e-01, Param MSE = 1.063048e+00, Grad norm = 2.216719e-05, Beta update rate = 1.440910e-05
Epoch  37400 (0.7%): Train pred MSE = 1.172584e-06, Test pred MSE = 1.043800e-01, Param MSE = 1.063053e+00, Grad norm = 2.171518e-05, Beta update rate = 1.411498e-05
Epoch  37600 (0.8%): Train pred MSE = 1.126394e-06, Test pred MSE = 1.043802e-01, Param MSE = 1.063058e+00, Grad norm = 2.127295e-05, Beta update rate = 1.382723e-05
Epoch  37800 (0.8%): Train pred MSE = 1.082064e-06, Test pred MSE = 1.043803e-01, Param MSE = 1.063063e+00, Grad norm = 2.084028e-05, Beta update rate = 1.354570e-05
Epoch  38000 (0.8%): Train pred MSE = 1.039519e-06, Test pred MSE = 1.043805e-01, Param MSE = 1.063067e+00, Grad norm = 2.041692e-05, Beta update rate = 1.327024e-05
Epoch  38200 (0.8%): Train pred MSE = 9.986829e-07, Test pred MSE = 1.043806e-01, Param MSE = 1.063072e+00, Grad norm = 2.000267e-05, Beta update rate = 1.300072e-05
Epoch  38400 (0.8%): Train pred MSE = 9.594865e-07, Test pred MSE = 1.043808e-01, Param MSE = 1.063076e+00, Grad norm = 1.959731e-05, Beta update rate = 1.273698e-05
Epoch  38600 (0.8%): Train pred MSE = 9.218617e-07, Test pred MSE = 1.043809e-01, Param MSE = 1.063081e+00, Grad norm = 1.920063e-05, Beta update rate = 1.247891e-05
Epoch  38800 (0.8%): Train pred MSE = 8.857438e-07, Test pred MSE = 1.043811e-01, Param MSE = 1.063085e+00, Grad norm = 1.881243e-05, Beta update rate = 1.222635e-05
Epoch  39000 (0.8%): Train pred MSE = 8.510708e-07, Test pred MSE = 1.043812e-01, Param MSE = 1.063089e+00, Grad norm = 1.843252e-05, Beta update rate = 1.197919e-05
Epoch  39200 (0.8%): Train pred MSE = 8.177833e-07, Test pred MSE = 1.043814e-01, Param MSE = 1.063093e+00, Grad norm = 1.806070e-05, Beta update rate = 1.173731e-05
Epoch  39400 (0.8%): Train pred MSE = 7.858244e-07, Test pred MSE = 1.043815e-01, Param MSE = 1.063097e+00, Grad norm = 1.769679e-05, Beta update rate = 1.150057e-05
Epoch  39600 (0.8%): Train pred MSE = 7.551398e-07, Test pred MSE = 1.043816e-01, Param MSE = 1.063101e+00, Grad norm = 1.734060e-05, Beta update rate = 1.126886e-05
Epoch  39800 (0.8%): Train pred MSE = 7.256773e-07, Test pred MSE = 1.043818e-01, Param MSE = 1.063105e+00, Grad norm = 1.699196e-05, Beta update rate = 1.104207e-05
Epoch  40000 (0.8%): Train pred MSE = 6.973870e-07, Test pred MSE = 1.043819e-01, Param MSE = 1.063109e+00, Grad norm = 1.665069e-05, Beta update rate = 1.082008e-05
Epoch  40200 (0.8%): Train pred MSE = 6.702210e-07, Test pred MSE = 1.043820e-01, Param MSE = 1.063113e+00, Grad norm = 1.631663e-05, Beta update rate = 1.060278e-05
Epoch  40400 (0.8%): Train pred MSE = 6.441337e-07, Test pred MSE = 1.043821e-01, Param MSE = 1.063117e+00, Grad norm = 1.598961e-05, Beta update rate = 1.039006e-05
Epoch  40600 (0.8%): Train pred MSE = 6.190810e-07, Test pred MSE = 1.043823e-01, Param MSE = 1.063120e+00, Grad norm = 1.566947e-05, Beta update rate = 1.018183e-05
Epoch  40800 (0.8%): Train pred MSE = 5.950209e-07, Test pred MSE = 1.043824e-01, Param MSE = 1.063124e+00, Grad norm = 1.535606e-05, Beta update rate = 9.977980e-06
Epoch  41000 (0.8%): Train pred MSE = 5.719133e-07, Test pred MSE = 1.043825e-01, Param MSE = 1.063127e+00, Grad norm = 1.504922e-05, Beta update rate = 9.778408e-06
Epoch  41200 (0.8%): Train pred MSE = 5.497194e-07, Test pred MSE = 1.043826e-01, Param MSE = 1.063131e+00, Grad norm = 1.474881e-05, Beta update rate = 9.583021e-06
Epoch  41400 (0.8%): Train pred MSE = 5.284023e-07, Test pred MSE = 1.043827e-01, Param MSE = 1.063134e+00, Grad norm = 1.445467e-05, Beta update rate = 9.391722e-06
Epoch  41600 (0.8%): Train pred MSE = 5.079266e-07, Test pred MSE = 1.043828e-01, Param MSE = 1.063137e+00, Grad norm = 1.416668e-05, Beta update rate = 9.204422e-06
Epoch  41800 (0.8%): Train pred MSE = 4.882583e-07, Test pred MSE = 1.043829e-01, Param MSE = 1.063141e+00, Grad norm = 1.388470e-05, Beta update rate = 9.021030e-06
Epoch  42000 (0.8%): Train pred MSE = 4.693648e-07, Test pred MSE = 1.043830e-01, Param MSE = 1.063144e+00, Grad norm = 1.360858e-05, Beta update rate = 8.841459e-06
Epoch  42200 (0.8%): Train pred MSE = 4.512150e-07, Test pred MSE = 1.043831e-01, Param MSE = 1.063147e+00, Grad norm = 1.333820e-05, Beta update rate = 8.665624e-06
Epoch  42400 (0.8%): Train pred MSE = 4.337789e-07, Test pred MSE = 1.043832e-01, Param MSE = 1.063150e+00, Grad norm = 1.307343e-05, Beta update rate = 8.493442e-06
Epoch  42600 (0.9%): Train pred MSE = 4.170279e-07, Test pred MSE = 1.043833e-01, Param MSE = 1.063153e+00, Grad norm = 1.281414e-05, Beta update rate = 8.324831e-06
Epoch  42800 (0.9%): Train pred MSE = 4.009344e-07, Test pred MSE = 1.043834e-01, Param MSE = 1.063156e+00, Grad norm = 1.256023e-05, Beta update rate = 8.159713e-06
Epoch  43000 (0.9%): Train pred MSE = 3.854722e-07, Test pred MSE = 1.043835e-01, Param MSE = 1.063159e+00, Grad norm = 1.231156e-05, Beta update rate = 7.998011e-06
Epoch  43200 (0.9%): Train pred MSE = 3.706158e-07, Test pred MSE = 1.043836e-01, Param MSE = 1.063162e+00, Grad norm = 1.206802e-05, Beta update rate = 7.839648e-06
Epoch  43400 (0.9%): Train pred MSE = 3.563412e-07, Test pred MSE = 1.043837e-01, Param MSE = 1.063165e+00, Grad norm = 1.182950e-05, Beta update rate = 7.684553e-06
Epoch  43600 (0.9%): Train pred MSE = 3.426250e-07, Test pred MSE = 1.043838e-01, Param MSE = 1.063168e+00, Grad norm = 1.159589e-05, Beta update rate = 7.532652e-06
Epoch  43800 (0.9%): Train pred MSE = 3.294450e-07, Test pred MSE = 1.043839e-01, Param MSE = 1.063170e+00, Grad norm = 1.136707e-05, Beta update rate = 7.383877e-06
Epoch  44000 (0.9%): Train pred MSE = 3.167799e-07, Test pred MSE = 1.043840e-01, Param MSE = 1.063173e+00, Grad norm = 1.114296e-05, Beta update rate = 7.238158e-06
Epoch  44200 (0.9%): Train pred MSE = 3.046090e-07, Test pred MSE = 1.043841e-01, Param MSE = 1.063176e+00, Grad norm = 1.092344e-05, Beta update rate = 7.095430e-06
Epoch  44400 (0.9%): Train pred MSE = 2.929127e-07, Test pred MSE = 1.043841e-01, Param MSE = 1.063178e+00, Grad norm = 1.070841e-05, Beta update rate = 6.955626e-06
Epoch  44600 (0.9%): Train pred MSE = 2.816722e-07, Test pred MSE = 1.043842e-01, Param MSE = 1.063181e+00, Grad norm = 1.049778e-05, Beta update rate = 6.818684e-06
Epoch  44800 (0.9%): Train pred MSE = 2.708694e-07, Test pred MSE = 1.043843e-01, Param MSE = 1.063183e+00, Grad norm = 1.029146e-05, Beta update rate = 6.684541e-06
Epoch  45000 (0.9%): Train pred MSE = 2.604869e-07, Test pred MSE = 1.043844e-01, Param MSE = 1.063185e+00, Grad norm = 1.008934e-05, Beta update rate = 6.553138e-06
Epoch  45200 (0.9%): Train pred MSE = 2.505080e-07, Test pred MSE = 1.043844e-01, Param MSE = 1.063188e+00, Grad norm = 9.891335e-06, Beta update rate = 6.424413e-06
Epoch  45400 (0.9%): Train pred MSE = 2.409168e-07, Test pred MSE = 1.043845e-01, Param MSE = 1.063190e+00, Grad norm = 9.697362e-06, Beta update rate = 6.298311e-06
Epoch  45600 (0.9%): Train pred MSE = 2.316980e-07, Test pred MSE = 1.043846e-01, Param MSE = 1.063192e+00, Grad norm = 9.507331e-06, Beta update rate = 6.174775e-06
Epoch  45800 (0.9%): Train pred MSE = 2.228369e-07, Test pred MSE = 1.043847e-01, Param MSE = 1.063195e+00, Grad norm = 9.321158e-06, Beta update rate = 6.053748e-06
Epoch  46000 (0.9%): Train pred MSE = 2.143192e-07, Test pred MSE = 1.043847e-01, Param MSE = 1.063197e+00, Grad norm = 9.138761e-06, Beta update rate = 5.935179e-06
Epoch  46200 (0.9%): Train pred MSE = 2.061315e-07, Test pred MSE = 1.043848e-01, Param MSE = 1.063199e+00, Grad norm = 8.960058e-06, Beta update rate = 5.819013e-06
Epoch  46400 (0.9%): Train pred MSE = 1.982608e-07, Test pred MSE = 1.043849e-01, Param MSE = 1.063201e+00, Grad norm = 8.784970e-06, Beta update rate = 5.705200e-06
Epoch  46600 (0.9%): Train pred MSE = 1.906946e-07, Test pred MSE = 1.043849e-01, Param MSE = 1.063203e+00, Grad norm = 8.613421e-06, Beta update rate = 5.593689e-06
Epoch  46800 (0.9%): Train pred MSE = 1.834209e-07, Test pred MSE = 1.043850e-01, Param MSE = 1.063205e+00, Grad norm = 8.445335e-06, Beta update rate = 5.484432e-06
Epoch  47000 (0.9%): Train pred MSE = 1.764282e-07, Test pred MSE = 1.043851e-01, Param MSE = 1.063207e+00, Grad norm = 8.280639e-06, Beta update rate = 5.377381e-06
Epoch  47200 (0.9%): Train pred MSE = 1.697055e-07, Test pred MSE = 1.043851e-01, Param MSE = 1.063209e+00, Grad norm = 8.119261e-06, Beta update rate = 5.272488e-06
Epoch  47400 (0.9%): Train pred MSE = 1.632422e-07, Test pred MSE = 1.043852e-01, Param MSE = 1.063211e+00, Grad norm = 7.961131e-06, Beta update rate = 5.169708e-06
Epoch  47600 (1.0%): Train pred MSE = 1.570281e-07, Test pred MSE = 1.043852e-01, Param MSE = 1.063213e+00, Grad norm = 7.806180e-06, Beta update rate = 5.068997e-06
Epoch  47800 (1.0%): Train pred MSE = 1.510535e-07, Test pred MSE = 1.043853e-01, Param MSE = 1.063215e+00, Grad norm = 7.654341e-06, Beta update rate = 4.970311e-06
Epoch  48000 (1.0%): Train pred MSE = 1.453090e-07, Test pred MSE = 1.043853e-01, Param MSE = 1.063217e+00, Grad norm = 7.505549e-06, Beta update rate = 4.873606e-06
Epoch  48200 (1.0%): Train pred MSE = 1.397856e-07, Test pred MSE = 1.043854e-01, Param MSE = 1.063218e+00, Grad norm = 7.359739e-06, Beta update rate = 4.778842e-06
Epoch  48400 (1.0%): Train pred MSE = 1.344746e-07, Test pred MSE = 1.043855e-01, Param MSE = 1.063220e+00, Grad norm = 7.216848e-06, Beta update rate = 4.685977e-06
Epoch  48600 (1.0%): Train pred MSE = 1.293678e-07, Test pred MSE = 1.043855e-01, Param MSE = 1.063222e+00, Grad norm = 7.076817e-06, Beta update rate = 4.594972e-06
Epoch  48800 (1.0%): Train pred MSE = 1.244572e-07, Test pred MSE = 1.043856e-01, Param MSE = 1.063224e+00, Grad norm = 6.939584e-06, Beta update rate = 4.505788e-06
Epoch  49000 (1.0%): Train pred MSE = 1.197352e-07, Test pred MSE = 1.043856e-01, Param MSE = 1.063225e+00, Grad norm = 6.805092e-06, Beta update rate = 4.418386e-06
Epoch  49200 (1.0%): Train pred MSE = 1.151943e-07, Test pred MSE = 1.043857e-01, Param MSE = 1.063227e+00, Grad norm = 6.673283e-06, Beta update rate = 4.332729e-06
Epoch  49400 (1.0%): Train pred MSE = 1.108276e-07, Test pred MSE = 1.043857e-01, Param MSE = 1.063228e+00, Grad norm = 6.544101e-06, Beta update rate = 4.248782e-06
Epoch  49600 (1.0%): Train pred MSE = 1.066283e-07, Test pred MSE = 1.043857e-01, Param MSE = 1.063230e+00, Grad norm = 6.417491e-06, Beta update rate = 4.166508e-06
Epoch  49800 (1.0%): Train pred MSE = 1.025899e-07, Test pred MSE = 1.043858e-01, Param MSE = 1.063231e+00, Grad norm = 6.293401e-06, Beta update rate = 4.085872e-06
Epoch  50000 (1.0%): Train pred MSE = 9.870607e-08, Test pred MSE = 1.043858e-01, Param MSE = 1.063233e+00, Grad norm = 6.171777e-06, Beta update rate = 4.006841e-06
Epoch  50200 (1.0%): Train pred MSE = 9.497088e-08, Test pred MSE = 1.043859e-01, Param MSE = 1.063234e+00, Grad norm = 6.052569e-06, Beta update rate = 3.929381e-06
Epoch  50400 (1.0%): Train pred MSE = 9.137854e-08, Test pred MSE = 1.043859e-01, Param MSE = 1.063236e+00, Grad norm = 5.935727e-06, Beta update rate = 3.853460e-06
Epoch  50600 (1.0%): Train pred MSE = 8.792353e-08, Test pred MSE = 1.043860e-01, Param MSE = 1.063237e+00, Grad norm = 5.821202e-06, Beta update rate = 3.779046e-06
Epoch  50800 (1.0%): Train pred MSE = 8.460052e-08, Test pred MSE = 1.043860e-01, Param MSE = 1.063239e+00, Grad norm = 5.708945e-06, Beta update rate = 3.706107e-06
Epoch  51000 (1.0%): Train pred MSE = 8.140440e-08, Test pred MSE = 1.043860e-01, Param MSE = 1.063240e+00, Grad norm = 5.598911e-06, Beta update rate = 3.634614e-06
Epoch  51200 (1.0%): Train pred MSE = 7.833027e-08, Test pred MSE = 1.043861e-01, Param MSE = 1.063241e+00, Grad norm = 5.491053e-06, Beta update rate = 3.564536e-06
Epoch  51400 (1.0%): Train pred MSE = 7.537341e-08, Test pred MSE = 1.043861e-01, Param MSE = 1.063243e+00, Grad norm = 5.385327e-06, Beta update rate = 3.495845e-06
Epoch  51600 (1.0%): Train pred MSE = 7.252928e-08, Test pred MSE = 1.043862e-01, Param MSE = 1.063244e+00, Grad norm = 5.281689e-06, Beta update rate = 3.428511e-06
Epoch  51800 (1.0%): Train pred MSE = 6.979355e-08, Test pred MSE = 1.043862e-01, Param MSE = 1.063245e+00, Grad norm = 5.180096e-06, Beta update rate = 3.362507e-06
Epoch  52000 (1.0%): Train pred MSE = 6.716202e-08, Test pred MSE = 1.043862e-01, Param MSE = 1.063246e+00, Grad norm = 5.080506e-06, Beta update rate = 3.297806e-06
Epoch  52200 (1.0%): Train pred MSE = 6.463068e-08, Test pred MSE = 1.043863e-01, Param MSE = 1.063247e+00, Grad norm = 4.982879e-06, Beta update rate = 3.234381e-06
Epoch  52400 (1.0%): Train pred MSE = 6.219567e-08, Test pred MSE = 1.043863e-01, Param MSE = 1.063249e+00, Grad norm = 4.887173e-06, Beta update rate = 3.172206e-06
Epoch  52600 (1.1%): Train pred MSE = 5.985327e-08, Test pred MSE = 1.043863e-01, Param MSE = 1.063250e+00, Grad norm = 4.793351e-06, Beta update rate = 3.111255e-06
Epoch  52800 (1.1%): Train pred MSE = 5.759993e-08, Test pred MSE = 1.043864e-01, Param MSE = 1.063251e+00, Grad norm = 4.701372e-06, Beta update rate = 3.051504e-06
Epoch  53000 (1.1%): Train pred MSE = 5.543221e-08, Test pred MSE = 1.043864e-01, Param MSE = 1.063252e+00, Grad norm = 4.611201e-06, Beta update rate = 2.992927e-06
Epoch  53200 (1.1%): Train pred MSE = 5.334683e-08, Test pred MSE = 1.043864e-01, Param MSE = 1.063253e+00, Grad norm = 4.522800e-06, Beta update rate = 2.935502e-06
Epoch  53400 (1.1%): Train pred MSE = 5.134063e-08, Test pred MSE = 1.043865e-01, Param MSE = 1.063254e+00, Grad norm = 4.436133e-06, Beta update rate = 2.879204e-06
Epoch  53600 (1.1%): Train pred MSE = 4.941056e-08, Test pred MSE = 1.043865e-01, Param MSE = 1.063255e+00, Grad norm = 4.351165e-06, Beta update rate = 2.824011e-06
Epoch  53800 (1.1%): Train pred MSE = 4.755370e-08, Test pred MSE = 1.043865e-01, Param MSE = 1.063256e+00, Grad norm = 4.267862e-06, Beta update rate = 2.769900e-06
Epoch  54000 (1.1%): Train pred MSE = 4.576724e-08, Test pred MSE = 1.043865e-01, Param MSE = 1.063257e+00, Grad norm = 4.186189e-06, Beta update rate = 2.716849e-06
Epoch  54200 (1.1%): Train pred MSE = 4.404849e-08, Test pred MSE = 1.043866e-01, Param MSE = 1.063258e+00, Grad norm = 4.106115e-06, Beta update rate = 2.664837e-06
Epoch  54400 (1.1%): Train pred MSE = 4.239484e-08, Test pred MSE = 1.043866e-01, Param MSE = 1.063259e+00, Grad norm = 4.027605e-06, Beta update rate = 2.613843e-06
Epoch  54600 (1.1%): Train pred MSE = 4.080382e-08, Test pred MSE = 1.043866e-01, Param MSE = 1.063260e+00, Grad norm = 3.950630e-06, Beta update rate = 2.563846e-06
Epoch  54800 (1.1%): Train pred MSE = 3.927302e-08, Test pred MSE = 1.043866e-01, Param MSE = 1.063261e+00, Grad norm = 3.875158e-06, Beta update rate = 2.514826e-06
Epoch  55000 (1.1%): Train pred MSE = 3.780013e-08, Test pred MSE = 1.043867e-01, Param MSE = 1.063262e+00, Grad norm = 3.801158e-06, Beta update rate = 2.466764e-06
Epoch  55200 (1.1%): Train pred MSE = 3.638295e-08, Test pred MSE = 1.043867e-01, Param MSE = 1.063263e+00, Grad norm = 3.728601e-06, Beta update rate = 2.419640e-06
Epoch  55400 (1.1%): Train pred MSE = 3.501934e-08, Test pred MSE = 1.043867e-01, Param MSE = 1.063264e+00, Grad norm = 3.657459e-06, Beta update rate = 2.373435e-06
Epoch  55600 (1.1%): Train pred MSE = 3.370727e-08, Test pred MSE = 1.043867e-01, Param MSE = 1.063265e+00, Grad norm = 3.587702e-06, Beta update rate = 2.328130e-06
Epoch  55800 (1.1%): Train pred MSE = 3.244475e-08, Test pred MSE = 1.043868e-01, Param MSE = 1.063265e+00, Grad norm = 3.519302e-06, Beta update rate = 2.283709e-06
Epoch  56000 (1.1%): Train pred MSE = 3.122991e-08, Test pred MSE = 1.043868e-01, Param MSE = 1.063266e+00, Grad norm = 3.452234e-06, Beta update rate = 2.240152e-06
Epoch  56200 (1.1%): Train pred MSE = 3.006092e-08, Test pred MSE = 1.043868e-01, Param MSE = 1.063267e+00, Grad norm = 3.386469e-06, Beta update rate = 2.197443e-06
Epoch  56400 (1.1%): Train pred MSE = 2.893603e-08, Test pred MSE = 1.043868e-01, Param MSE = 1.063268e+00, Grad norm = 3.321982e-06, Beta update rate = 2.155564e-06
Epoch  56600 (1.1%): Train pred MSE = 2.785357e-08, Test pred MSE = 1.043869e-01, Param MSE = 1.063269e+00, Grad norm = 3.258747e-06, Beta update rate = 2.114499e-06
Epoch  56800 (1.1%): Train pred MSE = 2.681193e-08, Test pred MSE = 1.043869e-01, Param MSE = 1.063269e+00, Grad norm = 3.196740e-06, Beta update rate = 2.074232e-06
Epoch  57000 (1.1%): Train pred MSE = 2.580953e-08, Test pred MSE = 1.043869e-01, Param MSE = 1.063270e+00, Grad norm = 3.135935e-06, Beta update rate = 2.034747e-06
Epoch  57200 (1.1%): Train pred MSE = 2.484490e-08, Test pred MSE = 1.043869e-01, Param MSE = 1.063271e+00, Grad norm = 3.076309e-06, Beta update rate = 1.996028e-06
Epoch  57400 (1.1%): Train pred MSE = 2.391660e-08, Test pred MSE = 1.043869e-01, Param MSE = 1.063272e+00, Grad norm = 3.017838e-06, Beta update rate = 1.958059e-06
Epoch  57600 (1.2%): Train pred MSE = 2.302325e-08, Test pred MSE = 1.043869e-01, Param MSE = 1.063272e+00, Grad norm = 2.960499e-06, Beta update rate = 1.920827e-06
Epoch  57800 (1.2%): Train pred MSE = 2.216351e-08, Test pred MSE = 1.043870e-01, Param MSE = 1.063273e+00, Grad norm = 2.904270e-06, Beta update rate = 1.884315e-06
Epoch  58000 (1.2%): Train pred MSE = 2.133611e-08, Test pred MSE = 1.043870e-01, Param MSE = 1.063274e+00, Grad norm = 2.849129e-06, Beta update rate = 1.848511e-06
Epoch  58200 (1.2%): Train pred MSE = 2.053983e-08, Test pred MSE = 1.043870e-01, Param MSE = 1.063274e+00, Grad norm = 2.795054e-06, Beta update rate = 1.813399e-06
Epoch  58400 (1.2%): Train pred MSE = 1.977349e-08, Test pred MSE = 1.043870e-01, Param MSE = 1.063275e+00, Grad norm = 2.742023e-06, Beta update rate = 1.778967e-06
Epoch  58600 (1.2%): Train pred MSE = 1.903594e-08, Test pred MSE = 1.043870e-01, Param MSE = 1.063276e+00, Grad norm = 2.690017e-06, Beta update rate = 1.745200e-06
Epoch  58800 (1.2%): Train pred MSE = 1.832610e-08, Test pred MSE = 1.043871e-01, Param MSE = 1.063276e+00, Grad norm = 2.639015e-06, Beta update rate = 1.712085e-06
Epoch  59000 (1.2%): Train pred MSE = 1.764292e-08, Test pred MSE = 1.043871e-01, Param MSE = 1.063277e+00, Grad norm = 2.588996e-06, Beta update rate = 1.679610e-06
Epoch  59200 (1.2%): Train pred MSE = 1.698538e-08, Test pred MSE = 1.043871e-01, Param MSE = 1.063277e+00, Grad norm = 2.539942e-06, Beta update rate = 1.647761e-06
Epoch  59400 (1.2%): Train pred MSE = 1.635252e-08, Test pred MSE = 1.043871e-01, Param MSE = 1.063278e+00, Grad norm = 2.491834e-06, Beta update rate = 1.616527e-06
Epoch  59600 (1.2%): Train pred MSE = 1.574341e-08, Test pred MSE = 1.043871e-01, Param MSE = 1.063279e+00, Grad norm = 2.444652e-06, Beta update rate = 1.585895e-06
Epoch  59800 (1.2%): Train pred MSE = 1.515714e-08, Test pred MSE = 1.043871e-01, Param MSE = 1.063279e+00, Grad norm = 2.398379e-06, Beta update rate = 1.555854e-06
Epoch  60000 (1.2%): Train pred MSE = 1.459285e-08, Test pred MSE = 1.043871e-01, Param MSE = 1.063280e+00, Grad norm = 2.352996e-06, Beta update rate = 1.526391e-06
Epoch  60200 (1.2%): Train pred MSE = 1.404971e-08, Test pred MSE = 1.043872e-01, Param MSE = 1.063280e+00, Grad norm = 2.308487e-06, Beta update rate = 1.497495e-06
Epoch  60400 (1.2%): Train pred MSE = 1.352691e-08, Test pred MSE = 1.043872e-01, Param MSE = 1.063281e+00, Grad norm = 2.264833e-06, Beta update rate = 1.469156e-06
Epoch  60600 (1.2%): Train pred MSE = 1.302371e-08, Test pred MSE = 1.043872e-01, Param MSE = 1.063281e+00, Grad norm = 2.222018e-06, Beta update rate = 1.441361e-06
Epoch  60800 (1.2%): Train pred MSE = 1.253934e-08, Test pred MSE = 1.043872e-01, Param MSE = 1.063282e+00, Grad norm = 2.180026e-06, Beta update rate = 1.414101e-06
Epoch  61000 (1.2%): Train pred MSE = 1.207311e-08, Test pred MSE = 1.043872e-01, Param MSE = 1.063282e+00, Grad norm = 2.138840e-06, Beta update rate = 1.387365e-06
Epoch  61200 (1.2%): Train pred MSE = 1.162432e-08, Test pred MSE = 1.043872e-01, Param MSE = 1.063283e+00, Grad norm = 2.098444e-06, Beta update rate = 1.361142e-06
Epoch  61400 (1.2%): Train pred MSE = 1.119232e-08, Test pred MSE = 1.043872e-01, Param MSE = 1.063283e+00, Grad norm = 2.058824e-06, Beta update rate = 1.335423e-06
Epoch  61600 (1.2%): Train pred MSE = 1.077648e-08, Test pred MSE = 1.043872e-01, Param MSE = 1.063284e+00, Grad norm = 2.019963e-06, Beta update rate = 1.310197e-06
Epoch  61800 (1.2%): Train pred MSE = 1.037619e-08, Test pred MSE = 1.043873e-01, Param MSE = 1.063284e+00, Grad norm = 1.981847e-06, Beta update rate = 1.285456e-06
Epoch  62000 (1.2%): Train pred MSE = 9.990862e-09, Test pred MSE = 1.043873e-01, Param MSE = 1.063285e+00, Grad norm = 1.944461e-06, Beta update rate = 1.261188e-06
Epoch  62200 (1.2%): Train pred MSE = 9.619930e-09, Test pred MSE = 1.043873e-01, Param MSE = 1.063285e+00, Grad norm = 1.907791e-06, Beta update rate = 1.237386e-06
Epoch  62400 (1.2%): Train pred MSE = 9.262855e-09, Test pred MSE = 1.043873e-01, Param MSE = 1.063285e+00, Grad norm = 1.871824e-06, Beta update rate = 1.214040e-06
Epoch  62600 (1.3%): Train pred MSE = 8.919115e-09, Test pred MSE = 1.043873e-01, Param MSE = 1.063286e+00, Grad norm = 1.836544e-06, Beta update rate = 1.191141e-06
Epoch  62800 (1.3%): Train pred MSE = 8.588209e-09, Test pred MSE = 1.043873e-01, Param MSE = 1.063286e+00, Grad norm = 1.801939e-06, Beta update rate = 1.168680e-06
Epoch  63000 (1.3%): Train pred MSE = 8.269653e-09, Test pred MSE = 1.043873e-01, Param MSE = 1.063287e+00, Grad norm = 1.767996e-06, Beta update rate = 1.146649e-06
Epoch  63200 (1.3%): Train pred MSE = 7.962984e-09, Test pred MSE = 1.043873e-01, Param MSE = 1.063287e+00, Grad norm = 1.734701e-06, Beta update rate = 1.125040e-06
Epoch  63400 (1.3%): Train pred MSE = 7.667755e-09, Test pred MSE = 1.043873e-01, Param MSE = 1.063288e+00, Grad norm = 1.702043e-06, Beta update rate = 1.103843e-06
Epoch  63600 (1.3%): Train pred MSE = 7.383536e-09, Test pred MSE = 1.043873e-01, Param MSE = 1.063288e+00, Grad norm = 1.670008e-06, Beta update rate = 1.083052e-06
Epoch  63800 (1.3%): Train pred MSE = 7.109914e-09, Test pred MSE = 1.043874e-01, Param MSE = 1.063288e+00, Grad norm = 1.638585e-06, Beta update rate = 1.062658e-06
Epoch  64000 (1.3%): Train pred MSE = 6.846491e-09, Test pred MSE = 1.043874e-01, Param MSE = 1.063289e+00, Grad norm = 1.607761e-06, Beta update rate = 1.042653e-06
Epoch  64200 (1.3%): Train pred MSE = 6.592883e-09, Test pred MSE = 1.043874e-01, Param MSE = 1.063289e+00, Grad norm = 1.577525e-06, Beta update rate = 1.023030e-06
Epoch  64400 (1.3%): Train pred MSE = 6.348724e-09, Test pred MSE = 1.043874e-01, Param MSE = 1.063289e+00, Grad norm = 1.547866e-06, Beta update rate = 1.003782e-06
Epoch  64600 (1.3%): Train pred MSE = 6.113658e-09, Test pred MSE = 1.043874e-01, Param MSE = 1.063290e+00, Grad norm = 1.518772e-06, Beta update rate = 9.849009e-07
Epoch  64800 (1.3%): Train pred MSE = 5.887344e-09, Test pred MSE = 1.043874e-01, Param MSE = 1.063290e+00, Grad norm = 1.490232e-06, Beta update rate = 9.663797e-07
Epoch  65000 (1.3%): Train pred MSE = 5.669455e-09, Test pred MSE = 1.043874e-01, Param MSE = 1.063290e+00, Grad norm = 1.462236e-06, Beta update rate = 9.482115e-07
Epoch  65200 (1.3%): Train pred MSE = 5.459675e-09, Test pred MSE = 1.043874e-01, Param MSE = 1.063291e+00, Grad norm = 1.434773e-06, Beta update rate = 9.303895e-07
Epoch  65400 (1.3%): Train pred MSE = 5.257700e-09, Test pred MSE = 1.043874e-01, Param MSE = 1.063291e+00, Grad norm = 1.407832e-06, Beta update rate = 9.129070e-07
Epoch  65600 (1.3%): Train pred MSE = 5.063238e-09, Test pred MSE = 1.043874e-01, Param MSE = 1.063291e+00, Grad norm = 1.381404e-06, Beta update rate = 8.957572e-07
Epoch  65800 (1.3%): Train pred MSE = 4.876007e-09, Test pred MSE = 1.043874e-01, Param MSE = 1.063292e+00, Grad norm = 1.355479e-06, Beta update rate = 8.789339e-07
Epoch  66000 (1.3%): Train pred MSE = 4.695737e-09, Test pred MSE = 1.043874e-01, Param MSE = 1.063292e+00, Grad norm = 1.330046e-06, Beta update rate = 8.624307e-07
Epoch  66200 (1.3%): Train pred MSE = 4.522167e-09, Test pred MSE = 1.043874e-01, Param MSE = 1.063292e+00, Grad norm = 1.305097e-06, Beta update rate = 8.462413e-07
Epoch  66400 (1.3%): Train pred MSE = 4.355048e-09, Test pred MSE = 1.043875e-01, Param MSE = 1.063293e+00, Grad norm = 1.280622e-06, Beta update rate = 8.303598e-07
Epoch  66600 (1.3%): Train pred MSE = 4.194137e-09, Test pred MSE = 1.043875e-01, Param MSE = 1.063293e+00, Grad norm = 1.256611e-06, Beta update rate = 8.147801e-07
Epoch  66800 (1.3%): Train pred MSE = 4.039202e-09, Test pred MSE = 1.043875e-01, Param MSE = 1.063293e+00, Grad norm = 1.233057e-06, Beta update rate = 7.994964e-07
Epoch  67000 (1.3%): Train pred MSE = 3.890021e-09, Test pred MSE = 1.043875e-01, Param MSE = 1.063293e+00, Grad norm = 1.209949e-06, Beta update rate = 7.845030e-07
Epoch  67200 (1.3%): Train pred MSE = 3.746378e-09, Test pred MSE = 1.043875e-01, Param MSE = 1.063294e+00, Grad norm = 1.187280e-06, Beta update rate = 7.697942e-07
Epoch  67400 (1.3%): Train pred MSE = 3.608067e-09, Test pred MSE = 1.043875e-01, Param MSE = 1.063294e+00, Grad norm = 1.165041e-06, Beta update rate = 7.553647e-07
Epoch  67600 (1.4%): Train pred MSE = 3.474887e-09, Test pred MSE = 1.043875e-01, Param MSE = 1.063294e+00, Grad norm = 1.143223e-06, Beta update rate = 7.412089e-07
Epoch  67800 (1.4%): Train pred MSE = 3.346649e-09, Test pred MSE = 1.043875e-01, Param MSE = 1.063294e+00, Grad norm = 1.121819e-06, Beta update rate = 7.273216e-07
Epoch  68000 (1.4%): Train pred MSE = 3.223167e-09, Test pred MSE = 1.043875e-01, Param MSE = 1.063295e+00, Grad norm = 1.100821e-06, Beta update rate = 7.136977e-07
Epoch  68200 (1.4%): Train pred MSE = 3.104264e-09, Test pred MSE = 1.043875e-01, Param MSE = 1.063295e+00, Grad norm = 1.080220e-06, Beta update rate = 7.003320e-07
Epoch  68400 (1.4%): Train pred MSE = 2.989769e-09, Test pred MSE = 1.043875e-01, Param MSE = 1.063295e+00, Grad norm = 1.060009e-06, Beta update rate = 6.872196e-07
Epoch  68600 (1.4%): Train pred MSE = 2.879518e-09, Test pred MSE = 1.043875e-01, Param MSE = 1.063295e+00, Grad norm = 1.040181e-06, Beta update rate = 6.743556e-07
Epoch  68800 (1.4%): Train pred MSE = 2.773353e-09, Test pred MSE = 1.043875e-01, Param MSE = 1.063296e+00, Grad norm = 1.020728e-06, Beta update rate = 6.617352e-07
Epoch  69000 (1.4%): Train pred MSE = 2.671121e-09, Test pred MSE = 1.043875e-01, Param MSE = 1.063296e+00, Grad norm = 1.001644e-06, Beta update rate = 6.493538e-07
Epoch  69200 (1.4%): Train pred MSE = 2.572675e-09, Test pred MSE = 1.043875e-01, Param MSE = 1.063296e+00, Grad norm = 9.829197e-07, Beta update rate = 6.372067e-07
Epoch  69400 (1.4%): Train pred MSE = 2.477876e-09, Test pred MSE = 1.043875e-01, Param MSE = 1.063296e+00, Grad norm = 9.645498e-07, Beta update rate = 6.252894e-07
Epoch  69600 (1.4%): Train pred MSE = 2.386586e-09, Test pred MSE = 1.043875e-01, Param MSE = 1.063296e+00, Grad norm = 9.465271e-07, Beta update rate = 6.135975e-07
Epoch  69800 (1.4%): Train pred MSE = 2.298676e-09, Test pred MSE = 1.043875e-01, Param MSE = 1.063297e+00, Grad norm = 9.288449e-07, Beta update rate = 6.021267e-07
Epoch  70000 (1.4%): Train pred MSE = 2.214019e-09, Test pred MSE = 1.043875e-01, Param MSE = 1.063297e+00, Grad norm = 9.114968e-07, Beta update rate = 5.908728e-07
Epoch  70200 (1.4%): Train pred MSE = 2.132494e-09, Test pred MSE = 1.043875e-01, Param MSE = 1.063297e+00, Grad norm = 8.944763e-07, Beta update rate = 5.798315e-07
Epoch  70400 (1.4%): Train pred MSE = 2.053986e-09, Test pred MSE = 1.043876e-01, Param MSE = 1.063297e+00, Grad norm = 8.777771e-07, Beta update rate = 5.689989e-07
Epoch  70600 (1.4%): Train pred MSE = 1.978381e-09, Test pred MSE = 1.043876e-01, Param MSE = 1.063297e+00, Grad norm = 8.613930e-07, Beta update rate = 5.583708e-07
Epoch  70800 (1.4%): Train pred MSE = 1.905572e-09, Test pred MSE = 1.043876e-01, Param MSE = 1.063298e+00, Grad norm = 8.453182e-07, Beta update rate = 5.479435e-07
Epoch  71000 (1.4%): Train pred MSE = 1.835454e-09, Test pred MSE = 1.043876e-01, Param MSE = 1.063298e+00, Grad norm = 8.295465e-07, Beta update rate = 5.377129e-07
Epoch  71200 (1.4%): Train pred MSE = 1.767929e-09, Test pred MSE = 1.043876e-01, Param MSE = 1.063298e+00, Grad norm = 8.140722e-07, Beta update rate = 5.276755e-07
Epoch  71400 (1.4%): Train pred MSE = 1.702899e-09, Test pred MSE = 1.043876e-01, Param MSE = 1.063298e+00, Grad norm = 7.988897e-07, Beta update rate = 5.178274e-07
Epoch  71600 (1.4%): Train pred MSE = 1.640272e-09, Test pred MSE = 1.043876e-01, Param MSE = 1.063298e+00, Grad norm = 7.839933e-07, Beta update rate = 5.081650e-07
Epoch  71800 (1.4%): Train pred MSE = 1.579958e-09, Test pred MSE = 1.043876e-01, Param MSE = 1.063299e+00, Grad norm = 7.693776e-07, Beta update rate = 4.986848e-07
Epoch  72000 (1.4%): Train pred MSE = 1.521872e-09, Test pred MSE = 1.043876e-01, Param MSE = 1.063299e+00, Grad norm = 7.550372e-07, Beta update rate = 4.893834e-07
Epoch  72200 (1.4%): Train pred MSE = 1.465931e-09, Test pred MSE = 1.043876e-01, Param MSE = 1.063299e+00, Grad norm = 7.409669e-07, Beta update rate = 4.802572e-07
Epoch  72400 (1.4%): Train pred MSE = 1.412055e-09, Test pred MSE = 1.043876e-01, Param MSE = 1.063299e+00, Grad norm = 7.271615e-07, Beta update rate = 4.713030e-07
Epoch  72600 (1.5%): Train pred MSE = 1.360168e-09, Test pred MSE = 1.043876e-01, Param MSE = 1.063299e+00, Grad norm = 7.136159e-07, Beta update rate = 4.625174e-07
Epoch  72800 (1.5%): Train pred MSE = 1.310196e-09, Test pred MSE = 1.043876e-01, Param MSE = 1.063299e+00, Grad norm = 7.003253e-07, Beta update rate = 4.538973e-07
Epoch  73000 (1.5%): Train pred MSE = 1.262067e-09, Test pred MSE = 1.043876e-01, Param MSE = 1.063299e+00, Grad norm = 6.872846e-07, Beta update rate = 4.454395e-07
Epoch  73200 (1.5%): Train pred MSE = 1.215715e-09, Test pred MSE = 1.043876e-01, Param MSE = 1.063300e+00, Grad norm = 6.744892e-07, Beta update rate = 4.371408e-07
Epoch  73400 (1.5%): Train pred MSE = 1.171072e-09, Test pred MSE = 1.043876e-01, Param MSE = 1.063300e+00, Grad norm = 6.619344e-07, Beta update rate = 4.289983e-07
Epoch  73600 (1.5%): Train pred MSE = 1.128075e-09, Test pred MSE = 1.043876e-01, Param MSE = 1.063300e+00, Grad norm = 6.496157e-07, Beta update rate = 4.210090e-07
Epoch  73800 (1.5%): Train pred MSE = 1.086663e-09, Test pred MSE = 1.043876e-01, Param MSE = 1.063300e+00, Grad norm = 6.375284e-07, Beta update rate = 4.131699e-07
Epoch  74000 (1.5%): Train pred MSE = 1.046779e-09, Test pred MSE = 1.043876e-01, Param MSE = 1.063300e+00, Grad norm = 6.256682e-07, Beta update rate = 4.054782e-07
Epoch  74200 (1.5%): Train pred MSE = 1.008364e-09, Test pred MSE = 1.043876e-01, Param MSE = 1.063300e+00, Grad norm = 6.140308e-07, Beta update rate = 3.979311e-07
Epoch  74400 (1.5%): Train pred MSE = 9.713646e-10, Test pred MSE = 1.043876e-01, Param MSE = 1.063300e+00, Grad norm = 6.026120e-07, Beta update rate = 3.905259e-07
Epoch  74600 (1.5%): Train pred MSE = 9.357286e-10, Test pred MSE = 1.043876e-01, Param MSE = 1.063301e+00, Grad norm = 5.914075e-07, Beta update rate = 3.832597e-07
Epoch  74800 (1.5%): Train pred MSE = 9.014053e-10, Test pred MSE = 1.043876e-01, Param MSE = 1.063301e+00, Grad norm = 5.804134e-07, Beta update rate = 3.761301e-07
Epoch  75000 (1.5%): Train pred MSE = 8.683462e-10, Test pred MSE = 1.043876e-01, Param MSE = 1.063301e+00, Grad norm = 5.696256e-07, Beta update rate = 3.691343e-07
Epoch  75200 (1.5%): Train pred MSE = 8.365045e-10, Test pred MSE = 1.043876e-01, Param MSE = 1.063301e+00, Grad norm = 5.590401e-07, Beta update rate = 3.622699e-07
Epoch  75400 (1.5%): Train pred MSE = 8.058351e-10, Test pred MSE = 1.043876e-01, Param MSE = 1.063301e+00, Grad norm = 5.486533e-07, Beta update rate = 3.555343e-07
Epoch  75600 (1.5%): Train pred MSE = 7.762947e-10, Test pred MSE = 1.043876e-01, Param MSE = 1.063301e+00, Grad norm = 5.384612e-07, Beta update rate = 3.489252e-07
Epoch  75800 (1.5%): Train pred MSE = 7.478415e-10, Test pred MSE = 1.043876e-01, Param MSE = 1.063301e+00, Grad norm = 5.284602e-07, Beta update rate = 3.424400e-07
Epoch  76000 (1.5%): Train pred MSE = 7.204354e-10, Test pred MSE = 1.043876e-01, Param MSE = 1.063301e+00, Grad norm = 5.186466e-07, Beta update rate = 3.360765e-07
Epoch  76200 (1.5%): Train pred MSE = 6.940376e-10, Test pred MSE = 1.043876e-01, Param MSE = 1.063302e+00, Grad norm = 5.090170e-07, Beta update rate = 3.298323e-07
Epoch  76400 (1.5%): Train pred MSE = 6.686108e-10, Test pred MSE = 1.043876e-01, Param MSE = 1.063302e+00, Grad norm = 4.995678e-07, Beta update rate = 3.237052e-07
Epoch  76600 (1.5%): Train pred MSE = 6.441193e-10, Test pred MSE = 1.043876e-01, Param MSE = 1.063302e+00, Grad norm = 4.902955e-07, Beta update rate = 3.176929e-07
Epoch  76800 (1.5%): Train pred MSE = 6.205283e-10, Test pred MSE = 1.043876e-01, Param MSE = 1.063302e+00, Grad norm = 4.811970e-07, Beta update rate = 3.117933e-07
Epoch  77000 (1.5%): Train pred MSE = 5.978048e-10, Test pred MSE = 1.043876e-01, Param MSE = 1.063302e+00, Grad norm = 4.722687e-07, Beta update rate = 3.060043e-07
Epoch  77200 (1.5%): Train pred MSE = 5.759166e-10, Test pred MSE = 1.043876e-01, Param MSE = 1.063302e+00, Grad norm = 4.635076e-07, Beta update rate = 3.003236e-07
Epoch  77400 (1.5%): Train pred MSE = 5.548329e-10, Test pred MSE = 1.043876e-01, Param MSE = 1.063302e+00, Grad norm = 4.549105e-07, Beta update rate = 2.947494e-07
Epoch  77600 (1.6%): Train pred MSE = 5.345240e-10, Test pred MSE = 1.043876e-01, Param MSE = 1.063302e+00, Grad norm = 4.464742e-07, Beta update rate = 2.892795e-07
Epoch  77800 (1.6%): Train pred MSE = 5.149613e-10, Test pred MSE = 1.043876e-01, Param MSE = 1.063302e+00, Grad norm = 4.381958e-07, Beta update rate = 2.839121e-07
Epoch  78000 (1.6%): Train pred MSE = 4.961172e-10, Test pred MSE = 1.043877e-01, Param MSE = 1.063302e+00, Grad norm = 4.300722e-07, Beta update rate = 2.786451e-07
Epoch  78200 (1.6%): Train pred MSE = 4.779654e-10, Test pred MSE = 1.043877e-01, Param MSE = 1.063302e+00, Grad norm = 4.221004e-07, Beta update rate = 2.734766e-07
Epoch  78400 (1.6%): Train pred MSE = 4.604801e-10, Test pred MSE = 1.043877e-01, Param MSE = 1.063303e+00, Grad norm = 4.142777e-07, Beta update rate = 2.684049e-07
Epoch  78600 (1.6%): Train pred MSE = 4.436369e-10, Test pred MSE = 1.043877e-01, Param MSE = 1.063303e+00, Grad norm = 4.066013e-07, Beta update rate = 2.634280e-07
Epoch  78800 (1.6%): Train pred MSE = 4.274121e-10, Test pred MSE = 1.043877e-01, Param MSE = 1.063303e+00, Grad norm = 3.990682e-07, Beta update rate = 2.585441e-07
Epoch  79000 (1.6%): Train pred MSE = 4.117829e-10, Test pred MSE = 1.043877e-01, Param MSE = 1.063303e+00, Grad norm = 3.916760e-07, Beta update rate = 2.537516e-07
Epoch  79200 (1.6%): Train pred MSE = 3.967272e-10, Test pred MSE = 1.043877e-01, Param MSE = 1.063303e+00, Grad norm = 3.844218e-07, Beta update rate = 2.490487e-07
Epoch  79400 (1.6%): Train pred MSE = 3.822241e-10, Test pred MSE = 1.043877e-01, Param MSE = 1.063303e+00, Grad norm = 3.773030e-07, Beta update rate = 2.444336e-07
Epoch  79600 (1.6%): Train pred MSE = 3.682530e-10, Test pred MSE = 1.043877e-01, Param MSE = 1.063303e+00, Grad norm = 3.703172e-07, Beta update rate = 2.399048e-07
Epoch  79800 (1.6%): Train pred MSE = 3.547945e-10, Test pred MSE = 1.043877e-01, Param MSE = 1.063303e+00, Grad norm = 3.634619e-07, Beta update rate = 2.354606e-07
Epoch  80000 (1.6%): Train pred MSE = 3.418297e-10, Test pred MSE = 1.043877e-01, Param MSE = 1.063303e+00, Grad norm = 3.567344e-07, Beta update rate = 2.310994e-07
Epoch  80200 (1.6%): Train pred MSE = 3.293403e-10, Test pred MSE = 1.043877e-01, Param MSE = 1.063303e+00, Grad norm = 3.501325e-07, Beta update rate = 2.268196e-07
Epoch  80400 (1.6%): Train pred MSE = 3.173088e-10, Test pred MSE = 1.043877e-01, Param MSE = 1.063303e+00, Grad norm = 3.436538e-07, Beta update rate = 2.226198e-07
Epoch  80600 (1.6%): Train pred MSE = 3.057185e-10, Test pred MSE = 1.043877e-01, Param MSE = 1.063303e+00, Grad norm = 3.372959e-07, Beta update rate = 2.184983e-07
Epoch  80800 (1.6%): Train pred MSE = 2.945530e-10, Test pred MSE = 1.043877e-01, Param MSE = 1.063304e+00, Grad norm = 3.310566e-07, Beta update rate = 2.144537e-07
Epoch  81000 (1.6%): Train pred MSE = 2.837967e-10, Test pred MSE = 1.043877e-01, Param MSE = 1.063304e+00, Grad norm = 3.249337e-07, Beta update rate = 2.104847e-07
Epoch  81200 (1.6%): Train pred MSE = 2.734346e-10, Test pred MSE = 1.043877e-01, Param MSE = 1.063304e+00, Grad norm = 3.189249e-07, Beta update rate = 2.065896e-07
Epoch  81400 (1.6%): Train pred MSE = 2.634522e-10, Test pred MSE = 1.043877e-01, Param MSE = 1.063304e+00, Grad norm = 3.130281e-07, Beta update rate = 2.027672e-07
Epoch  81600 (1.6%): Train pred MSE = 2.538355e-10, Test pred MSE = 1.043877e-01, Param MSE = 1.063304e+00, Grad norm = 3.072412e-07, Beta update rate = 1.990161e-07
Epoch  81800 (1.6%): Train pred MSE = 2.445710e-10, Test pred MSE = 1.043877e-01, Param MSE = 1.063304e+00, Grad norm = 3.015621e-07, Beta update rate = 1.953350e-07
Epoch  82000 (1.6%): Train pred MSE = 2.356459e-10, Test pred MSE = 1.043877e-01, Param MSE = 1.063304e+00, Grad norm = 2.959888e-07, Beta update rate = 1.917224e-07
Epoch  82200 (1.6%): Train pred MSE = 2.270475e-10, Test pred MSE = 1.043877e-01, Param MSE = 1.063304e+00, Grad norm = 2.905193e-07, Beta update rate = 1.881772e-07
Epoch  82400 (1.6%): Train pred MSE = 2.187640e-10, Test pred MSE = 1.043877e-01, Param MSE = 1.063304e+00, Grad norm = 2.851516e-07, Beta update rate = 1.846980e-07
Epoch  82600 (1.7%): Train pred MSE = 2.107837e-10, Test pred MSE = 1.043877e-01, Param MSE = 1.063304e+00, Grad norm = 2.798839e-07, Beta update rate = 1.812837e-07
Epoch  82800 (1.7%): Train pred MSE = 2.030955e-10, Test pred MSE = 1.043877e-01, Param MSE = 1.063304e+00, Grad norm = 2.747143e-07, Beta update rate = 1.779330e-07
Epoch  83000 (1.7%): Train pred MSE = 1.956887e-10, Test pred MSE = 1.043877e-01, Param MSE = 1.063304e+00, Grad norm = 2.696409e-07, Beta update rate = 1.746447e-07
Epoch  83200 (1.7%): Train pred MSE = 1.885530e-10, Test pred MSE = 1.043877e-01, Param MSE = 1.063304e+00, Grad norm = 2.646618e-07, Beta update rate = 1.714176e-07
Epoch  83400 (1.7%): Train pred MSE = 1.816783e-10, Test pred MSE = 1.043877e-01, Param MSE = 1.063304e+00, Grad norm = 2.597755e-07, Beta update rate = 1.682505e-07
Epoch  83600 (1.7%): Train pred MSE = 1.750550e-10, Test pred MSE = 1.043877e-01, Param MSE = 1.063304e+00, Grad norm = 2.549800e-07, Beta update rate = 1.651425e-07
Epoch  83800 (1.7%): Train pred MSE = 1.686741e-10, Test pred MSE = 1.043877e-01, Param MSE = 1.063304e+00, Grad norm = 2.502737e-07, Beta update rate = 1.620923e-07
Epoch  84000 (1.7%): Train pred MSE = 1.625265e-10, Test pred MSE = 1.043877e-01, Param MSE = 1.063304e+00, Grad norm = 2.456549e-07, Beta update rate = 1.590988e-07
Epoch  84200 (1.7%): Train pred MSE = 1.566037e-10, Test pred MSE = 1.043877e-01, Param MSE = 1.063304e+00, Grad norm = 2.411220e-07, Beta update rate = 1.561610e-07
Epoch  84400 (1.7%): Train pred MSE = 1.508975e-10, Test pred MSE = 1.043877e-01, Param MSE = 1.063305e+00, Grad norm = 2.366733e-07, Beta update rate = 1.532779e-07
Epoch  84600 (1.7%): Train pred MSE = 1.453998e-10, Test pred MSE = 1.043877e-01, Param MSE = 1.063305e+00, Grad norm = 2.323073e-07, Beta update rate = 1.504484e-07
Epoch  84800 (1.7%): Train pred MSE = 1.401031e-10, Test pred MSE = 1.043877e-01, Param MSE = 1.063305e+00, Grad norm = 2.280225e-07, Beta update rate = 1.476715e-07
Epoch  85000 (1.7%): Train pred MSE = 1.350000e-10, Test pred MSE = 1.043877e-01, Param MSE = 1.063305e+00, Grad norm = 2.238172e-07, Beta update rate = 1.449463e-07
Epoch  85200 (1.7%): Train pred MSE = 1.300834e-10, Test pred MSE = 1.043877e-01, Param MSE = 1.063305e+00, Grad norm = 2.196901e-07, Beta update rate = 1.422717e-07
Epoch  85400 (1.7%): Train pred MSE = 1.253464e-10, Test pred MSE = 1.043877e-01, Param MSE = 1.063305e+00, Grad norm = 2.156397e-07, Beta update rate = 1.396468e-07
Epoch  85600 (1.7%): Train pred MSE = 1.207824e-10, Test pred MSE = 1.043877e-01, Param MSE = 1.063305e+00, Grad norm = 2.116644e-07, Beta update rate = 1.370707e-07
Epoch  85800 (1.7%): Train pred MSE = 1.163852e-10, Test pred MSE = 1.043877e-01, Param MSE = 1.063305e+00, Grad norm = 2.077630e-07, Beta update rate = 1.345424e-07
Epoch  86000 (1.7%): Train pred MSE = 1.121486e-10, Test pred MSE = 1.043877e-01, Param MSE = 1.063305e+00, Grad norm = 2.039339e-07, Beta update rate = 1.320611e-07
Epoch  86200 (1.7%): Train pred MSE = 1.080666e-10, Test pred MSE = 1.043877e-01, Param MSE = 1.063305e+00, Grad norm = 2.001760e-07, Beta update rate = 1.296259e-07
Epoch  86400 (1.7%): Train pred MSE = 1.041337e-10, Test pred MSE = 1.043877e-01, Param MSE = 1.063305e+00, Grad norm = 1.964878e-07, Beta update rate = 1.272359e-07
Epoch  86600 (1.7%): Train pred MSE = 1.003444e-10, Test pred MSE = 1.043877e-01, Param MSE = 1.063305e+00, Grad norm = 1.928680e-07, Beta update rate = 1.248903e-07
Epoch  86800 (1.7%): Train pred MSE = 9.669343e-11, Test pred MSE = 1.043877e-01, Param MSE = 1.063305e+00, Grad norm = 1.893154e-07, Beta update rate = 1.225883e-07

Training completed at epoch 86800
Stop reason: train_pred_mse
Final Train pred MSE = 9.669343e-11
Final Test pred MSE = 1.043877e-01
Final Param MSE = 1.063305e+00
Final Grad norm = 1.893154e-07
Final Beta update rate = 1.225883e-07
Success flag: True (train_pred_mse < 1.00e-10)
Results metadata saved to results/diagonal/step2_support/c_nz=0.001000--c_z=0.500000--alpha=0.700000--seed=0/results_meta.json
Saved c_vec to results/diagonal/step2_support/c_nz=0.001000--c_z=0.500000--alpha=0.700000--seed=0/c_vec.npy

Results saved to results/diagonal/step2_support/c_nz=0.001000--c_z=0.500000--alpha=0.700000--seed=0/
Total jobs in this sweep: 72
Cases: good (c_nz=0.001, c_z=0.5), bad (c_nz=0.5, c_z=0.001)
Alpha values: [0.05, 0.1, 0.2, 0.25, 0.3, 0.4, 0.5, 0.6, 0.7, 0.8, 0.9, 1.0]
Seeds: [0, 1, 2]
================================================================================
Step 2 Support Sweep - Experiment Parameters:
================================================================================
  c: 0.001
  c_mode: support
  c_nz: 0.001
  c_z: 0.5
  epochs: 5000000
  init_method: complex
  inp_dim: 1000
  lmda: 0.0
  lr: 0.5
  n_test: 10000
  n_train: 700
  no_tuning: True
  rho: 0.04
  save_folder: results/diagonal/step2_support/c_nz=0.001000--c_z=0.500000--alpha=0.700000--seed=0/
  scaling: 1.0
  seed: 0
  test_every_n_epochs: 200
  threshold: 1e-12
================================================================================

Case: good (c_nz=0.001, c_z=0.5)

Running training script...

Extracting results and saving to CSV...
Results appended to /home/na658/multi-task2/experiment_results_step2_support.csv

✓ Experiment 24 completed successfully
[SLURM] Job 20446129 task 24 finished
