[SLURM] Job 20446280 task 39 starting on cpu-q-109
[SLURM] Step 3 Omega Sweep (PT+FT Oracle)
[SLURM] Using Python: /home/na658/.conda/envs/mtl_ft/bin/python
Starting PT+FT Oracle experiment...

================================================================================
STEP 3: PT+FT ORACLE EXPERIMENT
================================================================================

================================================================================
EXPERIMENT SETTINGS
================================================================================
Seed: 0
Input dimension: 1000
PT support fraction (rho_pt): 0.1
FT sparsity (rho_ft): 0.04
Overlap (omega): 0.5
PT amplitude (a_pt): 1.0
PT c parameter (c_pt): 0.001
PT lambda (lambda_pt): 0.0
Gamma reinit: 0.0
Training samples (FT): 100
Test samples: 10000
Learning rate: 0.5
Max epochs: 5000000
Save folder: results/diagonal/step3_omega/omega=0.50--alpha=0.100000--seed=0/
================================================================================

Sampling PT teacher (oracle)...
  PT support size: 100 / 1000 = 0.1000

Sampling FT teacher with overlap...
  FT support size: 40 / 1000 = 0.0400
  Overlap: 20 / 40 = 0.5000 (target: 0.5)

  Coordinate groups:
    OV (both):     20
    NEW (FT only): 20
    PTONLY:        80
    NONE:          880

Computing c_ft from Cosyne formula...

  c_ft statistics by group:
    OV:     mean=1.001000, range=[1.001000, 1.001000]
    NEW:    mean=0.002000 (beta_pt=0 -> baseline c_ft)
    PTONLY: mean=1.001000
    NONE:   mean=0.002000

Sampling FT data...

Initializing DiagonalNet with per-coordinate c_ft...
Per-coordinate c init: c_vec range [0.002000, 1.001000]

Training on FT data...

Starting training loop (max 5000000 epochs, threshold=1.00e-12)...
Epoch      0 (0.0%): Train pred MSE = 1.399880e+01, Test pred MSE = 1.388175e-01, Param MSE = 1.388464e+00, Grad norm = 1.380920e+00, Beta update rate = nan
Epoch    200 (0.0%): Train pred MSE = 2.804456e-02, Test pred MSE = 8.837710e-02, Param MSE = 8.882256e-01, Grad norm = 3.219425e-02, Beta update rate = 1.478398e-01
Epoch    400 (0.0%): Train pred MSE = 1.551529e-03, Test pred MSE = 8.657157e-02, Param MSE = 8.711647e-01, Grad norm = 6.135519e-03, Beta update rate = 8.584096e-03
Epoch    600 (0.0%): Train pred MSE = 1.770557e-04, Test pred MSE = 8.627113e-02, Param MSE = 8.684204e-01, Grad norm = 1.897851e-03, Beta update rate = 2.052566e-03
Epoch    800 (0.0%): Train pred MSE = 2.505294e-05, Test pred MSE = 8.621308e-02, Param MSE = 8.679088e-01, Grad norm = 6.949684e-04, Beta update rate = 6.593272e-04
Epoch   1000 (0.0%): Train pred MSE = 3.771224e-06, Test pred MSE = 8.620040e-02, Param MSE = 8.678015e-01, Grad norm = 2.670965e-04, Beta update rate = 2.432619e-04
Epoch   1200 (0.0%): Train pred MSE = 5.819961e-07, Test pred MSE = 8.619744e-02, Param MSE = 8.677776e-01, Grad norm = 1.044265e-04, Beta update rate = 9.383806e-05
Epoch   1400 (0.0%): Train pred MSE = 9.108683e-08, Test pred MSE = 8.619675e-02, Param MSE = 8.677724e-01, Grad norm = 4.118631e-05, Beta update rate = 3.682916e-05
Epoch   1600 (0.0%): Train pred MSE = 1.439086e-08, Test pred MSE = 8.619661e-02, Param MSE = 8.677715e-01, Grad norm = 1.633530e-05, Beta update rate = 1.457945e-05
Epoch   1800 (0.0%): Train pred MSE = 2.289251e-09, Test pred MSE = 8.619659e-02, Param MSE = 8.677715e-01, Grad norm = 6.504696e-06, Beta update rate = 5.800729e-06
Epoch   2000 (0.0%): Train pred MSE = 3.660586e-10, Test pred MSE = 8.619659e-02, Param MSE = 8.677716e-01, Grad norm = 2.597850e-06, Beta update rate = 2.315588e-06
Epoch   2200 (0.0%): Train pred MSE = 5.876968e-11, Test pred MSE = 8.619660e-02, Param MSE = 8.677716e-01, Grad norm = 1.039897e-06, Beta update rate = 9.265353e-07
Epoch   2400 (0.0%): Train pred MSE = 9.465312e-12, Test pred MSE = 8.619660e-02, Param MSE = 8.677717e-01, Grad norm = 4.170056e-07, Beta update rate = 3.713924e-07
Epoch   2600 (0.1%): Train pred MSE = 1.528345e-12, Test pred MSE = 8.619660e-02, Param MSE = 8.677717e-01, Grad norm = 1.674601e-07, Beta update rate = 1.490765e-07

Training completed at epoch 2648
Stop reason: loss_threshold_legacy
Final Train pred MSE = 9.869661e-13
Final Test pred MSE = 8.619660e-02
Final Param MSE = 8.677717e-01
Final Grad norm = 1.339414e-07
Final Beta update rate = 8.199839e-08
Success flag: True (train_pred_mse < 1.00e-12)
Results metadata saved to results/diagonal/step3_omega/omega=0.50--alpha=0.100000--seed=0/results_meta.json
Group diagnostics saved to results/diagonal/step3_omega/omega=0.50--alpha=0.100000--seed=0/group_diagnostics.csv

Results saved to results/diagonal/step3_omega/omega=0.50--alpha=0.100000--seed=0/
Total jobs in this sweep: 108
Omega values: [0.0, 0.5, 1.0]
Alpha values: [0.05, 0.1, 0.2, 0.25, 0.3, 0.4, 0.5, 0.6, 0.7, 0.8, 0.9, 1.0]
Seeds: [0, 1, 2]
================================================================================
Step 3 Omega Sweep - Experiment Parameters:
================================================================================
  a_pt: 1.0
  c_pt: 0.001
  epochs: 5000000
  gamma_reinit: 0.0
  inp_dim: 1000
  lambda_pt: 0.0
  lr: 0.5
  n_test: 10000
  n_train: 100
  no_tuning: True
  omega: 0.5
  rho_ft: 0.04
  rho_pt: 0.1
  save_folder: results/diagonal/step3_omega/omega=0.50--alpha=0.100000--seed=0/
  seed: 0
  test_every_n_epochs: 200
  threshold: 1e-12
================================================================================

Omega: 0.5, Alpha: 0.1000

Running PT+FT Oracle script...

Extracting results and saving to CSV...
Results appended to /home/na658/multi-task2/experiment_results_step3_omega.csv

✓ Experiment 39 completed successfully
[SLURM] Job 20446280 task 39 finished
