[SLURM] Job 20446064 task 82 starting on cpu-q-227
[SLURM] Step 1 Mixture Sweep
[SLURM] Using Python: /home/na658/.conda/envs/mtl_ft/bin/python
Starting diagonal network pretrain BG script...

================================================================================
SCRIPT STARTED - Running diagonal network BG experiment...
================================================================================

================================================================================
EXPERIMENT SETTINGS
================================================================================
Seed: 1
Input dimension: 1000
Sparsity (rho): 0.04
Training samples: 250
Test samples: 10000
Learning rate: 0.5
Max epochs: 5000000
Test every N epochs: 200
Convergence threshold: 1e-12
Stop pred MSE: 1e-10
Stop beta rate: disabled
Stop grad norm: disabled
LR decay: disabled
LR decay interval: 2000
Scaling: 1.0
Lambda (λ): 0.0
C parameter: 0.001
Initialization method: complex
Learning rate tuning: False
Save folder: results/diagonal/step1_mixture/pi_A=0.90--alpha=0.250000--seed=1/
C mode: mixture
  c_A=0.001, c_B=0.5, pi_A=0.9
================================================================================
Starting training...
================================================================================
[c_mode=mixture] pi_A=0.9, empirical frac_A=0.9030
[c_mode=mixture] c_A=0.001, c_B=0.5
Per-coordinate c init: c_vec range [0.001000, 0.500000]

Starting training loop (max 5000000 epochs, threshold=1.00e-12)...
Epoch      0 (0.0%): Train pred MSE = 5.124313e+00, Test pred MSE = 1.346595e-01, Param MSE = 1.325925e+00, Grad norm = 1.913376e-01, Beta update rate = nan
Epoch    200 (0.0%): Train pred MSE = 8.227593e-01, Test pred MSE = 6.692089e-02, Param MSE = 6.642086e-01, Grad norm = 1.234353e-01, Beta update rate = 1.294089e-01
Epoch    400 (0.0%): Train pred MSE = 1.672778e-01, Test pred MSE = 3.729611e-02, Param MSE = 3.667562e-01, Grad norm = 4.705280e-02, Beta update rate = 5.255638e-02
Epoch    600 (0.0%): Train pred MSE = 5.963007e-02, Test pred MSE = 2.724532e-02, Param MSE = 2.679130e-01, Grad norm = 2.203111e-02, Beta update rate = 2.163226e-02
Epoch    800 (0.0%): Train pred MSE = 2.951100e-02, Test pred MSE = 2.382833e-02, Param MSE = 2.351014e-01, Grad norm = 1.335524e-02, Beta update rate = 9.790165e-03
Epoch   1000 (0.0%): Train pred MSE = 1.756434e-02, Test pred MSE = 2.230164e-02, Param MSE = 2.206380e-01, Grad norm = 8.893403e-03, Beta update rate = 5.540607e-03
Epoch   1200 (0.0%): Train pred MSE = 1.174029e-02, Test pred MSE = 2.147566e-02, Param MSE = 2.128498e-01, Grad norm = 6.554715e-03, Beta update rate = 3.351318e-03
Epoch   1400 (0.0%): Train pred MSE = 8.359879e-03, Test pred MSE = 2.096126e-02, Param MSE = 2.079951e-01, Grad norm = 5.159272e-03, Beta update rate = 2.282344e-03
Epoch   1600 (0.0%): Train pred MSE = 6.183069e-03, Test pred MSE = 2.061401e-02, Param MSE = 2.047002e-01, Grad norm = 4.217455e-03, Beta update rate = 1.716462e-03
Epoch   1800 (0.0%): Train pred MSE = 4.692850e-03, Test pred MSE = 2.037156e-02, Param MSE = 2.023822e-01, Grad norm = 3.531354e-03, Beta update rate = 1.372761e-03
Epoch   2000 (0.0%): Train pred MSE = 3.629916e-03, Test pred MSE = 2.020172e-02, Param MSE = 2.007450e-01, Grad norm = 3.008104e-03, Beta update rate = 1.137987e-03
Epoch   2200 (0.0%): Train pred MSE = 2.848683e-03, Test pred MSE = 2.008425e-02, Param MSE = 1.996033e-01, Grad norm = 2.595306e-03, Beta update rate = 9.655411e-04
Epoch   2400 (0.0%): Train pred MSE = 2.261507e-03, Test pred MSE = 2.000470e-02, Param MSE = 1.988236e-01, Grad norm = 2.260778e-03, Beta update rate = 8.330148e-04
Epoch   2600 (0.1%): Train pred MSE = 1.812606e-03, Test pred MSE = 1.995228e-02, Param MSE = 1.983058e-01, Grad norm = 1.984112e-03, Beta update rate = 7.275660e-04
Epoch   2800 (0.1%): Train pred MSE = 1.464763e-03, Test pred MSE = 1.991893e-02, Param MSE = 1.979738e-01, Grad norm = 1.751863e-03, Beta update rate = 6.411722e-04
Epoch   3000 (0.1%): Train pred MSE = 1.192210e-03, Test pred MSE = 1.989871e-02, Param MSE = 1.977712e-01, Grad norm = 1.554715e-03, Beta update rate = 5.686761e-04
Epoch   3200 (0.1%): Train pred MSE = 9.766045e-04, Test pred MSE = 1.988732e-02, Param MSE = 1.976567e-01, Grad norm = 1.385896e-03, Beta update rate = 5.067014e-04
Epoch   3400 (0.1%): Train pred MSE = 8.046100e-04, Test pred MSE = 1.988173e-02, Param MSE = 1.976009e-01, Grad norm = 1.240294e-03, Beta update rate = 4.529868e-04
Epoch   3600 (0.1%): Train pred MSE = 6.663723e-04, Test pred MSE = 1.987980e-02, Param MSE = 1.975828e-01, Grad norm = 1.113939e-03, Beta update rate = 4.059744e-04
Epoch   3800 (0.1%): Train pred MSE = 5.545097e-04, Test pred MSE = 1.988009e-02, Param MSE = 1.975880e-01, Grad norm = 1.003691e-03, Beta update rate = 3.645547e-04
Epoch   4000 (0.1%): Train pred MSE = 4.634287e-04, Test pred MSE = 1.988163e-02, Param MSE = 1.976069e-01, Grad norm = 9.070265e-04, Beta update rate = 3.279054e-04
Epoch   4200 (0.1%): Train pred MSE = 3.888474e-04, Test pred MSE = 1.988378e-02, Param MSE = 1.976330e-01, Grad norm = 8.218950e-04, Beta update rate = 2.953902e-04
Epoch   4400 (0.1%): Train pred MSE = 3.274579e-04, Test pred MSE = 1.988616e-02, Param MSE = 1.976620e-01, Grad norm = 7.466135e-04, Beta update rate = 2.664947e-04
Epoch   4600 (0.1%): Train pred MSE = 2.766839e-04, Test pred MSE = 1.988850e-02, Param MSE = 1.976913e-01, Grad norm = 6.797899e-04, Beta update rate = 2.407877e-04
Epoch   4800 (0.1%): Train pred MSE = 2.345034e-04, Test pred MSE = 1.989068e-02, Param MSE = 1.977195e-01, Grad norm = 6.202640e-04, Beta update rate = 2.178977e-04
Epoch   5000 (0.1%): Train pred MSE = 1.993180e-04, Test pred MSE = 1.989263e-02, Param MSE = 1.977455e-01, Grad norm = 5.670635e-04, Beta update rate = 1.974988e-04
Epoch   5200 (0.1%): Train pred MSE = 1.698566e-04, Test pred MSE = 1.989430e-02, Param MSE = 1.977689e-01, Grad norm = 5.193689e-04, Beta update rate = 1.793028e-04
Epoch   5400 (0.1%): Train pred MSE = 1.451014e-04, Test pred MSE = 1.989571e-02, Param MSE = 1.977897e-01, Grad norm = 4.764866e-04, Beta update rate = 1.630538e-04
Epoch   5600 (0.1%): Train pred MSE = 1.242332e-04, Test pred MSE = 1.989686e-02, Param MSE = 1.978079e-01, Grad norm = 4.378266e-04, Beta update rate = 1.485244e-04
Epoch   5800 (0.1%): Train pred MSE = 1.065885e-04, Test pred MSE = 1.989777e-02, Param MSE = 1.978236e-01, Grad norm = 4.028851e-04, Beta update rate = 1.355135e-04
Epoch   6000 (0.1%): Train pred MSE = 9.162796e-05, Test pred MSE = 1.989848e-02, Param MSE = 1.978370e-01, Grad norm = 3.712301e-04, Beta update rate = 1.238432e-04
Epoch   6200 (0.1%): Train pred MSE = 7.891018e-05, Test pred MSE = 1.989899e-02, Param MSE = 1.978483e-01, Grad norm = 3.424898e-04, Beta update rate = 1.133569e-04
Epoch   6400 (0.1%): Train pred MSE = 6.807287e-05, Test pred MSE = 1.989935e-02, Param MSE = 1.978578e-01, Grad norm = 3.163425e-04, Beta update rate = 1.039171e-04
Epoch   6600 (0.1%): Train pred MSE = 5.881716e-05, Test pred MSE = 1.989958e-02, Param MSE = 1.978657e-01, Grad norm = 2.925092e-04, Beta update rate = 9.540320e-05
Epoch   6800 (0.1%): Train pred MSE = 5.089557e-05, Test pred MSE = 1.989969e-02, Param MSE = 1.978722e-01, Grad norm = 2.707466e-04, Beta update rate = 8.770956e-05
Epoch   7000 (0.1%): Train pred MSE = 4.410244e-05, Test pred MSE = 1.989970e-02, Param MSE = 1.978774e-01, Grad norm = 2.508420e-04, Beta update rate = 8.074382e-05
Epoch   7200 (0.1%): Train pred MSE = 3.826625e-05, Test pred MSE = 1.989963e-02, Param MSE = 1.978815e-01, Grad norm = 2.326086e-04, Beta update rate = 7.442517e-05
Epoch   7400 (0.1%): Train pred MSE = 3.324348e-05, Test pred MSE = 1.989950e-02, Param MSE = 1.978848e-01, Grad norm = 2.158820e-04, Beta update rate = 6.868288e-05
Epoch   7600 (0.2%): Train pred MSE = 2.891371e-05, Test pred MSE = 1.989931e-02, Param MSE = 1.978872e-01, Grad norm = 2.005167e-04, Beta update rate = 6.345502e-05
Epoch   7800 (0.2%): Train pred MSE = 2.517557e-05, Test pred MSE = 1.989908e-02, Param MSE = 1.978890e-01, Grad norm = 1.863840e-04, Beta update rate = 5.868725e-05
Epoch   8000 (0.2%): Train pred MSE = 2.194354e-05, Test pred MSE = 1.989882e-02, Param MSE = 1.978902e-01, Grad norm = 1.733693e-04, Beta update rate = 5.433188e-05
Epoch   8200 (0.2%): Train pred MSE = 1.914528e-05, Test pred MSE = 1.989854e-02, Param MSE = 1.978909e-01, Grad norm = 1.613706e-04, Beta update rate = 5.034692e-05
Epoch   8400 (0.2%): Train pred MSE = 1.671943e-05, Test pred MSE = 1.989823e-02, Param MSE = 1.978912e-01, Grad norm = 1.502967e-04, Beta update rate = 4.669538e-05
Epoch   8600 (0.2%): Train pred MSE = 1.461386e-05, Test pred MSE = 1.989792e-02, Param MSE = 1.978912e-01, Grad norm = 1.400661e-04, Beta update rate = 4.334458e-05
Epoch   8800 (0.2%): Train pred MSE = 1.278415e-05, Test pred MSE = 1.989760e-02, Param MSE = 1.978909e-01, Grad norm = 1.306053e-04, Beta update rate = 4.026557e-05
Epoch   9000 (0.2%): Train pred MSE = 1.119244e-05, Test pred MSE = 1.989727e-02, Param MSE = 1.978904e-01, Grad norm = 1.218486e-04, Beta update rate = 3.743269e-05
Epoch   9200 (0.2%): Train pred MSE = 9.806304e-06, Test pred MSE = 1.989694e-02, Param MSE = 1.978897e-01, Grad norm = 1.137366e-04, Beta update rate = 3.482311e-05
Epoch   9400 (0.2%): Train pred MSE = 8.598014e-06, Test pred MSE = 1.989662e-02, Param MSE = 1.978888e-01, Grad norm = 1.062157e-04, Beta update rate = 3.241648e-05
Epoch   9600 (0.2%): Train pred MSE = 7.543762e-06, Test pred MSE = 1.989630e-02, Param MSE = 1.978879e-01, Grad norm = 9.923738e-05, Beta update rate = 3.019463e-05
Epoch   9800 (0.2%): Train pred MSE = 6.623090e-06, Test pred MSE = 1.989599e-02, Param MSE = 1.978868e-01, Grad norm = 9.275779e-05, Beta update rate = 2.814129e-05
Epoch  10000 (0.2%): Train pred MSE = 5.818391e-06, Test pred MSE = 1.989568e-02, Param MSE = 1.978857e-01, Grad norm = 8.673707e-05, Beta update rate = 2.624188e-05
Epoch  10200 (0.2%): Train pred MSE = 5.114490e-06, Test pred MSE = 1.989539e-02, Param MSE = 1.978846e-01, Grad norm = 8.113902e-05, Beta update rate = 2.448326e-05
Epoch  10400 (0.2%): Train pred MSE = 4.498288e-06, Test pred MSE = 1.989510e-02, Param MSE = 1.978834e-01, Grad norm = 7.593069e-05, Beta update rate = 2.285361e-05
Epoch  10600 (0.2%): Train pred MSE = 3.958464e-06, Test pred MSE = 1.989483e-02, Param MSE = 1.978823e-01, Grad norm = 7.108203e-05, Beta update rate = 2.134227e-05
Epoch  10800 (0.2%): Train pred MSE = 3.485221e-06, Test pred MSE = 1.989456e-02, Param MSE = 1.978811e-01, Grad norm = 6.656564e-05, Beta update rate = 1.993959e-05
Epoch  11000 (0.2%): Train pred MSE = 3.070072e-06, Test pred MSE = 1.989431e-02, Param MSE = 1.978799e-01, Grad norm = 6.235645e-05, Beta update rate = 1.863682e-05
Epoch  11200 (0.2%): Train pred MSE = 2.705653e-06, Test pred MSE = 1.989407e-02, Param MSE = 1.978788e-01, Grad norm = 5.843155e-05, Beta update rate = 1.742603e-05
Epoch  11400 (0.2%): Train pred MSE = 2.385571e-06, Test pred MSE = 1.989383e-02, Param MSE = 1.978777e-01, Grad norm = 5.476992e-05, Beta update rate = 1.630001e-05
Epoch  11600 (0.2%): Train pred MSE = 2.104269e-06, Test pred MSE = 1.989361e-02, Param MSE = 1.978766e-01, Grad norm = 5.135230e-05, Beta update rate = 1.525219e-05
Epoch  11800 (0.2%): Train pred MSE = 1.856912e-06, Test pred MSE = 1.989341e-02, Param MSE = 1.978756e-01, Grad norm = 4.816099e-05, Beta update rate = 1.427658e-05
Epoch  12000 (0.2%): Train pred MSE = 1.639287e-06, Test pred MSE = 1.989321e-02, Param MSE = 1.978745e-01, Grad norm = 4.517974e-05, Beta update rate = 1.336771e-05
Epoch  12200 (0.2%): Train pred MSE = 1.447724e-06, Test pred MSE = 1.989302e-02, Param MSE = 1.978736e-01, Grad norm = 4.239357e-05, Beta update rate = 1.252058e-05
Epoch  12400 (0.2%): Train pred MSE = 1.279019e-06, Test pred MSE = 1.989284e-02, Param MSE = 1.978727e-01, Grad norm = 3.978871e-05, Beta update rate = 1.173060e-05
Epoch  12600 (0.3%): Train pred MSE = 1.130376e-06, Test pred MSE = 1.989267e-02, Param MSE = 1.978718e-01, Grad norm = 3.735245e-05, Beta update rate = 1.099358e-05
Epoch  12800 (0.3%): Train pred MSE = 9.993492e-07, Test pred MSE = 1.989252e-02, Param MSE = 1.978709e-01, Grad norm = 3.507306e-05, Beta update rate = 1.030567e-05
Epoch  13000 (0.3%): Train pred MSE = 8.838021e-07, Test pred MSE = 1.989237e-02, Param MSE = 1.978701e-01, Grad norm = 3.293972e-05, Beta update rate = 9.663309e-06
Epoch  13200 (0.3%): Train pred MSE = 7.818634e-07, Test pred MSE = 1.989223e-02, Param MSE = 1.978694e-01, Grad norm = 3.094240e-05, Beta update rate = 9.063251e-06
Epoch  13400 (0.3%): Train pred MSE = 6.918948e-07, Test pred MSE = 1.989210e-02, Param MSE = 1.978687e-01, Grad norm = 2.907186e-05, Beta update rate = 8.502493e-06
Epoch  13600 (0.3%): Train pred MSE = 6.124601e-07, Test pred MSE = 1.989197e-02, Param MSE = 1.978680e-01, Grad norm = 2.731952e-05, Beta update rate = 7.978268e-06
Epoch  13800 (0.3%): Train pred MSE = 5.423003e-07, Test pred MSE = 1.989186e-02, Param MSE = 1.978673e-01, Grad norm = 2.567744e-05, Beta update rate = 7.488023e-06
Epoch  14000 (0.3%): Train pred MSE = 4.803105e-07, Test pred MSE = 1.989175e-02, Param MSE = 1.978667e-01, Grad norm = 2.413826e-05, Beta update rate = 7.029401e-06
Epoch  14200 (0.3%): Train pred MSE = 4.255205e-07, Test pred MSE = 1.989165e-02, Param MSE = 1.978662e-01, Grad norm = 2.269515e-05, Beta update rate = 6.600226e-06
Epoch  14400 (0.3%): Train pred MSE = 3.770781e-07, Test pred MSE = 1.989155e-02, Param MSE = 1.978657e-01, Grad norm = 2.134177e-05, Beta update rate = 6.198481e-06
Epoch  14600 (0.3%): Train pred MSE = 3.342344e-07, Test pred MSE = 1.989146e-02, Param MSE = 1.978652e-01, Grad norm = 2.007223e-05, Beta update rate = 5.822303e-06
Epoch  14800 (0.3%): Train pred MSE = 2.963306e-07, Test pred MSE = 1.989138e-02, Param MSE = 1.978647e-01, Grad norm = 1.888106e-05, Beta update rate = 5.469964e-06
Epoch  15000 (0.3%): Train pred MSE = 2.627872e-07, Test pred MSE = 1.989130e-02, Param MSE = 1.978643e-01, Grad norm = 1.776316e-05, Beta update rate = 5.139865e-06
Epoch  15200 (0.3%): Train pred MSE = 2.330941e-07, Test pred MSE = 1.989123e-02, Param MSE = 1.978639e-01, Grad norm = 1.671381e-05, Beta update rate = 4.830518e-06
Epoch  15400 (0.3%): Train pred MSE = 2.068020e-07, Test pred MSE = 1.989116e-02, Param MSE = 1.978635e-01, Grad norm = 1.572859e-05, Beta update rate = 4.540548e-06
Epoch  15600 (0.3%): Train pred MSE = 1.835151e-07, Test pred MSE = 1.989110e-02, Param MSE = 1.978632e-01, Grad norm = 1.480341e-05, Beta update rate = 4.268674e-06
Epoch  15800 (0.3%): Train pred MSE = 1.628847e-07, Test pred MSE = 1.989104e-02, Param MSE = 1.978629e-01, Grad norm = 1.393442e-05, Beta update rate = 4.013708e-06
Epoch  16000 (0.3%): Train pred MSE = 1.446029e-07, Test pred MSE = 1.989099e-02, Param MSE = 1.978626e-01, Grad norm = 1.311808e-05, Beta update rate = 3.774543e-06
Epoch  16200 (0.3%): Train pred MSE = 1.283986e-07, Test pred MSE = 1.989094e-02, Param MSE = 1.978623e-01, Grad norm = 1.235105e-05, Beta update rate = 3.550152e-06
Epoch  16400 (0.3%): Train pred MSE = 1.140321e-07, Test pred MSE = 1.989089e-02, Param MSE = 1.978620e-01, Grad norm = 1.163022e-05, Beta update rate = 3.339577e-06
Epoch  16600 (0.3%): Train pred MSE = 1.012922e-07, Test pred MSE = 1.989085e-02, Param MSE = 1.978618e-01, Grad norm = 1.095270e-05, Beta update rate = 3.141929e-06
Epoch  16800 (0.3%): Train pred MSE = 8.999214e-08, Test pred MSE = 1.989081e-02, Param MSE = 1.978616e-01, Grad norm = 1.031579e-05, Beta update rate = 2.956377e-06
Epoch  17000 (0.3%): Train pred MSE = 7.996702e-08, Test pred MSE = 1.989077e-02, Param MSE = 1.978614e-01, Grad norm = 9.716961e-06, Beta update rate = 2.782148e-06
Epoch  17200 (0.3%): Train pred MSE = 7.107112e-08, Test pred MSE = 1.989074e-02, Param MSE = 1.978612e-01, Grad norm = 9.153844e-06, Beta update rate = 2.618520e-06
Epoch  17400 (0.3%): Train pred MSE = 6.317562e-08, Test pred MSE = 1.989070e-02, Param MSE = 1.978611e-01, Grad norm = 8.624235e-06, Beta update rate = 2.464822e-06
Epoch  17600 (0.4%): Train pred MSE = 5.616661e-08, Test pred MSE = 1.989068e-02, Param MSE = 1.978609e-01, Grad norm = 8.126071e-06, Beta update rate = 2.320426e-06
Epoch  17800 (0.4%): Train pred MSE = 4.994335e-08, Test pred MSE = 1.989065e-02, Param MSE = 1.978608e-01, Grad norm = 7.657418e-06, Beta update rate = 2.184746e-06
Epoch  18000 (0.4%): Train pred MSE = 4.441670e-08, Test pred MSE = 1.989062e-02, Param MSE = 1.978607e-01, Grad norm = 7.216471e-06, Beta update rate = 2.057236e-06
Epoch  18200 (0.4%): Train pred MSE = 3.950778e-08, Test pred MSE = 1.989060e-02, Param MSE = 1.978606e-01, Grad norm = 6.801538e-06, Beta update rate = 1.937385e-06
Epoch  18400 (0.4%): Train pred MSE = 3.514674e-08, Test pred MSE = 1.989058e-02, Param MSE = 1.978605e-01, Grad norm = 6.411035e-06, Beta update rate = 1.824715e-06
Epoch  18600 (0.4%): Train pred MSE = 3.127177e-08, Test pred MSE = 1.989056e-02, Param MSE = 1.978604e-01, Grad norm = 6.043480e-06, Beta update rate = 1.718782e-06
Epoch  18800 (0.4%): Train pred MSE = 2.782808e-08, Test pred MSE = 1.989054e-02, Param MSE = 1.978603e-01, Grad norm = 5.697482e-06, Beta update rate = 1.619166e-06
Epoch  19000 (0.4%): Train pred MSE = 2.476717e-08, Test pred MSE = 1.989053e-02, Param MSE = 1.978602e-01, Grad norm = 5.371740e-06, Beta update rate = 1.525479e-06
Epoch  19200 (0.4%): Train pred MSE = 2.204603e-08, Test pred MSE = 1.989051e-02, Param MSE = 1.978602e-01, Grad norm = 5.065033e-06, Beta update rate = 1.437356e-06
Epoch  19400 (0.4%): Train pred MSE = 1.962657e-08, Test pred MSE = 1.989050e-02, Param MSE = 1.978601e-01, Grad norm = 4.776219e-06, Beta update rate = 1.354456e-06
Epoch  19600 (0.4%): Train pred MSE = 1.747500e-08, Test pred MSE = 1.989048e-02, Param MSE = 1.978600e-01, Grad norm = 4.504224e-06, Beta update rate = 1.276457e-06
Epoch  19800 (0.4%): Train pred MSE = 1.556135e-08, Test pred MSE = 1.989047e-02, Param MSE = 1.978600e-01, Grad norm = 4.248042e-06, Beta update rate = 1.203063e-06
Epoch  20000 (0.4%): Train pred MSE = 1.385907e-08, Test pred MSE = 1.989046e-02, Param MSE = 1.978600e-01, Grad norm = 4.006731e-06, Beta update rate = 1.133992e-06
Epoch  20200 (0.4%): Train pred MSE = 1.234459e-08, Test pred MSE = 1.989045e-02, Param MSE = 1.978599e-01, Grad norm = 3.779403e-06, Beta update rate = 1.068982e-06
Epoch  20400 (0.4%): Train pred MSE = 1.099699e-08, Test pred MSE = 1.989044e-02, Param MSE = 1.978599e-01, Grad norm = 3.565230e-06, Beta update rate = 1.007786e-06
Epoch  20600 (0.4%): Train pred MSE = 9.797708e-09, Test pred MSE = 1.989044e-02, Param MSE = 1.978599e-01, Grad norm = 3.363429e-06, Beta update rate = 9.501757e-07
Epoch  20800 (0.4%): Train pred MSE = 8.730276e-09, Test pred MSE = 1.989043e-02, Param MSE = 1.978598e-01, Grad norm = 3.173270e-06, Beta update rate = 8.959336e-07
Epoch  21000 (0.4%): Train pred MSE = 7.780068e-09, Test pred MSE = 1.989042e-02, Param MSE = 1.978598e-01, Grad norm = 2.994066e-06, Beta update rate = 8.448574e-07
Epoch  21200 (0.4%): Train pred MSE = 6.934096e-09, Test pred MSE = 1.989042e-02, Param MSE = 1.978598e-01, Grad norm = 2.825169e-06, Beta update rate = 7.967574e-07
Epoch  21400 (0.4%): Train pred MSE = 6.180827e-09, Test pred MSE = 1.989041e-02, Param MSE = 1.978598e-01, Grad norm = 2.665974e-06, Beta update rate = 7.514553e-07
Epoch  21600 (0.4%): Train pred MSE = 5.510016e-09, Test pred MSE = 1.989040e-02, Param MSE = 1.978598e-01, Grad norm = 2.515910e-06, Beta update rate = 7.087841e-07
Epoch  21800 (0.4%): Train pred MSE = 4.912559e-09, Test pred MSE = 1.989040e-02, Param MSE = 1.978598e-01, Grad norm = 2.374444e-06, Beta update rate = 6.685870e-07
Epoch  22000 (0.4%): Train pred MSE = 4.380369e-09, Test pred MSE = 1.989040e-02, Param MSE = 1.978598e-01, Grad norm = 2.241070e-06, Beta update rate = 6.307168e-07
Epoch  22200 (0.4%): Train pred MSE = 3.906258e-09, Test pred MSE = 1.989039e-02, Param MSE = 1.978598e-01, Grad norm = 2.115318e-06, Beta update rate = 5.950355e-07
Epoch  22400 (0.4%): Train pred MSE = 3.483837e-09, Test pred MSE = 1.989039e-02, Param MSE = 1.978598e-01, Grad norm = 1.996741e-06, Beta update rate = 5.614133e-07
Epoch  22600 (0.5%): Train pred MSE = 3.107424e-09, Test pred MSE = 1.989039e-02, Param MSE = 1.978598e-01, Grad norm = 1.884923e-06, Beta update rate = 5.297286e-07
Epoch  22800 (0.5%): Train pred MSE = 2.771971e-09, Test pred MSE = 1.989038e-02, Param MSE = 1.978598e-01, Grad norm = 1.779470e-06, Beta update rate = 4.998670e-07
Epoch  23000 (0.5%): Train pred MSE = 2.472985e-09, Test pred MSE = 1.989038e-02, Param MSE = 1.978598e-01, Grad norm = 1.680013e-06, Beta update rate = 4.717212e-07
Epoch  23200 (0.5%): Train pred MSE = 2.206471e-09, Test pred MSE = 1.989038e-02, Param MSE = 1.978598e-01, Grad norm = 1.586203e-06, Beta update rate = 4.451902e-07
Epoch  23400 (0.5%): Train pred MSE = 1.968877e-09, Test pred MSE = 1.989038e-02, Param MSE = 1.978598e-01, Grad norm = 1.497715e-06, Beta update rate = 4.201793e-07
Epoch  23600 (0.5%): Train pred MSE = 1.757041e-09, Test pred MSE = 1.989038e-02, Param MSE = 1.978598e-01, Grad norm = 1.414241e-06, Beta update rate = 3.965995e-07
Epoch  23800 (0.5%): Train pred MSE = 1.568150e-09, Test pred MSE = 1.989038e-02, Param MSE = 1.978598e-01, Grad norm = 1.335492e-06, Beta update rate = 3.743670e-07
Epoch  24000 (0.5%): Train pred MSE = 1.399700e-09, Test pred MSE = 1.989038e-02, Param MSE = 1.978598e-01, Grad norm = 1.261194e-06, Beta update rate = 3.534032e-07
Epoch  24200 (0.5%): Train pred MSE = 1.249464e-09, Test pred MSE = 1.989037e-02, Param MSE = 1.978598e-01, Grad norm = 1.191092e-06, Beta update rate = 3.336342e-07
Epoch  24400 (0.5%): Train pred MSE = 1.115459e-09, Test pred MSE = 1.989037e-02, Param MSE = 1.978598e-01, Grad norm = 1.124945e-06, Beta update rate = 3.149903e-07
Epoch  24600 (0.5%): Train pred MSE = 9.959176e-10, Test pred MSE = 1.989037e-02, Param MSE = 1.978599e-01, Grad norm = 1.062525e-06, Beta update rate = 2.974063e-07
Epoch  24800 (0.5%): Train pred MSE = 8.892691e-10, Test pred MSE = 1.989037e-02, Param MSE = 1.978599e-01, Grad norm = 1.003620e-06, Beta update rate = 2.808206e-07
Epoch  25000 (0.5%): Train pred MSE = 7.941132e-10, Test pred MSE = 1.989037e-02, Param MSE = 1.978599e-01, Grad norm = 9.480271e-07, Beta update rate = 2.651754e-07
Epoch  25200 (0.5%): Train pred MSE = 7.092030e-10, Test pred MSE = 1.989037e-02, Param MSE = 1.978599e-01, Grad norm = 8.955577e-07, Beta update rate = 2.504164e-07
Epoch  25400 (0.5%): Train pred MSE = 6.334279e-10, Test pred MSE = 1.989037e-02, Param MSE = 1.978599e-01, Grad norm = 8.460333e-07, Beta update rate = 2.364923e-07
Epoch  25600 (0.5%): Train pred MSE = 5.657986e-10, Test pred MSE = 1.989037e-02, Param MSE = 1.978599e-01, Grad norm = 7.992858e-07, Beta update rate = 2.233549e-07
Epoch  25800 (0.5%): Train pred MSE = 5.054338e-10, Test pred MSE = 1.989037e-02, Param MSE = 1.978599e-01, Grad norm = 7.551570e-07, Beta update rate = 2.109591e-07
Epoch  26000 (0.5%): Train pred MSE = 4.515479e-10, Test pred MSE = 1.989037e-02, Param MSE = 1.978599e-01, Grad norm = 7.134979e-07, Beta update rate = 1.992621e-07
Epoch  26200 (0.5%): Train pred MSE = 4.034412e-10, Test pred MSE = 1.989037e-02, Param MSE = 1.978599e-01, Grad norm = 6.741681e-07, Beta update rate = 1.882238e-07
Epoch  26400 (0.5%): Train pred MSE = 3.604899e-10, Test pred MSE = 1.989037e-02, Param MSE = 1.978599e-01, Grad norm = 6.370353e-07, Beta update rate = 1.778065e-07
Epoch  26600 (0.5%): Train pred MSE = 3.221381e-10, Test pred MSE = 1.989037e-02, Param MSE = 1.978600e-01, Grad norm = 6.019749e-07, Beta update rate = 1.679745e-07
Epoch  26800 (0.5%): Train pred MSE = 2.878901e-10, Test pred MSE = 1.989037e-02, Param MSE = 1.978600e-01, Grad norm = 5.688695e-07, Beta update rate = 1.586944e-07
Epoch  27000 (0.5%): Train pred MSE = 2.573041e-10, Test pred MSE = 1.989037e-02, Param MSE = 1.978600e-01, Grad norm = 5.376084e-07, Beta update rate = 1.499346e-07
Epoch  27200 (0.5%): Train pred MSE = 2.299861e-10, Test pred MSE = 1.989037e-02, Param MSE = 1.978600e-01, Grad norm = 5.080874e-07, Beta update rate = 1.416656e-07
Epoch  27400 (0.5%): Train pred MSE = 2.055849e-10, Test pred MSE = 1.989037e-02, Param MSE = 1.978600e-01, Grad norm = 4.802081e-07, Beta update rate = 1.338592e-07
Epoch  27600 (0.6%): Train pred MSE = 1.837871e-10, Test pred MSE = 1.989037e-02, Param MSE = 1.978600e-01, Grad norm = 4.538780e-07, Beta update rate = 1.264893e-07
Epoch  27800 (0.6%): Train pred MSE = 1.643134e-10, Test pred MSE = 1.989037e-02, Param MSE = 1.978600e-01, Grad norm = 4.290097e-07, Beta update rate = 1.195309e-07
Epoch  28000 (0.6%): Train pred MSE = 1.469144e-10, Test pred MSE = 1.989037e-02, Param MSE = 1.978600e-01, Grad norm = 4.055209e-07, Beta update rate = 1.129607e-07
Epoch  28200 (0.6%): Train pred MSE = 1.313679e-10, Test pred MSE = 1.989037e-02, Param MSE = 1.978600e-01, Grad norm = 3.833340e-07, Beta update rate = 1.067567e-07
Epoch  28400 (0.6%): Train pred MSE = 1.174754e-10, Test pred MSE = 1.989037e-02, Param MSE = 1.978600e-01, Grad norm = 3.623758e-07, Beta update rate = 1.008982e-07
Epoch  28600 (0.6%): Train pred MSE = 1.050600e-10, Test pred MSE = 1.989037e-02, Param MSE = 1.978600e-01, Grad norm = 3.425774e-07, Beta update rate = 9.536556e-08
Epoch  28800 (0.6%): Train pred MSE = 9.396379e-11, Test pred MSE = 1.989038e-02, Param MSE = 1.978601e-01, Grad norm = 3.238737e-07, Beta update rate = 9.014043e-08

Training completed at epoch 28800
Stop reason: train_pred_mse
Final Train pred MSE = 9.396379e-11
Final Test pred MSE = 1.989038e-02
Final Param MSE = 1.978601e-01
Final Grad norm = 3.238737e-07
Final Beta update rate = 9.014043e-08
Success flag: True (train_pred_mse < 1.00e-10)
Results metadata saved to results/diagonal/step1_mixture/pi_A=0.90--alpha=0.250000--seed=1/results_meta.json
Saved c_vec to results/diagonal/step1_mixture/pi_A=0.90--alpha=0.250000--seed=1/c_vec.npy

Results saved to results/diagonal/step1_mixture/pi_A=0.90--alpha=0.250000--seed=1/
Total jobs in this sweep: 108
Pi_A values: [0.1, 0.5, 0.9]
Alpha values: [0.05, 0.1, 0.2, 0.25, 0.3, 0.4, 0.5, 0.6, 0.7, 0.8, 0.9, 1.0]
Seeds: [0, 1, 2]
================================================================================
Step 1 Mixture Sweep - Experiment Parameters:
================================================================================
  c: 0.001
  c_A: 0.001
  c_B: 0.5
  c_mode: mixture
  epochs: 5000000
  init_method: complex
  inp_dim: 1000
  lmda: 0.0
  lr: 0.5
  n_test: 10000
  n_train: 250
  no_tuning: True
  pi_A: 0.9
  rho: 0.04
  save_folder: results/diagonal/step1_mixture/pi_A=0.90--alpha=0.250000--seed=1/
  scaling: 1.0
  seed: 1
  test_every_n_epochs: 200
  threshold: 1e-12
================================================================================

Running training script...

Extracting results and saving to CSV...
Results appended to /home/na658/multi-task2/experiment_results_step1_mixture.csv

✓ Experiment 82 completed successfully
[SLURM] Job 20446064 task 82 finished
