[SLURM] Job 20445997 task 15 starting on cpu-q-16
[SLURM] Step 1 Mixture Sweep
[SLURM] Using Python: /home/na658/.conda/envs/mtl_ft/bin/python
Starting diagonal network pretrain BG script...

================================================================================
SCRIPT STARTED - Running diagonal network BG experiment...
================================================================================

================================================================================
EXPERIMENT SETTINGS
================================================================================
Seed: 0
Input dimension: 1000
Sparsity (rho): 0.04
Training samples: 400
Test samples: 10000
Learning rate: 0.5
Max epochs: 5000000
Test every N epochs: 200
Convergence threshold: 1e-12
Stop pred MSE: 1e-10
Stop beta rate: disabled
Stop grad norm: disabled
LR decay: disabled
LR decay interval: 2000
Scaling: 1.0
Lambda (λ): 0.0
C parameter: 0.001
Initialization method: complex
Learning rate tuning: False
Save folder: results/diagonal/step1_mixture/pi_A=0.10--alpha=0.400000--seed=0/
C mode: mixture
  c_A=0.001, c_B=0.5, pi_A=0.1
================================================================================
Starting training...
================================================================================
[c_mode=mixture] pi_A=0.1, empirical frac_A=0.1100
[c_mode=mixture] c_A=0.001, c_B=0.5
Per-coordinate c init: c_vec range [0.001000, 0.500000]

Starting training loop (max 5000000 epochs, threshold=1.00e-12)...
Epoch      0 (0.0%): Train pred MSE = 4.007755e+00, Test pred MSE = 1.607367e-01, Param MSE = 1.603114e+00, Grad norm = 3.557134e-01, Beta update rate = nan
Epoch    200 (0.0%): Train pred MSE = 1.623962e-01, Test pred MSE = 6.867950e-02, Param MSE = 6.954854e-01, Grad norm = 5.389748e-02, Beta update rate = 1.234749e-01
Epoch    400 (0.0%): Train pred MSE = 4.163379e-02, Test pred MSE = 6.296977e-02, Param MSE = 6.380031e-01, Grad norm = 2.167649e-02, Beta update rate = 2.322353e-02
Epoch    600 (0.0%): Train pred MSE = 1.524138e-02, Test pred MSE = 6.146237e-02, Param MSE = 6.224380e-01, Grad norm = 1.182758e-02, Beta update rate = 1.048605e-02
Epoch    800 (0.0%): Train pred MSE = 6.488648e-03, Test pred MSE = 6.096269e-02, Param MSE = 6.170749e-01, Grad norm = 7.227687e-03, Beta update rate = 5.918693e-03
Epoch   1000 (0.0%): Train pred MSE = 3.026683e-03, Test pred MSE = 6.076713e-02, Param MSE = 6.148635e-01, Grad norm = 4.698527e-03, Beta update rate = 3.665148e-03
Epoch   1200 (0.0%): Train pred MSE = 1.505293e-03, Test pred MSE = 6.067836e-02, Param MSE = 6.138023e-01, Grad norm = 3.185968e-03, Beta update rate = 2.405819e-03
Epoch   1400 (0.0%): Train pred MSE = 7.853465e-04, Test pred MSE = 6.063568e-02, Param MSE = 6.132613e-01, Grad norm = 2.228077e-03, Beta update rate = 1.643501e-03
Epoch   1600 (0.0%): Train pred MSE = 4.253860e-04, Test pred MSE = 6.061577e-02, Param MSE = 6.129897e-01, Grad norm = 1.595418e-03, Beta update rate = 1.155886e-03
Epoch   1800 (0.0%): Train pred MSE = 2.375454e-04, Test pred MSE = 6.060776e-02, Param MSE = 6.128658e-01, Grad norm = 1.164135e-03, Beta update rate = 8.313532e-04
Epoch   2000 (0.0%): Train pred MSE = 1.360678e-04, Test pred MSE = 6.060602e-02, Param MSE = 6.128236e-01, Grad norm = 8.627683e-04, Beta update rate = 6.088295e-04
Epoch   2200 (0.0%): Train pred MSE = 7.963829e-05, Test pred MSE = 6.060746e-02, Param MSE = 6.128255e-01, Grad norm = 6.478883e-04, Beta update rate = 4.526243e-04
Epoch   2400 (0.0%): Train pred MSE = 4.747824e-05, Test pred MSE = 6.061037e-02, Param MSE = 6.128498e-01, Grad norm = 4.920410e-04, Beta update rate = 3.408267e-04
Epoch   2600 (0.1%): Train pred MSE = 2.875855e-05, Test pred MSE = 6.061381e-02, Param MSE = 6.128840e-01, Grad norm = 3.773361e-04, Beta update rate = 2.594802e-04
Epoch   2800 (0.1%): Train pred MSE = 1.766129e-05, Test pred MSE = 6.061728e-02, Param MSE = 6.129212e-01, Grad norm = 2.918260e-04, Beta update rate = 1.994371e-04
Epoch   3000 (0.1%): Train pred MSE = 1.097734e-05, Test pred MSE = 6.062053e-02, Param MSE = 6.129576e-01, Grad norm = 2.273632e-04, Beta update rate = 1.545601e-04
Epoch   3200 (0.1%): Train pred MSE = 6.895235e-06, Test pred MSE = 6.062345e-02, Param MSE = 6.129911e-01, Grad norm = 1.782882e-04, Beta update rate = 1.206478e-04
Epoch   3400 (0.1%): Train pred MSE = 4.371558e-06, Test pred MSE = 6.062601e-02, Param MSE = 6.130211e-01, Grad norm = 1.406040e-04, Beta update rate = 9.477251e-05
Epoch   3600 (0.1%): Train pred MSE = 2.794446e-06, Test pred MSE = 6.062821e-02, Param MSE = 6.130473e-01, Grad norm = 1.114454e-04, Beta update rate = 7.486067e-05
Epoch   3800 (0.1%): Train pred MSE = 1.799407e-06, Test pred MSE = 6.063009e-02, Param MSE = 6.130699e-01, Grad norm = 8.873039e-05, Beta update rate = 5.942230e-05
Epoch   4000 (0.1%): Train pred MSE = 1.166248e-06, Test pred MSE = 6.063168e-02, Param MSE = 6.130892e-01, Grad norm = 7.092814e-05, Beta update rate = 4.737243e-05
Epoch   4200 (0.1%): Train pred MSE = 7.602888e-07, Test pred MSE = 6.063301e-02, Param MSE = 6.131056e-01, Grad norm = 5.690067e-05, Beta update rate = 3.791157e-05
Epoch   4400 (0.1%): Train pred MSE = 4.982254e-07, Test pred MSE = 6.063413e-02, Param MSE = 6.131193e-01, Grad norm = 4.579391e-05, Beta update rate = 3.044421e-05
Epoch   4600 (0.1%): Train pred MSE = 3.280180e-07, Test pred MSE = 6.063507e-02, Param MSE = 6.131308e-01, Grad norm = 3.696129e-05, Beta update rate = 2.452250e-05
Epoch   4800 (0.1%): Train pred MSE = 2.168631e-07, Test pred MSE = 6.063585e-02, Param MSE = 6.131405e-01, Grad norm = 2.990949e-05, Beta update rate = 1.980667e-05
Epoch   5000 (0.1%): Train pred MSE = 1.439146e-07, Test pred MSE = 6.063650e-02, Param MSE = 6.131485e-01, Grad norm = 2.425942e-05, Beta update rate = 1.603696e-05
Epoch   5200 (0.1%): Train pred MSE = 9.582766e-08, Test pred MSE = 6.063704e-02, Param MSE = 6.131552e-01, Grad norm = 1.971789e-05, Beta update rate = 1.301328e-05
Epoch   5400 (0.1%): Train pred MSE = 6.400253e-08, Test pred MSE = 6.063750e-02, Param MSE = 6.131608e-01, Grad norm = 1.605679e-05, Beta update rate = 1.058059e-05
Epoch   5600 (0.1%): Train pred MSE = 4.286412e-08, Test pred MSE = 6.063787e-02, Param MSE = 6.131655e-01, Grad norm = 1.309769e-05, Beta update rate = 8.617986e-06
Epoch   5800 (0.1%): Train pred MSE = 2.877832e-08, Test pred MSE = 6.063818e-02, Param MSE = 6.131693e-01, Grad norm = 1.070031e-05, Beta update rate = 7.030698e-06
Epoch   6000 (0.1%): Train pred MSE = 1.936463e-08, Test pred MSE = 6.063844e-02, Param MSE = 6.131725e-01, Grad norm = 8.753845e-06, Beta update rate = 5.744082e-06
Epoch   6200 (0.1%): Train pred MSE = 1.305671e-08, Test pred MSE = 6.063866e-02, Param MSE = 6.131752e-01, Grad norm = 7.170428e-06, Beta update rate = 4.699079e-06
Epoch   6400 (0.1%): Train pred MSE = 8.819799e-09, Test pred MSE = 6.063884e-02, Param MSE = 6.131774e-01, Grad norm = 5.880085e-06, Beta update rate = 3.848767e-06
Epoch   6600 (0.1%): Train pred MSE = 5.967766e-09, Test pred MSE = 6.063899e-02, Param MSE = 6.131792e-01, Grad norm = 4.826905e-06, Beta update rate = 3.155732e-06
Epoch   6800 (0.1%): Train pred MSE = 4.044171e-09, Test pred MSE = 6.063911e-02, Param MSE = 6.131807e-01, Grad norm = 3.966066e-06, Beta update rate = 2.590039e-06
Epoch   7000 (0.1%): Train pred MSE = 2.744450e-09, Test pred MSE = 6.063922e-02, Param MSE = 6.131820e-01, Grad norm = 3.261527e-06, Beta update rate = 2.127664e-06
Epoch   7200 (0.1%): Train pred MSE = 1.864829e-09, Test pred MSE = 6.063930e-02, Param MSE = 6.131830e-01, Grad norm = 2.684229e-06, Beta update rate = 1.749271e-06
Epoch   7400 (0.1%): Train pred MSE = 1.268633e-09, Test pred MSE = 6.063937e-02, Param MSE = 6.131839e-01, Grad norm = 2.210687e-06, Beta update rate = 1.439259e-06
Epoch   7600 (0.2%): Train pred MSE = 8.639868e-10, Test pred MSE = 6.063943e-02, Param MSE = 6.131846e-01, Grad norm = 1.821876e-06, Beta update rate = 1.185011e-06
Epoch   7800 (0.2%): Train pred MSE = 5.890023e-10, Test pred MSE = 6.063948e-02, Param MSE = 6.131852e-01, Grad norm = 1.502350e-06, Beta update rate = 9.763016e-07
Epoch   8000 (0.2%): Train pred MSE = 4.019153e-10, Test pred MSE = 6.063952e-02, Param MSE = 6.131857e-01, Grad norm = 1.239551e-06, Beta update rate = 8.048281e-07
Epoch   8200 (0.2%): Train pred MSE = 2.744935e-10, Test pred MSE = 6.063956e-02, Param MSE = 6.131861e-01, Grad norm = 1.023248e-06, Beta update rate = 6.638365e-07
Epoch   8400 (0.2%): Train pred MSE = 1.876225e-10, Test pred MSE = 6.063959e-02, Param MSE = 6.131864e-01, Grad norm = 8.450936e-07, Beta update rate = 5.478244e-07
Epoch   8600 (0.2%): Train pred MSE = 1.283426e-10, Test pred MSE = 6.063961e-02, Param MSE = 6.131867e-01, Grad norm = 6.982672e-07, Beta update rate = 4.523027e-07
Epoch   8800 (0.2%): Train pred MSE = 8.785590e-11, Test pred MSE = 6.063963e-02, Param MSE = 6.131869e-01, Grad norm = 5.771902e-07, Beta update rate = 3.736037e-07

Training completed at epoch 8800
Stop reason: train_pred_mse
Final Train pred MSE = 8.785590e-11
Final Test pred MSE = 6.063963e-02
Final Param MSE = 6.131869e-01
Final Grad norm = 5.771902e-07
Final Beta update rate = 3.736037e-07
Success flag: True (train_pred_mse < 1.00e-10)
Results metadata saved to results/diagonal/step1_mixture/pi_A=0.10--alpha=0.400000--seed=0/results_meta.json
Saved c_vec to results/diagonal/step1_mixture/pi_A=0.10--alpha=0.400000--seed=0/c_vec.npy

Results saved to results/diagonal/step1_mixture/pi_A=0.10--alpha=0.400000--seed=0/
Total jobs in this sweep: 108
Pi_A values: [0.1, 0.5, 0.9]
Alpha values: [0.05, 0.1, 0.2, 0.25, 0.3, 0.4, 0.5, 0.6, 0.7, 0.8, 0.9, 1.0]
Seeds: [0, 1, 2]
================================================================================
Step 1 Mixture Sweep - Experiment Parameters:
================================================================================
  c: 0.001
  c_A: 0.001
  c_B: 0.5
  c_mode: mixture
  epochs: 5000000
  init_method: complex
  inp_dim: 1000
  lmda: 0.0
  lr: 0.5
  n_test: 10000
  n_train: 400
  no_tuning: True
  pi_A: 0.1
  rho: 0.04
  save_folder: results/diagonal/step1_mixture/pi_A=0.10--alpha=0.400000--seed=0/
  scaling: 1.0
  seed: 0
  test_every_n_epochs: 200
  threshold: 1e-12
================================================================================

Running training script...

Extracting results and saving to CSV...
Results appended to /home/na658/multi-task2/experiment_results_step1_mixture.csv

✓ Experiment 15 completed successfully
[SLURM] Job 20445997 task 15 finished
