[SLURM] Job 20446005 task 23 starting on cpu-q-16
[SLURM] Step 1 Mixture Sweep
[SLURM] Using Python: /home/na658/.conda/envs/mtl_ft/bin/python
Starting diagonal network pretrain BG script...

================================================================================
SCRIPT STARTED - Running diagonal network BG experiment...
================================================================================

================================================================================
EXPERIMENT SETTINGS
================================================================================
Seed: 2
Input dimension: 1000
Sparsity (rho): 0.04
Training samples: 600
Test samples: 10000
Learning rate: 0.5
Max epochs: 5000000
Test every N epochs: 200
Convergence threshold: 1e-12
Stop pred MSE: 1e-10
Stop beta rate: disabled
Stop grad norm: disabled
LR decay: disabled
LR decay interval: 2000
Scaling: 1.0
Lambda (λ): 0.0
C parameter: 0.001
Initialization method: complex
Learning rate tuning: False
Save folder: results/diagonal/step1_mixture/pi_A=0.10--alpha=0.600000--seed=2/
C mode: mixture
  c_A=0.001, c_B=0.5, pi_A=0.1
================================================================================
Starting training...
================================================================================
[c_mode=mixture] pi_A=0.1, empirical frac_A=0.0980
[c_mode=mixture] c_A=0.001, c_B=0.5
Per-coordinate c init: c_vec range [0.001000, 0.500000]

Starting training loop (max 5000000 epochs, threshold=1.00e-12)...
Epoch      0 (0.0%): Train pred MSE = 1.225107e+00, Test pred MSE = 8.209091e-02, Param MSE = 8.322079e-01, Grad norm = 1.411014e-01, Beta update rate = nan
Epoch    200 (0.0%): Train pred MSE = 1.149601e-01, Test pred MSE = 2.588595e-02, Param MSE = 2.657172e-01, Grad norm = 4.645507e-02, Beta update rate = 8.562224e-02
Epoch    400 (0.0%): Train pred MSE = 3.099531e-02, Test pred MSE = 1.452418e-02, Param MSE = 1.498954e-01, Grad norm = 1.736938e-02, Beta update rate = 2.659249e-02
Epoch    600 (0.0%): Train pred MSE = 1.402505e-02, Test pred MSE = 1.114130e-02, Param MSE = 1.155364e-01, Grad norm = 9.577943e-03, Beta update rate = 1.050328e-02
Epoch    800 (0.0%): Train pred MSE = 8.032644e-03, Test pred MSE = 9.533771e-03, Param MSE = 9.910111e-02, Grad norm = 6.216460e-03, Beta update rate = 5.871280e-03
Epoch   1000 (0.0%): Train pred MSE = 5.246726e-03, Test pred MSE = 8.606716e-03, Param MSE = 8.954902e-02, Grad norm = 4.471826e-03, Beta update rate = 3.818137e-03
Epoch   1200 (0.0%): Train pred MSE = 3.709707e-03, Test pred MSE = 8.004635e-03, Param MSE = 8.330289e-02, Grad norm = 3.434087e-03, Beta update rate = 2.733603e-03
Epoch   1400 (0.0%): Train pred MSE = 2.763290e-03, Test pred MSE = 7.581850e-03, Param MSE = 7.889023e-02, Grad norm = 2.754743e-03, Beta update rate = 2.084879e-03
Epoch   1600 (0.0%): Train pred MSE = 2.135474e-03, Test pred MSE = 7.268706e-03, Param MSE = 7.560392e-02, Grad norm = 2.278439e-03, Beta update rate = 1.660035e-03
Epoch   1800 (0.0%): Train pred MSE = 1.696272e-03, Test pred MSE = 7.027736e-03, Param MSE = 7.306215e-02, Grad norm = 1.927337e-03, Beta update rate = 1.362903e-03
Epoch   2000 (0.0%): Train pred MSE = 1.376552e-03, Test pred MSE = 6.836916e-03, Param MSE = 7.103983e-02, Grad norm = 1.658744e-03, Beta update rate = 1.144779e-03
Epoch   2200 (0.0%): Train pred MSE = 1.136462e-03, Test pred MSE = 6.682407e-03, Param MSE = 6.939506e-02, Grad norm = 1.447422e-03, Beta update rate = 9.787189e-04
Epoch   2400 (0.0%): Train pred MSE = 9.515706e-04, Test pred MSE = 6.555048e-03, Param MSE = 6.803366e-02, Grad norm = 1.277479e-03, Beta update rate = 8.487067e-04
Epoch   2600 (0.1%): Train pred MSE = 8.061652e-04, Test pred MSE = 6.448522e-03, Param MSE = 6.689053e-02, Grad norm = 1.138365e-03, Beta update rate = 7.446377e-04
Epoch   2800 (0.1%): Train pred MSE = 6.897551e-04, Test pred MSE = 6.358327e-03, Param MSE = 6.591910e-02, Grad norm = 1.022775e-03, Beta update rate = 6.598170e-04
Epoch   3000 (0.1%): Train pred MSE = 5.951178e-04, Test pred MSE = 6.281163e-03, Param MSE = 6.508517e-02, Grad norm = 9.254721e-04, Beta update rate = 5.896274e-04
Epoch   3200 (0.1%): Train pred MSE = 5.171520e-04, Test pred MSE = 6.214556e-03, Param MSE = 6.436301e-02, Grad norm = 8.426095e-04, Beta update rate = 5.307796e-04
Epoch   3400 (0.1%): Train pred MSE = 4.521742e-04, Test pred MSE = 6.156612e-03, Param MSE = 6.373289e-02, Grad norm = 7.713008e-04, Beta update rate = 4.808683e-04
Epoch   3600 (0.1%): Train pred MSE = 3.974726e-04, Test pred MSE = 6.105860e-03, Param MSE = 6.317941e-02, Grad norm = 7.093471e-04, Beta update rate = 4.380970e-04
Epoch   3800 (0.1%): Train pred MSE = 3.510151e-04, Test pred MSE = 6.061136e-03, Param MSE = 6.269037e-02, Grad norm = 6.550512e-04, Beta update rate = 4.011009e-04
Epoch   4000 (0.1%): Train pred MSE = 3.112543e-04, Test pred MSE = 6.021511e-03, Param MSE = 6.225600e-02, Grad norm = 6.070890e-04, Beta update rate = 3.688279e-04
Epoch   4200 (0.1%): Train pred MSE = 2.769944e-04, Test pred MSE = 5.986231e-03, Param MSE = 6.186834e-02, Grad norm = 5.644175e-04, Beta update rate = 3.404572e-04
Epoch   4400 (0.1%): Train pred MSE = 2.472986e-04, Test pred MSE = 5.954680e-03, Param MSE = 6.152089e-02, Grad norm = 5.262070e-04, Beta update rate = 3.153413e-04
Epoch   4600 (0.1%): Train pred MSE = 2.214236e-04, Test pred MSE = 5.926351e-03, Param MSE = 6.120826e-02, Grad norm = 4.917923e-04, Beta update rate = 2.929646e-04
Epoch   4800 (0.1%): Train pred MSE = 1.987726e-04, Test pred MSE = 5.900820e-03, Param MSE = 6.092596e-02, Grad norm = 4.606351e-04, Beta update rate = 2.729125e-04
Epoch   5000 (0.1%): Train pred MSE = 1.788618e-04, Test pred MSE = 5.877733e-03, Param MSE = 6.067020e-02, Grad norm = 4.322959e-04, Beta update rate = 2.548491e-04
Epoch   5200 (0.1%): Train pred MSE = 1.612946e-04, Test pred MSE = 5.856791e-03, Param MSE = 6.043778e-02, Grad norm = 4.064131e-04, Beta update rate = 2.384998e-04
Epoch   5400 (0.1%): Train pred MSE = 1.457433e-04, Test pred MSE = 5.837739e-03, Param MSE = 6.022599e-02, Grad norm = 3.826865e-04, Beta update rate = 2.236383e-04
Epoch   5600 (0.1%): Train pred MSE = 1.319348e-04, Test pred MSE = 5.820360e-03, Param MSE = 6.003249e-02, Grad norm = 3.608647e-04, Beta update rate = 2.100766e-04
Epoch   5800 (0.1%): Train pred MSE = 1.196399e-04, Test pred MSE = 5.804467e-03, Param MSE = 5.985527e-02, Grad norm = 3.407355e-04, Beta update rate = 1.976575e-04
Epoch   6000 (0.1%): Train pred MSE = 1.086652e-04, Test pred MSE = 5.789900e-03, Param MSE = 5.969261e-02, Grad norm = 3.221185e-04, Beta update rate = 1.862485e-04
Epoch   6200 (0.1%): Train pred MSE = 9.884598e-05, Test pred MSE = 5.776519e-03, Param MSE = 5.954298e-02, Grad norm = 3.048589e-04, Beta update rate = 1.757372e-04
Epoch   6400 (0.1%): Train pred MSE = 9.004170e-05, Test pred MSE = 5.764202e-03, Param MSE = 5.940508e-02, Grad norm = 2.888233e-04, Beta update rate = 1.660275e-04
Epoch   6600 (0.1%): Train pred MSE = 8.213162e-05, Test pred MSE = 5.752842e-03, Param MSE = 5.927775e-02, Grad norm = 2.738957e-04, Beta update rate = 1.570367e-04
Epoch   6800 (0.1%): Train pred MSE = 7.501162e-05, Test pred MSE = 5.742347e-03, Param MSE = 5.915998e-02, Grad norm = 2.599746e-04, Beta update rate = 1.486934e-04
Epoch   7000 (0.1%): Train pred MSE = 6.859155e-05, Test pred MSE = 5.732635e-03, Param MSE = 5.905086e-02, Grad norm = 2.469708e-04, Beta update rate = 1.409354e-04
Epoch   7200 (0.1%): Train pred MSE = 6.279302e-05, Test pred MSE = 5.723631e-03, Param MSE = 5.894962e-02, Grad norm = 2.348056e-04, Beta update rate = 1.337083e-04
Epoch   7400 (0.1%): Train pred MSE = 5.754769e-05, Test pred MSE = 5.715274e-03, Param MSE = 5.885555e-02, Grad norm = 2.234089e-04, Beta update rate = 1.269642e-04
Epoch   7600 (0.2%): Train pred MSE = 5.279577e-05, Test pred MSE = 5.707504e-03, Param MSE = 5.876802e-02, Grad norm = 2.127182e-04, Beta update rate = 1.206609e-04
Epoch   7800 (0.2%): Train pred MSE = 4.848481e-05, Test pred MSE = 5.700271e-03, Param MSE = 5.868647e-02, Grad norm = 2.026776e-04, Beta update rate = 1.147609e-04
Epoch   8000 (0.2%): Train pred MSE = 4.456867e-05, Test pred MSE = 5.693529e-03, Param MSE = 5.861039e-02, Grad norm = 1.932368e-04, Beta update rate = 1.092309e-04
Epoch   8200 (0.2%): Train pred MSE = 4.100664e-05, Test pred MSE = 5.687237e-03, Param MSE = 5.853935e-02, Grad norm = 1.843504e-04, Beta update rate = 1.040409e-04
Epoch   8400 (0.2%): Train pred MSE = 3.776277e-05, Test pred MSE = 5.681359e-03, Param MSE = 5.847292e-02, Grad norm = 1.759775e-04, Beta update rate = 9.916429e-05
Epoch   8600 (0.2%): Train pred MSE = 3.480518e-05, Test pred MSE = 5.675861e-03, Param MSE = 5.841076e-02, Grad norm = 1.680806e-04, Beta update rate = 9.457683e-05
Epoch   8800 (0.2%): Train pred MSE = 3.210560e-05, Test pred MSE = 5.670714e-03, Param MSE = 5.835252e-02, Grad norm = 1.606260e-04, Beta update rate = 9.025679e-05
Epoch   9000 (0.2%): Train pred MSE = 2.963888e-05, Test pred MSE = 5.665889e-03, Param MSE = 5.829791e-02, Grad norm = 1.535827e-04, Beta update rate = 8.618449e-05
Epoch   9200 (0.2%): Train pred MSE = 2.738260e-05, Test pred MSE = 5.661364e-03, Param MSE = 5.824665e-02, Grad norm = 1.469227e-04, Beta update rate = 8.234203e-05
Epoch   9400 (0.2%): Train pred MSE = 2.531676e-05, Test pred MSE = 5.657115e-03, Param MSE = 5.819850e-02, Grad norm = 1.406199e-04, Beta update rate = 7.871314e-05
Epoch   9600 (0.2%): Train pred MSE = 2.342347e-05, Test pred MSE = 5.653122e-03, Param MSE = 5.815323e-02, Grad norm = 1.346507e-04, Beta update rate = 7.528298e-05
Epoch   9800 (0.2%): Train pred MSE = 2.168672e-05, Test pred MSE = 5.649367e-03, Param MSE = 5.811063e-02, Grad norm = 1.289934e-04, Beta update rate = 7.203798e-05
Epoch  10000 (0.2%): Train pred MSE = 2.009215e-05, Test pred MSE = 5.645832e-03, Param MSE = 5.807052e-02, Grad norm = 1.236278e-04, Beta update rate = 6.896574e-05
Epoch  10200 (0.2%): Train pred MSE = 1.862685e-05, Test pred MSE = 5.642502e-03, Param MSE = 5.803273e-02, Grad norm = 1.185355e-04, Beta update rate = 6.605484e-05
Epoch  10400 (0.2%): Train pred MSE = 1.727923e-05, Test pred MSE = 5.639364e-03, Param MSE = 5.799709e-02, Grad norm = 1.136995e-04, Beta update rate = 6.329484e-05
Epoch  10600 (0.2%): Train pred MSE = 1.603884e-05, Test pred MSE = 5.636403e-03, Param MSE = 5.796346e-02, Grad norm = 1.091039e-04, Beta update rate = 6.067608e-05
Epoch  10800 (0.2%): Train pred MSE = 1.489625e-05, Test pred MSE = 5.633609e-03, Param MSE = 5.793171e-02, Grad norm = 1.047342e-04, Beta update rate = 5.818968e-05
Epoch  11000 (0.2%): Train pred MSE = 1.384296e-05, Test pred MSE = 5.630969e-03, Param MSE = 5.790171e-02, Grad norm = 1.005768e-04, Beta update rate = 5.582743e-05
Epoch  11200 (0.2%): Train pred MSE = 1.287129e-05, Test pred MSE = 5.628475e-03, Param MSE = 5.787335e-02, Grad norm = 9.661919e-05, Beta update rate = 5.358176e-05
Epoch  11400 (0.2%): Train pred MSE = 1.197426e-05, Test pred MSE = 5.626115e-03, Param MSE = 5.784652e-02, Grad norm = 9.284972e-05, Beta update rate = 5.144563e-05
Epoch  11600 (0.2%): Train pred MSE = 1.114559e-05, Test pred MSE = 5.623883e-03, Param MSE = 5.782113e-02, Grad norm = 8.925752e-05, Beta update rate = 4.941253e-05
Epoch  11800 (0.2%): Train pred MSE = 1.037954e-05, Test pred MSE = 5.621770e-03, Param MSE = 5.779708e-02, Grad norm = 8.583251e-05, Beta update rate = 4.747643e-05
Epoch  12000 (0.2%): Train pred MSE = 9.670925e-06, Test pred MSE = 5.619768e-03, Param MSE = 5.777430e-02, Grad norm = 8.256528e-05, Beta update rate = 4.563170e-05
Epoch  12200 (0.2%): Train pred MSE = 9.015029e-06, Test pred MSE = 5.617870e-03, Param MSE = 5.775271e-02, Grad norm = 7.944706e-05, Beta update rate = 4.387311e-05
Epoch  12400 (0.2%): Train pred MSE = 8.407557e-06, Test pred MSE = 5.616071e-03, Param MSE = 5.773223e-02, Grad norm = 7.646965e-05, Beta update rate = 4.219582e-05
Epoch  12600 (0.3%): Train pred MSE = 7.844598e-06, Test pred MSE = 5.614364e-03, Param MSE = 5.771280e-02, Grad norm = 7.362541e-05, Beta update rate = 4.059527e-05
Epoch  12800 (0.3%): Train pred MSE = 7.322590e-06, Test pred MSE = 5.612744e-03, Param MSE = 5.769435e-02, Grad norm = 7.090718e-05, Beta update rate = 3.906724e-05
Epoch  13000 (0.3%): Train pred MSE = 6.838280e-06, Test pred MSE = 5.611206e-03, Param MSE = 5.767683e-02, Grad norm = 6.830826e-05, Beta update rate = 3.760778e-05
Epoch  13200 (0.3%): Train pred MSE = 6.388701e-06, Test pred MSE = 5.609745e-03, Param MSE = 5.766018e-02, Grad norm = 6.582237e-05, Beta update rate = 3.621319e-05
Epoch  13400 (0.3%): Train pred MSE = 5.971139e-06, Test pred MSE = 5.608356e-03, Param MSE = 5.764436e-02, Grad norm = 6.344364e-05, Beta update rate = 3.488001e-05
Epoch  13600 (0.3%): Train pred MSE = 5.583113e-06, Test pred MSE = 5.607035e-03, Param MSE = 5.762931e-02, Grad norm = 6.116655e-05, Beta update rate = 3.360500e-05
Epoch  13800 (0.3%): Train pred MSE = 5.222350e-06, Test pred MSE = 5.605779e-03, Param MSE = 5.761500e-02, Grad norm = 5.898591e-05, Beta update rate = 3.238514e-05
Epoch  14000 (0.3%): Train pred MSE = 4.886770e-06, Test pred MSE = 5.604584e-03, Param MSE = 5.760138e-02, Grad norm = 5.689686e-05, Beta update rate = 3.121757e-05
Epoch  14200 (0.3%): Train pred MSE = 4.574465e-06, Test pred MSE = 5.603446e-03, Param MSE = 5.758841e-02, Grad norm = 5.489483e-05, Beta update rate = 3.009963e-05
Epoch  14400 (0.3%): Train pred MSE = 4.283684e-06, Test pred MSE = 5.602362e-03, Param MSE = 5.757605e-02, Grad norm = 5.297550e-05, Beta update rate = 2.902880e-05
Epoch  14600 (0.3%): Train pred MSE = 4.012820e-06, Test pred MSE = 5.601330e-03, Param MSE = 5.756429e-02, Grad norm = 5.113483e-05, Beta update rate = 2.800273e-05
Epoch  14800 (0.3%): Train pred MSE = 3.760397e-06, Test pred MSE = 5.600347e-03, Param MSE = 5.755307e-02, Grad norm = 4.936899e-05, Beta update rate = 2.701919e-05
Epoch  15000 (0.3%): Train pred MSE = 3.525055e-06, Test pred MSE = 5.599409e-03, Param MSE = 5.754238e-02, Grad norm = 4.767439e-05, Beta update rate = 2.607610e-05
Epoch  15200 (0.3%): Train pred MSE = 3.305547e-06, Test pred MSE = 5.598515e-03, Param MSE = 5.753218e-02, Grad norm = 4.604763e-05, Beta update rate = 2.517150e-05
Epoch  15400 (0.3%): Train pred MSE = 3.100721e-06, Test pred MSE = 5.597662e-03, Param MSE = 5.752245e-02, Grad norm = 4.448551e-05, Beta update rate = 2.430352e-05
Epoch  15600 (0.3%): Train pred MSE = 2.909518e-06, Test pred MSE = 5.596848e-03, Param MSE = 5.751316e-02, Grad norm = 4.298500e-05, Beta update rate = 2.347041e-05
Epoch  15800 (0.3%): Train pred MSE = 2.730961e-06, Test pred MSE = 5.596071e-03, Param MSE = 5.750430e-02, Grad norm = 4.154325e-05, Beta update rate = 2.267054e-05
Epoch  16000 (0.3%): Train pred MSE = 2.564149e-06, Test pred MSE = 5.595329e-03, Param MSE = 5.749583e-02, Grad norm = 4.015755e-05, Beta update rate = 2.190233e-05
Epoch  16200 (0.3%): Train pred MSE = 2.408251e-06, Test pred MSE = 5.594621e-03, Param MSE = 5.748775e-02, Grad norm = 3.882534e-05, Beta update rate = 2.116432e-05
Epoch  16400 (0.3%): Train pred MSE = 2.262498e-06, Test pred MSE = 5.593944e-03, Param MSE = 5.748002e-02, Grad norm = 3.754420e-05, Beta update rate = 2.045511e-05
Epoch  16600 (0.3%): Train pred MSE = 2.126181e-06, Test pred MSE = 5.593297e-03, Param MSE = 5.747264e-02, Grad norm = 3.631185e-05, Beta update rate = 1.977339e-05
Epoch  16800 (0.3%): Train pred MSE = 1.998643e-06, Test pred MSE = 5.592679e-03, Param MSE = 5.746558e-02, Grad norm = 3.512611e-05, Beta update rate = 1.911791e-05
Epoch  17000 (0.3%): Train pred MSE = 1.879279e-06, Test pred MSE = 5.592087e-03, Param MSE = 5.745882e-02, Grad norm = 3.398493e-05, Beta update rate = 1.848749e-05
Epoch  17200 (0.3%): Train pred MSE = 1.767525e-06, Test pred MSE = 5.591522e-03, Param MSE = 5.745237e-02, Grad norm = 3.288635e-05, Beta update rate = 1.788102e-05
Epoch  17400 (0.3%): Train pred MSE = 1.662863e-06, Test pred MSE = 5.590981e-03, Param MSE = 5.744619e-02, Grad norm = 3.182853e-05, Beta update rate = 1.729743e-05
Epoch  17600 (0.4%): Train pred MSE = 1.564809e-06, Test pred MSE = 5.590463e-03, Param MSE = 5.744027e-02, Grad norm = 3.080970e-05, Beta update rate = 1.673572e-05
Epoch  17800 (0.4%): Train pred MSE = 1.472918e-06, Test pred MSE = 5.589968e-03, Param MSE = 5.743461e-02, Grad norm = 2.982821e-05, Beta update rate = 1.619493e-05
Epoch  18000 (0.4%): Train pred MSE = 1.386775e-06, Test pred MSE = 5.589494e-03, Param MSE = 5.742919e-02, Grad norm = 2.888245e-05, Beta update rate = 1.567417e-05
Epoch  18200 (0.4%): Train pred MSE = 1.305996e-06, Test pred MSE = 5.589039e-03, Param MSE = 5.742400e-02, Grad norm = 2.797094e-05, Beta update rate = 1.517258e-05
Epoch  18400 (0.4%): Train pred MSE = 1.230223e-06, Test pred MSE = 5.588604e-03, Param MSE = 5.741902e-02, Grad norm = 2.709223e-05, Beta update rate = 1.468933e-05
Epoch  18600 (0.4%): Train pred MSE = 1.159126e-06, Test pred MSE = 5.588187e-03, Param MSE = 5.741425e-02, Grad norm = 2.624496e-05, Beta update rate = 1.422365e-05
Epoch  18800 (0.4%): Train pred MSE = 1.092397e-06, Test pred MSE = 5.587788e-03, Param MSE = 5.740968e-02, Grad norm = 2.542784e-05, Beta update rate = 1.377481e-05
Epoch  19000 (0.4%): Train pred MSE = 1.029750e-06, Test pred MSE = 5.587405e-03, Param MSE = 5.740530e-02, Grad norm = 2.463962e-05, Beta update rate = 1.334210e-05
Epoch  19200 (0.4%): Train pred MSE = 9.709184e-07, Test pred MSE = 5.587038e-03, Param MSE = 5.740110e-02, Grad norm = 2.387914e-05, Beta update rate = 1.292485e-05
Epoch  19400 (0.4%): Train pred MSE = 9.156547e-07, Test pred MSE = 5.586686e-03, Param MSE = 5.739708e-02, Grad norm = 2.314527e-05, Beta update rate = 1.252244e-05
Epoch  19600 (0.4%): Train pred MSE = 8.637286e-07, Test pred MSE = 5.586349e-03, Param MSE = 5.739321e-02, Grad norm = 2.243695e-05, Beta update rate = 1.213425e-05
Epoch  19800 (0.4%): Train pred MSE = 8.149257e-07, Test pred MSE = 5.586025e-03, Param MSE = 5.738950e-02, Grad norm = 2.175316e-05, Beta update rate = 1.175970e-05
Epoch  20000 (0.4%): Train pred MSE = 7.690463e-07, Test pred MSE = 5.585715e-03, Param MSE = 5.738595e-02, Grad norm = 2.109291e-05, Beta update rate = 1.139826e-05
Epoch  20200 (0.4%): Train pred MSE = 7.259042e-07, Test pred MSE = 5.585417e-03, Param MSE = 5.738253e-02, Grad norm = 2.045530e-05, Beta update rate = 1.104939e-05
Epoch  20400 (0.4%): Train pred MSE = 6.853259e-07, Test pred MSE = 5.585131e-03, Param MSE = 5.737925e-02, Grad norm = 1.983943e-05, Beta update rate = 1.071259e-05
Epoch  20600 (0.4%): Train pred MSE = 6.471496e-07, Test pred MSE = 5.584856e-03, Param MSE = 5.737610e-02, Grad norm = 1.924445e-05, Beta update rate = 1.038739e-05
Epoch  20800 (0.4%): Train pred MSE = 6.112244e-07, Test pred MSE = 5.584592e-03, Param MSE = 5.737308e-02, Grad norm = 1.866957e-05, Beta update rate = 1.007333e-05
Epoch  21000 (0.4%): Train pred MSE = 5.774095e-07, Test pred MSE = 5.584339e-03, Param MSE = 5.737017e-02, Grad norm = 1.811400e-05, Beta update rate = 9.769978e-06
Epoch  21200 (0.4%): Train pred MSE = 5.455735e-07, Test pred MSE = 5.584096e-03, Param MSE = 5.736738e-02, Grad norm = 1.757702e-05, Beta update rate = 9.476918e-06
Epoch  21400 (0.4%): Train pred MSE = 5.155936e-07, Test pred MSE = 5.583862e-03, Param MSE = 5.736469e-02, Grad norm = 1.705791e-05, Beta update rate = 9.193752e-06
Epoch  21600 (0.4%): Train pred MSE = 4.873552e-07, Test pred MSE = 5.583638e-03, Param MSE = 5.736212e-02, Grad norm = 1.655600e-05, Beta update rate = 8.920102e-06
Epoch  21800 (0.4%): Train pred MSE = 4.607511e-07, Test pred MSE = 5.583422e-03, Param MSE = 5.735964e-02, Grad norm = 1.607064e-05, Beta update rate = 8.655606e-06
Epoch  22000 (0.4%): Train pred MSE = 4.356813e-07, Test pred MSE = 5.583214e-03, Param MSE = 5.735725e-02, Grad norm = 1.560123e-05, Beta update rate = 8.399915e-06
Epoch  22200 (0.4%): Train pred MSE = 4.120521e-07, Test pred MSE = 5.583015e-03, Param MSE = 5.735496e-02, Grad norm = 1.514716e-05, Beta update rate = 8.152699e-06
Epoch  22400 (0.4%): Train pred MSE = 3.897759e-07, Test pred MSE = 5.582823e-03, Param MSE = 5.735275e-02, Grad norm = 1.470787e-05, Beta update rate = 7.913639e-06
Epoch  22600 (0.5%): Train pred MSE = 3.687709e-07, Test pred MSE = 5.582639e-03, Param MSE = 5.735063e-02, Grad norm = 1.428282e-05, Beta update rate = 7.682433e-06
Epoch  22800 (0.5%): Train pred MSE = 3.489604e-07, Test pred MSE = 5.582462e-03, Param MSE = 5.734859e-02, Grad norm = 1.387149e-05, Beta update rate = 7.458789e-06
Epoch  23000 (0.5%): Train pred MSE = 3.302725e-07, Test pred MSE = 5.582291e-03, Param MSE = 5.734663e-02, Grad norm = 1.347338e-05, Beta update rate = 7.242428e-06
Epoch  23200 (0.5%): Train pred MSE = 3.126402e-07, Test pred MSE = 5.582127e-03, Param MSE = 5.734474e-02, Grad norm = 1.308802e-05, Beta update rate = 7.033083e-06
Epoch  23400 (0.5%): Train pred MSE = 2.960004e-07, Test pred MSE = 5.581969e-03, Param MSE = 5.734292e-02, Grad norm = 1.271493e-05, Beta update rate = 6.830499e-06
Epoch  23600 (0.5%): Train pred MSE = 2.802943e-07, Test pred MSE = 5.581818e-03, Param MSE = 5.734117e-02, Grad norm = 1.235370e-05, Beta update rate = 6.634429e-06
Epoch  23800 (0.5%): Train pred MSE = 2.654664e-07, Test pred MSE = 5.581671e-03, Param MSE = 5.733948e-02, Grad norm = 1.200388e-05, Beta update rate = 6.444640e-06
Epoch  24000 (0.5%): Train pred MSE = 2.514651e-07, Test pred MSE = 5.581531e-03, Param MSE = 5.733785e-02, Grad norm = 1.166509e-05, Beta update rate = 6.260904e-06
Epoch  24200 (0.5%): Train pred MSE = 2.382417e-07, Test pred MSE = 5.581395e-03, Param MSE = 5.733629e-02, Grad norm = 1.133693e-05, Beta update rate = 6.083006e-06
Epoch  24400 (0.5%): Train pred MSE = 2.257507e-07, Test pred MSE = 5.581265e-03, Param MSE = 5.733478e-02, Grad norm = 1.101902e-05, Beta update rate = 5.910738e-06
Epoch  24600 (0.5%): Train pred MSE = 2.139493e-07, Test pred MSE = 5.581139e-03, Param MSE = 5.733333e-02, Grad norm = 1.071102e-05, Beta update rate = 5.743900e-06
Epoch  24800 (0.5%): Train pred MSE = 2.027974e-07, Test pred MSE = 5.581018e-03, Param MSE = 5.733193e-02, Grad norm = 1.041257e-05, Beta update rate = 5.582302e-06
Epoch  25000 (0.5%): Train pred MSE = 1.922574e-07, Test pred MSE = 5.580901e-03, Param MSE = 5.733058e-02, Grad norm = 1.012335e-05, Beta update rate = 5.425759e-06
Epoch  25200 (0.5%): Train pred MSE = 1.822939e-07, Test pred MSE = 5.580789e-03, Param MSE = 5.732928e-02, Grad norm = 9.843030e-06, Beta update rate = 5.274095e-06
Epoch  25400 (0.5%): Train pred MSE = 1.728737e-07, Test pred MSE = 5.580681e-03, Param MSE = 5.732802e-02, Grad norm = 9.571316e-06, Beta update rate = 5.127141e-06
Epoch  25600 (0.5%): Train pred MSE = 1.639657e-07, Test pred MSE = 5.580577e-03, Param MSE = 5.732682e-02, Grad norm = 9.307911e-06, Beta update rate = 4.984732e-06
Epoch  25800 (0.5%): Train pred MSE = 1.555404e-07, Test pred MSE = 5.580476e-03, Param MSE = 5.732565e-02, Grad norm = 9.052532e-06, Beta update rate = 4.846714e-06
Epoch  26000 (0.5%): Train pred MSE = 1.475705e-07, Test pred MSE = 5.580379e-03, Param MSE = 5.732453e-02, Grad norm = 8.804908e-06, Beta update rate = 4.712934e-06
Epoch  26200 (0.5%): Train pred MSE = 1.400300e-07, Test pred MSE = 5.580286e-03, Param MSE = 5.732344e-02, Grad norm = 8.564776e-06, Beta update rate = 4.583249e-06
Epoch  26400 (0.5%): Train pred MSE = 1.328946e-07, Test pred MSE = 5.580196e-03, Param MSE = 5.732240e-02, Grad norm = 8.331887e-06, Beta update rate = 4.457519e-06
Epoch  26600 (0.5%): Train pred MSE = 1.261414e-07, Test pred MSE = 5.580109e-03, Param MSE = 5.732139e-02, Grad norm = 8.105997e-06, Beta update rate = 4.335610e-06
Epoch  26800 (0.5%): Train pred MSE = 1.197489e-07, Test pred MSE = 5.580025e-03, Param MSE = 5.732041e-02, Grad norm = 7.886873e-06, Beta update rate = 4.217393e-06
Epoch  27000 (0.5%): Train pred MSE = 1.136969e-07, Test pred MSE = 5.579945e-03, Param MSE = 5.731947e-02, Grad norm = 7.674292e-06, Beta update rate = 4.102745e-06
Epoch  27200 (0.5%): Train pred MSE = 1.079662e-07, Test pred MSE = 5.579867e-03, Param MSE = 5.731857e-02, Grad norm = 7.468037e-06, Beta update rate = 3.991545e-06
Epoch  27400 (0.5%): Train pred MSE = 1.025390e-07, Test pred MSE = 5.579792e-03, Param MSE = 5.731769e-02, Grad norm = 7.267899e-06, Beta update rate = 3.883679e-06
Epoch  27600 (0.6%): Train pred MSE = 9.739845e-08, Test pred MSE = 5.579719e-03, Param MSE = 5.731685e-02, Grad norm = 7.073679e-06, Beta update rate = 3.779036e-06
Epoch  27800 (0.6%): Train pred MSE = 9.252855e-08, Test pred MSE = 5.579649e-03, Param MSE = 5.731603e-02, Grad norm = 6.885184e-06, Beta update rate = 3.677511e-06
Epoch  28000 (0.6%): Train pred MSE = 8.791438e-08, Test pred MSE = 5.579582e-03, Param MSE = 5.731524e-02, Grad norm = 6.702226e-06, Beta update rate = 3.578999e-06
Epoch  28200 (0.6%): Train pred MSE = 8.354184e-08, Test pred MSE = 5.579517e-03, Param MSE = 5.731448e-02, Grad norm = 6.524627e-06, Beta update rate = 3.483402e-06
Epoch  28400 (0.6%): Train pred MSE = 7.939764e-08, Test pred MSE = 5.579454e-03, Param MSE = 5.731375e-02, Grad norm = 6.352213e-06, Beta update rate = 3.390625e-06
Epoch  28600 (0.6%): Train pred MSE = 7.546928e-08, Test pred MSE = 5.579393e-03, Param MSE = 5.731304e-02, Grad norm = 6.184819e-06, Beta update rate = 3.300576e-06
Epoch  28800 (0.6%): Train pred MSE = 7.174496e-08, Test pred MSE = 5.579335e-03, Param MSE = 5.731235e-02, Grad norm = 6.022281e-06, Beta update rate = 3.213166e-06
Epoch  29000 (0.6%): Train pred MSE = 6.821356e-08, Test pred MSE = 5.579278e-03, Param MSE = 5.731169e-02, Grad norm = 5.864447e-06, Beta update rate = 3.128311e-06
Epoch  29200 (0.6%): Train pred MSE = 6.486459e-08, Test pred MSE = 5.579223e-03, Param MSE = 5.731105e-02, Grad norm = 5.711165e-06, Beta update rate = 3.045928e-06
Epoch  29400 (0.6%): Train pred MSE = 6.168817e-08, Test pred MSE = 5.579171e-03, Param MSE = 5.731043e-02, Grad norm = 5.562292e-06, Beta update rate = 2.965937e-06
Epoch  29600 (0.6%): Train pred MSE = 5.867498e-08, Test pred MSE = 5.579120e-03, Param MSE = 5.730983e-02, Grad norm = 5.417688e-06, Beta update rate = 2.888262e-06
Epoch  29800 (0.6%): Train pred MSE = 5.581621e-08, Test pred MSE = 5.579071e-03, Param MSE = 5.730925e-02, Grad norm = 5.277218e-06, Beta update rate = 2.812829e-06
Epoch  30000 (0.6%): Train pred MSE = 5.310358e-08, Test pred MSE = 5.579023e-03, Param MSE = 5.730870e-02, Grad norm = 5.140753e-06, Beta update rate = 2.739567e-06
Epoch  30200 (0.6%): Train pred MSE = 5.052925e-08, Test pred MSE = 5.578977e-03, Param MSE = 5.730816e-02, Grad norm = 5.008167e-06, Beta update rate = 2.668407e-06
Epoch  30400 (0.6%): Train pred MSE = 4.808582e-08, Test pred MSE = 5.578933e-03, Param MSE = 5.730763e-02, Grad norm = 4.879340e-06, Beta update rate = 2.599283e-06
Epoch  30600 (0.6%): Train pred MSE = 4.576632e-08, Test pred MSE = 5.578890e-03, Param MSE = 5.730713e-02, Grad norm = 4.754154e-06, Beta update rate = 2.532132e-06
Epoch  30800 (0.6%): Train pred MSE = 4.356417e-08, Test pred MSE = 5.578848e-03, Param MSE = 5.730664e-02, Grad norm = 4.632497e-06, Beta update rate = 2.466890e-06
Epoch  31000 (0.6%): Train pred MSE = 4.147314e-08, Test pred MSE = 5.578808e-03, Param MSE = 5.730617e-02, Grad norm = 4.514259e-06, Beta update rate = 2.403498e-06
Epoch  31200 (0.6%): Train pred MSE = 3.948735e-08, Test pred MSE = 5.578770e-03, Param MSE = 5.730571e-02, Grad norm = 4.399336e-06, Beta update rate = 2.341899e-06
Epoch  31400 (0.6%): Train pred MSE = 3.760126e-08, Test pred MSE = 5.578732e-03, Param MSE = 5.730527e-02, Grad norm = 4.287624e-06, Beta update rate = 2.282037e-06
Epoch  31600 (0.6%): Train pred MSE = 3.580962e-08, Test pred MSE = 5.578696e-03, Param MSE = 5.730484e-02, Grad norm = 4.179027e-06, Beta update rate = 2.223859e-06
Epoch  31800 (0.6%): Train pred MSE = 3.410747e-08, Test pred MSE = 5.578661e-03, Param MSE = 5.730443e-02, Grad norm = 4.073449e-06, Beta update rate = 2.167312e-06
Epoch  32000 (0.6%): Train pred MSE = 3.249014e-08, Test pred MSE = 5.578627e-03, Param MSE = 5.730403e-02, Grad norm = 3.970798e-06, Beta update rate = 2.112346e-06
Epoch  32200 (0.6%): Train pred MSE = 3.095319e-08, Test pred MSE = 5.578595e-03, Param MSE = 5.730364e-02, Grad norm = 3.870986e-06, Beta update rate = 2.058913e-06
Epoch  32400 (0.6%): Train pred MSE = 2.949245e-08, Test pred MSE = 5.578563e-03, Param MSE = 5.730327e-02, Grad norm = 3.773926e-06, Beta update rate = 2.006966e-06
Epoch  32600 (0.7%): Train pred MSE = 2.810395e-08, Test pred MSE = 5.578532e-03, Param MSE = 5.730290e-02, Grad norm = 3.679535e-06, Beta update rate = 1.956460e-06
Epoch  32800 (0.7%): Train pred MSE = 2.678395e-08, Test pred MSE = 5.578503e-03, Param MSE = 5.730255e-02, Grad norm = 3.587734e-06, Beta update rate = 1.907350e-06
Epoch  33000 (0.7%): Train pred MSE = 2.552892e-08, Test pred MSE = 5.578474e-03, Param MSE = 5.730221e-02, Grad norm = 3.498444e-06, Beta update rate = 1.859595e-06
Epoch  33200 (0.7%): Train pred MSE = 2.433551e-08, Test pred MSE = 5.578447e-03, Param MSE = 5.730188e-02, Grad norm = 3.411591e-06, Beta update rate = 1.813154e-06
Epoch  33400 (0.7%): Train pred MSE = 2.320054e-08, Test pred MSE = 5.578420e-03, Param MSE = 5.730157e-02, Grad norm = 3.327101e-06, Beta update rate = 1.767986e-06
Epoch  33600 (0.7%): Train pred MSE = 2.212103e-08, Test pred MSE = 5.578394e-03, Param MSE = 5.730126e-02, Grad norm = 3.244905e-06, Beta update rate = 1.724055e-06
Epoch  33800 (0.7%): Train pred MSE = 2.109413e-08, Test pred MSE = 5.578369e-03, Param MSE = 5.730096e-02, Grad norm = 3.164935e-06, Beta update rate = 1.681322e-06
Epoch  34000 (0.7%): Train pred MSE = 2.011717e-08, Test pred MSE = 5.578345e-03, Param MSE = 5.730067e-02, Grad norm = 3.087125e-06, Beta update rate = 1.639753e-06
Epoch  34200 (0.7%): Train pred MSE = 1.918760e-08, Test pred MSE = 5.578321e-03, Param MSE = 5.730039e-02, Grad norm = 3.011410e-06, Beta update rate = 1.599312e-06
Epoch  34400 (0.7%): Train pred MSE = 1.830301e-08, Test pred MSE = 5.578298e-03, Param MSE = 5.730012e-02, Grad norm = 2.937731e-06, Beta update rate = 1.559965e-06
Epoch  34600 (0.7%): Train pred MSE = 1.746113e-08, Test pred MSE = 5.578276e-03, Param MSE = 5.729985e-02, Grad norm = 2.866026e-06, Beta update rate = 1.521682e-06
Epoch  34800 (0.7%): Train pred MSE = 1.665979e-08, Test pred MSE = 5.578255e-03, Param MSE = 5.729960e-02, Grad norm = 2.796238e-06, Beta update rate = 1.484429e-06
Epoch  35000 (0.7%): Train pred MSE = 1.589696e-08, Test pred MSE = 5.578234e-03, Param MSE = 5.729935e-02, Grad norm = 2.728311e-06, Beta update rate = 1.448177e-06
Epoch  35200 (0.7%): Train pred MSE = 1.517070e-08, Test pred MSE = 5.578214e-03, Param MSE = 5.729911e-02, Grad norm = 2.662191e-06, Beta update rate = 1.412897e-06
Epoch  35400 (0.7%): Train pred MSE = 1.447918e-08, Test pred MSE = 5.578195e-03, Param MSE = 5.729888e-02, Grad norm = 2.597826e-06, Beta update rate = 1.378560e-06
Epoch  35600 (0.7%): Train pred MSE = 1.382065e-08, Test pred MSE = 5.578176e-03, Param MSE = 5.729866e-02, Grad norm = 2.535164e-06, Beta update rate = 1.345138e-06
Epoch  35800 (0.7%): Train pred MSE = 1.319347e-08, Test pred MSE = 5.578158e-03, Param MSE = 5.729844e-02, Grad norm = 2.474157e-06, Beta update rate = 1.312605e-06
Epoch  36000 (0.7%): Train pred MSE = 1.259607e-08, Test pred MSE = 5.578141e-03, Param MSE = 5.729823e-02, Grad norm = 2.414757e-06, Beta update rate = 1.280934e-06
Epoch  36200 (0.7%): Train pred MSE = 1.202699e-08, Test pred MSE = 5.578124e-03, Param MSE = 5.729802e-02, Grad norm = 2.356918e-06, Beta update rate = 1.250102e-06
Epoch  36400 (0.7%): Train pred MSE = 1.148481e-08, Test pred MSE = 5.578107e-03, Param MSE = 5.729782e-02, Grad norm = 2.300595e-06, Beta update rate = 1.220084e-06
Epoch  36600 (0.7%): Train pred MSE = 1.096820e-08, Test pred MSE = 5.578091e-03, Param MSE = 5.729763e-02, Grad norm = 2.245745e-06, Beta update rate = 1.190855e-06
Epoch  36800 (0.7%): Train pred MSE = 1.047591e-08, Test pred MSE = 5.578076e-03, Param MSE = 5.729744e-02, Grad norm = 2.192326e-06, Beta update rate = 1.162395e-06
Epoch  37000 (0.7%): Train pred MSE = 1.000673e-08, Test pred MSE = 5.578061e-03, Param MSE = 5.729726e-02, Grad norm = 2.140297e-06, Beta update rate = 1.134680e-06
Epoch  37200 (0.7%): Train pred MSE = 9.559528e-09, Test pred MSE = 5.578046e-03, Param MSE = 5.729709e-02, Grad norm = 2.089619e-06, Beta update rate = 1.107689e-06
Epoch  37400 (0.7%): Train pred MSE = 9.133232e-09, Test pred MSE = 5.578032e-03, Param MSE = 5.729692e-02, Grad norm = 2.040253e-06, Beta update rate = 1.081402e-06
Epoch  37600 (0.8%): Train pred MSE = 8.726819e-09, Test pred MSE = 5.578018e-03, Param MSE = 5.729675e-02, Grad norm = 1.992163e-06, Beta update rate = 1.055798e-06
Epoch  37800 (0.8%): Train pred MSE = 8.339317e-09, Test pred MSE = 5.578005e-03, Param MSE = 5.729659e-02, Grad norm = 1.945313e-06, Beta update rate = 1.030858e-06
Epoch  38000 (0.8%): Train pred MSE = 7.969807e-09, Test pred MSE = 5.577992e-03, Param MSE = 5.729644e-02, Grad norm = 1.899667e-06, Beta update rate = 1.006564e-06
Epoch  38200 (0.8%): Train pred MSE = 7.617415e-09, Test pred MSE = 5.577980e-03, Param MSE = 5.729629e-02, Grad norm = 1.855192e-06, Beta update rate = 9.828973e-07
Epoch  38400 (0.8%): Train pred MSE = 7.281312e-09, Test pred MSE = 5.577968e-03, Param MSE = 5.729614e-02, Grad norm = 1.811856e-06, Beta update rate = 9.598398e-07
Epoch  38600 (0.8%): Train pred MSE = 6.960711e-09, Test pred MSE = 5.577956e-03, Param MSE = 5.729600e-02, Grad norm = 1.769626e-06, Beta update rate = 9.373746e-07
Epoch  38800 (0.8%): Train pred MSE = 6.654865e-09, Test pred MSE = 5.577945e-03, Param MSE = 5.729586e-02, Grad norm = 1.728472e-06, Beta update rate = 9.154852e-07
Epoch  39000 (0.8%): Train pred MSE = 6.363063e-09, Test pred MSE = 5.577934e-03, Param MSE = 5.729573e-02, Grad norm = 1.688364e-06, Beta update rate = 8.941555e-07
Epoch  39200 (0.8%): Train pred MSE = 6.084632e-09, Test pred MSE = 5.577923e-03, Param MSE = 5.729560e-02, Grad norm = 1.649273e-06, Beta update rate = 8.733698e-07
Epoch  39400 (0.8%): Train pred MSE = 5.818930e-09, Test pred MSE = 5.577913e-03, Param MSE = 5.729547e-02, Grad norm = 1.611171e-06, Beta update rate = 8.531129e-07
Epoch  39600 (0.8%): Train pred MSE = 5.565351e-09, Test pred MSE = 5.577903e-03, Param MSE = 5.729535e-02, Grad norm = 1.574030e-06, Beta update rate = 8.333703e-07
Epoch  39800 (0.8%): Train pred MSE = 5.323315e-09, Test pred MSE = 5.577893e-03, Param MSE = 5.729523e-02, Grad norm = 1.537825e-06, Beta update rate = 8.141277e-07
Epoch  40000 (0.8%): Train pred MSE = 5.092273e-09, Test pred MSE = 5.577883e-03, Param MSE = 5.729512e-02, Grad norm = 1.502530e-06, Beta update rate = 7.953713e-07
Epoch  40200 (0.8%): Train pred MSE = 4.871705e-09, Test pred MSE = 5.577874e-03, Param MSE = 5.729500e-02, Grad norm = 1.468119e-06, Beta update rate = 7.770876e-07
Epoch  40400 (0.8%): Train pred MSE = 4.661112e-09, Test pred MSE = 5.577865e-03, Param MSE = 5.729490e-02, Grad norm = 1.434569e-06, Beta update rate = 7.592636e-07
Epoch  40600 (0.8%): Train pred MSE = 4.460025e-09, Test pred MSE = 5.577857e-03, Param MSE = 5.729479e-02, Grad norm = 1.401856e-06, Beta update rate = 7.418868e-07
Epoch  40800 (0.8%): Train pred MSE = 4.267995e-09, Test pred MSE = 5.577848e-03, Param MSE = 5.729469e-02, Grad norm = 1.369957e-06, Beta update rate = 7.249450e-07
Epoch  41000 (0.8%): Train pred MSE = 4.084595e-09, Test pred MSE = 5.577840e-03, Param MSE = 5.729459e-02, Grad norm = 1.338850e-06, Beta update rate = 7.084261e-07
Epoch  41200 (0.8%): Train pred MSE = 3.909421e-09, Test pred MSE = 5.577832e-03, Param MSE = 5.729449e-02, Grad norm = 1.308515e-06, Beta update rate = 6.923188e-07
Epoch  41400 (0.8%): Train pred MSE = 3.742086e-09, Test pred MSE = 5.577825e-03, Param MSE = 5.729440e-02, Grad norm = 1.278929e-06, Beta update rate = 6.766118e-07
Epoch  41600 (0.8%): Train pred MSE = 3.582226e-09, Test pred MSE = 5.577817e-03, Param MSE = 5.729431e-02, Grad norm = 1.250074e-06, Beta update rate = 6.612943e-07
Epoch  41800 (0.8%): Train pred MSE = 3.429490e-09, Test pred MSE = 5.577810e-03, Param MSE = 5.729422e-02, Grad norm = 1.221928e-06, Beta update rate = 6.463558e-07
Epoch  42000 (0.8%): Train pred MSE = 3.283547e-09, Test pred MSE = 5.577803e-03, Param MSE = 5.729413e-02, Grad norm = 1.194474e-06, Beta update rate = 6.317859e-07
Epoch  42200 (0.8%): Train pred MSE = 3.144082e-09, Test pred MSE = 5.577796e-03, Param MSE = 5.729405e-02, Grad norm = 1.167693e-06, Beta update rate = 6.175748e-07
Epoch  42400 (0.8%): Train pred MSE = 3.010794e-09, Test pred MSE = 5.577790e-03, Param MSE = 5.729397e-02, Grad norm = 1.141566e-06, Beta update rate = 6.037129e-07
Epoch  42600 (0.9%): Train pred MSE = 2.883398e-09, Test pred MSE = 5.577783e-03, Param MSE = 5.729389e-02, Grad norm = 1.116077e-06, Beta update rate = 5.901908e-07
Epoch  42800 (0.9%): Train pred MSE = 2.761622e-09, Test pred MSE = 5.577777e-03, Param MSE = 5.729381e-02, Grad norm = 1.091208e-06, Beta update rate = 5.769994e-07
Epoch  43000 (0.9%): Train pred MSE = 2.645207e-09, Test pred MSE = 5.577771e-03, Param MSE = 5.729374e-02, Grad norm = 1.066943e-06, Beta update rate = 5.641299e-07
Epoch  43200 (0.9%): Train pred MSE = 2.533907e-09, Test pred MSE = 5.577765e-03, Param MSE = 5.729367e-02, Grad norm = 1.043267e-06, Beta update rate = 5.515736e-07
Epoch  43400 (0.9%): Train pred MSE = 2.427487e-09, Test pred MSE = 5.577759e-03, Param MSE = 5.729359e-02, Grad norm = 1.020162e-06, Beta update rate = 5.393224e-07
Epoch  43600 (0.9%): Train pred MSE = 2.325723e-09, Test pred MSE = 5.577754e-03, Param MSE = 5.729353e-02, Grad norm = 9.976152e-07, Beta update rate = 5.273681e-07
Epoch  43800 (0.9%): Train pred MSE = 2.228404e-09, Test pred MSE = 5.577748e-03, Param MSE = 5.729346e-02, Grad norm = 9.756109e-07, Beta update rate = 5.157028e-07
Epoch  44000 (0.9%): Train pred MSE = 2.135326e-09, Test pred MSE = 5.577743e-03, Param MSE = 5.729340e-02, Grad norm = 9.541352e-07, Beta update rate = 5.043190e-07
Epoch  44200 (0.9%): Train pred MSE = 2.046296e-09, Test pred MSE = 5.577738e-03, Param MSE = 5.729333e-02, Grad norm = 9.331742e-07, Beta update rate = 4.932091e-07
Epoch  44400 (0.9%): Train pred MSE = 1.961132e-09, Test pred MSE = 5.577733e-03, Param MSE = 5.729327e-02, Grad norm = 9.127144e-07, Beta update rate = 4.823661e-07
Epoch  44600 (0.9%): Train pred MSE = 1.879658e-09, Test pred MSE = 5.577728e-03, Param MSE = 5.729321e-02, Grad norm = 8.927428e-07, Beta update rate = 4.717830e-07
Epoch  44800 (0.9%): Train pred MSE = 1.801706e-09, Test pred MSE = 5.577724e-03, Param MSE = 5.729315e-02, Grad norm = 8.732468e-07, Beta update rate = 4.614529e-07
Epoch  45000 (0.9%): Train pred MSE = 1.727119e-09, Test pred MSE = 5.577719e-03, Param MSE = 5.729310e-02, Grad norm = 8.542139e-07, Beta update rate = 4.513692e-07
Epoch  45200 (0.9%): Train pred MSE = 1.655745e-09, Test pred MSE = 5.577715e-03, Param MSE = 5.729304e-02, Grad norm = 8.356322e-07, Beta update rate = 4.415256e-07
Epoch  45400 (0.9%): Train pred MSE = 1.587439e-09, Test pred MSE = 5.577710e-03, Param MSE = 5.729299e-02, Grad norm = 8.174901e-07, Beta update rate = 4.319157e-07
Epoch  45600 (0.9%): Train pred MSE = 1.522064e-09, Test pred MSE = 5.577706e-03, Param MSE = 5.729294e-02, Grad norm = 7.997761e-07, Beta update rate = 4.225336e-07
Epoch  45800 (0.9%): Train pred MSE = 1.459489e-09, Test pred MSE = 5.577702e-03, Param MSE = 5.729289e-02, Grad norm = 7.824794e-07, Beta update rate = 4.133733e-07
Epoch  46000 (0.9%): Train pred MSE = 1.399589e-09, Test pred MSE = 5.577698e-03, Param MSE = 5.729284e-02, Grad norm = 7.655892e-07, Beta update rate = 4.044292e-07
Epoch  46200 (0.9%): Train pred MSE = 1.342244e-09, Test pred MSE = 5.577694e-03, Param MSE = 5.729279e-02, Grad norm = 7.490950e-07, Beta update rate = 3.956956e-07
Epoch  46400 (0.9%): Train pred MSE = 1.287341e-09, Test pred MSE = 5.577690e-03, Param MSE = 5.729274e-02, Grad norm = 7.329868e-07, Beta update rate = 3.871671e-07
Epoch  46600 (0.9%): Train pred MSE = 1.234772e-09, Test pred MSE = 5.577687e-03, Param MSE = 5.729270e-02, Grad norm = 7.172548e-07, Beta update rate = 3.788386e-07
Epoch  46800 (0.9%): Train pred MSE = 1.184434e-09, Test pred MSE = 5.577683e-03, Param MSE = 5.729266e-02, Grad norm = 7.018893e-07, Beta update rate = 3.707048e-07
Epoch  47000 (0.9%): Train pred MSE = 1.136226e-09, Test pred MSE = 5.577680e-03, Param MSE = 5.729261e-02, Grad norm = 6.868811e-07, Beta update rate = 3.627608e-07
Epoch  47200 (0.9%): Train pred MSE = 1.090057e-09, Test pred MSE = 5.577676e-03, Param MSE = 5.729257e-02, Grad norm = 6.722211e-07, Beta update rate = 3.550018e-07
Epoch  47400 (0.9%): Train pred MSE = 1.045836e-09, Test pred MSE = 5.577673e-03, Param MSE = 5.729253e-02, Grad norm = 6.579005e-07, Beta update rate = 3.474231e-07
Epoch  47600 (1.0%): Train pred MSE = 1.003477e-09, Test pred MSE = 5.577670e-03, Param MSE = 5.729249e-02, Grad norm = 6.439108e-07, Beta update rate = 3.400201e-07
Epoch  47800 (1.0%): Train pred MSE = 9.628981e-10, Test pred MSE = 5.577667e-03, Param MSE = 5.729245e-02, Grad norm = 6.302436e-07, Beta update rate = 3.327883e-07
Epoch  48000 (1.0%): Train pred MSE = 9.240225e-10, Test pred MSE = 5.577664e-03, Param MSE = 5.729242e-02, Grad norm = 6.168908e-07, Beta update rate = 3.257235e-07
Epoch  48200 (1.0%): Train pred MSE = 8.867753e-10, Test pred MSE = 5.577661e-03, Param MSE = 5.729238e-02, Grad norm = 6.038446e-07, Beta update rate = 3.188215e-07
Epoch  48400 (1.0%): Train pred MSE = 8.510854e-10, Test pred MSE = 5.577658e-03, Param MSE = 5.729234e-02, Grad norm = 5.910972e-07, Beta update rate = 3.120781e-07
Epoch  48600 (1.0%): Train pred MSE = 8.168852e-10, Test pred MSE = 5.577655e-03, Param MSE = 5.729231e-02, Grad norm = 5.786413e-07, Beta update rate = 3.054893e-07
Epoch  48800 (1.0%): Train pred MSE = 7.841099e-10, Test pred MSE = 5.577653e-03, Param MSE = 5.729228e-02, Grad norm = 5.664695e-07, Beta update rate = 2.990514e-07
Epoch  49000 (1.0%): Train pred MSE = 7.526978e-10, Test pred MSE = 5.577650e-03, Param MSE = 5.729224e-02, Grad norm = 5.545749e-07, Beta update rate = 2.927604e-07
Epoch  49200 (1.0%): Train pred MSE = 7.225898e-10, Test pred MSE = 5.577648e-03, Param MSE = 5.729221e-02, Grad norm = 5.429504e-07, Beta update rate = 2.866129e-07
Epoch  49400 (1.0%): Train pred MSE = 6.937298e-10, Test pred MSE = 5.577645e-03, Param MSE = 5.729218e-02, Grad norm = 5.315896e-07, Beta update rate = 2.806052e-07
Epoch  49600 (1.0%): Train pred MSE = 6.660638e-10, Test pred MSE = 5.577643e-03, Param MSE = 5.729215e-02, Grad norm = 5.204857e-07, Beta update rate = 2.747338e-07
Epoch  49800 (1.0%): Train pred MSE = 6.395405e-10, Test pred MSE = 5.577640e-03, Param MSE = 5.729212e-02, Grad norm = 5.096326e-07, Beta update rate = 2.689953e-07
Epoch  50000 (1.0%): Train pred MSE = 6.141109e-10, Test pred MSE = 5.577638e-03, Param MSE = 5.729209e-02, Grad norm = 4.990240e-07, Beta update rate = 2.633866e-07
Epoch  50200 (1.0%): Train pred MSE = 5.897281e-10, Test pred MSE = 5.577636e-03, Param MSE = 5.729206e-02, Grad norm = 4.886540e-07, Beta update rate = 2.579044e-07
Epoch  50400 (1.0%): Train pred MSE = 5.663473e-10, Test pred MSE = 5.577634e-03, Param MSE = 5.729204e-02, Grad norm = 4.785167e-07, Beta update rate = 2.525455e-07
Epoch  50600 (1.0%): Train pred MSE = 5.439257e-10, Test pred MSE = 5.577631e-03, Param MSE = 5.729201e-02, Grad norm = 4.686064e-07, Beta update rate = 2.473070e-07
Epoch  50800 (1.0%): Train pred MSE = 5.224225e-10, Test pred MSE = 5.577629e-03, Param MSE = 5.729198e-02, Grad norm = 4.589176e-07, Beta update rate = 2.421858e-07
Epoch  51000 (1.0%): Train pred MSE = 5.017985e-10, Test pred MSE = 5.577627e-03, Param MSE = 5.729196e-02, Grad norm = 4.494449e-07, Beta update rate = 2.371792e-07
Epoch  51200 (1.0%): Train pred MSE = 4.820165e-10, Test pred MSE = 5.577625e-03, Param MSE = 5.729193e-02, Grad norm = 4.401830e-07, Beta update rate = 2.322844e-07
Epoch  51400 (1.0%): Train pred MSE = 4.630407e-10, Test pred MSE = 5.577623e-03, Param MSE = 5.729191e-02, Grad norm = 4.311269e-07, Beta update rate = 2.274986e-07
Epoch  51600 (1.0%): Train pred MSE = 4.448371e-10, Test pred MSE = 5.577622e-03, Param MSE = 5.729189e-02, Grad norm = 4.222716e-07, Beta update rate = 2.228192e-07
Epoch  51800 (1.0%): Train pred MSE = 4.273730e-10, Test pred MSE = 5.577620e-03, Param MSE = 5.729186e-02, Grad norm = 4.136122e-07, Beta update rate = 2.182435e-07
Epoch  52000 (1.0%): Train pred MSE = 4.106172e-10, Test pred MSE = 5.577618e-03, Param MSE = 5.729184e-02, Grad norm = 4.051440e-07, Beta update rate = 2.137692e-07
Epoch  52200 (1.0%): Train pred MSE = 3.945400e-10, Test pred MSE = 5.577616e-03, Param MSE = 5.729182e-02, Grad norm = 3.968625e-07, Beta update rate = 2.093937e-07
Epoch  52400 (1.0%): Train pred MSE = 3.791129e-10, Test pred MSE = 5.577615e-03, Param MSE = 5.729180e-02, Grad norm = 3.887631e-07, Beta update rate = 2.051147e-07
Epoch  52600 (1.1%): Train pred MSE = 3.643085e-10, Test pred MSE = 5.577613e-03, Param MSE = 5.729178e-02, Grad norm = 3.808414e-07, Beta update rate = 2.009299e-07
Epoch  52800 (1.1%): Train pred MSE = 3.501008e-10, Test pred MSE = 5.577611e-03, Param MSE = 5.729176e-02, Grad norm = 3.730934e-07, Beta update rate = 1.968370e-07
Epoch  53000 (1.1%): Train pred MSE = 3.364649e-10, Test pred MSE = 5.577610e-03, Param MSE = 5.729174e-02, Grad norm = 3.655148e-07, Beta update rate = 1.928337e-07
Epoch  53200 (1.1%): Train pred MSE = 3.233769e-10, Test pred MSE = 5.577608e-03, Param MSE = 5.729172e-02, Grad norm = 3.581015e-07, Beta update rate = 1.889181e-07
Epoch  53400 (1.1%): Train pred MSE = 3.108141e-10, Test pred MSE = 5.577607e-03, Param MSE = 5.729170e-02, Grad norm = 3.508497e-07, Beta update rate = 1.850879e-07
Epoch  53600 (1.1%): Train pred MSE = 2.987545e-10, Test pred MSE = 5.577605e-03, Param MSE = 5.729168e-02, Grad norm = 3.437556e-07, Beta update rate = 1.813412e-07
Epoch  53800 (1.1%): Train pred MSE = 2.871773e-10, Test pred MSE = 5.577604e-03, Param MSE = 5.729167e-02, Grad norm = 3.368154e-07, Beta update rate = 1.776759e-07
Epoch  54000 (1.1%): Train pred MSE = 2.760625e-10, Test pred MSE = 5.577603e-03, Param MSE = 5.729165e-02, Grad norm = 3.300255e-07, Beta update rate = 1.740902e-07
Epoch  54200 (1.1%): Train pred MSE = 2.653910e-10, Test pred MSE = 5.577601e-03, Param MSE = 5.729163e-02, Grad norm = 3.233823e-07, Beta update rate = 1.705821e-07
Epoch  54400 (1.1%): Train pred MSE = 2.551445e-10, Test pred MSE = 5.577600e-03, Param MSE = 5.729162e-02, Grad norm = 3.168825e-07, Beta update rate = 1.671499e-07
Epoch  54600 (1.1%): Train pred MSE = 2.453054e-10, Test pred MSE = 5.577599e-03, Param MSE = 5.729160e-02, Grad norm = 3.105226e-07, Beta update rate = 1.637918e-07
Epoch  54800 (1.1%): Train pred MSE = 2.358571e-10, Test pred MSE = 5.577597e-03, Param MSE = 5.729158e-02, Grad norm = 3.042994e-07, Beta update rate = 1.605060e-07
Epoch  55000 (1.1%): Train pred MSE = 2.267834e-10, Test pred MSE = 5.577596e-03, Param MSE = 5.729157e-02, Grad norm = 2.982097e-07, Beta update rate = 1.572908e-07
Epoch  55200 (1.1%): Train pred MSE = 2.180690e-10, Test pred MSE = 5.577595e-03, Param MSE = 5.729155e-02, Grad norm = 2.922505e-07, Beta update rate = 1.541446e-07
Epoch  55400 (1.1%): Train pred MSE = 2.096991e-10, Test pred MSE = 5.577594e-03, Param MSE = 5.729154e-02, Grad norm = 2.864185e-07, Beta update rate = 1.510657e-07
Epoch  55600 (1.1%): Train pred MSE = 2.016597e-10, Test pred MSE = 5.577593e-03, Param MSE = 5.729153e-02, Grad norm = 2.807110e-07, Beta update rate = 1.480527e-07
Epoch  55800 (1.1%): Train pred MSE = 1.939374e-10, Test pred MSE = 5.577592e-03, Param MSE = 5.729151e-02, Grad norm = 2.751250e-07, Beta update rate = 1.451039e-07
Epoch  56000 (1.1%): Train pred MSE = 1.865191e-10, Test pred MSE = 5.577591e-03, Param MSE = 5.729150e-02, Grad norm = 2.696578e-07, Beta update rate = 1.422179e-07
Epoch  56200 (1.1%): Train pred MSE = 1.793924e-10, Test pred MSE = 5.577589e-03, Param MSE = 5.729149e-02, Grad norm = 2.643065e-07, Beta update rate = 1.393933e-07
Epoch  56400 (1.1%): Train pred MSE = 1.725457e-10, Test pred MSE = 5.577588e-03, Param MSE = 5.729147e-02, Grad norm = 2.590686e-07, Beta update rate = 1.366286e-07
Epoch  56600 (1.1%): Train pred MSE = 1.659674e-10, Test pred MSE = 5.577587e-03, Param MSE = 5.729146e-02, Grad norm = 2.539414e-07, Beta update rate = 1.339224e-07
Epoch  56800 (1.1%): Train pred MSE = 1.596468e-10, Test pred MSE = 5.577586e-03, Param MSE = 5.729145e-02, Grad norm = 2.489224e-07, Beta update rate = 1.312735e-07
Epoch  57000 (1.1%): Train pred MSE = 1.535734e-10, Test pred MSE = 5.577586e-03, Param MSE = 5.729144e-02, Grad norm = 2.440091e-07, Beta update rate = 1.286804e-07
Epoch  57200 (1.1%): Train pred MSE = 1.477373e-10, Test pred MSE = 5.577585e-03, Param MSE = 5.729142e-02, Grad norm = 2.391992e-07, Beta update rate = 1.261420e-07
Epoch  57400 (1.1%): Train pred MSE = 1.421288e-10, Test pred MSE = 5.577584e-03, Param MSE = 5.729141e-02, Grad norm = 2.344902e-07, Beta update rate = 1.236569e-07
Epoch  57600 (1.2%): Train pred MSE = 1.367388e-10, Test pred MSE = 5.577583e-03, Param MSE = 5.729140e-02, Grad norm = 2.298798e-07, Beta update rate = 1.212239e-07
Epoch  57800 (1.2%): Train pred MSE = 1.315585e-10, Test pred MSE = 5.577582e-03, Param MSE = 5.729139e-02, Grad norm = 2.253659e-07, Beta update rate = 1.188420e-07
Epoch  58000 (1.2%): Train pred MSE = 1.265796e-10, Test pred MSE = 5.577581e-03, Param MSE = 5.729138e-02, Grad norm = 2.209463e-07, Beta update rate = 1.165098e-07
Epoch  58200 (1.2%): Train pred MSE = 1.217939e-10, Test pred MSE = 5.577580e-03, Param MSE = 5.729137e-02, Grad norm = 2.166188e-07, Beta update rate = 1.142264e-07
Epoch  58400 (1.2%): Train pred MSE = 1.171937e-10, Test pred MSE = 5.577579e-03, Param MSE = 5.729136e-02, Grad norm = 2.123813e-07, Beta update rate = 1.119905e-07
Epoch  58600 (1.2%): Train pred MSE = 1.127716e-10, Test pred MSE = 5.577579e-03, Param MSE = 5.729135e-02, Grad norm = 2.082319e-07, Beta update rate = 1.098011e-07
Epoch  58800 (1.2%): Train pred MSE = 1.085206e-10, Test pred MSE = 5.577578e-03, Param MSE = 5.729134e-02, Grad norm = 2.041685e-07, Beta update rate = 1.076572e-07
Epoch  59000 (1.2%): Train pred MSE = 1.044337e-10, Test pred MSE = 5.577577e-03, Param MSE = 5.729133e-02, Grad norm = 2.001892e-07, Beta update rate = 1.055577e-07
Epoch  59200 (1.2%): Train pred MSE = 1.005045e-10, Test pred MSE = 5.577576e-03, Param MSE = 5.729132e-02, Grad norm = 1.962922e-07, Beta update rate = 1.035017e-07
Epoch  59400 (1.2%): Train pred MSE = 9.672667e-11, Test pred MSE = 5.577576e-03, Param MSE = 5.729131e-02, Grad norm = 1.924756e-07, Beta update rate = 1.014882e-07

Training completed at epoch 59400
Stop reason: train_pred_mse
Final Train pred MSE = 9.672667e-11
Final Test pred MSE = 5.577576e-03
Final Param MSE = 5.729131e-02
Final Grad norm = 1.924756e-07
Final Beta update rate = 1.014882e-07
Success flag: True (train_pred_mse < 1.00e-10)
Results metadata saved to results/diagonal/step1_mixture/pi_A=0.10--alpha=0.600000--seed=2/results_meta.json
Saved c_vec to results/diagonal/step1_mixture/pi_A=0.10--alpha=0.600000--seed=2/c_vec.npy

Results saved to results/diagonal/step1_mixture/pi_A=0.10--alpha=0.600000--seed=2/
Total jobs in this sweep: 108
Pi_A values: [0.1, 0.5, 0.9]
Alpha values: [0.05, 0.1, 0.2, 0.25, 0.3, 0.4, 0.5, 0.6, 0.7, 0.8, 0.9, 1.0]
Seeds: [0, 1, 2]
================================================================================
Step 1 Mixture Sweep - Experiment Parameters:
================================================================================
  c: 0.001
  c_A: 0.001
  c_B: 0.5
  c_mode: mixture
  epochs: 5000000
  init_method: complex
  inp_dim: 1000
  lmda: 0.0
  lr: 0.5
  n_test: 10000
  n_train: 600
  no_tuning: True
  pi_A: 0.1
  rho: 0.04
  save_folder: results/diagonal/step1_mixture/pi_A=0.10--alpha=0.600000--seed=2/
  scaling: 1.0
  seed: 2
  test_every_n_epochs: 200
  threshold: 1e-12
================================================================================

Running training script...

Extracting results and saving to CSV...
Results appended to /home/na658/multi-task2/experiment_results_step1_mixture.csv

✓ Experiment 23 completed successfully
[SLURM] Job 20446005 task 23 finished
