[SLURM] Job 20446035 task 53 starting on cpu-q-226
[SLURM] Step 1 Mixture Sweep
[SLURM] Using Python: /home/na658/.conda/envs/mtl_ft/bin/python
Starting diagonal network pretrain BG script...

================================================================================
SCRIPT STARTED - Running diagonal network BG experiment...
================================================================================

================================================================================
EXPERIMENT SETTINGS
================================================================================
Seed: 2
Input dimension: 1000
Sparsity (rho): 0.04
Training samples: 400
Test samples: 10000
Learning rate: 0.5
Max epochs: 5000000
Test every N epochs: 200
Convergence threshold: 1e-12
Stop pred MSE: 1e-10
Stop beta rate: disabled
Stop grad norm: disabled
LR decay: disabled
LR decay interval: 2000
Scaling: 1.0
Lambda (λ): 0.0
C parameter: 0.001
Initialization method: complex
Learning rate tuning: False
Save folder: results/diagonal/step1_mixture/pi_A=0.50--alpha=0.400000--seed=2/
C mode: mixture
  c_A=0.001, c_B=0.5, pi_A=0.5
================================================================================
Starting training...
================================================================================
[c_mode=mixture] pi_A=0.5, empirical frac_A=0.4960
[c_mode=mixture] c_A=0.001, c_B=0.5
Per-coordinate c init: c_vec range [0.001000, 0.500000]

Starting training loop (max 5000000 epochs, threshold=1.00e-12)...
Epoch      0 (0.0%): Train pred MSE = 1.712743e+00, Test pred MSE = 8.212772e-02, Param MSE = 8.326271e-01, Grad norm = 1.729544e-01, Beta update rate = nan
Epoch    200 (0.0%): Train pred MSE = 3.195970e-01, Test pred MSE = 4.936680e-02, Param MSE = 5.092878e-01, Grad norm = 5.950545e-02, Beta update rate = 8.193971e-02
Epoch    400 (0.0%): Train pred MSE = 1.216917e-01, Test pred MSE = 4.008187e-02, Param MSE = 4.126575e-01, Grad norm = 3.029941e-02, Beta update rate = 3.350647e-02
Epoch    600 (0.0%): Train pred MSE = 6.593647e-02, Test pred MSE = 3.427128e-02, Param MSE = 3.529034e-01, Grad norm = 1.792675e-02, Beta update rate = 1.746818e-02
Epoch    800 (0.0%): Train pred MSE = 4.293326e-02, Test pred MSE = 3.133381e-02, Param MSE = 3.229373e-01, Grad norm = 1.295975e-02, Beta update rate = 1.025538e-02
Epoch   1000 (0.0%): Train pred MSE = 2.974304e-02, Test pred MSE = 2.944947e-02, Param MSE = 3.038905e-01, Grad norm = 1.017607e-02, Beta update rate = 7.268517e-03
Epoch   1200 (0.0%): Train pred MSE = 2.131217e-02, Test pred MSE = 2.805745e-02, Param MSE = 2.899450e-01, Grad norm = 8.266955e-03, Beta update rate = 5.615960e-03
Epoch   1400 (0.0%): Train pred MSE = 1.567083e-02, Test pred MSE = 2.698244e-02, Param MSE = 2.792169e-01, Grad norm = 6.800232e-03, Beta update rate = 4.514396e-03
Epoch   1600 (0.0%): Train pred MSE = 1.181832e-02, Test pred MSE = 2.614847e-02, Param MSE = 2.708645e-01, Grad norm = 5.653059e-03, Beta update rate = 3.690344e-03
Epoch   1800 (0.0%): Train pred MSE = 9.121423e-03, Test pred MSE = 2.550482e-02, Param MSE = 2.643611e-01, Grad norm = 4.764867e-03, Beta update rate = 3.040365e-03
Epoch   2000 (0.0%): Train pred MSE = 7.180091e-03, Test pred MSE = 2.500621e-02, Param MSE = 2.592641e-01, Grad norm = 4.070906e-03, Beta update rate = 2.534508e-03
Epoch   2200 (0.0%): Train pred MSE = 5.746506e-03, Test pred MSE = 2.461588e-02, Param MSE = 2.552210e-01, Grad norm = 3.519370e-03, Beta update rate = 2.142719e-03
Epoch   2400 (0.0%): Train pred MSE = 4.664279e-03, Test pred MSE = 2.430660e-02, Param MSE = 2.519724e-01, Grad norm = 3.073626e-03, Beta update rate = 1.835941e-03
Epoch   2600 (0.1%): Train pred MSE = 3.831613e-03, Test pred MSE = 2.405883e-02, Param MSE = 2.493329e-01, Grad norm = 2.708133e-03, Beta update rate = 1.591431e-03
Epoch   2800 (0.1%): Train pred MSE = 3.180236e-03, Test pred MSE = 2.385846e-02, Param MSE = 2.471682e-01, Grad norm = 2.404658e-03, Beta update rate = 1.392981e-03
Epoch   3000 (0.1%): Train pred MSE = 2.663187e-03, Test pred MSE = 2.369510e-02, Param MSE = 2.453792e-01, Grad norm = 2.149802e-03, Beta update rate = 1.229349e-03
Epoch   3200 (0.1%): Train pred MSE = 2.247461e-03, Test pred MSE = 2.356095e-02, Param MSE = 2.438903e-01, Grad norm = 1.933510e-03, Beta update rate = 1.092639e-03
Epoch   3400 (0.1%): Train pred MSE = 1.909416e-03, Test pred MSE = 2.345001e-02, Param MSE = 2.426435e-01, Grad norm = 1.748143e-03, Beta update rate = 9.771437e-04
Epoch   3600 (0.1%): Train pred MSE = 1.631809e-03, Test pred MSE = 2.335768e-02, Param MSE = 2.415932e-01, Grad norm = 1.587855e-03, Beta update rate = 8.786196e-04
Epoch   3800 (0.1%): Train pred MSE = 1.401847e-03, Test pred MSE = 2.328038e-02, Param MSE = 2.407036e-01, Grad norm = 1.448126e-03, Beta update rate = 7.938422e-04
Epoch   4000 (0.1%): Train pred MSE = 1.209892e-03, Test pred MSE = 2.321530e-02, Param MSE = 2.399463e-01, Grad norm = 1.325431e-03, Beta update rate = 7.203231e-04
Epoch   4200 (0.1%): Train pred MSE = 1.048577e-03, Test pred MSE = 2.316024e-02, Param MSE = 2.392988e-01, Grad norm = 1.216988e-03, Beta update rate = 6.561169e-04
Epoch   4400 (0.1%): Train pred MSE = 9.121939e-04, Test pred MSE = 2.311344e-02, Param MSE = 2.387429e-01, Grad norm = 1.120578e-03, Beta update rate = 5.996859e-04
Epoch   4600 (0.1%): Train pred MSE = 7.962720e-04, Test pred MSE = 2.307350e-02, Param MSE = 2.382638e-01, Grad norm = 1.034412e-03, Beta update rate = 5.498019e-04
Epoch   4800 (0.1%): Train pred MSE = 6.972683e-04, Test pred MSE = 2.303929e-02, Param MSE = 2.378497e-01, Grad norm = 9.570367e-04, Beta update rate = 5.054744e-04
Epoch   5000 (0.1%): Train pred MSE = 6.123492e-04, Test pred MSE = 2.300988e-02, Param MSE = 2.374906e-01, Grad norm = 8.872564e-04, Beta update rate = 4.658972e-04
Epoch   5200 (0.1%): Train pred MSE = 5.392273e-04, Test pred MSE = 2.298452e-02, Param MSE = 2.371784e-01, Grad norm = 8.240828e-04, Beta update rate = 4.304085e-04
Epoch   5400 (0.1%): Train pred MSE = 4.760418e-04, Test pred MSE = 2.296259e-02, Param MSE = 2.369063e-01, Grad norm = 7.666918e-04, Beta update rate = 3.984610e-04
Epoch   5600 (0.1%): Train pred MSE = 4.212668e-04, Test pred MSE = 2.294357e-02, Param MSE = 2.366686e-01, Grad norm = 7.143916e-04, Beta update rate = 3.695982e-04
Epoch   5800 (0.1%): Train pred MSE = 3.736431e-04, Test pred MSE = 2.292703e-02, Param MSE = 2.364604e-01, Grad norm = 6.665970e-04, Beta update rate = 3.434373e-04
Epoch   6000 (0.1%): Train pred MSE = 3.321247e-04, Test pred MSE = 2.291261e-02, Param MSE = 2.362777e-01, Grad norm = 6.228103e-04, Beta update rate = 3.196548e-04
Epoch   6200 (0.1%): Train pred MSE = 2.958377e-04, Test pred MSE = 2.289999e-02, Param MSE = 2.361170e-01, Grad norm = 5.826053e-04, Beta update rate = 2.979759e-04
Epoch   6400 (0.1%): Train pred MSE = 2.640486e-04, Test pred MSE = 2.288893e-02, Param MSE = 2.359753e-01, Grad norm = 5.456146e-04, Beta update rate = 2.781656e-04
Epoch   6600 (0.1%): Train pred MSE = 2.361383e-04, Test pred MSE = 2.287919e-02, Param MSE = 2.358501e-01, Grad norm = 5.115201e-04, Beta update rate = 2.600220e-04
Epoch   6800 (0.1%): Train pred MSE = 2.115823e-04, Test pred MSE = 2.287060e-02, Param MSE = 2.357392e-01, Grad norm = 4.800440e-04, Beta update rate = 2.433707e-04
Epoch   7000 (0.1%): Train pred MSE = 1.899346e-04, Test pred MSE = 2.286299e-02, Param MSE = 2.356407e-01, Grad norm = 4.509431e-04, Beta update rate = 2.280603e-04
Epoch   7200 (0.1%): Train pred MSE = 1.708141e-04, Test pred MSE = 2.285622e-02, Param MSE = 2.355530e-01, Grad norm = 4.240029e-04, Beta update rate = 2.139585e-04
Epoch   7400 (0.1%): Train pred MSE = 1.538948e-04, Test pred MSE = 2.285019e-02, Param MSE = 2.354747e-01, Grad norm = 3.990335e-04, Beta update rate = 2.009494e-04
Epoch   7600 (0.2%): Train pred MSE = 1.388965e-04, Test pred MSE = 2.284478e-02, Param MSE = 2.354046e-01, Grad norm = 3.758657e-04, Beta update rate = 1.889312e-04
Epoch   7800 (0.2%): Train pred MSE = 1.255778e-04, Test pred MSE = 2.283992e-02, Param MSE = 2.353416e-01, Grad norm = 3.543485e-04, Beta update rate = 1.778136e-04
Epoch   8000 (0.2%): Train pred MSE = 1.137305e-04, Test pred MSE = 2.283553e-02, Param MSE = 2.352848e-01, Grad norm = 3.343461e-04, Beta update rate = 1.675165e-04
Epoch   8200 (0.2%): Train pred MSE = 1.031742e-04, Test pred MSE = 2.283154e-02, Param MSE = 2.352336e-01, Grad norm = 3.157363e-04, Beta update rate = 1.579685e-04
Epoch   8400 (0.2%): Train pred MSE = 9.375261e-05, Test pred MSE = 2.282791e-02, Param MSE = 2.351870e-01, Grad norm = 2.984085e-04, Beta update rate = 1.491057e-04
Epoch   8600 (0.2%): Train pred MSE = 8.532997e-05, Test pred MSE = 2.282458e-02, Param MSE = 2.351447e-01, Grad norm = 2.822625e-04, Beta update rate = 1.408709e-04
Epoch   8800 (0.2%): Train pred MSE = 7.778806e-05, Test pred MSE = 2.282152e-02, Param MSE = 2.351060e-01, Grad norm = 2.672071e-04, Beta update rate = 1.332123e-04
Epoch   9000 (0.2%): Train pred MSE = 7.102383e-05, Test pred MSE = 2.281869e-02, Param MSE = 2.350706e-01, Grad norm = 2.531590e-04, Beta update rate = 1.260834e-04
Epoch   9200 (0.2%): Train pred MSE = 6.494732e-05, Test pred MSE = 2.281607e-02, Param MSE = 2.350380e-01, Grad norm = 2.400421e-04, Beta update rate = 1.194418e-04
Epoch   9400 (0.2%): Train pred MSE = 5.947985e-05, Test pred MSE = 2.281362e-02, Param MSE = 2.350079e-01, Grad norm = 2.277870e-04, Beta update rate = 1.132491e-04
Epoch   9600 (0.2%): Train pred MSE = 5.455251e-05, Test pred MSE = 2.281132e-02, Param MSE = 2.349800e-01, Grad norm = 2.163295e-04, Beta update rate = 1.074705e-04
Epoch   9800 (0.2%): Train pred MSE = 5.010491e-05, Test pred MSE = 2.280916e-02, Param MSE = 2.349540e-01, Grad norm = 2.056109e-04, Beta update rate = 1.020740e-04
Epoch  10000 (0.2%): Train pred MSE = 4.608399e-05, Test pred MSE = 2.280712e-02, Param MSE = 2.349298e-01, Grad norm = 1.955771e-04, Beta update rate = 9.703053e-05
Epoch  10200 (0.2%): Train pred MSE = 4.244311e-05, Test pred MSE = 2.280519e-02, Param MSE = 2.349072e-01, Grad norm = 1.861784e-04, Beta update rate = 9.231332e-05
Epoch  10400 (0.2%): Train pred MSE = 3.914122e-05, Test pred MSE = 2.280335e-02, Param MSE = 2.348859e-01, Grad norm = 1.773686e-04, Beta update rate = 8.789793e-05
Epoch  10600 (0.2%): Train pred MSE = 3.614214e-05, Test pred MSE = 2.280160e-02, Param MSE = 2.348658e-01, Grad norm = 1.691055e-04, Beta update rate = 8.376187e-05
Epoch  10800 (0.2%): Train pred MSE = 3.341393e-05, Test pred MSE = 2.279992e-02, Param MSE = 2.348469e-01, Grad norm = 1.613497e-04, Beta update rate = 7.988450e-05
Epoch  11000 (0.2%): Train pred MSE = 3.092838e-05, Test pred MSE = 2.279831e-02, Param MSE = 2.348290e-01, Grad norm = 1.540650e-04, Beta update rate = 7.624678e-05
Epoch  11200 (0.2%): Train pred MSE = 2.866054e-05, Test pred MSE = 2.279677e-02, Param MSE = 2.348120e-01, Grad norm = 1.472179e-04, Beta update rate = 7.283122e-05
Epoch  11400 (0.2%): Train pred MSE = 2.658830e-05, Test pred MSE = 2.279528e-02, Param MSE = 2.347958e-01, Grad norm = 1.407775e-04, Beta update rate = 6.962166e-05
Epoch  11600 (0.2%): Train pred MSE = 2.469205e-05, Test pred MSE = 2.279384e-02, Param MSE = 2.347803e-01, Grad norm = 1.347149e-04, Beta update rate = 6.660322e-05
Epoch  11800 (0.2%): Train pred MSE = 2.295440e-05, Test pred MSE = 2.279245e-02, Param MSE = 2.347655e-01, Grad norm = 1.290037e-04, Beta update rate = 6.376217e-05
Epoch  12000 (0.2%): Train pred MSE = 2.135987e-05, Test pred MSE = 2.279110e-02, Param MSE = 2.347514e-01, Grad norm = 1.236192e-04, Beta update rate = 6.108584e-05
Epoch  12200 (0.2%): Train pred MSE = 1.989470e-05, Test pred MSE = 2.278980e-02, Param MSE = 2.347378e-01, Grad norm = 1.185388e-04, Beta update rate = 5.856251e-05
Epoch  12400 (0.2%): Train pred MSE = 1.854660e-05, Test pred MSE = 2.278853e-02, Param MSE = 2.347248e-01, Grad norm = 1.137413e-04, Beta update rate = 5.618139e-05
Epoch  12600 (0.3%): Train pred MSE = 1.730463e-05, Test pred MSE = 2.278730e-02, Param MSE = 2.347123e-01, Grad norm = 1.092073e-04, Beta update rate = 5.393249e-05
Epoch  12800 (0.3%): Train pred MSE = 1.615900e-05, Test pred MSE = 2.278610e-02, Param MSE = 2.347002e-01, Grad norm = 1.049187e-04, Beta update rate = 5.180659e-05
Epoch  13000 (0.3%): Train pred MSE = 1.510094e-05, Test pred MSE = 2.278494e-02, Param MSE = 2.346886e-01, Grad norm = 1.008588e-04, Beta update rate = 4.979518e-05
Epoch  13200 (0.3%): Train pred MSE = 1.412262e-05, Test pred MSE = 2.278381e-02, Param MSE = 2.346774e-01, Grad norm = 9.701208e-05, Beta update rate = 4.789039e-05
Epoch  13400 (0.3%): Train pred MSE = 1.321700e-05, Test pred MSE = 2.278271e-02, Param MSE = 2.346665e-01, Grad norm = 9.336433e-05, Beta update rate = 4.608495e-05
Epoch  13600 (0.3%): Train pred MSE = 1.237774e-05, Test pred MSE = 2.278164e-02, Param MSE = 2.346561e-01, Grad norm = 8.990225e-05, Beta update rate = 4.437214e-05
Epoch  13800 (0.3%): Train pred MSE = 1.159917e-05, Test pred MSE = 2.278059e-02, Param MSE = 2.346459e-01, Grad norm = 8.661360e-05, Beta update rate = 4.274576e-05
Epoch  14000 (0.3%): Train pred MSE = 1.087615e-05, Test pred MSE = 2.277957e-02, Param MSE = 2.346361e-01, Grad norm = 8.348701e-05, Beta update rate = 4.120007e-05
Epoch  14200 (0.3%): Train pred MSE = 1.020407e-05, Test pred MSE = 2.277858e-02, Param MSE = 2.346267e-01, Grad norm = 8.051199e-05, Beta update rate = 3.972977e-05
Epoch  14400 (0.3%): Train pred MSE = 9.578746e-06, Test pred MSE = 2.277762e-02, Param MSE = 2.346175e-01, Grad norm = 7.767882e-05, Beta update rate = 3.832996e-05
Epoch  14600 (0.3%): Train pred MSE = 8.996397e-06, Test pred MSE = 2.277667e-02, Param MSE = 2.346086e-01, Grad norm = 7.497849e-05, Beta update rate = 3.699611e-05
Epoch  14800 (0.3%): Train pred MSE = 8.453602e-06, Test pred MSE = 2.277576e-02, Param MSE = 2.346000e-01, Grad norm = 7.240269e-05, Beta update rate = 3.572405e-05
Epoch  15000 (0.3%): Train pred MSE = 7.947255e-06, Test pred MSE = 2.277486e-02, Param MSE = 2.345916e-01, Grad norm = 6.994368e-05, Beta update rate = 3.450989e-05
Epoch  15200 (0.3%): Train pred MSE = 7.474534e-06, Test pred MSE = 2.277399e-02, Param MSE = 2.345835e-01, Grad norm = 6.759433e-05, Beta update rate = 3.335006e-05
Epoch  15400 (0.3%): Train pred MSE = 7.032873e-06, Test pred MSE = 2.277314e-02, Param MSE = 2.345757e-01, Grad norm = 6.534802e-05, Beta update rate = 3.224125e-05
Epoch  15600 (0.3%): Train pred MSE = 6.619933e-06, Test pred MSE = 2.277231e-02, Param MSE = 2.345680e-01, Grad norm = 6.319860e-05, Beta update rate = 3.118038e-05
Epoch  15800 (0.3%): Train pred MSE = 6.233581e-06, Test pred MSE = 2.277151e-02, Param MSE = 2.345607e-01, Grad norm = 6.114040e-05, Beta update rate = 3.016461e-05
Epoch  16000 (0.3%): Train pred MSE = 5.871867e-06, Test pred MSE = 2.277072e-02, Param MSE = 2.345535e-01, Grad norm = 5.916814e-05, Beta update rate = 2.919132e-05
Epoch  16200 (0.3%): Train pred MSE = 5.533010e-06, Test pred MSE = 2.276996e-02, Param MSE = 2.345465e-01, Grad norm = 5.727691e-05, Beta update rate = 2.825807e-05
Epoch  16400 (0.3%): Train pred MSE = 5.215377e-06, Test pred MSE = 2.276921e-02, Param MSE = 2.345398e-01, Grad norm = 5.546219e-05, Beta update rate = 2.736260e-05
Epoch  16600 (0.3%): Train pred MSE = 4.917469e-06, Test pred MSE = 2.276849e-02, Param MSE = 2.345332e-01, Grad norm = 5.371974e-05, Beta update rate = 2.650281e-05
Epoch  16800 (0.3%): Train pred MSE = 4.637913e-06, Test pred MSE = 2.276778e-02, Param MSE = 2.345269e-01, Grad norm = 5.204563e-05, Beta update rate = 2.567674e-05
Epoch  17000 (0.3%): Train pred MSE = 4.375444e-06, Test pred MSE = 2.276709e-02, Param MSE = 2.345207e-01, Grad norm = 5.043623e-05, Beta update rate = 2.488259e-05
Epoch  17200 (0.3%): Train pred MSE = 4.128898e-06, Test pred MSE = 2.276642e-02, Param MSE = 2.345148e-01, Grad norm = 4.888814e-05, Beta update rate = 2.411868e-05
Epoch  17400 (0.3%): Train pred MSE = 3.897202e-06, Test pred MSE = 2.276577e-02, Param MSE = 2.345090e-01, Grad norm = 4.739818e-05, Beta update rate = 2.338344e-05
Epoch  17600 (0.4%): Train pred MSE = 3.679367e-06, Test pred MSE = 2.276514e-02, Param MSE = 2.345033e-01, Grad norm = 4.596341e-05, Beta update rate = 2.267541e-05
Epoch  17800 (0.4%): Train pred MSE = 3.474479e-06, Test pred MSE = 2.276452e-02, Param MSE = 2.344979e-01, Grad norm = 4.458108e-05, Beta update rate = 2.199323e-05
Epoch  18000 (0.4%): Train pred MSE = 3.281693e-06, Test pred MSE = 2.276392e-02, Param MSE = 2.344926e-01, Grad norm = 4.324861e-05, Beta update rate = 2.133563e-05
Epoch  18200 (0.4%): Train pred MSE = 3.100225e-06, Test pred MSE = 2.276334e-02, Param MSE = 2.344875e-01, Grad norm = 4.196361e-05, Beta update rate = 2.070143e-05
Epoch  18400 (0.4%): Train pred MSE = 2.929351e-06, Test pred MSE = 2.276277e-02, Param MSE = 2.344825e-01, Grad norm = 4.072384e-05, Beta update rate = 2.008951e-05
Epoch  18600 (0.4%): Train pred MSE = 2.768397e-06, Test pred MSE = 2.276222e-02, Param MSE = 2.344776e-01, Grad norm = 3.952718e-05, Beta update rate = 1.949885e-05
Epoch  18800 (0.4%): Train pred MSE = 2.616740e-06, Test pred MSE = 2.276168e-02, Param MSE = 2.344730e-01, Grad norm = 3.837167e-05, Beta update rate = 1.892846e-05
Epoch  19000 (0.4%): Train pred MSE = 2.473799e-06, Test pred MSE = 2.276116e-02, Param MSE = 2.344684e-01, Grad norm = 3.725545e-05, Beta update rate = 1.837745e-05
Epoch  19200 (0.4%): Train pred MSE = 2.339034e-06, Test pred MSE = 2.276065e-02, Param MSE = 2.344640e-01, Grad norm = 3.617680e-05, Beta update rate = 1.784495e-05
Epoch  19400 (0.4%): Train pred MSE = 2.211943e-06, Test pred MSE = 2.276015e-02, Param MSE = 2.344597e-01, Grad norm = 3.513408e-05, Beta update rate = 1.733016e-05
Epoch  19600 (0.4%): Train pred MSE = 2.092057e-06, Test pred MSE = 2.275967e-02, Param MSE = 2.344556e-01, Grad norm = 3.412575e-05, Beta update rate = 1.683232e-05
Epoch  19800 (0.4%): Train pred MSE = 1.978940e-06, Test pred MSE = 2.275921e-02, Param MSE = 2.344515e-01, Grad norm = 3.315037e-05, Beta update rate = 1.635074e-05
Epoch  20000 (0.4%): Train pred MSE = 1.872184e-06, Test pred MSE = 2.275875e-02, Param MSE = 2.344476e-01, Grad norm = 3.220658e-05, Beta update rate = 1.588472e-05
Epoch  20200 (0.4%): Train pred MSE = 1.771409e-06, Test pred MSE = 2.275831e-02, Param MSE = 2.344438e-01, Grad norm = 3.129308e-05, Beta update rate = 1.543365e-05
Epoch  20400 (0.4%): Train pred MSE = 1.676260e-06, Test pred MSE = 2.275788e-02, Param MSE = 2.344401e-01, Grad norm = 3.040867e-05, Beta update rate = 1.499693e-05
Epoch  20600 (0.4%): Train pred MSE = 1.586404e-06, Test pred MSE = 2.275747e-02, Param MSE = 2.344366e-01, Grad norm = 2.955219e-05, Beta update rate = 1.457398e-05
Epoch  20800 (0.4%): Train pred MSE = 1.501531e-06, Test pred MSE = 2.275706e-02, Param MSE = 2.344331e-01, Grad norm = 2.872256e-05, Beta update rate = 1.416428e-05
Epoch  21000 (0.4%): Train pred MSE = 1.421349e-06, Test pred MSE = 2.275667e-02, Param MSE = 2.344298e-01, Grad norm = 2.791875e-05, Beta update rate = 1.376732e-05
Epoch  21200 (0.4%): Train pred MSE = 1.345585e-06, Test pred MSE = 2.275628e-02, Param MSE = 2.344265e-01, Grad norm = 2.713977e-05, Beta update rate = 1.338261e-05
Epoch  21400 (0.4%): Train pred MSE = 1.273984e-06, Test pred MSE = 2.275591e-02, Param MSE = 2.344233e-01, Grad norm = 2.638470e-05, Beta update rate = 1.300971e-05
Epoch  21600 (0.4%): Train pred MSE = 1.206306e-06, Test pred MSE = 2.275555e-02, Param MSE = 2.344203e-01, Grad norm = 2.565265e-05, Beta update rate = 1.264817e-05
Epoch  21800 (0.4%): Train pred MSE = 1.142327e-06, Test pred MSE = 2.275520e-02, Param MSE = 2.344173e-01, Grad norm = 2.494280e-05, Beta update rate = 1.229759e-05
Epoch  22000 (0.4%): Train pred MSE = 1.081836e-06, Test pred MSE = 2.275486e-02, Param MSE = 2.344144e-01, Grad norm = 2.425434e-05, Beta update rate = 1.195757e-05
Epoch  22200 (0.4%): Train pred MSE = 1.024633e-06, Test pred MSE = 2.275453e-02, Param MSE = 2.344116e-01, Grad norm = 2.358651e-05, Beta update rate = 1.162774e-05
Epoch  22400 (0.4%): Train pred MSE = 9.705342e-07, Test pred MSE = 2.275421e-02, Param MSE = 2.344089e-01, Grad norm = 2.293858e-05, Beta update rate = 1.130775e-05
Epoch  22600 (0.5%): Train pred MSE = 9.193632e-07, Test pred MSE = 2.275389e-02, Param MSE = 2.344063e-01, Grad norm = 2.230986e-05, Beta update rate = 1.099724e-05
Epoch  22800 (0.5%): Train pred MSE = 8.709558e-07, Test pred MSE = 2.275359e-02, Param MSE = 2.344037e-01, Grad norm = 2.169970e-05, Beta update rate = 1.069590e-05
Epoch  23000 (0.5%): Train pred MSE = 8.251574e-07, Test pred MSE = 2.275329e-02, Param MSE = 2.344012e-01, Grad norm = 2.110745e-05, Beta update rate = 1.040341e-05
Epoch  23200 (0.5%): Train pred MSE = 7.818224e-07, Test pred MSE = 2.275301e-02, Param MSE = 2.343988e-01, Grad norm = 2.053252e-05, Beta update rate = 1.011949e-05
Epoch  23400 (0.5%): Train pred MSE = 7.408137e-07, Test pred MSE = 2.275273e-02, Param MSE = 2.343965e-01, Grad norm = 1.997432e-05, Beta update rate = 9.843828e-06
Epoch  23600 (0.5%): Train pred MSE = 7.020024e-07, Test pred MSE = 2.275246e-02, Param MSE = 2.343942e-01, Grad norm = 1.943231e-05, Beta update rate = 9.576170e-06
Epoch  23800 (0.5%): Train pred MSE = 6.652670e-07, Test pred MSE = 2.275219e-02, Param MSE = 2.343920e-01, Grad norm = 1.890595e-05, Beta update rate = 9.316249e-06
Epoch  24000 (0.5%): Train pred MSE = 6.304931e-07, Test pred MSE = 2.275194e-02, Param MSE = 2.343899e-01, Grad norm = 1.839473e-05, Beta update rate = 9.063814e-06
Epoch  24200 (0.5%): Train pred MSE = 5.975728e-07, Test pred MSE = 2.275169e-02, Param MSE = 2.343878e-01, Grad norm = 1.789817e-05, Beta update rate = 8.818623e-06
Epoch  24400 (0.5%): Train pred MSE = 5.664044e-07, Test pred MSE = 2.275145e-02, Param MSE = 2.343858e-01, Grad norm = 1.741578e-05, Beta update rate = 8.580446e-06
Epoch  24600 (0.5%): Train pred MSE = 5.368923e-07, Test pred MSE = 2.275121e-02, Param MSE = 2.343839e-01, Grad norm = 1.694713e-05, Beta update rate = 8.349059e-06
Epoch  24800 (0.5%): Train pred MSE = 5.089459e-07, Test pred MSE = 2.275098e-02, Param MSE = 2.343820e-01, Grad norm = 1.649178e-05, Beta update rate = 8.124248e-06
Epoch  25000 (0.5%): Train pred MSE = 4.824800e-07, Test pred MSE = 2.275076e-02, Param MSE = 2.343801e-01, Grad norm = 1.604931e-05, Beta update rate = 7.905808e-06
Epoch  25200 (0.5%): Train pred MSE = 4.574143e-07, Test pred MSE = 2.275055e-02, Param MSE = 2.343784e-01, Grad norm = 1.561932e-05, Beta update rate = 7.693540e-06
Epoch  25400 (0.5%): Train pred MSE = 4.336727e-07, Test pred MSE = 2.275034e-02, Param MSE = 2.343766e-01, Grad norm = 1.520142e-05, Beta update rate = 7.487254e-06
Epoch  25600 (0.5%): Train pred MSE = 4.111838e-07, Test pred MSE = 2.275013e-02, Param MSE = 2.343750e-01, Grad norm = 1.479525e-05, Beta update rate = 7.286764e-06
Epoch  25800 (0.5%): Train pred MSE = 3.898798e-07, Test pred MSE = 2.274994e-02, Param MSE = 2.343733e-01, Grad norm = 1.440044e-05, Beta update rate = 7.091895e-06
Epoch  26000 (0.5%): Train pred MSE = 3.696970e-07, Test pred MSE = 2.274974e-02, Param MSE = 2.343717e-01, Grad norm = 1.401664e-05, Beta update rate = 6.902474e-06
Epoch  26200 (0.5%): Train pred MSE = 3.505750e-07, Test pred MSE = 2.274956e-02, Param MSE = 2.343702e-01, Grad norm = 1.364353e-05, Beta update rate = 6.718337e-06
Epoch  26400 (0.5%): Train pred MSE = 3.324569e-07, Test pred MSE = 2.274938e-02, Param MSE = 2.343687e-01, Grad norm = 1.328077e-05, Beta update rate = 6.539326e-06
Epoch  26600 (0.5%): Train pred MSE = 3.152889e-07, Test pred MSE = 2.274920e-02, Param MSE = 2.343673e-01, Grad norm = 1.292807e-05, Beta update rate = 6.365285e-06
Epoch  26800 (0.5%): Train pred MSE = 2.990202e-07, Test pred MSE = 2.274903e-02, Param MSE = 2.343658e-01, Grad norm = 1.258512e-05, Beta update rate = 6.196067e-06
Epoch  27000 (0.5%): Train pred MSE = 2.836027e-07, Test pred MSE = 2.274886e-02, Param MSE = 2.343645e-01, Grad norm = 1.225163e-05, Beta update rate = 6.031529e-06
Epoch  27200 (0.5%): Train pred MSE = 2.689911e-07, Test pred MSE = 2.274870e-02, Param MSE = 2.343631e-01, Grad norm = 1.192732e-05, Beta update rate = 5.871532e-06
Epoch  27400 (0.5%): Train pred MSE = 2.551423e-07, Test pred MSE = 2.274854e-02, Param MSE = 2.343619e-01, Grad norm = 1.161192e-05, Beta update rate = 5.715941e-06
Epoch  27600 (0.6%): Train pred MSE = 2.420160e-07, Test pred MSE = 2.274839e-02, Param MSE = 2.343606e-01, Grad norm = 1.130517e-05, Beta update rate = 5.564629e-06
Epoch  27800 (0.6%): Train pred MSE = 2.295737e-07, Test pred MSE = 2.274824e-02, Param MSE = 2.343594e-01, Grad norm = 1.100682e-05, Beta update rate = 5.417468e-06
Epoch  28000 (0.6%): Train pred MSE = 2.177791e-07, Test pred MSE = 2.274810e-02, Param MSE = 2.343582e-01, Grad norm = 1.071662e-05, Beta update rate = 5.274339e-06
Epoch  28200 (0.6%): Train pred MSE = 2.065980e-07, Test pred MSE = 2.274796e-02, Param MSE = 2.343571e-01, Grad norm = 1.043433e-05, Beta update rate = 5.135125e-06
Epoch  28400 (0.6%): Train pred MSE = 1.959979e-07, Test pred MSE = 2.274782e-02, Param MSE = 2.343559e-01, Grad norm = 1.015973e-05, Beta update rate = 4.999711e-06
Epoch  28600 (0.6%): Train pred MSE = 1.859481e-07, Test pred MSE = 2.274769e-02, Param MSE = 2.343549e-01, Grad norm = 9.892600e-06, Beta update rate = 4.867988e-06
Epoch  28800 (0.6%): Train pred MSE = 1.764197e-07, Test pred MSE = 2.274756e-02, Param MSE = 2.343538e-01, Grad norm = 9.632717e-06, Beta update rate = 4.739850e-06
Epoch  29000 (0.6%): Train pred MSE = 1.673851e-07, Test pred MSE = 2.274743e-02, Param MSE = 2.343528e-01, Grad norm = 9.379876e-06, Beta update rate = 4.615194e-06
Epoch  29200 (0.6%): Train pred MSE = 1.588183e-07, Test pred MSE = 2.274731e-02, Param MSE = 2.343518e-01, Grad norm = 9.133876e-06, Beta update rate = 4.493920e-06
Epoch  29400 (0.6%): Train pred MSE = 1.506949e-07, Test pred MSE = 2.274719e-02, Param MSE = 2.343508e-01, Grad norm = 8.894524e-06, Beta update rate = 4.375932e-06
Epoch  29600 (0.6%): Train pred MSE = 1.429914e-07, Test pred MSE = 2.274707e-02, Param MSE = 2.343499e-01, Grad norm = 8.661629e-06, Beta update rate = 4.261136e-06
Epoch  29800 (0.6%): Train pred MSE = 1.356859e-07, Test pred MSE = 2.274696e-02, Param MSE = 2.343489e-01, Grad norm = 8.435010e-06, Beta update rate = 4.149441e-06
Epoch  30000 (0.6%): Train pred MSE = 1.287576e-07, Test pred MSE = 2.274685e-02, Param MSE = 2.343481e-01, Grad norm = 8.214488e-06, Beta update rate = 4.040760e-06
Epoch  30200 (0.6%): Train pred MSE = 1.221867e-07, Test pred MSE = 2.274675e-02, Param MSE = 2.343472e-01, Grad norm = 7.999892e-06, Beta update rate = 3.935008e-06
Epoch  30400 (0.6%): Train pred MSE = 1.159544e-07, Test pred MSE = 2.274664e-02, Param MSE = 2.343464e-01, Grad norm = 7.791056e-06, Beta update rate = 3.832102e-06
Epoch  30600 (0.6%): Train pred MSE = 1.100432e-07, Test pred MSE = 2.274654e-02, Param MSE = 2.343455e-01, Grad norm = 7.587817e-06, Beta update rate = 3.731961e-06
Epoch  30800 (0.6%): Train pred MSE = 1.044363e-07, Test pred MSE = 2.274644e-02, Param MSE = 2.343447e-01, Grad norm = 7.390019e-06, Beta update rate = 3.634508e-06
Epoch  31000 (0.6%): Train pred MSE = 9.911777e-08, Test pred MSE = 2.274635e-02, Param MSE = 2.343440e-01, Grad norm = 7.197510e-06, Beta update rate = 3.539669e-06
Epoch  31200 (0.6%): Train pred MSE = 9.407264e-08, Test pred MSE = 2.274626e-02, Param MSE = 2.343432e-01, Grad norm = 7.010143e-06, Beta update rate = 3.447369e-06
Epoch  31400 (0.6%): Train pred MSE = 8.928668e-08, Test pred MSE = 2.274617e-02, Param MSE = 2.343425e-01, Grad norm = 6.827775e-06, Beta update rate = 3.357539e-06
Epoch  31600 (0.6%): Train pred MSE = 8.474641e-08, Test pred MSE = 2.274608e-02, Param MSE = 2.343418e-01, Grad norm = 6.650266e-06, Beta update rate = 3.270108e-06
Epoch  31800 (0.6%): Train pred MSE = 8.043908e-08, Test pred MSE = 2.274599e-02, Param MSE = 2.343411e-01, Grad norm = 6.477483e-06, Beta update rate = 3.185012e-06
Epoch  32000 (0.6%): Train pred MSE = 7.635259e-08, Test pred MSE = 2.274591e-02, Param MSE = 2.343404e-01, Grad norm = 6.309295e-06, Beta update rate = 3.102184e-06
Epoch  32200 (0.6%): Train pred MSE = 7.247549e-08, Test pred MSE = 2.274583e-02, Param MSE = 2.343398e-01, Grad norm = 6.145574e-06, Beta update rate = 3.021562e-06
Epoch  32400 (0.6%): Train pred MSE = 6.879694e-08, Test pred MSE = 2.274575e-02, Param MSE = 2.343391e-01, Grad norm = 5.986198e-06, Beta update rate = 2.943085e-06
Epoch  32600 (0.7%): Train pred MSE = 6.530666e-08, Test pred MSE = 2.274567e-02, Param MSE = 2.343385e-01, Grad norm = 5.831048e-06, Beta update rate = 2.866694e-06
Epoch  32800 (0.7%): Train pred MSE = 6.199490e-08, Test pred MSE = 2.274560e-02, Param MSE = 2.343379e-01, Grad norm = 5.680006e-06, Beta update rate = 2.792332e-06
Epoch  33000 (0.7%): Train pred MSE = 5.885244e-08, Test pred MSE = 2.274553e-02, Param MSE = 2.343373e-01, Grad norm = 5.532962e-06, Beta update rate = 2.719942e-06
Epoch  33200 (0.7%): Train pred MSE = 5.587053e-08, Test pred MSE = 2.274546e-02, Param MSE = 2.343367e-01, Grad norm = 5.389804e-06, Beta update rate = 2.649470e-06
Epoch  33400 (0.7%): Train pred MSE = 5.304090e-08, Test pred MSE = 2.274539e-02, Param MSE = 2.343362e-01, Grad norm = 5.250428e-06, Beta update rate = 2.580864e-06
Epoch  33600 (0.7%): Train pred MSE = 5.035567e-08, Test pred MSE = 2.274532e-02, Param MSE = 2.343356e-01, Grad norm = 5.114729e-06, Beta update rate = 2.514073e-06
Epoch  33800 (0.7%): Train pred MSE = 4.780742e-08, Test pred MSE = 2.274526e-02, Param MSE = 2.343351e-01, Grad norm = 4.982608e-06, Beta update rate = 2.449048e-06
Epoch  34000 (0.7%): Train pred MSE = 4.538908e-08, Test pred MSE = 2.274519e-02, Param MSE = 2.343346e-01, Grad norm = 4.853968e-06, Beta update rate = 2.385739e-06
Epoch  34200 (0.7%): Train pred MSE = 4.309397e-08, Test pred MSE = 2.274513e-02, Param MSE = 2.343341e-01, Grad norm = 4.728714e-06, Beta update rate = 2.324100e-06
Epoch  34400 (0.7%): Train pred MSE = 4.091575e-08, Test pred MSE = 2.274507e-02, Param MSE = 2.343336e-01, Grad norm = 4.606753e-06, Beta update rate = 2.264087e-06
Epoch  34600 (0.7%): Train pred MSE = 3.884842e-08, Test pred MSE = 2.274501e-02, Param MSE = 2.343331e-01, Grad norm = 4.487997e-06, Beta update rate = 2.205653e-06
Epoch  34800 (0.7%): Train pred MSE = 3.688627e-08, Test pred MSE = 2.274496e-02, Param MSE = 2.343327e-01, Grad norm = 4.372359e-06, Beta update rate = 2.148758e-06
Epoch  35000 (0.7%): Train pred MSE = 3.502391e-08, Test pred MSE = 2.274490e-02, Param MSE = 2.343322e-01, Grad norm = 4.259756e-06, Beta update rate = 2.093358e-06
Epoch  35200 (0.7%): Train pred MSE = 3.325622e-08, Test pred MSE = 2.274485e-02, Param MSE = 2.343318e-01, Grad norm = 4.150104e-06, Beta update rate = 2.039414e-06
Epoch  35400 (0.7%): Train pred MSE = 3.157834e-08, Test pred MSE = 2.274480e-02, Param MSE = 2.343314e-01, Grad norm = 4.043324e-06, Beta update rate = 1.986886e-06
Epoch  35600 (0.7%): Train pred MSE = 2.998567e-08, Test pred MSE = 2.274474e-02, Param MSE = 2.343309e-01, Grad norm = 3.939340e-06, Beta update rate = 1.935736e-06
Epoch  35800 (0.7%): Train pred MSE = 2.847385e-08, Test pred MSE = 2.274469e-02, Param MSE = 2.343305e-01, Grad norm = 3.838075e-06, Beta update rate = 1.885927e-06
Epoch  36000 (0.7%): Train pred MSE = 2.703873e-08, Test pred MSE = 2.274465e-02, Param MSE = 2.343302e-01, Grad norm = 3.739458e-06, Beta update rate = 1.837422e-06
Epoch  36200 (0.7%): Train pred MSE = 2.567641e-08, Test pred MSE = 2.274460e-02, Param MSE = 2.343298e-01, Grad norm = 3.643416e-06, Beta update rate = 1.790186e-06
Epoch  36400 (0.7%): Train pred MSE = 2.438315e-08, Test pred MSE = 2.274455e-02, Param MSE = 2.343294e-01, Grad norm = 3.549881e-06, Beta update rate = 1.744187e-06
Epoch  36600 (0.7%): Train pred MSE = 2.315542e-08, Test pred MSE = 2.274451e-02, Param MSE = 2.343290e-01, Grad norm = 3.458786e-06, Beta update rate = 1.699389e-06
Epoch  36800 (0.7%): Train pred MSE = 2.198989e-08, Test pred MSE = 2.274446e-02, Param MSE = 2.343287e-01, Grad norm = 3.370066e-06, Beta update rate = 1.655761e-06
Epoch  37000 (0.7%): Train pred MSE = 2.088337e-08, Test pred MSE = 2.274442e-02, Param MSE = 2.343283e-01, Grad norm = 3.283657e-06, Beta update rate = 1.613272e-06
Epoch  37200 (0.7%): Train pred MSE = 1.983285e-08, Test pred MSE = 2.274438e-02, Param MSE = 2.343280e-01, Grad norm = 3.199497e-06, Beta update rate = 1.571891e-06
Epoch  37400 (0.7%): Train pred MSE = 1.883548e-08, Test pred MSE = 2.274434e-02, Param MSE = 2.343277e-01, Grad norm = 3.117527e-06, Beta update rate = 1.531588e-06
Epoch  37600 (0.8%): Train pred MSE = 1.788855e-08, Test pred MSE = 2.274430e-02, Param MSE = 2.343274e-01, Grad norm = 3.037688e-06, Beta update rate = 1.492336e-06
Epoch  37800 (0.8%): Train pred MSE = 1.698950e-08, Test pred MSE = 2.274426e-02, Param MSE = 2.343270e-01, Grad norm = 2.959924e-06, Beta update rate = 1.454105e-06
Epoch  38000 (0.8%): Train pred MSE = 1.613587e-08, Test pred MSE = 2.274423e-02, Param MSE = 2.343267e-01, Grad norm = 2.884179e-06, Beta update rate = 1.416868e-06
Epoch  38200 (0.8%): Train pred MSE = 1.532537e-08, Test pred MSE = 2.274419e-02, Param MSE = 2.343265e-01, Grad norm = 2.810401e-06, Beta update rate = 1.380599e-06
Epoch  38400 (0.8%): Train pred MSE = 1.455580e-08, Test pred MSE = 2.274415e-02, Param MSE = 2.343262e-01, Grad norm = 2.738535e-06, Beta update rate = 1.345273e-06
Epoch  38600 (0.8%): Train pred MSE = 1.382507e-08, Test pred MSE = 2.274412e-02, Param MSE = 2.343259e-01, Grad norm = 2.668533e-06, Beta update rate = 1.310864e-06
Epoch  38800 (0.8%): Train pred MSE = 1.313122e-08, Test pred MSE = 2.274409e-02, Param MSE = 2.343256e-01, Grad norm = 2.600345e-06, Beta update rate = 1.277348e-06
Epoch  39000 (0.8%): Train pred MSE = 1.247237e-08, Test pred MSE = 2.274405e-02, Param MSE = 2.343253e-01, Grad norm = 2.533922e-06, Beta update rate = 1.244701e-06
Epoch  39200 (0.8%): Train pred MSE = 1.184674e-08, Test pred MSE = 2.274402e-02, Param MSE = 2.343251e-01, Grad norm = 2.469218e-06, Beta update rate = 1.212900e-06
Epoch  39400 (0.8%): Train pred MSE = 1.125265e-08, Test pred MSE = 2.274399e-02, Param MSE = 2.343248e-01, Grad norm = 2.406188e-06, Beta update rate = 1.181923e-06
Epoch  39600 (0.8%): Train pred MSE = 1.068850e-08, Test pred MSE = 2.274396e-02, Param MSE = 2.343246e-01, Grad norm = 2.344787e-06, Beta update rate = 1.151748e-06
Epoch  39800 (0.8%): Train pred MSE = 1.015277e-08, Test pred MSE = 2.274393e-02, Param MSE = 2.343244e-01, Grad norm = 2.284973e-06, Beta update rate = 1.122353e-06
Epoch  40000 (0.8%): Train pred MSE = 9.644012e-09, Test pred MSE = 2.274390e-02, Param MSE = 2.343241e-01, Grad norm = 2.226704e-06, Beta update rate = 1.093719e-06
Epoch  40200 (0.8%): Train pred MSE = 9.160872e-09, Test pred MSE = 2.274388e-02, Param MSE = 2.343239e-01, Grad norm = 2.169939e-06, Beta update rate = 1.065825e-06
Epoch  40400 (0.8%): Train pred MSE = 8.702046e-09, Test pred MSE = 2.274385e-02, Param MSE = 2.343237e-01, Grad norm = 2.114638e-06, Beta update rate = 1.038651e-06
Epoch  40600 (0.8%): Train pred MSE = 8.266306e-09, Test pred MSE = 2.274382e-02, Param MSE = 2.343235e-01, Grad norm = 2.060764e-06, Beta update rate = 1.012179e-06
Epoch  40800 (0.8%): Train pred MSE = 7.852482e-09, Test pred MSE = 2.274380e-02, Param MSE = 2.343232e-01, Grad norm = 2.008278e-06, Beta update rate = 9.863907e-07
Epoch  41000 (0.8%): Train pred MSE = 7.459466e-09, Test pred MSE = 2.274377e-02, Param MSE = 2.343230e-01, Grad norm = 1.957144e-06, Beta update rate = 9.612670e-07
Epoch  41200 (0.8%): Train pred MSE = 7.086206e-09, Test pred MSE = 2.274375e-02, Param MSE = 2.343228e-01, Grad norm = 1.907327e-06, Beta update rate = 9.367910e-07
Epoch  41400 (0.8%): Train pred MSE = 6.731703e-09, Test pred MSE = 2.274372e-02, Param MSE = 2.343226e-01, Grad norm = 1.858792e-06, Beta update rate = 9.129457e-07
Epoch  41600 (0.8%): Train pred MSE = 6.395010e-09, Test pred MSE = 2.274370e-02, Param MSE = 2.343225e-01, Grad norm = 1.811506e-06, Beta update rate = 8.897145e-07
Epoch  41800 (0.8%): Train pred MSE = 6.075227e-09, Test pred MSE = 2.274368e-02, Param MSE = 2.343223e-01, Grad norm = 1.765436e-06, Beta update rate = 8.670813e-07
Epoch  42000 (0.8%): Train pred MSE = 5.771500e-09, Test pred MSE = 2.274365e-02, Param MSE = 2.343221e-01, Grad norm = 1.720550e-06, Beta update rate = 8.450305e-07
Epoch  42200 (0.8%): Train pred MSE = 5.483019e-09, Test pred MSE = 2.274363e-02, Param MSE = 2.343219e-01, Grad norm = 1.676818e-06, Beta update rate = 8.235468e-07
Epoch  42400 (0.8%): Train pred MSE = 5.209015e-09, Test pred MSE = 2.274361e-02, Param MSE = 2.343217e-01, Grad norm = 1.634208e-06, Beta update rate = 8.026154e-07
Epoch  42600 (0.9%): Train pred MSE = 4.948758e-09, Test pred MSE = 2.274359e-02, Param MSE = 2.343216e-01, Grad norm = 1.592693e-06, Beta update rate = 7.822218e-07
Epoch  42800 (0.9%): Train pred MSE = 4.701554e-09, Test pred MSE = 2.274357e-02, Param MSE = 2.343214e-01, Grad norm = 1.552242e-06, Beta update rate = 7.623520e-07
Epoch  43000 (0.9%): Train pred MSE = 4.466746e-09, Test pred MSE = 2.274355e-02, Param MSE = 2.343212e-01, Grad norm = 1.512830e-06, Beta update rate = 7.429923e-07
Epoch  43200 (0.9%): Train pred MSE = 4.243709e-09, Test pred MSE = 2.274353e-02, Param MSE = 2.343211e-01, Grad norm = 1.474428e-06, Beta update rate = 7.241294e-07
Epoch  43400 (0.9%): Train pred MSE = 4.031850e-09, Test pred MSE = 2.274351e-02, Param MSE = 2.343209e-01, Grad norm = 1.437010e-06, Beta update rate = 7.057504e-07
Epoch  43600 (0.9%): Train pred MSE = 3.830606e-09, Test pred MSE = 2.274350e-02, Param MSE = 2.343208e-01, Grad norm = 1.400550e-06, Beta update rate = 6.878425e-07
Epoch  43800 (0.9%): Train pred MSE = 3.639444e-09, Test pred MSE = 2.274348e-02, Param MSE = 2.343206e-01, Grad norm = 1.365025e-06, Beta update rate = 6.703936e-07
Epoch  44000 (0.9%): Train pred MSE = 3.457855e-09, Test pred MSE = 2.274346e-02, Param MSE = 2.343205e-01, Grad norm = 1.330409e-06, Beta update rate = 6.533918e-07
Epoch  44200 (0.9%): Train pred MSE = 3.285358e-09, Test pred MSE = 2.274344e-02, Param MSE = 2.343204e-01, Grad norm = 1.296679e-06, Beta update rate = 6.368253e-07
Epoch  44400 (0.9%): Train pred MSE = 3.121496e-09, Test pred MSE = 2.274343e-02, Param MSE = 2.343202e-01, Grad norm = 1.263811e-06, Beta update rate = 6.206830e-07
Epoch  44600 (0.9%): Train pred MSE = 2.965835e-09, Test pred MSE = 2.274341e-02, Param MSE = 2.343201e-01, Grad norm = 1.231785e-06, Beta update rate = 6.049536e-07
Epoch  44800 (0.9%): Train pred MSE = 2.817962e-09, Test pred MSE = 2.274340e-02, Param MSE = 2.343200e-01, Grad norm = 1.200577e-06, Beta update rate = 5.896267e-07
Epoch  45000 (0.9%): Train pred MSE = 2.677486e-09, Test pred MSE = 2.274338e-02, Param MSE = 2.343199e-01, Grad norm = 1.170166e-06, Beta update rate = 5.746916e-07
Epoch  45200 (0.9%): Train pred MSE = 2.544036e-09, Test pred MSE = 2.274337e-02, Param MSE = 2.343197e-01, Grad norm = 1.140532e-06, Beta update rate = 5.601382e-07
Epoch  45400 (0.9%): Train pred MSE = 2.417259e-09, Test pred MSE = 2.274335e-02, Param MSE = 2.343196e-01, Grad norm = 1.111655e-06, Beta update rate = 5.459567e-07
Epoch  45600 (0.9%): Train pred MSE = 2.296819e-09, Test pred MSE = 2.274334e-02, Param MSE = 2.343195e-01, Grad norm = 1.083515e-06, Beta update rate = 5.321374e-07
Epoch  45800 (0.9%): Train pred MSE = 2.182399e-09, Test pred MSE = 2.274333e-02, Param MSE = 2.343194e-01, Grad norm = 1.056094e-06, Beta update rate = 5.186709e-07
Epoch  46000 (0.9%): Train pred MSE = 2.073697e-09, Test pred MSE = 2.274331e-02, Param MSE = 2.343193e-01, Grad norm = 1.029372e-06, Beta update rate = 5.055482e-07
Epoch  46200 (0.9%): Train pred MSE = 1.970426e-09, Test pred MSE = 2.274330e-02, Param MSE = 2.343192e-01, Grad norm = 1.003331e-06, Beta update rate = 4.927603e-07
Epoch  46400 (0.9%): Train pred MSE = 1.872313e-09, Test pred MSE = 2.274329e-02, Param MSE = 2.343191e-01, Grad norm = 9.779544e-07, Beta update rate = 4.802985e-07
Epoch  46600 (0.9%): Train pred MSE = 1.779100e-09, Test pred MSE = 2.274327e-02, Param MSE = 2.343190e-01, Grad norm = 9.532245e-07, Beta update rate = 4.681545e-07
Epoch  46800 (0.9%): Train pred MSE = 1.690541e-09, Test pred MSE = 2.274326e-02, Param MSE = 2.343189e-01, Grad norm = 9.291247e-07, Beta update rate = 4.563200e-07
Epoch  47000 (0.9%): Train pred MSE = 1.606402e-09, Test pred MSE = 2.274325e-02, Param MSE = 2.343188e-01, Grad norm = 9.056388e-07, Beta update rate = 4.447870e-07
Epoch  47200 (0.9%): Train pred MSE = 1.526464e-09, Test pred MSE = 2.274324e-02, Param MSE = 2.343187e-01, Grad norm = 8.827509e-07, Beta update rate = 4.335478e-07
Epoch  47400 (0.9%): Train pred MSE = 1.450514e-09, Test pred MSE = 2.274323e-02, Param MSE = 2.343186e-01, Grad norm = 8.604457e-07, Beta update rate = 4.225949e-07
Epoch  47600 (1.0%): Train pred MSE = 1.378354e-09, Test pred MSE = 2.274322e-02, Param MSE = 2.343185e-01, Grad norm = 8.387081e-07, Beta update rate = 4.119207e-07
Epoch  47800 (1.0%): Train pred MSE = 1.309793e-09, Test pred MSE = 2.274321e-02, Param MSE = 2.343184e-01, Grad norm = 8.175236e-07, Beta update rate = 4.015182e-07
Epoch  48000 (1.0%): Train pred MSE = 1.244652e-09, Test pred MSE = 2.274320e-02, Param MSE = 2.343183e-01, Grad norm = 7.968779e-07, Beta update rate = 3.913803e-07
Epoch  48200 (1.0%): Train pred MSE = 1.182759e-09, Test pred MSE = 2.274319e-02, Param MSE = 2.343182e-01, Grad norm = 7.767571e-07, Beta update rate = 3.815003e-07
Epoch  48400 (1.0%): Train pred MSE = 1.123952e-09, Test pred MSE = 2.274318e-02, Param MSE = 2.343182e-01, Grad norm = 7.571479e-07, Beta update rate = 3.718715e-07
Epoch  48600 (1.0%): Train pred MSE = 1.068077e-09, Test pred MSE = 2.274317e-02, Param MSE = 2.343181e-01, Grad norm = 7.380370e-07, Beta update rate = 3.624874e-07
Epoch  48800 (1.0%): Train pred MSE = 1.014986e-09, Test pred MSE = 2.274316e-02, Param MSE = 2.343180e-01, Grad norm = 7.194117e-07, Beta update rate = 3.533418e-07
Epoch  49000 (1.0%): Train pred MSE = 9.645406e-10, Test pred MSE = 2.274315e-02, Param MSE = 2.343179e-01, Grad norm = 7.012594e-07, Beta update rate = 3.444286e-07
Epoch  49200 (1.0%): Train pred MSE = 9.166087e-10, Test pred MSE = 2.274314e-02, Param MSE = 2.343179e-01, Grad norm = 6.835681e-07, Beta update rate = 3.357417e-07
Epoch  49400 (1.0%): Train pred MSE = 8.710646e-10, Test pred MSE = 2.274313e-02, Param MSE = 2.343178e-01, Grad norm = 6.663260e-07, Beta update rate = 3.272753e-07
Epoch  49600 (1.0%): Train pred MSE = 8.277889e-10, Test pred MSE = 2.274312e-02, Param MSE = 2.343177e-01, Grad norm = 6.495215e-07, Beta update rate = 3.190239e-07
Epoch  49800 (1.0%): Train pred MSE = 7.866683e-10, Test pred MSE = 2.274312e-02, Param MSE = 2.343176e-01, Grad norm = 6.331434e-07, Beta update rate = 3.109819e-07
Epoch  50000 (1.0%): Train pred MSE = 7.475952e-10, Test pred MSE = 2.274311e-02, Param MSE = 2.343176e-01, Grad norm = 6.171808e-07, Beta update rate = 3.031439e-07
Epoch  50200 (1.0%): Train pred MSE = 7.104673e-10, Test pred MSE = 2.274310e-02, Param MSE = 2.343175e-01, Grad norm = 6.016230e-07, Beta update rate = 2.955047e-07
Epoch  50400 (1.0%): Train pred MSE = 6.751874e-10, Test pred MSE = 2.274309e-02, Param MSE = 2.343175e-01, Grad norm = 5.864598e-07, Beta update rate = 2.880592e-07
Epoch  50600 (1.0%): Train pred MSE = 6.416634e-10, Test pred MSE = 2.274308e-02, Param MSE = 2.343174e-01, Grad norm = 5.716809e-07, Beta update rate = 2.808024e-07
Epoch  50800 (1.0%): Train pred MSE = 6.098077e-10, Test pred MSE = 2.274308e-02, Param MSE = 2.343173e-01, Grad norm = 5.572766e-07, Beta update rate = 2.737296e-07
Epoch  51000 (1.0%): Train pred MSE = 5.795368e-10, Test pred MSE = 2.274307e-02, Param MSE = 2.343173e-01, Grad norm = 5.432373e-07, Beta update rate = 2.668360e-07
Epoch  51200 (1.0%): Train pred MSE = 5.507719e-10, Test pred MSE = 2.274306e-02, Param MSE = 2.343172e-01, Grad norm = 5.295537e-07, Beta update rate = 2.601170e-07
Epoch  51400 (1.0%): Train pred MSE = 5.234378e-10, Test pred MSE = 2.274306e-02, Param MSE = 2.343172e-01, Grad norm = 5.162166e-07, Beta update rate = 2.535682e-07
Epoch  51600 (1.0%): Train pred MSE = 4.974630e-10, Test pred MSE = 2.274305e-02, Param MSE = 2.343171e-01, Grad norm = 5.032173e-07, Beta update rate = 2.471852e-07
Epoch  51800 (1.0%): Train pred MSE = 4.727799e-10, Test pred MSE = 2.274304e-02, Param MSE = 2.343171e-01, Grad norm = 4.905471e-07, Beta update rate = 2.409638e-07
Epoch  52000 (1.0%): Train pred MSE = 4.493240e-10, Test pred MSE = 2.274304e-02, Param MSE = 2.343170e-01, Grad norm = 4.781976e-07, Beta update rate = 2.348999e-07
Epoch  52200 (1.0%): Train pred MSE = 4.270342e-10, Test pred MSE = 2.274303e-02, Param MSE = 2.343169e-01, Grad norm = 4.661606e-07, Beta update rate = 2.289894e-07
Epoch  52400 (1.0%): Train pred MSE = 4.058523e-10, Test pred MSE = 2.274303e-02, Param MSE = 2.343169e-01, Grad norm = 4.544281e-07, Beta update rate = 2.232284e-07
Epoch  52600 (1.1%): Train pred MSE = 3.857232e-10, Test pred MSE = 2.274302e-02, Param MSE = 2.343169e-01, Grad norm = 4.429925e-07, Beta update rate = 2.176131e-07
Epoch  52800 (1.1%): Train pred MSE = 3.665943e-10, Test pred MSE = 2.274301e-02, Param MSE = 2.343168e-01, Grad norm = 4.318460e-07, Beta update rate = 2.121399e-07
Epoch  53000 (1.1%): Train pred MSE = 3.484159e-10, Test pred MSE = 2.274301e-02, Param MSE = 2.343168e-01, Grad norm = 4.209815e-07, Beta update rate = 2.068050e-07
Epoch  53200 (1.1%): Train pred MSE = 3.311406e-10, Test pred MSE = 2.274300e-02, Param MSE = 2.343167e-01, Grad norm = 4.103915e-07, Beta update rate = 2.016049e-07
Epoch  53400 (1.1%): Train pred MSE = 3.147235e-10, Test pred MSE = 2.274300e-02, Param MSE = 2.343167e-01, Grad norm = 4.000693e-07, Beta update rate = 1.965363e-07
Epoch  53600 (1.1%): Train pred MSE = 2.991218e-10, Test pred MSE = 2.274299e-02, Param MSE = 2.343166e-01, Grad norm = 3.900079e-07, Beta update rate = 1.915957e-07
Epoch  53800 (1.1%): Train pred MSE = 2.842949e-10, Test pred MSE = 2.274299e-02, Param MSE = 2.343166e-01, Grad norm = 3.802007e-07, Beta update rate = 1.867800e-07
Epoch  54000 (1.1%): Train pred MSE = 2.702042e-10, Test pred MSE = 2.274298e-02, Param MSE = 2.343165e-01, Grad norm = 3.706413e-07, Beta update rate = 1.820858e-07
Epoch  54200 (1.1%): Train pred MSE = 2.568132e-10, Test pred MSE = 2.274298e-02, Param MSE = 2.343165e-01, Grad norm = 3.613234e-07, Beta update rate = 1.775102e-07
Epoch  54400 (1.1%): Train pred MSE = 2.440870e-10, Test pred MSE = 2.274297e-02, Param MSE = 2.343165e-01, Grad norm = 3.522407e-07, Beta update rate = 1.730501e-07
Epoch  54600 (1.1%): Train pred MSE = 2.319925e-10, Test pred MSE = 2.274297e-02, Param MSE = 2.343164e-01, Grad norm = 3.433874e-07, Beta update rate = 1.687027e-07
Epoch  54800 (1.1%): Train pred MSE = 2.204983e-10, Test pred MSE = 2.274296e-02, Param MSE = 2.343164e-01, Grad norm = 3.347576e-07, Beta update rate = 1.644649e-07
Epoch  55000 (1.1%): Train pred MSE = 2.095746e-10, Test pred MSE = 2.274296e-02, Param MSE = 2.343164e-01, Grad norm = 3.263455e-07, Beta update rate = 1.603340e-07
Epoch  55200 (1.1%): Train pred MSE = 1.991929e-10, Test pred MSE = 2.274296e-02, Param MSE = 2.343163e-01, Grad norm = 3.181458e-07, Beta update rate = 1.563074e-07
Epoch  55400 (1.1%): Train pred MSE = 1.893263e-10, Test pred MSE = 2.274295e-02, Param MSE = 2.343163e-01, Grad norm = 3.101530e-07, Beta update rate = 1.523824e-07
Epoch  55600 (1.1%): Train pred MSE = 1.799492e-10, Test pred MSE = 2.274295e-02, Param MSE = 2.343163e-01, Grad norm = 3.023618e-07, Beta update rate = 1.485563e-07
Epoch  55800 (1.1%): Train pred MSE = 1.710374e-10, Test pred MSE = 2.274294e-02, Param MSE = 2.343162e-01, Grad norm = 2.947671e-07, Beta update rate = 1.448267e-07
Epoch  56000 (1.1%): Train pred MSE = 1.625675e-10, Test pred MSE = 2.274294e-02, Param MSE = 2.343162e-01, Grad norm = 2.873639e-07, Beta update rate = 1.411911e-07
Epoch  56200 (1.1%): Train pred MSE = 1.545178e-10, Test pred MSE = 2.274294e-02, Param MSE = 2.343162e-01, Grad norm = 2.801475e-07, Beta update rate = 1.376472e-07
Epoch  56400 (1.1%): Train pred MSE = 1.468672e-10, Test pred MSE = 2.274293e-02, Param MSE = 2.343161e-01, Grad norm = 2.731129e-07, Beta update rate = 1.341926e-07
Epoch  56600 (1.1%): Train pred MSE = 1.395960e-10, Test pred MSE = 2.274293e-02, Param MSE = 2.343161e-01, Grad norm = 2.662557e-07, Beta update rate = 1.308251e-07
Epoch  56800 (1.1%): Train pred MSE = 1.326854e-10, Test pred MSE = 2.274293e-02, Param MSE = 2.343161e-01, Grad norm = 2.595713e-07, Beta update rate = 1.275424e-07
Epoch  57000 (1.1%): Train pred MSE = 1.261173e-10, Test pred MSE = 2.274292e-02, Param MSE = 2.343160e-01, Grad norm = 2.530554e-07, Beta update rate = 1.243423e-07
Epoch  57200 (1.1%): Train pred MSE = 1.198749e-10, Test pred MSE = 2.274292e-02, Param MSE = 2.343160e-01, Grad norm = 2.467036e-07, Beta update rate = 1.212229e-07
Epoch  57400 (1.1%): Train pred MSE = 1.139419e-10, Test pred MSE = 2.274292e-02, Param MSE = 2.343160e-01, Grad norm = 2.405119e-07, Beta update rate = 1.181821e-07
Epoch  57600 (1.2%): Train pred MSE = 1.083029e-10, Test pred MSE = 2.274291e-02, Param MSE = 2.343160e-01, Grad norm = 2.344761e-07, Beta update rate = 1.152178e-07
Epoch  57800 (1.2%): Train pred MSE = 1.029434e-10, Test pred MSE = 2.274291e-02, Param MSE = 2.343159e-01, Grad norm = 2.285924e-07, Beta update rate = 1.123281e-07
Epoch  58000 (1.2%): Train pred MSE = 9.784950e-11, Test pred MSE = 2.274291e-02, Param MSE = 2.343159e-01, Grad norm = 2.228568e-07, Beta update rate = 1.095112e-07

Training completed at epoch 58000
Stop reason: train_pred_mse
Final Train pred MSE = 9.784950e-11
Final Test pred MSE = 2.274291e-02
Final Param MSE = 2.343159e-01
Final Grad norm = 2.228568e-07
Final Beta update rate = 1.095112e-07
Success flag: True (train_pred_mse < 1.00e-10)
Results metadata saved to results/diagonal/step1_mixture/pi_A=0.50--alpha=0.400000--seed=2/results_meta.json
Saved c_vec to results/diagonal/step1_mixture/pi_A=0.50--alpha=0.400000--seed=2/c_vec.npy

Results saved to results/diagonal/step1_mixture/pi_A=0.50--alpha=0.400000--seed=2/
Total jobs in this sweep: 108
Pi_A values: [0.1, 0.5, 0.9]
Alpha values: [0.05, 0.1, 0.2, 0.25, 0.3, 0.4, 0.5, 0.6, 0.7, 0.8, 0.9, 1.0]
Seeds: [0, 1, 2]
================================================================================
Step 1 Mixture Sweep - Experiment Parameters:
================================================================================
  c: 0.001
  c_A: 0.001
  c_B: 0.5
  c_mode: mixture
  epochs: 5000000
  init_method: complex
  inp_dim: 1000
  lmda: 0.0
  lr: 0.5
  n_test: 10000
  n_train: 400
  no_tuning: True
  pi_A: 0.5
  rho: 0.04
  save_folder: results/diagonal/step1_mixture/pi_A=0.50--alpha=0.400000--seed=2/
  scaling: 1.0
  seed: 2
  test_every_n_epochs: 200
  threshold: 1e-12
================================================================================

Running training script...

Extracting results and saving to CSV...
Results appended to /home/na658/multi-task2/experiment_results_step1_mixture.csv

✓ Experiment 53 completed successfully
[SLURM] Job 20446035 task 53 finished
