[SLURM] Job 20446143 task 38 starting on cpu-q-35
[SLURM] Step 2 Support Sweep
[SLURM] Using Python: /home/na658/.conda/envs/mtl_ft/bin/python
Starting diagonal network pretrain BG script...

================================================================================
SCRIPT STARTED - Running diagonal network BG experiment...
================================================================================

================================================================================
EXPERIMENT SETTINGS
================================================================================
Seed: 2
Input dimension: 1000
Sparsity (rho): 0.04
Training samples: 50
Test samples: 10000
Learning rate: 0.5
Max epochs: 5000000
Test every N epochs: 200
Convergence threshold: 1e-12
Stop pred MSE: 1e-10
Stop beta rate: disabled
Stop grad norm: disabled
LR decay: disabled
LR decay interval: 2000
Scaling: 1.0
Lambda (λ): 0.0
C parameter: 0.001
Initialization method: complex
Learning rate tuning: False
Save folder: results/diagonal/step2_support/c_nz=0.500000--c_z=0.001000--alpha=0.050000--seed=2/
C mode: support
  c_nz=0.5, c_z=0.001
================================================================================
Starting training...
================================================================================
[c_mode=support] support fraction=0.0410 (rho=0.04)
[c_mode=support] c_nz=0.5, c_z=0.001
Per-coordinate c init: c_vec range [0.001000, 0.500000]

Starting training loop (max 5000000 epochs, threshold=1.00e-12)...
Epoch      0 (0.0%): Train pred MSE = 1.135911e+01, Test pred MSE = 8.003795e-02, Param MSE = 8.108584e-01, Grad norm = 1.219994e+00, Beta update rate = nan
Epoch    200 (0.0%): Train pred MSE = 1.218178e-03, Test pred MSE = 1.533537e-02, Param MSE = 1.540041e-01, Grad norm = 7.585995e-03, Beta update rate = 1.011060e-01
Epoch    400 (0.0%): Train pred MSE = 2.702484e-05, Test pred MSE = 1.516776e-02, Param MSE = 1.523455e-01, Grad norm = 9.409530e-04, Beta update rate = 1.203856e-03
Epoch    600 (0.0%): Train pred MSE = 1.283239e-06, Test pred MSE = 1.514326e-02, Param MSE = 1.521019e-01, Grad norm = 1.953821e-04, Beta update rate = 1.638846e-04
Epoch    800 (0.0%): Train pred MSE = 7.092734e-08, Test pred MSE = 1.513854e-02, Param MSE = 1.520544e-01, Grad norm = 4.525642e-05, Beta update rate = 3.384327e-05
Epoch   1000 (0.0%): Train pred MSE = 4.219642e-09, Test pred MSE = 1.513754e-02, Param MSE = 1.520443e-01, Grad norm = 1.090253e-05, Beta update rate = 7.730389e-06
Epoch   1200 (0.0%): Train pred MSE = 2.688548e-10, Test pred MSE = 1.513732e-02, Param MSE = 1.520420e-01, Grad norm = 2.718135e-06, Beta update rate = 1.828919e-06
Epoch   1400 (0.0%): Train pred MSE = 1.827123e-11, Test pred MSE = 1.513727e-02, Param MSE = 1.520415e-01, Grad norm = 7.005870e-07, Beta update rate = 4.462413e-07

Training completed at epoch 1400
Stop reason: train_pred_mse
Final Train pred MSE = 1.827123e-11
Final Test pred MSE = 1.513727e-02
Final Param MSE = 1.520415e-01
Final Grad norm = 7.005870e-07
Final Beta update rate = 4.462413e-07
Success flag: True (train_pred_mse < 1.00e-10)
Results metadata saved to results/diagonal/step2_support/c_nz=0.500000--c_z=0.001000--alpha=0.050000--seed=2/results_meta.json
Saved c_vec to results/diagonal/step2_support/c_nz=0.500000--c_z=0.001000--alpha=0.050000--seed=2/c_vec.npy

Results saved to results/diagonal/step2_support/c_nz=0.500000--c_z=0.001000--alpha=0.050000--seed=2/
Total jobs in this sweep: 72
Cases: good (c_nz=0.001, c_z=0.5), bad (c_nz=0.5, c_z=0.001)
Alpha values: [0.05, 0.1, 0.2, 0.25, 0.3, 0.4, 0.5, 0.6, 0.7, 0.8, 0.9, 1.0]
Seeds: [0, 1, 2]
================================================================================
Step 2 Support Sweep - Experiment Parameters:
================================================================================
  c: 0.001
  c_mode: support
  c_nz: 0.5
  c_z: 0.001
  epochs: 5000000
  init_method: complex
  inp_dim: 1000
  lmda: 0.0
  lr: 0.5
  n_test: 10000
  n_train: 50
  no_tuning: True
  rho: 0.04
  save_folder: results/diagonal/step2_support/c_nz=0.500000--c_z=0.001000--alpha=0.050000--seed=2/
  scaling: 1.0
  seed: 2
  test_every_n_epochs: 200
  threshold: 1e-12
================================================================================

Case: bad (c_nz=0.5, c_z=0.001)

Running training script...

Extracting results and saving to CSV...
Results appended to /home/na658/multi-task2/experiment_results_step2_support.csv

✓ Experiment 38 completed successfully
[SLURM] Job 20446143 task 38 finished
