[SLURM] Job 20445991 task 9 starting on cpu-q-17
[SLURM] Step 1 Mixture Sweep
[SLURM] Using Python: /home/na658/.conda/envs/mtl_ft/bin/python
Starting diagonal network pretrain BG script...

================================================================================
SCRIPT STARTED - Running diagonal network BG experiment...
================================================================================

================================================================================
EXPERIMENT SETTINGS
================================================================================
Seed: 0
Input dimension: 1000
Sparsity (rho): 0.04
Training samples: 250
Test samples: 10000
Learning rate: 0.5
Max epochs: 5000000
Test every N epochs: 200
Convergence threshold: 1e-12
Stop pred MSE: 1e-10
Stop beta rate: disabled
Stop grad norm: disabled
LR decay: disabled
LR decay interval: 2000
Scaling: 1.0
Lambda (λ): 0.0
C parameter: 0.001
Initialization method: complex
Learning rate tuning: False
Save folder: results/diagonal/step1_mixture/pi_A=0.10--alpha=0.250000--seed=0/
C mode: mixture
  c_A=0.001, c_B=0.5, pi_A=0.1
================================================================================
Starting training...
================================================================================
[c_mode=mixture] pi_A=0.1, empirical frac_A=0.1100
[c_mode=mixture] c_A=0.001, c_B=0.5
Per-coordinate c init: c_vec range [0.001000, 0.500000]

Starting training loop (max 5000000 epochs, threshold=1.00e-12)...
Epoch      0 (0.0%): Train pred MSE = 6.509157e+00, Test pred MSE = 1.602829e-01, Param MSE = 1.598527e+00, Grad norm = 7.118380e-01, Beta update rate = nan
Epoch    200 (0.0%): Train pred MSE = 2.679467e-02, Test pred MSE = 9.674433e-02, Param MSE = 9.806881e-01, Grad norm = 2.939669e-02, Beta update rate = 1.092888e-01
Epoch    400 (0.0%): Train pred MSE = 1.627976e-03, Test pred MSE = 9.640734e-02, Param MSE = 9.793357e-01, Grad norm = 6.472330e-03, Beta update rate = 9.234053e-03
Epoch    600 (0.0%): Train pred MSE = 1.472662e-04, Test pred MSE = 9.640449e-02, Param MSE = 9.798237e-01, Grad norm = 1.843785e-03, Beta update rate = 2.243274e-03
Epoch    800 (0.0%): Train pred MSE = 1.608857e-05, Test pred MSE = 9.640693e-02, Param MSE = 9.799848e-01, Grad norm = 5.911494e-04, Beta update rate = 6.671681e-04
Epoch   1000 (0.0%): Train pred MSE = 1.942481e-06, Test pred MSE = 9.640843e-02, Param MSE = 9.800361e-01, Grad norm = 2.018443e-04, Beta update rate = 2.189205e-04
Epoch   1200 (0.0%): Train pred MSE = 2.482463e-07, Test pred MSE = 9.640925e-02, Param MSE = 9.800540e-01, Grad norm = 7.138796e-05, Beta update rate = 7.569432e-05
Epoch   1400 (0.0%): Train pred MSE = 3.286730e-08, Test pred MSE = 9.640965e-02, Param MSE = 9.800608e-01, Grad norm = 2.579093e-05, Beta update rate = 2.696550e-05
Epoch   1600 (0.0%): Train pred MSE = 4.457942e-09, Test pred MSE = 9.640983e-02, Param MSE = 9.800633e-01, Grad norm = 9.449429e-06, Beta update rate = 9.786885e-06
Epoch   1800 (0.0%): Train pred MSE = 6.156439e-10, Test pred MSE = 9.640991e-02, Param MSE = 9.800643e-01, Grad norm = 3.497344e-06, Beta update rate = 3.597563e-06
Epoch   2000 (0.0%): Train pred MSE = 8.626662e-11, Test pred MSE = 9.640994e-02, Param MSE = 9.800647e-01, Grad norm = 1.304684e-06, Beta update rate = 1.335005e-06

Training completed at epoch 2000
Stop reason: train_pred_mse
Final Train pred MSE = 8.626662e-11
Final Test pred MSE = 9.640994e-02
Final Param MSE = 9.800647e-01
Final Grad norm = 1.304684e-06
Final Beta update rate = 1.335005e-06
Success flag: True (train_pred_mse < 1.00e-10)
Results metadata saved to results/diagonal/step1_mixture/pi_A=0.10--alpha=0.250000--seed=0/results_meta.json
Saved c_vec to results/diagonal/step1_mixture/pi_A=0.10--alpha=0.250000--seed=0/c_vec.npy

Results saved to results/diagonal/step1_mixture/pi_A=0.10--alpha=0.250000--seed=0/
Total jobs in this sweep: 108
Pi_A values: [0.1, 0.5, 0.9]
Alpha values: [0.05, 0.1, 0.2, 0.25, 0.3, 0.4, 0.5, 0.6, 0.7, 0.8, 0.9, 1.0]
Seeds: [0, 1, 2]
================================================================================
Step 1 Mixture Sweep - Experiment Parameters:
================================================================================
  c: 0.001
  c_A: 0.001
  c_B: 0.5
  c_mode: mixture
  epochs: 5000000
  init_method: complex
  inp_dim: 1000
  lmda: 0.0
  lr: 0.5
  n_test: 10000
  n_train: 250
  no_tuning: True
  pi_A: 0.1
  rho: 0.04
  save_folder: results/diagonal/step1_mixture/pi_A=0.10--alpha=0.250000--seed=0/
  scaling: 1.0
  seed: 0
  test_every_n_epochs: 200
  threshold: 1e-12
================================================================================

Running training script...

Extracting results and saving to CSV...
Results appended to /home/na658/multi-task2/experiment_results_step1_mixture.csv

✓ Experiment 9 completed successfully
[SLURM] Job 20445991 task 9 finished
