[SLURM] Job 20446145 task 40 starting on cpu-q-17
[SLURM] Step 2 Support Sweep
[SLURM] Using Python: /home/na658/.conda/envs/mtl_ft/bin/python
Starting diagonal network pretrain BG script...

================================================================================
SCRIPT STARTED - Running diagonal network BG experiment...
================================================================================

================================================================================
EXPERIMENT SETTINGS
================================================================================
Seed: 1
Input dimension: 1000
Sparsity (rho): 0.04
Training samples: 100
Test samples: 10000
Learning rate: 0.5
Max epochs: 5000000
Test every N epochs: 200
Convergence threshold: 1e-12
Stop pred MSE: 1e-10
Stop beta rate: disabled
Stop grad norm: disabled
LR decay: disabled
LR decay interval: 2000
Scaling: 1.0
Lambda (λ): 0.0
C parameter: 0.001
Initialization method: complex
Learning rate tuning: False
Save folder: results/diagonal/step2_support/c_nz=0.500000--c_z=0.001000--alpha=0.100000--seed=1/
C mode: support
  c_nz=0.5, c_z=0.001
================================================================================
Starting training...
================================================================================
[c_mode=support] support fraction=0.0470 (rho=0.04)
[c_mode=support] c_nz=0.5, c_z=0.001
Per-coordinate c init: c_vec range [0.001000, 0.500000]

Starting training loop (max 5000000 epochs, threshold=1.00e-12)...
Epoch      0 (0.0%): Train pred MSE = 1.332021e+01, Test pred MSE = 1.319022e-01, Param MSE = 1.298679e+00, Grad norm = 9.080684e-01, Beta update rate = nan
Epoch    200 (0.0%): Train pred MSE = 9.206121e-03, Test pred MSE = 9.553016e-04, Param MSE = 9.274952e-03, Grad norm = 1.709470e-02, Beta update rate = 1.712111e-01
Epoch    400 (0.0%): Train pred MSE = 1.501245e-03, Test pred MSE = 4.565582e-04, Param MSE = 4.435303e-03, Grad norm = 4.146185e-03, Beta update rate = 5.418217e-03
Epoch    600 (0.0%): Train pred MSE = 6.364550e-04, Test pred MSE = 3.629765e-04, Param MSE = 3.536884e-03, Grad norm = 2.061909e-03, Beta update rate = 1.457111e-03
Epoch    800 (0.0%): Train pred MSE = 3.582607e-04, Test pred MSE = 3.235109e-04, Param MSE = 3.157847e-03, Grad norm = 1.353558e-03, Beta update rate = 6.783504e-04
Epoch   1000 (0.0%): Train pred MSE = 2.231796e-04, Test pred MSE = 3.021795e-04, Param MSE = 2.952434e-03, Grad norm = 9.958446e-04, Beta update rate = 3.804358e-04
Epoch   1200 (0.0%): Train pred MSE = 1.463768e-04, Test pred MSE = 2.889231e-04, Param MSE = 2.824395e-03, Grad norm = 7.684610e-04, Beta update rate = 2.421651e-04
Epoch   1400 (0.0%): Train pred MSE = 9.937177e-05, Test pred MSE = 2.799434e-04, Param MSE = 2.737424e-03, Grad norm = 6.096168e-04, Beta update rate = 1.673468e-04
Epoch   1600 (0.0%): Train pred MSE = 6.920630e-05, Test pred MSE = 2.735207e-04, Param MSE = 2.675067e-03, Grad norm = 4.933666e-04, Beta update rate = 1.218995e-04
Epoch   1800 (0.0%): Train pred MSE = 4.914633e-05, Test pred MSE = 2.687583e-04, Param MSE = 2.628736e-03, Grad norm = 4.055173e-04, Beta update rate = 9.202108e-05
Epoch   2000 (0.0%): Train pred MSE = 3.543096e-05, Test pred MSE = 2.651364e-04, Param MSE = 2.593435e-03, Grad norm = 3.373876e-04, Beta update rate = 7.128903e-05
Epoch   2200 (0.0%): Train pred MSE = 2.584695e-05, Test pred MSE = 2.623289e-04, Param MSE = 2.566029e-03, Grad norm = 2.833997e-04, Beta update rate = 5.633533e-05
Epoch   2400 (0.0%): Train pred MSE = 1.903409e-05, Test pred MSE = 2.601201e-04, Param MSE = 2.544437e-03, Grad norm = 2.398537e-04, Beta update rate = 4.522660e-05
Epoch   2600 (0.1%): Train pred MSE = 1.412491e-05, Test pred MSE = 2.583613e-04, Param MSE = 2.527222e-03, Grad norm = 2.042236e-04, Beta update rate = 3.677798e-05
Epoch   2800 (0.1%): Train pred MSE = 1.054875e-05, Test pred MSE = 2.569466e-04, Param MSE = 2.513357e-03, Grad norm = 1.747342e-04, Beta update rate = 3.022750e-05
Epoch   3000 (0.1%): Train pred MSE = 7.920437e-06, Test pred MSE = 2.557989e-04, Param MSE = 2.502097e-03, Grad norm = 1.501023e-04, Beta update rate = 2.506644e-05
Epoch   3200 (0.1%): Train pred MSE = 5.974503e-06, Test pred MSE = 2.548609e-04, Param MSE = 2.492883e-03, Grad norm = 1.293750e-04, Beta update rate = 2.094454e-05
Epoch   3400 (0.1%): Train pred MSE = 4.524825e-06, Test pred MSE = 2.540893e-04, Param MSE = 2.485296e-03, Grad norm = 1.118280e-04, Beta update rate = 1.761428e-05
Epoch   3600 (0.1%): Train pred MSE = 3.439093e-06, Test pred MSE = 2.534508e-04, Param MSE = 2.479013e-03, Grad norm = 9.689908e-05, Beta update rate = 1.489674e-05
Epoch   3800 (0.1%): Train pred MSE = 2.622174e-06, Test pred MSE = 2.529199e-04, Param MSE = 2.473783e-03, Grad norm = 8.414433e-05, Beta update rate = 1.265998e-05
Epoch   4000 (0.1%): Train pred MSE = 2.005008e-06, Test pred MSE = 2.524763e-04, Param MSE = 2.469408e-03, Grad norm = 7.320811e-05, Beta update rate = 1.080504e-05
Epoch   4200 (0.1%): Train pred MSE = 1.537060e-06, Test pred MSE = 2.521042e-04, Param MSE = 2.465735e-03, Grad norm = 6.380208e-05, Beta update rate = 9.256554e-06
Epoch   4400 (0.1%): Train pred MSE = 1.181099e-06, Test pred MSE = 2.517908e-04, Param MSE = 2.462639e-03, Grad norm = 5.569017e-05, Beta update rate = 7.956345e-06
Epoch   4600 (0.1%): Train pred MSE = 9.095290e-07, Test pred MSE = 2.515259e-04, Param MSE = 2.460021e-03, Grad norm = 4.867750e-05, Beta update rate = 6.858957e-06
Epoch   4800 (0.1%): Train pred MSE = 7.017879e-07, Test pred MSE = 2.513013e-04, Param MSE = 2.457799e-03, Grad norm = 4.260208e-05, Beta update rate = 5.928495e-06
Epoch   5000 (0.1%): Train pred MSE = 5.424854e-07, Test pred MSE = 2.511104e-04, Param MSE = 2.455908e-03, Grad norm = 3.732844e-05, Beta update rate = 5.136335e-06
Epoch   5200 (0.1%): Train pred MSE = 4.200531e-07, Test pred MSE = 2.509476e-04, Param MSE = 2.454295e-03, Grad norm = 3.274273e-05, Beta update rate = 4.459451e-06
Epoch   5400 (0.1%): Train pred MSE = 3.257629e-07, Test pred MSE = 2.508085e-04, Param MSE = 2.452916e-03, Grad norm = 2.874882e-05, Beta update rate = 3.879168e-06
Epoch   5600 (0.1%): Train pred MSE = 2.530074e-07, Test pred MSE = 2.506893e-04, Param MSE = 2.451733e-03, Grad norm = 2.526525e-05, Beta update rate = 3.380231e-06
Epoch   5800 (0.1%): Train pred MSE = 1.967689e-07, Test pred MSE = 2.505869e-04, Param MSE = 2.450717e-03, Grad norm = 2.222270e-05, Beta update rate = 2.950095e-06
Epoch   6000 (0.1%): Train pred MSE = 1.532261e-07, Test pred MSE = 2.504989e-04, Param MSE = 2.449842e-03, Grad norm = 1.956204e-05, Beta update rate = 2.578381e-06
Epoch   6200 (0.1%): Train pred MSE = 1.194612e-07, Test pred MSE = 2.504230e-04, Param MSE = 2.449088e-03, Grad norm = 1.723266e-05, Beta update rate = 2.256453e-06
Epoch   6400 (0.1%): Train pred MSE = 9.324113e-08, Test pred MSE = 2.503576e-04, Param MSE = 2.448437e-03, Grad norm = 1.519115e-05, Beta update rate = 1.977091e-06
Epoch   6600 (0.1%): Train pred MSE = 7.285264e-08, Test pred MSE = 2.503009e-04, Param MSE = 2.447873e-03, Grad norm = 1.340016e-05, Beta update rate = 1.734228e-06
Epoch   6800 (0.1%): Train pred MSE = 5.697884e-08, Test pred MSE = 2.502519e-04, Param MSE = 2.447385e-03, Grad norm = 1.182749e-05, Beta update rate = 1.522746e-06
Epoch   7000 (0.1%): Train pred MSE = 4.460546e-08, Test pred MSE = 2.502094e-04, Param MSE = 2.446961e-03, Grad norm = 1.044536e-05, Beta update rate = 1.338313e-06
Epoch   7200 (0.1%): Train pred MSE = 3.494991e-08, Test pred MSE = 2.501725e-04, Param MSE = 2.446593e-03, Grad norm = 9.229685e-06, Beta update rate = 1.177245e-06
Epoch   7400 (0.1%): Train pred MSE = 2.740735e-08, Test pred MSE = 2.501404e-04, Param MSE = 2.446273e-03, Grad norm = 8.159628e-06, Beta update rate = 1.036401e-06
Epoch   7600 (0.2%): Train pred MSE = 2.150957e-08, Test pred MSE = 2.501125e-04, Param MSE = 2.445995e-03, Grad norm = 7.217077e-06, Beta update rate = 9.130967e-07
Epoch   7800 (0.2%): Train pred MSE = 1.689361e-08, Test pred MSE = 2.500881e-04, Param MSE = 2.445752e-03, Grad norm = 6.386287e-06, Beta update rate = 8.050290e-07
Epoch   8000 (0.2%): Train pred MSE = 1.327771e-08, Test pred MSE = 2.500669e-04, Param MSE = 2.445540e-03, Grad norm = 5.653551e-06, Beta update rate = 7.102190e-07
Epoch   8200 (0.2%): Train pred MSE = 1.044283e-08, Test pred MSE = 2.500484e-04, Param MSE = 2.445355e-03, Grad norm = 5.006915e-06, Beta update rate = 6.269615e-07
Epoch   8400 (0.2%): Train pred MSE = 8.218516e-09, Test pred MSE = 2.500322e-04, Param MSE = 2.445193e-03, Grad norm = 4.435946e-06, Beta update rate = 5.537845e-07
Epoch   8600 (0.2%): Train pred MSE = 6.471961e-09, Test pred MSE = 2.500180e-04, Param MSE = 2.445052e-03, Grad norm = 3.931524e-06, Beta update rate = 4.894146e-07
Epoch   8800 (0.2%): Train pred MSE = 5.099566e-09, Test pred MSE = 2.500056e-04, Param MSE = 2.444928e-03, Grad norm = 3.485673e-06, Beta update rate = 4.327483e-07
Epoch   9000 (0.2%): Train pred MSE = 4.020443e-09, Test pred MSE = 2.499948e-04, Param MSE = 2.444819e-03, Grad norm = 3.091407e-06, Beta update rate = 3.828278e-07
Epoch   9200 (0.2%): Train pred MSE = 3.171373e-09, Test pred MSE = 2.499853e-04, Param MSE = 2.444724e-03, Grad norm = 2.742602e-06, Beta update rate = 3.388202e-07
Epoch   9400 (0.2%): Train pred MSE = 2.502899e-09, Test pred MSE = 2.499769e-04, Param MSE = 2.444641e-03, Grad norm = 2.433885e-06, Beta update rate = 3.000006e-07
Epoch   9600 (0.2%): Train pred MSE = 1.976299e-09, Test pred MSE = 2.499696e-04, Param MSE = 2.444567e-03, Grad norm = 2.160541e-06, Beta update rate = 2.657370e-07
Epoch   9800 (0.2%): Train pred MSE = 1.561228e-09, Test pred MSE = 2.499632e-04, Param MSE = 2.444503e-03, Grad norm = 1.918422e-06, Beta update rate = 2.354776e-07
Epoch  10000 (0.2%): Train pred MSE = 1.233890e-09, Test pred MSE = 2.499575e-04, Param MSE = 2.444446e-03, Grad norm = 1.703885e-06, Beta update rate = 2.087403e-07
Epoch  10200 (0.2%): Train pred MSE = 9.756063e-10, Test pred MSE = 2.499525e-04, Param MSE = 2.444397e-03, Grad norm = 1.513721e-06, Beta update rate = 1.851032e-07
Epoch  10400 (0.2%): Train pred MSE = 7.717098e-10, Test pred MSE = 2.499482e-04, Param MSE = 2.444353e-03, Grad norm = 1.345106e-06, Beta update rate = 1.641971e-07
Epoch  10600 (0.2%): Train pred MSE = 6.106715e-10, Test pred MSE = 2.499443e-04, Param MSE = 2.444314e-03, Grad norm = 1.195550e-06, Beta update rate = 1.456981e-07
Epoch  10800 (0.2%): Train pred MSE = 4.834249e-10, Test pred MSE = 2.499409e-04, Param MSE = 2.444280e-03, Grad norm = 1.062860e-06, Beta update rate = 1.293221e-07
Epoch  11000 (0.2%): Train pred MSE = 3.828353e-10, Test pred MSE = 2.499379e-04, Param MSE = 2.444250e-03, Grad norm = 9.450987e-07, Beta update rate = 1.148195e-07
Epoch  11200 (0.2%): Train pred MSE = 3.032848e-10, Test pred MSE = 2.499353e-04, Param MSE = 2.444224e-03, Grad norm = 8.405581e-07, Beta update rate = 1.019712e-07
Epoch  11400 (0.2%): Train pred MSE = 2.403476e-10, Test pred MSE = 2.499330e-04, Param MSE = 2.444201e-03, Grad norm = 7.477293e-07, Beta update rate = 9.058430e-08
Epoch  11600 (0.2%): Train pred MSE = 1.905347e-10, Test pred MSE = 2.499309e-04, Param MSE = 2.444180e-03, Grad norm = 6.652793e-07, Beta update rate = 8.048907e-08
Epoch  11800 (0.2%): Train pred MSE = 1.510945e-10, Test pred MSE = 2.499291e-04, Param MSE = 2.444162e-03, Grad norm = 5.920299e-07, Beta update rate = 7.153604e-08
Epoch  12000 (0.2%): Train pred MSE = 1.198557e-10, Test pred MSE = 2.499275e-04, Param MSE = 2.444146e-03, Grad norm = 5.269392e-07, Beta update rate = 6.359349e-08
Epoch  12200 (0.2%): Train pred MSE = 9.510432e-11, Test pred MSE = 2.499261e-04, Param MSE = 2.444132e-03, Grad norm = 4.690853e-07, Beta update rate = 5.654524e-08

Training completed at epoch 12200
Stop reason: train_pred_mse
Final Train pred MSE = 9.510432e-11
Final Test pred MSE = 2.499261e-04
Final Param MSE = 2.444132e-03
Final Grad norm = 4.690853e-07
Final Beta update rate = 5.654524e-08
Success flag: True (train_pred_mse < 1.00e-10)
Results metadata saved to results/diagonal/step2_support/c_nz=0.500000--c_z=0.001000--alpha=0.100000--seed=1/results_meta.json
Saved c_vec to results/diagonal/step2_support/c_nz=0.500000--c_z=0.001000--alpha=0.100000--seed=1/c_vec.npy

Results saved to results/diagonal/step2_support/c_nz=0.500000--c_z=0.001000--alpha=0.100000--seed=1/
Total jobs in this sweep: 72
Cases: good (c_nz=0.001, c_z=0.5), bad (c_nz=0.5, c_z=0.001)
Alpha values: [0.05, 0.1, 0.2, 0.25, 0.3, 0.4, 0.5, 0.6, 0.7, 0.8, 0.9, 1.0]
Seeds: [0, 1, 2]
================================================================================
Step 2 Support Sweep - Experiment Parameters:
================================================================================
  c: 0.001
  c_mode: support
  c_nz: 0.5
  c_z: 0.001
  epochs: 5000000
  init_method: complex
  inp_dim: 1000
  lmda: 0.0
  lr: 0.5
  n_test: 10000
  n_train: 100
  no_tuning: True
  rho: 0.04
  save_folder: results/diagonal/step2_support/c_nz=0.500000--c_z=0.001000--alpha=0.100000--seed=1/
  scaling: 1.0
  seed: 1
  test_every_n_epochs: 200
  threshold: 1e-12
================================================================================

Case: bad (c_nz=0.5, c_z=0.001)

Running training script...

Extracting results and saving to CSV...
Results appended to /home/na658/multi-task2/experiment_results_step2_support.csv

✓ Experiment 40 completed successfully
[SLURM] Job 20446145 task 40 finished
