[SLURM] Job 20445994 task 12 starting on cpu-q-16
[SLURM] Step 1 Mixture Sweep
[SLURM] Using Python: /home/na658/.conda/envs/mtl_ft/bin/python
Starting diagonal network pretrain BG script...

================================================================================
SCRIPT STARTED - Running diagonal network BG experiment...
================================================================================

================================================================================
EXPERIMENT SETTINGS
================================================================================
Seed: 0
Input dimension: 1000
Sparsity (rho): 0.04
Training samples: 300
Test samples: 10000
Learning rate: 0.5
Max epochs: 5000000
Test every N epochs: 200
Convergence threshold: 1e-12
Stop pred MSE: 1e-10
Stop beta rate: disabled
Stop grad norm: disabled
LR decay: disabled
LR decay interval: 2000
Scaling: 1.0
Lambda (λ): 0.0
C parameter: 0.001
Initialization method: complex
Learning rate tuning: False
Save folder: results/diagonal/step1_mixture/pi_A=0.10--alpha=0.300000--seed=0/
C mode: mixture
  c_A=0.001, c_B=0.5, pi_A=0.1
================================================================================
Starting training...
================================================================================
[c_mode=mixture] pi_A=0.1, empirical frac_A=0.1100
[c_mode=mixture] c_A=0.001, c_B=0.5
Per-coordinate c init: c_vec range [0.001000, 0.500000]

Starting training loop (max 5000000 epochs, threshold=1.00e-12)...
Epoch      0 (0.0%): Train pred MSE = 5.267133e+00, Test pred MSE = 1.605224e-01, Param MSE = 1.600940e+00, Grad norm = 5.362101e-01, Beta update rate = nan
Epoch    200 (0.0%): Train pred MSE = 7.097825e-02, Test pred MSE = 8.664079e-02, Param MSE = 8.805193e-01, Grad norm = 4.048741e-02, Beta update rate = 1.138981e-01
Epoch    400 (0.0%): Train pred MSE = 1.072049e-02, Test pred MSE = 8.498340e-02, Param MSE = 8.667877e-01, Grad norm = 1.342673e-02, Beta update rate = 1.526032e-02
Epoch    600 (0.0%): Train pred MSE = 2.231463e-03, Test pred MSE = 8.488214e-02, Param MSE = 8.670240e-01, Grad norm = 5.781831e-03, Beta update rate = 5.644260e-03
Epoch    800 (0.0%): Train pred MSE = 5.331782e-04, Test pred MSE = 8.491814e-02, Param MSE = 8.679899e-01, Grad norm = 2.720774e-03, Beta update rate = 2.503581e-03
Epoch   1000 (0.0%): Train pred MSE = 1.394459e-04, Test pred MSE = 8.495261e-02, Param MSE = 8.686294e-01, Grad norm = 1.352921e-03, Beta update rate = 1.197656e-03
Epoch   1200 (0.0%): Train pred MSE = 3.883138e-05, Test pred MSE = 8.497447e-02, Param MSE = 8.689930e-01, Grad norm = 6.995526e-04, Beta update rate = 6.017740e-04
Epoch   1400 (0.0%): Train pred MSE = 1.128905e-05, Test pred MSE = 8.498727e-02, Param MSE = 8.691933e-01, Grad norm = 3.718105e-04, Beta update rate = 3.130695e-04
Epoch   1600 (0.0%): Train pred MSE = 3.379481e-06, Test pred MSE = 8.499458e-02, Param MSE = 8.693032e-01, Grad norm = 2.014046e-04, Beta update rate = 1.669209e-04
Epoch   1800 (0.0%): Train pred MSE = 1.032170e-06, Test pred MSE = 8.499873e-02, Param MSE = 8.693637e-01, Grad norm = 1.105255e-04, Beta update rate = 9.053807e-05
Epoch   2000 (0.0%): Train pred MSE = 3.197071e-07, Test pred MSE = 8.500108e-02, Param MSE = 8.693971e-01, Grad norm = 6.120101e-05, Beta update rate = 4.970082e-05
Epoch   2200 (0.0%): Train pred MSE = 1.000420e-07, Test pred MSE = 8.500240e-02, Param MSE = 8.694156e-01, Grad norm = 3.410537e-05, Beta update rate = 2.751678e-05
Epoch   2400 (0.0%): Train pred MSE = 3.154810e-08, Test pred MSE = 8.500315e-02, Param MSE = 8.694259e-01, Grad norm = 1.909528e-05, Beta update rate = 1.532969e-05
Epoch   2600 (0.1%): Train pred MSE = 1.001007e-08, Test pred MSE = 8.500356e-02, Param MSE = 8.694316e-01, Grad norm = 1.073001e-05, Beta update rate = 8.580527e-06
Epoch   2800 (0.1%): Train pred MSE = 3.192445e-09, Test pred MSE = 8.500380e-02, Param MSE = 8.694348e-01, Grad norm = 6.047012e-06, Beta update rate = 4.820647e-06
Epoch   3000 (0.1%): Train pred MSE = 1.022659e-09, Test pred MSE = 8.500393e-02, Param MSE = 8.694366e-01, Grad norm = 3.416239e-06, Beta update rate = 2.716549e-06
Epoch   3200 (0.1%): Train pred MSE = 3.288904e-10, Test pred MSE = 8.500400e-02, Param MSE = 8.694376e-01, Grad norm = 1.934134e-06, Beta update rate = 1.534804e-06
Epoch   3400 (0.1%): Train pred MSE = 1.061536e-10, Test pred MSE = 8.500405e-02, Param MSE = 8.694381e-01, Grad norm = 1.097137e-06, Beta update rate = 8.691069e-07
Epoch   3600 (0.1%): Train pred MSE = 3.437725e-11, Test pred MSE = 8.500407e-02, Param MSE = 8.694384e-01, Grad norm = 6.234514e-07, Beta update rate = 4.931497e-07

Training completed at epoch 3600
Stop reason: train_pred_mse
Final Train pred MSE = 3.437725e-11
Final Test pred MSE = 8.500407e-02
Final Param MSE = 8.694384e-01
Final Grad norm = 6.234514e-07
Final Beta update rate = 4.931497e-07
Success flag: True (train_pred_mse < 1.00e-10)
Results metadata saved to results/diagonal/step1_mixture/pi_A=0.10--alpha=0.300000--seed=0/results_meta.json
Saved c_vec to results/diagonal/step1_mixture/pi_A=0.10--alpha=0.300000--seed=0/c_vec.npy

Results saved to results/diagonal/step1_mixture/pi_A=0.10--alpha=0.300000--seed=0/
Total jobs in this sweep: 108
Pi_A values: [0.1, 0.5, 0.9]
Alpha values: [0.05, 0.1, 0.2, 0.25, 0.3, 0.4, 0.5, 0.6, 0.7, 0.8, 0.9, 1.0]
Seeds: [0, 1, 2]
================================================================================
Step 1 Mixture Sweep - Experiment Parameters:
================================================================================
  c: 0.001
  c_A: 0.001
  c_B: 0.5
  c_mode: mixture
  epochs: 5000000
  init_method: complex
  inp_dim: 1000
  lmda: 0.0
  lr: 0.5
  n_test: 10000
  n_train: 300
  no_tuning: True
  pi_A: 0.1
  rho: 0.04
  save_folder: results/diagonal/step1_mixture/pi_A=0.10--alpha=0.300000--seed=0/
  scaling: 1.0
  seed: 0
  test_every_n_epochs: 200
  threshold: 1e-12
================================================================================

Running training script...

Extracting results and saving to CSV...
Results appended to /home/na658/multi-task2/experiment_results_step1_mixture.csv

✓ Experiment 12 completed successfully
[SLURM] Job 20445994 task 12 finished
