[SLURM] Job 20446023 task 41 starting on cpu-q-35
[SLURM] Step 1 Mixture Sweep
[SLURM] Using Python: /home/na658/.conda/envs/mtl_ft/bin/python
Starting diagonal network pretrain BG script...

================================================================================
SCRIPT STARTED - Running diagonal network BG experiment...
================================================================================

================================================================================
EXPERIMENT SETTINGS
================================================================================
Seed: 2
Input dimension: 1000
Sparsity (rho): 0.04
Training samples: 100
Test samples: 10000
Learning rate: 0.5
Max epochs: 5000000
Test every N epochs: 200
Convergence threshold: 1e-12
Stop pred MSE: 1e-10
Stop beta rate: disabled
Stop grad norm: disabled
LR decay: disabled
LR decay interval: 2000
Scaling: 1.0
Lambda (λ): 0.0
C parameter: 0.001
Initialization method: complex
Learning rate tuning: False
Save folder: results/diagonal/step1_mixture/pi_A=0.50--alpha=0.100000--seed=2/
C mode: mixture
  c_A=0.001, c_B=0.5, pi_A=0.5
================================================================================
Starting training...
================================================================================
[c_mode=mixture] pi_A=0.5, empirical frac_A=0.4960
[c_mode=mixture] c_A=0.001, c_B=0.5
Per-coordinate c init: c_vec range [0.001000, 0.500000]

Starting training loop (max 5000000 epochs, threshold=1.00e-12)...
Epoch      0 (0.0%): Train pred MSE = 6.330018e+00, Test pred MSE = 8.157238e-02, Param MSE = 8.272799e-01, Grad norm = 1.275682e+00, Beta update rate = nan
Epoch    200 (0.0%): Train pred MSE = 8.113374e-06, Test pred MSE = 7.581080e-02, Param MSE = 7.730318e-01, Grad norm = 8.956992e-04, Beta update rate = 6.102777e-02
Epoch    400 (0.0%): Train pred MSE = 8.377364e-10, Test pred MSE = 7.582785e-02, Param MSE = 7.731767e-01, Grad norm = 8.813124e-06, Beta update rate = 1.090637e-04

Training completed at epoch 553
Stop reason: loss_threshold_legacy
Final Train pred MSE = 9.531475e-13
Final Test pred MSE = 7.582802e-02
Final Param MSE = 7.731781e-01
Final Grad norm = 2.875502e-07
Final Beta update rate = 1.454787e-06
Success flag: True (train_pred_mse < 1.00e-10)
Results metadata saved to results/diagonal/step1_mixture/pi_A=0.50--alpha=0.100000--seed=2/results_meta.json
Saved c_vec to results/diagonal/step1_mixture/pi_A=0.50--alpha=0.100000--seed=2/c_vec.npy

Results saved to results/diagonal/step1_mixture/pi_A=0.50--alpha=0.100000--seed=2/
Total jobs in this sweep: 108
Pi_A values: [0.1, 0.5, 0.9]
Alpha values: [0.05, 0.1, 0.2, 0.25, 0.3, 0.4, 0.5, 0.6, 0.7, 0.8, 0.9, 1.0]
Seeds: [0, 1, 2]
================================================================================
Step 1 Mixture Sweep - Experiment Parameters:
================================================================================
  c: 0.001
  c_A: 0.001
  c_B: 0.5
  c_mode: mixture
  epochs: 5000000
  init_method: complex
  inp_dim: 1000
  lmda: 0.0
  lr: 0.5
  n_test: 10000
  n_train: 100
  no_tuning: True
  pi_A: 0.5
  rho: 0.04
  save_folder: results/diagonal/step1_mixture/pi_A=0.50--alpha=0.100000--seed=2/
  scaling: 1.0
  seed: 2
  test_every_n_epochs: 200
  threshold: 1e-12
================================================================================

Running training script...

Extracting results and saving to CSV...
Results appended to /home/na658/multi-task2/experiment_results_step1_mixture.csv

✓ Experiment 41 completed successfully
[SLURM] Job 20446023 task 41 finished
