[SLURM] Job 20446029 task 47 starting on cpu-q-35
[SLURM] Step 1 Mixture Sweep
[SLURM] Using Python: /home/na658/.conda/envs/mtl_ft/bin/python
Starting diagonal network pretrain BG script...

================================================================================
SCRIPT STARTED - Running diagonal network BG experiment...
================================================================================

================================================================================
EXPERIMENT SETTINGS
================================================================================
Seed: 2
Input dimension: 1000
Sparsity (rho): 0.04
Training samples: 250
Test samples: 10000
Learning rate: 0.5
Max epochs: 5000000
Test every N epochs: 200
Convergence threshold: 1e-12
Stop pred MSE: 1e-10
Stop beta rate: disabled
Stop grad norm: disabled
LR decay: disabled
LR decay interval: 2000
Scaling: 1.0
Lambda (λ): 0.0
C parameter: 0.001
Initialization method: complex
Learning rate tuning: False
Save folder: results/diagonal/step1_mixture/pi_A=0.50--alpha=0.250000--seed=2/
C mode: mixture
  c_A=0.001, c_B=0.5, pi_A=0.5
================================================================================
Starting training...
================================================================================
[c_mode=mixture] pi_A=0.5, empirical frac_A=0.4960
[c_mode=mixture] c_A=0.001, c_B=0.5
Per-coordinate c init: c_vec range [0.001000, 0.500000]

Starting training loop (max 5000000 epochs, threshold=1.00e-12)...
Epoch      0 (0.0%): Train pred MSE = 2.547213e+00, Test pred MSE = 8.202616e-02, Param MSE = 8.316186e-01, Grad norm = 3.195987e-01, Beta update rate = nan
Epoch    200 (0.0%): Train pred MSE = 1.386996e-01, Test pred MSE = 6.118984e-02, Param MSE = 6.315530e-01, Grad norm = 4.642684e-02, Beta update rate = 8.347792e-02
Epoch    400 (0.0%): Train pred MSE = 3.696099e-02, Test pred MSE = 6.385586e-02, Param MSE = 6.589551e-01, Grad norm = 2.059338e-02, Beta update rate = 1.965105e-02
Epoch    600 (0.0%): Train pred MSE = 1.314217e-02, Test pred MSE = 6.488230e-02, Param MSE = 6.687744e-01, Grad norm = 1.124395e-02, Beta update rate = 9.797603e-03
Epoch    800 (0.0%): Train pred MSE = 5.259982e-03, Test pred MSE = 6.555597e-02, Param MSE = 6.751724e-01, Grad norm = 6.818202e-03, Beta update rate = 5.631290e-03
Epoch   1000 (0.0%): Train pred MSE = 2.240452e-03, Test pred MSE = 6.601516e-02, Param MSE = 6.795590e-01, Grad norm = 4.315257e-03, Beta update rate = 3.474498e-03
Epoch   1200 (0.0%): Train pred MSE = 1.000270e-03, Test pred MSE = 6.632366e-02, Param MSE = 6.825178e-01, Grad norm = 2.807677e-03, Beta update rate = 2.215884e-03
Epoch   1400 (0.0%): Train pred MSE = 4.645421e-04, Test pred MSE = 6.652944e-02, Param MSE = 6.844951e-01, Grad norm = 1.868470e-03, Beta update rate = 1.447024e-03
Epoch   1600 (0.0%): Train pred MSE = 2.230910e-04, Test pred MSE = 6.666658e-02, Param MSE = 6.858135e-01, Grad norm = 1.267888e-03, Beta update rate = 9.645826e-04
Epoch   1800 (0.0%): Train pred MSE = 1.102018e-04, Test pred MSE = 6.675820e-02, Param MSE = 6.866940e-01, Grad norm = 8.749605e-04, Beta update rate = 6.550387e-04
Epoch   2000 (0.0%): Train pred MSE = 5.572929e-05, Test pred MSE = 6.681967e-02, Param MSE = 6.872843e-01, Grad norm = 6.125442e-04, Beta update rate = 4.522493e-04
Epoch   2200 (0.0%): Train pred MSE = 2.873273e-05, Test pred MSE = 6.686111e-02, Param MSE = 6.876818e-01, Grad norm = 4.340410e-04, Beta update rate = 3.167589e-04
Epoch   2400 (0.0%): Train pred MSE = 1.505133e-05, Test pred MSE = 6.688918e-02, Param MSE = 6.879507e-01, Grad norm = 3.106554e-04, Beta update rate = 2.245806e-04
Epoch   2600 (0.1%): Train pred MSE = 7.988622e-06, Test pred MSE = 6.690828e-02, Param MSE = 6.881334e-01, Grad norm = 2.241936e-04, Beta update rate = 1.608523e-04
Epoch   2800 (0.1%): Train pred MSE = 4.286674e-06, Test pred MSE = 6.692134e-02, Param MSE = 6.882581e-01, Grad norm = 1.629075e-04, Beta update rate = 1.161789e-04
Epoch   3000 (0.1%): Train pred MSE = 2.321612e-06, Test pred MSE = 6.693030e-02, Param MSE = 6.883436e-01, Grad norm = 1.190522e-04, Beta update rate = 8.449602e-05
Epoch   3200 (0.1%): Train pred MSE = 1.267424e-06, Test pred MSE = 6.693647e-02, Param MSE = 6.884023e-01, Grad norm = 8.742320e-05, Beta update rate = 6.180820e-05
Epoch   3400 (0.1%): Train pred MSE = 6.967780e-07, Test pred MSE = 6.694073e-02, Param MSE = 6.884428e-01, Grad norm = 6.446332e-05, Beta update rate = 4.543188e-05
Epoch   3600 (0.1%): Train pred MSE = 3.854654e-07, Test pred MSE = 6.694369e-02, Param MSE = 6.884708e-01, Grad norm = 4.770565e-05, Beta update rate = 3.353332e-05
Epoch   3800 (0.1%): Train pred MSE = 2.144612e-07, Test pred MSE = 6.694573e-02, Param MSE = 6.884902e-01, Grad norm = 3.541821e-05, Beta update rate = 2.484063e-05
Epoch   4000 (0.1%): Train pred MSE = 1.199478e-07, Test pred MSE = 6.694716e-02, Param MSE = 6.885037e-01, Grad norm = 2.637253e-05, Beta update rate = 1.846051e-05
Epoch   4200 (0.1%): Train pred MSE = 6.741625e-08, Test pred MSE = 6.694815e-02, Param MSE = 6.885130e-01, Grad norm = 1.968993e-05, Beta update rate = 1.375899e-05
Epoch   4400 (0.1%): Train pred MSE = 3.806628e-08, Test pred MSE = 6.694885e-02, Param MSE = 6.885195e-01, Grad norm = 1.473750e-05, Beta update rate = 1.028225e-05
Epoch   4600 (0.1%): Train pred MSE = 2.158809e-08, Test pred MSE = 6.694933e-02, Param MSE = 6.885240e-01, Grad norm = 1.105672e-05, Beta update rate = 7.703127e-06
Epoch   4800 (0.1%): Train pred MSE = 1.229400e-08, Test pred MSE = 6.694967e-02, Param MSE = 6.885272e-01, Grad norm = 8.313768e-06, Beta update rate = 5.784397e-06
Epoch   5000 (0.1%): Train pred MSE = 7.028978e-09, Test pred MSE = 6.694990e-02, Param MSE = 6.885294e-01, Grad norm = 6.264576e-06, Beta update rate = 4.353179e-06
Epoch   5200 (0.1%): Train pred MSE = 4.033965e-09, Test pred MSE = 6.695007e-02, Param MSE = 6.885309e-01, Grad norm = 4.730052e-06, Beta update rate = 3.282954e-06
Epoch   5400 (0.1%): Train pred MSE = 2.323466e-09, Test pred MSE = 6.695018e-02, Param MSE = 6.885320e-01, Grad norm = 3.578337e-06, Beta update rate = 2.480790e-06
Epoch   5600 (0.1%): Train pred MSE = 1.342858e-09, Test pred MSE = 6.695026e-02, Param MSE = 6.885327e-01, Grad norm = 2.712068e-06, Beta update rate = 1.878204e-06
Epoch   5800 (0.1%): Train pred MSE = 7.786448e-10, Test pred MSE = 6.695032e-02, Param MSE = 6.885332e-01, Grad norm = 2.059146e-06, Beta update rate = 1.424573e-06
Epoch   6000 (0.1%): Train pred MSE = 4.528888e-10, Test pred MSE = 6.695036e-02, Param MSE = 6.885336e-01, Grad norm = 1.566049e-06, Beta update rate = 1.082378e-06
Epoch   6200 (0.1%): Train pred MSE = 2.641886e-10, Test pred MSE = 6.695039e-02, Param MSE = 6.885338e-01, Grad norm = 1.192941e-06, Beta update rate = 8.237375e-07
Epoch   6400 (0.1%): Train pred MSE = 1.545381e-10, Test pred MSE = 6.695040e-02, Param MSE = 6.885340e-01, Grad norm = 9.101066e-07, Beta update rate = 6.278828e-07
Epoch   6600 (0.1%): Train pred MSE = 9.063280e-11, Test pred MSE = 6.695042e-02, Param MSE = 6.885341e-01, Grad norm = 6.953286e-07, Beta update rate = 4.793053e-07

Training completed at epoch 6600
Stop reason: train_pred_mse
Final Train pred MSE = 9.063280e-11
Final Test pred MSE = 6.695042e-02
Final Param MSE = 6.885341e-01
Final Grad norm = 6.953286e-07
Final Beta update rate = 4.793053e-07
Success flag: True (train_pred_mse < 1.00e-10)
Results metadata saved to results/diagonal/step1_mixture/pi_A=0.50--alpha=0.250000--seed=2/results_meta.json
Saved c_vec to results/diagonal/step1_mixture/pi_A=0.50--alpha=0.250000--seed=2/c_vec.npy

Results saved to results/diagonal/step1_mixture/pi_A=0.50--alpha=0.250000--seed=2/
Total jobs in this sweep: 108
Pi_A values: [0.1, 0.5, 0.9]
Alpha values: [0.05, 0.1, 0.2, 0.25, 0.3, 0.4, 0.5, 0.6, 0.7, 0.8, 0.9, 1.0]
Seeds: [0, 1, 2]
================================================================================
Step 1 Mixture Sweep - Experiment Parameters:
================================================================================
  c: 0.001
  c_A: 0.001
  c_B: 0.5
  c_mode: mixture
  epochs: 5000000
  init_method: complex
  inp_dim: 1000
  lmda: 0.0
  lr: 0.5
  n_test: 10000
  n_train: 250
  no_tuning: True
  pi_A: 0.5
  rho: 0.04
  save_folder: results/diagonal/step1_mixture/pi_A=0.50--alpha=0.250000--seed=2/
  scaling: 1.0
  seed: 2
  test_every_n_epochs: 200
  threshold: 1e-12
================================================================================

Running training script...

Extracting results and saving to CSV...
Results appended to /home/na658/multi-task2/experiment_results_step1_mixture.csv

✓ Experiment 47 completed successfully
[SLURM] Job 20446029 task 47 finished
