[SLURM] Job 20446142 task 37 starting on cpu-q-35
[SLURM] Step 2 Support Sweep
[SLURM] Using Python: /home/na658/.conda/envs/mtl_ft/bin/python
Starting diagonal network pretrain BG script...

================================================================================
SCRIPT STARTED - Running diagonal network BG experiment...
================================================================================

================================================================================
EXPERIMENT SETTINGS
================================================================================
Seed: 1
Input dimension: 1000
Sparsity (rho): 0.04
Training samples: 50
Test samples: 10000
Learning rate: 0.5
Max epochs: 5000000
Test every N epochs: 200
Convergence threshold: 1e-12
Stop pred MSE: 1e-10
Stop beta rate: disabled
Stop grad norm: disabled
LR decay: disabled
LR decay interval: 2000
Scaling: 1.0
Lambda (λ): 0.0
C parameter: 0.001
Initialization method: complex
Learning rate tuning: False
Save folder: results/diagonal/step2_support/c_nz=0.500000--c_z=0.001000--alpha=0.050000--seed=1/
C mode: support
  c_nz=0.5, c_z=0.001
================================================================================
Starting training...
================================================================================
[c_mode=support] support fraction=0.0470 (rho=0.04)
[c_mode=support] c_nz=0.5, c_z=0.001
Per-coordinate c init: c_vec range [0.001000, 0.500000]

Starting training loop (max 5000000 epochs, threshold=1.00e-12)...
Epoch      0 (0.0%): Train pred MSE = 2.502600e+01, Test pred MSE = 1.292676e-01, Param MSE = 1.272429e+00, Grad norm = 2.178408e+00, Beta update rate = nan
Epoch    200 (0.0%): Train pred MSE = 4.394762e-04, Test pred MSE = 2.685764e-02, Param MSE = 2.620322e-01, Grad norm = 4.663978e-03, Beta update rate = 1.334392e-01
Epoch    400 (0.0%): Train pred MSE = 5.912972e-06, Test pred MSE = 2.676350e-02, Param MSE = 2.610914e-01, Grad norm = 4.862942e-04, Beta update rate = 9.141575e-04
Epoch    600 (0.0%): Train pred MSE = 1.429665e-07, Test pred MSE = 2.675948e-02, Param MSE = 2.610539e-01, Grad norm = 7.171905e-05, Beta update rate = 9.291272e-05
Epoch    800 (0.0%): Train pred MSE = 4.574089e-09, Test pred MSE = 2.675921e-02, Param MSE = 2.610519e-01, Grad norm = 1.247596e-05, Beta update rate = 1.300546e-05
Epoch   1000 (0.0%): Train pred MSE = 1.666972e-10, Test pred MSE = 2.675919e-02, Param MSE = 2.610519e-01, Grad norm = 2.351210e-06, Beta update rate = 2.201148e-06
Epoch   1200 (0.0%): Train pred MSE = 6.435619e-12, Test pred MSE = 2.675919e-02, Param MSE = 2.610519e-01, Grad norm = 4.592691e-07, Beta update rate = 4.128410e-07

Training completed at epoch 1200
Stop reason: train_pred_mse
Final Train pred MSE = 6.435619e-12
Final Test pred MSE = 2.675919e-02
Final Param MSE = 2.610519e-01
Final Grad norm = 4.592691e-07
Final Beta update rate = 4.128410e-07
Success flag: True (train_pred_mse < 1.00e-10)
Results metadata saved to results/diagonal/step2_support/c_nz=0.500000--c_z=0.001000--alpha=0.050000--seed=1/results_meta.json
Saved c_vec to results/diagonal/step2_support/c_nz=0.500000--c_z=0.001000--alpha=0.050000--seed=1/c_vec.npy

Results saved to results/diagonal/step2_support/c_nz=0.500000--c_z=0.001000--alpha=0.050000--seed=1/
Total jobs in this sweep: 72
Cases: good (c_nz=0.001, c_z=0.5), bad (c_nz=0.5, c_z=0.001)
Alpha values: [0.05, 0.1, 0.2, 0.25, 0.3, 0.4, 0.5, 0.6, 0.7, 0.8, 0.9, 1.0]
Seeds: [0, 1, 2]
================================================================================
Step 2 Support Sweep - Experiment Parameters:
================================================================================
  c: 0.001
  c_mode: support
  c_nz: 0.5
  c_z: 0.001
  epochs: 5000000
  init_method: complex
  inp_dim: 1000
  lmda: 0.0
  lr: 0.5
  n_test: 10000
  n_train: 50
  no_tuning: True
  rho: 0.04
  save_folder: results/diagonal/step2_support/c_nz=0.500000--c_z=0.001000--alpha=0.050000--seed=1/
  scaling: 1.0
  seed: 1
  test_every_n_epochs: 200
  threshold: 1e-12
================================================================================

Case: bad (c_nz=0.5, c_z=0.001)

Running training script...

Extracting results and saving to CSV...
Results appended to /home/na658/multi-task2/experiment_results_step2_support.csv

✓ Experiment 37 completed successfully
[SLURM] Job 20446142 task 37 finished
