[SLURM] Job 20446024 task 42 starting on cpu-q-35
[SLURM] Step 1 Mixture Sweep
[SLURM] Using Python: /home/na658/.conda/envs/mtl_ft/bin/python
Starting diagonal network pretrain BG script...

================================================================================
SCRIPT STARTED - Running diagonal network BG experiment...
================================================================================

================================================================================
EXPERIMENT SETTINGS
================================================================================
Seed: 0
Input dimension: 1000
Sparsity (rho): 0.04
Training samples: 200
Test samples: 10000
Learning rate: 0.5
Max epochs: 5000000
Test every N epochs: 200
Convergence threshold: 1e-12
Stop pred MSE: 1e-10
Stop beta rate: disabled
Stop grad norm: disabled
LR decay: disabled
LR decay interval: 2000
Scaling: 1.0
Lambda (λ): 0.0
C parameter: 0.001
Initialization method: complex
Learning rate tuning: False
Save folder: results/diagonal/step1_mixture/pi_A=0.50--alpha=0.200000--seed=0/
C mode: mixture
  c_A=0.001, c_B=0.5, pi_A=0.5
================================================================================
Starting training...
================================================================================
[c_mode=mixture] pi_A=0.5, empirical frac_A=0.5240
[c_mode=mixture] c_A=0.001, c_B=0.5
Per-coordinate c init: c_vec range [0.001000, 0.500000]

Starting training loop (max 5000000 epochs, threshold=1.00e-12)...
Epoch      0 (0.0%): Train pred MSE = 8.691169e+00, Test pred MSE = 1.607125e-01, Param MSE = 1.602573e+00, Grad norm = 7.475752e-01, Beta update rate = nan
Epoch    200 (0.0%): Train pred MSE = 9.449585e-02, Test pred MSE = 1.542053e-01, Param MSE = 1.544205e+00, Grad norm = 5.081790e-02, Beta update rate = 1.402833e-01
Epoch    400 (0.0%): Train pred MSE = 8.761824e-03, Test pred MSE = 1.599183e-01, Param MSE = 1.605119e+00, Grad norm = 1.379760e-02, Beta update rate = 1.979130e-02
Epoch    600 (0.0%): Train pred MSE = 1.155100e-03, Test pred MSE = 1.612294e-01, Param MSE = 1.618617e+00, Grad norm = 4.726082e-03, Beta update rate = 5.888076e-03
Epoch    800 (0.0%): Train pred MSE = 1.845544e-04, Test pred MSE = 1.616650e-01, Param MSE = 1.622966e+00, Grad norm = 1.806260e-03, Beta update rate = 2.080505e-03
Epoch   1000 (0.0%): Train pred MSE = 3.407209e-05, Test pred MSE = 1.618264e-01, Param MSE = 1.624553e+00, Grad norm = 7.474275e-04, Beta update rate = 8.135058e-04
Epoch   1200 (0.0%): Train pred MSE = 7.014514e-06, Test pred MSE = 1.618899e-01, Param MSE = 1.625172e+00, Grad norm = 3.293440e-04, Beta update rate = 3.433788e-04
Epoch   1400 (0.0%): Train pred MSE = 1.560139e-06, Test pred MSE = 1.619161e-01, Param MSE = 1.625426e+00, Grad norm = 1.520356e-04, Beta update rate = 1.537526e-04
Epoch   1600 (0.0%): Train pred MSE = 3.660548e-07, Test pred MSE = 1.619274e-01, Param MSE = 1.625533e+00, Grad norm = 7.251965e-05, Beta update rate = 7.185911e-05
Epoch   1800 (0.0%): Train pred MSE = 8.917291e-08, Test pred MSE = 1.619323e-01, Param MSE = 1.625581e+00, Grad norm = 3.539156e-05, Beta update rate = 3.460367e-05
Epoch   2000 (0.0%): Train pred MSE = 2.232417e-08, Test pred MSE = 1.619346e-01, Param MSE = 1.625602e+00, Grad norm = 1.755765e-05, Beta update rate = 1.701454e-05
Epoch   2200 (0.0%): Train pred MSE = 5.704885e-09, Test pred MSE = 1.619357e-01, Param MSE = 1.625612e+00, Grad norm = 8.817112e-06, Beta update rate = 8.492011e-06
Epoch   2400 (0.0%): Train pred MSE = 1.481224e-09, Test pred MSE = 1.619362e-01, Param MSE = 1.625617e+00, Grad norm = 4.469326e-06, Beta update rate = 4.285639e-06
Epoch   2600 (0.1%): Train pred MSE = 3.894173e-10, Test pred MSE = 1.619364e-01, Param MSE = 1.625619e+00, Grad norm = 2.282072e-06, Beta update rate = 2.181201e-06
Epoch   2800 (0.1%): Train pred MSE = 1.033959e-10, Test pred MSE = 1.619365e-01, Param MSE = 1.625620e+00, Grad norm = 1.171993e-06, Beta update rate = 1.117471e-06
Epoch   3000 (0.1%): Train pred MSE = 2.766986e-11, Test pred MSE = 1.619366e-01, Param MSE = 1.625621e+00, Grad norm = 6.046669e-07, Beta update rate = 5.754780e-07

Training completed at epoch 3000
Stop reason: train_pred_mse
Final Train pred MSE = 2.766986e-11
Final Test pred MSE = 1.619366e-01
Final Param MSE = 1.625621e+00
Final Grad norm = 6.046669e-07
Final Beta update rate = 5.754780e-07
Success flag: True (train_pred_mse < 1.00e-10)
Results metadata saved to results/diagonal/step1_mixture/pi_A=0.50--alpha=0.200000--seed=0/results_meta.json
Saved c_vec to results/diagonal/step1_mixture/pi_A=0.50--alpha=0.200000--seed=0/c_vec.npy

Results saved to results/diagonal/step1_mixture/pi_A=0.50--alpha=0.200000--seed=0/
Total jobs in this sweep: 108
Pi_A values: [0.1, 0.5, 0.9]
Alpha values: [0.05, 0.1, 0.2, 0.25, 0.3, 0.4, 0.5, 0.6, 0.7, 0.8, 0.9, 1.0]
Seeds: [0, 1, 2]
================================================================================
Step 1 Mixture Sweep - Experiment Parameters:
================================================================================
  c: 0.001
  c_A: 0.001
  c_B: 0.5
  c_mode: mixture
  epochs: 5000000
  init_method: complex
  inp_dim: 1000
  lmda: 0.0
  lr: 0.5
  n_test: 10000
  n_train: 200
  no_tuning: True
  pi_A: 0.5
  rho: 0.04
  save_folder: results/diagonal/step1_mixture/pi_A=0.50--alpha=0.200000--seed=0/
  scaling: 1.0
  seed: 0
  test_every_n_epochs: 200
  threshold: 1e-12
================================================================================

Running training script...

Extracting results and saving to CSV...
Results appended to /home/na658/multi-task2/experiment_results_step1_mixture.csv

✓ Experiment 42 completed successfully
[SLURM] Job 20446024 task 42 finished
