[SLURM] Job 20446113 task 8 starting on cpu-q-588
[SLURM] Step 2 Support Sweep
[SLURM] Using Python: /home/na658/.conda/envs/mtl_ft/bin/python
Starting diagonal network pretrain BG script...

================================================================================
SCRIPT STARTED - Running diagonal network BG experiment...
================================================================================

================================================================================
EXPERIMENT SETTINGS
================================================================================
Seed: 2
Input dimension: 1000
Sparsity (rho): 0.04
Training samples: 200
Test samples: 10000
Learning rate: 0.5
Max epochs: 5000000
Test every N epochs: 200
Convergence threshold: 1e-12
Stop pred MSE: 1e-10
Stop beta rate: disabled
Stop grad norm: disabled
LR decay: disabled
LR decay interval: 2000
Scaling: 1.0
Lambda (λ): 0.0
C parameter: 0.001
Initialization method: complex
Learning rate tuning: False
Save folder: results/diagonal/step2_support/c_nz=0.001000--c_z=0.500000--alpha=0.200000--seed=2/
C mode: support
  c_nz=0.001, c_z=0.5
================================================================================
Starting training...
================================================================================
[c_mode=support] support fraction=0.0410 (rho=0.04)
[c_mode=support] c_nz=0.001, c_z=0.5
Per-coordinate c init: c_vec range [0.001000, 0.500000]

Starting training loop (max 5000000 epochs, threshold=1.00e-12)...
Epoch      0 (0.0%): Train pred MSE = 2.948621e+00, Test pred MSE = 8.233143e-02, Param MSE = 8.347328e-01, Grad norm = 5.418336e-01, Beta update rate = nan
Epoch    200 (0.0%): Train pred MSE = 4.543272e-03, Test pred MSE = 9.673800e-02, Param MSE = 9.897398e-01, Grad norm = 1.512976e-02, Beta update rate = 6.164123e-02
Epoch    400 (0.0%): Train pred MSE = 4.626218e-05, Test pred MSE = 9.760695e-02, Param MSE = 9.986777e-01, Grad norm = 1.429655e-03, Beta update rate = 3.236612e-03
Epoch    600 (0.0%): Train pred MSE = 6.935228e-07, Test pred MSE = 9.767665e-02, Param MSE = 9.993650e-01, Grad norm = 1.695271e-04, Beta update rate = 3.292308e-04
Epoch    800 (0.0%): Train pred MSE = 1.274945e-08, Test pred MSE = 9.768377e-02, Param MSE = 9.994331e-01, Grad norm = 2.253907e-05, Beta update rate = 4.046127e-05
Epoch   1000 (0.0%): Train pred MSE = 2.641908e-10, Test pred MSE = 9.768459e-02, Param MSE = 9.994408e-01, Grad norm = 3.206252e-06, Beta update rate = 5.499374e-06
Epoch   1200 (0.0%): Train pred MSE = 5.873167e-12, Test pred MSE = 9.768470e-02, Param MSE = 9.994417e-01, Grad norm = 4.746511e-07, Beta update rate = 7.928695e-07

Training completed at epoch 1200
Stop reason: train_pred_mse
Final Train pred MSE = 5.873167e-12
Final Test pred MSE = 9.768470e-02
Final Param MSE = 9.994417e-01
Final Grad norm = 4.746511e-07
Final Beta update rate = 7.928695e-07
Success flag: True (train_pred_mse < 1.00e-10)
Results metadata saved to results/diagonal/step2_support/c_nz=0.001000--c_z=0.500000--alpha=0.200000--seed=2/results_meta.json
Saved c_vec to results/diagonal/step2_support/c_nz=0.001000--c_z=0.500000--alpha=0.200000--seed=2/c_vec.npy

Results saved to results/diagonal/step2_support/c_nz=0.001000--c_z=0.500000--alpha=0.200000--seed=2/
Total jobs in this sweep: 72
Cases: good (c_nz=0.001, c_z=0.5), bad (c_nz=0.5, c_z=0.001)
Alpha values: [0.05, 0.1, 0.2, 0.25, 0.3, 0.4, 0.5, 0.6, 0.7, 0.8, 0.9, 1.0]
Seeds: [0, 1, 2]
================================================================================
Step 2 Support Sweep - Experiment Parameters:
================================================================================
  c: 0.001
  c_mode: support
  c_nz: 0.001
  c_z: 0.5
  epochs: 5000000
  init_method: complex
  inp_dim: 1000
  lmda: 0.0
  lr: 0.5
  n_test: 10000
  n_train: 200
  no_tuning: True
  rho: 0.04
  save_folder: results/diagonal/step2_support/c_nz=0.001000--c_z=0.500000--alpha=0.200000--seed=2/
  scaling: 1.0
  seed: 2
  test_every_n_epochs: 200
  threshold: 1e-12
================================================================================

Case: good (c_nz=0.001, c_z=0.5)

Running training script...

Extracting results and saving to CSV...
Results appended to /home/na658/multi-task2/experiment_results_step2_support.csv

✓ Experiment 8 completed successfully
[SLURM] Job 20446113 task 8 finished
