[SLURM] Job 20446059 task 77 starting on cpu-q-227
[SLURM] Step 1 Mixture Sweep
[SLURM] Using Python: /home/na658/.conda/envs/mtl_ft/bin/python
Starting diagonal network pretrain BG script...

================================================================================
SCRIPT STARTED - Running diagonal network BG experiment...
================================================================================

================================================================================
EXPERIMENT SETTINGS
================================================================================
Seed: 2
Input dimension: 1000
Sparsity (rho): 0.04
Training samples: 100
Test samples: 10000
Learning rate: 0.5
Max epochs: 5000000
Test every N epochs: 200
Convergence threshold: 1e-12
Stop pred MSE: 1e-10
Stop beta rate: disabled
Stop grad norm: disabled
LR decay: disabled
LR decay interval: 2000
Scaling: 1.0
Lambda (λ): 0.0
C parameter: 0.001
Initialization method: complex
Learning rate tuning: False
Save folder: results/diagonal/step1_mixture/pi_A=0.90--alpha=0.100000--seed=2/
C mode: mixture
  c_A=0.001, c_B=0.5, pi_A=0.9
================================================================================
Starting training...
================================================================================
[c_mode=mixture] pi_A=0.9, empirical frac_A=0.8950
[c_mode=mixture] c_A=0.001, c_B=0.5
Per-coordinate c init: c_vec range [0.001000, 0.500000]

Starting training loop (max 5000000 epochs, threshold=1.00e-12)...
Epoch      0 (0.0%): Train pred MSE = 6.937186e+00, Test pred MSE = 8.215592e-02, Param MSE = 8.328480e-01, Grad norm = 6.027853e-01, Beta update rate = nan
Epoch    200 (0.0%): Train pred MSE = 4.125521e-02, Test pred MSE = 7.094092e-02, Param MSE = 7.197997e-01, Grad norm = 4.280066e-02, Beta update rate = 8.796831e-02
Epoch    400 (0.0%): Train pred MSE = 1.978730e-03, Test pred MSE = 6.954733e-02, Param MSE = 7.054215e-01, Grad norm = 7.049656e-03, Beta update rate = 9.464051e-03
Epoch    600 (0.0%): Train pred MSE = 1.830790e-04, Test pred MSE = 6.930538e-02, Param MSE = 7.029845e-01, Grad norm = 2.067307e-03, Beta update rate = 2.051689e-03
Epoch    800 (0.0%): Train pred MSE = 1.889160e-05, Test pred MSE = 6.924543e-02, Param MSE = 7.023756e-01, Grad norm = 6.520010e-04, Beta update rate = 5.864790e-04
Epoch   1000 (0.0%): Train pred MSE = 2.105786e-06, Test pred MSE = 6.922778e-02, Param MSE = 7.021927e-01, Grad norm = 2.140551e-04, Beta update rate = 1.812874e-04
Epoch   1200 (0.0%): Train pred MSE = 2.515415e-07, Test pred MSE = 6.922204e-02, Param MSE = 7.021319e-01, Grad norm = 7.284864e-05, Beta update rate = 5.919439e-05
Epoch   1400 (0.0%): Train pred MSE = 3.192429e-08, Test pred MSE = 6.922006e-02, Param MSE = 7.021105e-01, Grad norm = 2.559950e-05, Beta update rate = 2.023326e-05
Epoch   1600 (0.0%): Train pred MSE = 4.266321e-09, Test pred MSE = 6.921935e-02, Param MSE = 7.021028e-01, Grad norm = 9.248143e-06, Beta update rate = 7.185385e-06
Epoch   1800 (0.0%): Train pred MSE = 5.954124e-10, Test pred MSE = 6.921910e-02, Param MSE = 7.020999e-01, Grad norm = 3.420011e-06, Beta update rate = 2.631712e-06
Epoch   2000 (0.0%): Train pred MSE = 8.619166e-11, Test pred MSE = 6.921900e-02, Param MSE = 7.020988e-01, Grad norm = 1.289819e-06, Beta update rate = 9.874267e-07

Training completed at epoch 2000
Stop reason: train_pred_mse
Final Train pred MSE = 8.619166e-11
Final Test pred MSE = 6.921900e-02
Final Param MSE = 7.020988e-01
Final Grad norm = 1.289819e-06
Final Beta update rate = 9.874267e-07
Success flag: True (train_pred_mse < 1.00e-10)
Results metadata saved to results/diagonal/step1_mixture/pi_A=0.90--alpha=0.100000--seed=2/results_meta.json
Saved c_vec to results/diagonal/step1_mixture/pi_A=0.90--alpha=0.100000--seed=2/c_vec.npy

Results saved to results/diagonal/step1_mixture/pi_A=0.90--alpha=0.100000--seed=2/
Total jobs in this sweep: 108
Pi_A values: [0.1, 0.5, 0.9]
Alpha values: [0.05, 0.1, 0.2, 0.25, 0.3, 0.4, 0.5, 0.6, 0.7, 0.8, 0.9, 1.0]
Seeds: [0, 1, 2]
================================================================================
Step 1 Mixture Sweep - Experiment Parameters:
================================================================================
  c: 0.001
  c_A: 0.001
  c_B: 0.5
  c_mode: mixture
  epochs: 5000000
  init_method: complex
  inp_dim: 1000
  lmda: 0.0
  lr: 0.5
  n_test: 10000
  n_train: 100
  no_tuning: True
  pi_A: 0.9
  rho: 0.04
  save_folder: results/diagonal/step1_mixture/pi_A=0.90--alpha=0.100000--seed=2/
  scaling: 1.0
  seed: 2
  test_every_n_epochs: 200
  threshold: 1e-12
================================================================================

Running training script...

Extracting results and saving to CSV...
Results appended to /home/na658/multi-task2/experiment_results_step1_mixture.csv

✓ Experiment 77 completed successfully
[SLURM] Job 20446059 task 77 finished
