[SLURM] Job 20446033 task 51 starting on cpu-q-226
[SLURM] Step 1 Mixture Sweep
[SLURM] Using Python: /home/na658/.conda/envs/mtl_ft/bin/python
Starting diagonal network pretrain BG script...

================================================================================
SCRIPT STARTED - Running diagonal network BG experiment...
================================================================================

================================================================================
EXPERIMENT SETTINGS
================================================================================
Seed: 0
Input dimension: 1000
Sparsity (rho): 0.04
Training samples: 400
Test samples: 10000
Learning rate: 0.5
Max epochs: 5000000
Test every N epochs: 200
Convergence threshold: 1e-12
Stop pred MSE: 1e-10
Stop beta rate: disabled
Stop grad norm: disabled
LR decay: disabled
LR decay interval: 2000
Scaling: 1.0
Lambda (λ): 0.0
C parameter: 0.001
Initialization method: complex
Learning rate tuning: False
Save folder: results/diagonal/step1_mixture/pi_A=0.50--alpha=0.400000--seed=0/
C mode: mixture
  c_A=0.001, c_B=0.5, pi_A=0.5
================================================================================
Starting training...
================================================================================
[c_mode=mixture] pi_A=0.5, empirical frac_A=0.5240
[c_mode=mixture] c_A=0.001, c_B=0.5
Per-coordinate c init: c_vec range [0.001000, 0.500000]

Starting training loop (max 5000000 epochs, threshold=1.00e-12)...
Epoch      0 (0.0%): Train pred MSE = 4.034607e+00, Test pred MSE = 1.610829e-01, Param MSE = 1.606424e+00, Grad norm = 2.691864e-01, Beta update rate = nan
Epoch    200 (0.0%): Train pred MSE = 7.320030e-01, Test pred MSE = 1.158888e-01, Param MSE = 1.148217e+00, Grad norm = 9.155612e-02, Beta update rate = 1.239288e-01
Epoch    400 (0.0%): Train pred MSE = 2.931429e-01, Test pred MSE = 1.046532e-01, Param MSE = 1.039352e+00, Grad norm = 4.909601e-02, Beta update rate = 4.994237e-02
Epoch    600 (0.0%): Train pred MSE = 1.324636e-01, Test pred MSE = 9.184700e-02, Param MSE = 9.124337e-01, Grad norm = 3.066683e-02, Beta update rate = 2.971362e-02
Epoch    800 (0.0%): Train pred MSE = 7.250728e-02, Test pred MSE = 8.277782e-02, Param MSE = 8.218744e-01, Grad norm = 1.939653e-02, Beta update rate = 1.849268e-02
Epoch   1000 (0.0%): Train pred MSE = 4.564661e-02, Test pred MSE = 7.716684e-02, Param MSE = 7.659346e-01, Grad norm = 1.382850e-02, Beta update rate = 1.163477e-02
Epoch   1200 (0.0%): Train pred MSE = 3.104428e-02, Test pred MSE = 7.334871e-02, Param MSE = 7.279613e-01, Grad norm = 1.053571e-02, Beta update rate = 8.219414e-03
Epoch   1400 (0.0%): Train pred MSE = 2.222795e-02, Test pred MSE = 7.056595e-02, Param MSE = 7.004019e-01, Grad norm = 8.354869e-03, Beta update rate = 6.177882e-03
Epoch   1600 (0.0%): Train pred MSE = 1.652112e-02, Test pred MSE = 6.845389e-02, Param MSE = 6.795923e-01, Grad norm = 6.823106e-03, Beta update rate = 4.824885e-03
Epoch   1800 (0.0%): Train pred MSE = 1.263070e-02, Test pred MSE = 6.681549e-02, Param MSE = 6.635352e-01, Grad norm = 5.697097e-03, Beta update rate = 3.881687e-03
Epoch   2000 (0.0%): Train pred MSE = 9.871525e-03, Test pred MSE = 6.552752e-02, Param MSE = 6.509784e-01, Grad norm = 4.840129e-03, Beta update rate = 3.196362e-03
Epoch   2200 (0.0%): Train pred MSE = 7.852106e-03, Test pred MSE = 6.450392e-02, Param MSE = 6.410502e-01, Grad norm = 4.170356e-03, Beta update rate = 2.680822e-03
Epoch   2400 (0.0%): Train pred MSE = 6.335514e-03, Test pred MSE = 6.368162e-02, Param MSE = 6.331151e-01, Grad norm = 3.635364e-03, Beta update rate = 2.282304e-03
Epoch   2600 (0.1%): Train pred MSE = 5.171889e-03, Test pred MSE = 6.301383e-02, Param MSE = 6.267034e-01, Grad norm = 3.199975e-03, Beta update rate = 1.967480e-03
Epoch   2800 (0.1%): Train pred MSE = 4.262948e-03, Test pred MSE = 6.246572e-02, Param MSE = 6.214671e-01, Grad norm = 2.839792e-03, Beta update rate = 1.714249e-03
Epoch   3000 (0.1%): Train pred MSE = 3.542200e-03, Test pred MSE = 6.201129e-02, Param MSE = 6.171472e-01, Grad norm = 2.537469e-03, Beta update rate = 1.507381e-03
Epoch   3200 (0.1%): Train pred MSE = 2.963422e-03, Test pred MSE = 6.163100e-02, Param MSE = 6.135498e-01, Grad norm = 2.280423e-03, Beta update rate = 1.336048e-03
Epoch   3400 (0.1%): Train pred MSE = 2.493691e-03, Test pred MSE = 6.131005e-02, Param MSE = 6.105286e-01, Grad norm = 2.059378e-03, Beta update rate = 1.192357e-03
Epoch   3600 (0.1%): Train pred MSE = 2.109033e-03, Test pred MSE = 6.103711e-02, Param MSE = 6.079719e-01, Grad norm = 1.867404e-03, Beta update rate = 1.070452e-03
Epoch   3800 (0.1%): Train pred MSE = 1.791639e-03, Test pred MSE = 6.080341e-02, Param MSE = 6.057936e-01, Grad norm = 1.699253e-03, Beta update rate = 9.659261e-04
Epoch   4000 (0.1%): Train pred MSE = 1.528039e-03, Test pred MSE = 6.060209e-02, Param MSE = 6.039267e-01, Grad norm = 1.550896e-03, Beta update rate = 8.754356e-04
Epoch   4200 (0.1%): Train pred MSE = 1.307884e-03, Test pred MSE = 6.042773e-02, Param MSE = 6.023181e-01, Grad norm = 1.419193e-03, Beta update rate = 7.964190e-04
Epoch   4400 (0.1%): Train pred MSE = 1.123110e-03, Test pred MSE = 6.027597e-02, Param MSE = 6.009256e-01, Grad norm = 1.301658e-03, Beta update rate = 7.268971e-04
Epoch   4600 (0.1%): Train pred MSE = 9.673568e-04, Test pred MSE = 6.014332e-02, Param MSE = 5.997153e-01, Grad norm = 1.196297e-03, Beta update rate = 6.653254e-04
Epoch   4800 (0.1%): Train pred MSE = 8.355565e-04, Test pred MSE = 6.002693e-02, Param MSE = 5.986596e-01, Grad norm = 1.101487e-03, Beta update rate = 6.104846e-04
Epoch   5000 (0.1%): Train pred MSE = 7.236335e-04, Test pred MSE = 5.992445e-02, Param MSE = 5.977359e-01, Grad norm = 1.015888e-03, Beta update rate = 5.614006e-04
Epoch   5200 (0.1%): Train pred MSE = 6.282844e-04, Test pred MSE = 5.983395e-02, Param MSE = 5.969255e-01, Grad norm = 9.383854e-04, Beta update rate = 5.172854e-04
Epoch   5400 (0.1%): Train pred MSE = 5.468128e-04, Test pred MSE = 5.975382e-02, Param MSE = 5.962128e-01, Grad norm = 8.680394e-04, Beta update rate = 4.774936e-04
Epoch   5600 (0.1%): Train pred MSE = 4.770053e-04, Test pred MSE = 5.968269e-02, Param MSE = 5.955848e-01, Grad norm = 8.040501e-04, Beta update rate = 4.414902e-04
Epoch   5800 (0.1%): Train pred MSE = 4.170344e-04, Test pred MSE = 5.961942e-02, Param MSE = 5.950304e-01, Grad norm = 7.457314e-04, Beta update rate = 4.088267e-04
Epoch   6000 (0.1%): Train pred MSE = 3.653851e-04, Test pred MSE = 5.956304e-02, Param MSE = 5.945405e-01, Grad norm = 6.924893e-04, Beta update rate = 3.791233e-04
Epoch   6200 (0.1%): Train pred MSE = 3.207957e-04, Test pred MSE = 5.951272e-02, Param MSE = 5.941069e-01, Grad norm = 6.438063e-04, Beta update rate = 3.520550e-04
Epoch   6400 (0.1%): Train pred MSE = 2.822119e-04, Test pred MSE = 5.946775e-02, Param MSE = 5.937229e-01, Grad norm = 5.992280e-04, Beta update rate = 3.273414e-04
Epoch   6600 (0.1%): Train pred MSE = 2.487498e-04, Test pred MSE = 5.942751e-02, Param MSE = 5.933826e-01, Grad norm = 5.583536e-04, Beta update rate = 3.047389e-04
Epoch   6800 (0.1%): Train pred MSE = 2.196661e-04, Test pred MSE = 5.939147e-02, Param MSE = 5.930808e-01, Grad norm = 5.208279e-04, Beta update rate = 2.840343e-04
Epoch   7000 (0.1%): Train pred MSE = 1.943340e-04, Test pred MSE = 5.935917e-02, Param MSE = 5.928133e-01, Grad norm = 4.863343e-04, Beta update rate = 2.650400e-04
Epoch   7200 (0.1%): Train pred MSE = 1.722238e-04, Test pred MSE = 5.933020e-02, Param MSE = 5.925760e-01, Grad norm = 4.545903e-04, Beta update rate = 2.475899e-04
Epoch   7400 (0.1%): Train pred MSE = 1.528867e-04, Test pred MSE = 5.930421e-02, Param MSE = 5.923657e-01, Grad norm = 4.253428e-04, Beta update rate = 2.315368e-04
Epoch   7600 (0.2%): Train pred MSE = 1.359415e-04, Test pred MSE = 5.928089e-02, Param MSE = 5.921794e-01, Grad norm = 3.983645e-04, Beta update rate = 2.167494e-04
Epoch   7800 (0.2%): Train pred MSE = 1.210637e-04, Test pred MSE = 5.925995e-02, Param MSE = 5.920145e-01, Grad norm = 3.734511e-04, Beta update rate = 2.031106e-04
Epoch   8000 (0.2%): Train pred MSE = 1.079767e-04, Test pred MSE = 5.924116e-02, Param MSE = 5.918687e-01, Grad norm = 3.504186e-04, Beta update rate = 1.905155e-04
Epoch   8200 (0.2%): Train pred MSE = 9.644393e-05, Test pred MSE = 5.922430e-02, Param MSE = 5.917399e-01, Grad norm = 3.291012e-04, Beta update rate = 1.788698e-04
Epoch   8400 (0.2%): Train pred MSE = 8.626289e-05, Test pred MSE = 5.920917e-02, Param MSE = 5.916264e-01, Grad norm = 3.093492e-04, Beta update rate = 1.680890e-04
Epoch   8600 (0.2%): Train pred MSE = 7.725975e-05, Test pred MSE = 5.919561e-02, Param MSE = 5.915265e-01, Grad norm = 2.910274e-04, Beta update rate = 1.580971e-04
Epoch   8800 (0.2%): Train pred MSE = 6.928504e-05, Test pred MSE = 5.918347e-02, Param MSE = 5.914388e-01, Grad norm = 2.740138e-04, Beta update rate = 1.488254e-04
Epoch   9000 (0.2%): Train pred MSE = 6.220996e-05, Test pred MSE = 5.917260e-02, Param MSE = 5.913620e-01, Grad norm = 2.581978e-04, Beta update rate = 1.402123e-04
Epoch   9200 (0.2%): Train pred MSE = 5.592332e-05, Test pred MSE = 5.916287e-02, Param MSE = 5.912950e-01, Grad norm = 2.434794e-04, Beta update rate = 1.322018e-04
Epoch   9400 (0.2%): Train pred MSE = 5.032891e-05, Test pred MSE = 5.915419e-02, Param MSE = 5.912369e-01, Grad norm = 2.297681e-04, Beta update rate = 1.247438e-04
Epoch   9600 (0.2%): Train pred MSE = 4.534335e-05, Test pred MSE = 5.914645e-02, Param MSE = 5.911865e-01, Grad norm = 2.169819e-04, Beta update rate = 1.177925e-04
Epoch   9800 (0.2%): Train pred MSE = 4.089423e-05, Test pred MSE = 5.913956e-02, Param MSE = 5.911433e-01, Grad norm = 2.050463e-04, Beta update rate = 1.113066e-04
Epoch  10000 (0.2%): Train pred MSE = 3.691853e-05, Test pred MSE = 5.913343e-02, Param MSE = 5.911063e-01, Grad norm = 1.938938e-04, Beta update rate = 1.052490e-04
Epoch  10200 (0.2%): Train pred MSE = 3.336132e-05, Test pred MSE = 5.912800e-02, Param MSE = 5.910750e-01, Grad norm = 1.834631e-04, Beta update rate = 9.958550e-05
Epoch  10400 (0.2%): Train pred MSE = 3.017463e-05, Test pred MSE = 5.912320e-02, Param MSE = 5.910487e-01, Grad norm = 1.736983e-04, Beta update rate = 9.428547e-05
Epoch  10600 (0.2%): Train pred MSE = 2.731649e-05, Test pred MSE = 5.911897e-02, Param MSE = 5.910270e-01, Grad norm = 1.645486e-04, Beta update rate = 8.932091e-05
Epoch  10800 (0.2%): Train pred MSE = 2.475009e-05, Test pred MSE = 5.911525e-02, Param MSE = 5.910093e-01, Grad norm = 1.559679e-04, Beta update rate = 8.466634e-05
Epoch  11000 (0.2%): Train pred MSE = 2.244315e-05, Test pred MSE = 5.911200e-02, Param MSE = 5.909952e-01, Grad norm = 1.479139e-04, Beta update rate = 8.029858e-05
Epoch  11200 (0.2%): Train pred MSE = 2.036725e-05, Test pred MSE = 5.910916e-02, Param MSE = 5.909842e-01, Grad norm = 1.403480e-04, Beta update rate = 7.619647e-05
Epoch  11400 (0.2%): Train pred MSE = 1.849735e-05, Test pred MSE = 5.910671e-02, Param MSE = 5.909762e-01, Grad norm = 1.332352e-04, Beta update rate = 7.234071e-05
Epoch  11600 (0.2%): Train pred MSE = 1.681139e-05, Test pred MSE = 5.910459e-02, Param MSE = 5.909707e-01, Grad norm = 1.265431e-04, Beta update rate = 6.871363e-05
Epoch  11800 (0.2%): Train pred MSE = 1.528984e-05, Test pred MSE = 5.910279e-02, Param MSE = 5.909674e-01, Grad norm = 1.202423e-04, Beta update rate = 6.529909e-05
Epoch  12000 (0.2%): Train pred MSE = 1.391544e-05, Test pred MSE = 5.910126e-02, Param MSE = 5.909661e-01, Grad norm = 1.143057e-04, Beta update rate = 6.208226e-05
Epoch  12200 (0.2%): Train pred MSE = 1.267287e-05, Test pred MSE = 5.909998e-02, Param MSE = 5.909665e-01, Grad norm = 1.087084e-04, Beta update rate = 5.904957e-05
Epoch  12400 (0.2%): Train pred MSE = 1.154856e-05, Test pred MSE = 5.909893e-02, Param MSE = 5.909685e-01, Grad norm = 1.034275e-04, Beta update rate = 5.618854e-05
Epoch  12600 (0.3%): Train pred MSE = 1.053043e-05, Test pred MSE = 5.909808e-02, Param MSE = 5.909719e-01, Grad norm = 9.844212e-05, Beta update rate = 5.348767e-05
Epoch  12800 (0.3%): Train pred MSE = 9.607728e-06, Test pred MSE = 5.909741e-02, Param MSE = 5.909764e-01, Grad norm = 9.373275e-05, Beta update rate = 5.093642e-05
Epoch  13000 (0.3%): Train pred MSE = 8.770893e-06, Test pred MSE = 5.909691e-02, Param MSE = 5.909820e-01, Grad norm = 8.928153e-05, Beta update rate = 4.852502e-05
Epoch  13200 (0.3%): Train pred MSE = 8.011382e-06, Test pred MSE = 5.909655e-02, Param MSE = 5.909884e-01, Grad norm = 8.507196e-05, Beta update rate = 4.624448e-05
Epoch  13400 (0.3%): Train pred MSE = 7.321567e-06, Test pred MSE = 5.909632e-02, Param MSE = 5.909956e-01, Grad norm = 8.108873e-05, Beta update rate = 4.408650e-05
Epoch  13600 (0.3%): Train pred MSE = 6.694628e-06, Test pred MSE = 5.909620e-02, Param MSE = 5.910035e-01, Grad norm = 7.731773e-05, Beta update rate = 4.204337e-05
Epoch  13800 (0.3%): Train pred MSE = 6.124462e-06, Test pred MSE = 5.909619e-02, Param MSE = 5.910119e-01, Grad norm = 7.374583e-05, Beta update rate = 4.010799e-05
Epoch  14000 (0.3%): Train pred MSE = 5.605599e-06, Test pred MSE = 5.909627e-02, Param MSE = 5.910207e-01, Grad norm = 7.036089e-05, Beta update rate = 3.827374e-05
Epoch  14200 (0.3%): Train pred MSE = 5.133131e-06, Test pred MSE = 5.909643e-02, Param MSE = 5.910300e-01, Grad norm = 6.715160e-05, Beta update rate = 3.653451e-05
Epoch  14400 (0.3%): Train pred MSE = 4.702655e-06, Test pred MSE = 5.909666e-02, Param MSE = 5.910395e-01, Grad norm = 6.410748e-05, Beta update rate = 3.488459e-05
Epoch  14600 (0.3%): Train pred MSE = 4.310212e-06, Test pred MSE = 5.909695e-02, Param MSE = 5.910493e-01, Grad norm = 6.121876e-05, Beta update rate = 3.331869e-05
Epoch  14800 (0.3%): Train pred MSE = 3.952241e-06, Test pred MSE = 5.909729e-02, Param MSE = 5.910592e-01, Grad norm = 5.847634e-05, Beta update rate = 3.183189e-05
Epoch  15000 (0.3%): Train pred MSE = 3.625537e-06, Test pred MSE = 5.909769e-02, Param MSE = 5.910693e-01, Grad norm = 5.587175e-05, Beta update rate = 3.041959e-05
Epoch  15200 (0.3%): Train pred MSE = 3.327210e-06, Test pred MSE = 5.909812e-02, Param MSE = 5.910794e-01, Grad norm = 5.339708e-05, Beta update rate = 2.907752e-05
Epoch  15400 (0.3%): Train pred MSE = 3.054656e-06, Test pred MSE = 5.909859e-02, Param MSE = 5.910896e-01, Grad norm = 5.104494e-05, Beta update rate = 2.780167e-05
Epoch  15600 (0.3%): Train pred MSE = 2.805524e-06, Test pred MSE = 5.909909e-02, Param MSE = 5.910998e-01, Grad norm = 4.880843e-05, Beta update rate = 2.658832e-05
Epoch  15800 (0.3%): Train pred MSE = 2.577691e-06, Test pred MSE = 5.909961e-02, Param MSE = 5.911100e-01, Grad norm = 4.668110e-05, Beta update rate = 2.543397e-05
Epoch  16000 (0.3%): Train pred MSE = 2.369237e-06, Test pred MSE = 5.910016e-02, Param MSE = 5.911202e-01, Grad norm = 4.465691e-05, Beta update rate = 2.433536e-05
Epoch  16200 (0.3%): Train pred MSE = 2.178425e-06, Test pred MSE = 5.910072e-02, Param MSE = 5.911302e-01, Grad norm = 4.273019e-05, Beta update rate = 2.328944e-05
Epoch  16400 (0.3%): Train pred MSE = 2.003685e-06, Test pred MSE = 5.910129e-02, Param MSE = 5.911402e-01, Grad norm = 4.089565e-05, Beta update rate = 2.229335e-05
Epoch  16600 (0.3%): Train pred MSE = 1.843593e-06, Test pred MSE = 5.910188e-02, Param MSE = 5.911500e-01, Grad norm = 3.914831e-05, Beta update rate = 2.134439e-05
Epoch  16800 (0.3%): Train pred MSE = 1.696858e-06, Test pred MSE = 5.910247e-02, Param MSE = 5.911597e-01, Grad norm = 3.748351e-05, Beta update rate = 2.044004e-05
Epoch  17000 (0.3%): Train pred MSE = 1.562310e-06, Test pred MSE = 5.910307e-02, Param MSE = 5.911692e-01, Grad norm = 3.589685e-05, Beta update rate = 1.957795e-05
Epoch  17200 (0.3%): Train pred MSE = 1.438887e-06, Test pred MSE = 5.910367e-02, Param MSE = 5.911786e-01, Grad norm = 3.438422e-05, Beta update rate = 1.875589e-05
Epoch  17400 (0.3%): Train pred MSE = 1.325625e-06, Test pred MSE = 5.910427e-02, Param MSE = 5.911878e-01, Grad norm = 3.294175e-05, Beta update rate = 1.797177e-05
Epoch  17600 (0.4%): Train pred MSE = 1.221647e-06, Test pred MSE = 5.910487e-02, Param MSE = 5.911969e-01, Grad norm = 3.156579e-05, Beta update rate = 1.722363e-05
Epoch  17800 (0.4%): Train pred MSE = 1.126156e-06, Test pred MSE = 5.910546e-02, Param MSE = 5.912057e-01, Grad norm = 3.025292e-05, Beta update rate = 1.650962e-05
Epoch  18000 (0.4%): Train pred MSE = 1.038427e-06, Test pred MSE = 5.910606e-02, Param MSE = 5.912144e-01, Grad norm = 2.899990e-05, Beta update rate = 1.582799e-05
Epoch  18200 (0.4%): Train pred MSE = 9.578003e-07, Test pred MSE = 5.910664e-02, Param MSE = 5.912229e-01, Grad norm = 2.780369e-05, Beta update rate = 1.517711e-05
Epoch  18400 (0.4%): Train pred MSE = 8.836755e-07, Test pred MSE = 5.910722e-02, Param MSE = 5.912312e-01, Grad norm = 2.666142e-05, Beta update rate = 1.455542e-05
Epoch  18600 (0.4%): Train pred MSE = 8.155046e-07, Test pred MSE = 5.910780e-02, Param MSE = 5.912392e-01, Grad norm = 2.557038e-05, Beta update rate = 1.396148e-05
Epoch  18800 (0.4%): Train pred MSE = 7.527887e-07, Test pred MSE = 5.910836e-02, Param MSE = 5.912471e-01, Grad norm = 2.452802e-05, Beta update rate = 1.339390e-05
Epoch  19000 (0.4%): Train pred MSE = 6.950725e-07, Test pred MSE = 5.910892e-02, Param MSE = 5.912548e-01, Grad norm = 2.353193e-05, Beta update rate = 1.285139e-05
Epoch  19200 (0.4%): Train pred MSE = 6.419405e-07, Test pred MSE = 5.910947e-02, Param MSE = 5.912623e-01, Grad norm = 2.257983e-05, Beta update rate = 1.233271e-05
Epoch  19400 (0.4%): Train pred MSE = 5.930135e-07, Test pred MSE = 5.911001e-02, Param MSE = 5.912696e-01, Grad norm = 2.166957e-05, Beta update rate = 1.183671e-05
Epoch  19600 (0.4%): Train pred MSE = 5.479451e-07, Test pred MSE = 5.911054e-02, Param MSE = 5.912766e-01, Grad norm = 2.079912e-05, Beta update rate = 1.136230e-05
Epoch  19800 (0.4%): Train pred MSE = 5.064186e-07, Test pred MSE = 5.911106e-02, Param MSE = 5.912835e-01, Grad norm = 1.996656e-05, Beta update rate = 1.090843e-05
Epoch  20000 (0.4%): Train pred MSE = 4.681446e-07, Test pred MSE = 5.911156e-02, Param MSE = 5.912902e-01, Grad norm = 1.917005e-05, Beta update rate = 1.047412e-05
Epoch  20200 (0.4%): Train pred MSE = 4.328584e-07, Test pred MSE = 5.911206e-02, Param MSE = 5.912967e-01, Grad norm = 1.840789e-05, Beta update rate = 1.005844e-05
Epoch  20400 (0.4%): Train pred MSE = 4.003179e-07, Test pred MSE = 5.911255e-02, Param MSE = 5.913030e-01, Grad norm = 1.767844e-05, Beta update rate = 9.660521e-06
Epoch  20600 (0.4%): Train pred MSE = 3.703012e-07, Test pred MSE = 5.911302e-02, Param MSE = 5.913091e-01, Grad norm = 1.698015e-05, Beta update rate = 9.279523e-06
Epoch  20800 (0.4%): Train pred MSE = 3.426054e-07, Test pred MSE = 5.911348e-02, Param MSE = 5.913151e-01, Grad norm = 1.631157e-05, Beta update rate = 8.914658e-06
Epoch  21000 (0.4%): Train pred MSE = 3.170444e-07, Test pred MSE = 5.911393e-02, Param MSE = 5.913209e-01, Grad norm = 1.567131e-05, Beta update rate = 8.565177e-06
Epoch  21200 (0.4%): Train pred MSE = 2.934478e-07, Test pred MSE = 5.911437e-02, Param MSE = 5.913264e-01, Grad norm = 1.505805e-05, Beta update rate = 8.230370e-06
Epoch  21400 (0.4%): Train pred MSE = 2.716592e-07, Test pred MSE = 5.911480e-02, Param MSE = 5.913318e-01, Grad norm = 1.447054e-05, Beta update rate = 7.909563e-06
Epoch  21600 (0.4%): Train pred MSE = 2.515352e-07, Test pred MSE = 5.911522e-02, Param MSE = 5.913371e-01, Grad norm = 1.390761e-05, Beta update rate = 7.602119e-06
Epoch  21800 (0.4%): Train pred MSE = 2.329444e-07, Test pred MSE = 5.911563e-02, Param MSE = 5.913422e-01, Grad norm = 1.336812e-05, Beta update rate = 7.307430e-06
Epoch  22000 (0.4%): Train pred MSE = 2.157659e-07, Test pred MSE = 5.911602e-02, Param MSE = 5.913471e-01, Grad norm = 1.285102e-05, Beta update rate = 7.024919e-06
Epoch  22200 (0.4%): Train pred MSE = 1.998890e-07, Test pred MSE = 5.911641e-02, Param MSE = 5.913519e-01, Grad norm = 1.235528e-05, Beta update rate = 6.754040e-06
Epoch  22400 (0.4%): Train pred MSE = 1.852118e-07, Test pred MSE = 5.911678e-02, Param MSE = 5.913565e-01, Grad norm = 1.187996e-05, Beta update rate = 6.494273e-06
Epoch  22600 (0.5%): Train pred MSE = 1.716407e-07, Test pred MSE = 5.911715e-02, Param MSE = 5.913609e-01, Grad norm = 1.142413e-05, Beta update rate = 6.245122e-06
Epoch  22800 (0.5%): Train pred MSE = 1.590898e-07, Test pred MSE = 5.911750e-02, Param MSE = 5.913652e-01, Grad norm = 1.098693e-05, Beta update rate = 6.006117e-06
Epoch  23000 (0.5%): Train pred MSE = 1.474800e-07, Test pred MSE = 5.911785e-02, Param MSE = 5.913694e-01, Grad norm = 1.056752e-05, Beta update rate = 5.776812e-06
Epoch  23200 (0.5%): Train pred MSE = 1.367386e-07, Test pred MSE = 5.911818e-02, Param MSE = 5.913735e-01, Grad norm = 1.016513e-05, Beta update rate = 5.556781e-06
Epoch  23400 (0.5%): Train pred MSE = 1.267987e-07, Test pred MSE = 5.911850e-02, Param MSE = 5.913774e-01, Grad norm = 9.779008e-06, Beta update rate = 5.345619e-06
Epoch  23600 (0.5%): Train pred MSE = 1.175987e-07, Test pred MSE = 5.911882e-02, Param MSE = 5.913811e-01, Grad norm = 9.408439e-06, Beta update rate = 5.142940e-06
Epoch  23800 (0.5%): Train pred MSE = 1.090819e-07, Test pred MSE = 5.911912e-02, Param MSE = 5.913848e-01, Grad norm = 9.052747e-06, Beta update rate = 4.948377e-06
Epoch  24000 (0.5%): Train pred MSE = 1.011963e-07, Test pred MSE = 5.911942e-02, Param MSE = 5.913883e-01, Grad norm = 8.711287e-06, Beta update rate = 4.761581e-06
Epoch  24200 (0.5%): Train pred MSE = 9.389362e-08, Test pred MSE = 5.911970e-02, Param MSE = 5.913917e-01, Grad norm = 8.383446e-06, Beta update rate = 4.582217e-06
Epoch  24400 (0.5%): Train pred MSE = 8.712971e-08, Test pred MSE = 5.911998e-02, Param MSE = 5.913950e-01, Grad norm = 8.068638e-06, Beta update rate = 4.409969e-06
Epoch  24600 (0.5%): Train pred MSE = 8.086372e-08, Test pred MSE = 5.912025e-02, Param MSE = 5.913982e-01, Grad norm = 7.766306e-06, Beta update rate = 4.244534e-06
Epoch  24800 (0.5%): Train pred MSE = 7.505803e-08, Test pred MSE = 5.912051e-02, Param MSE = 5.914012e-01, Grad norm = 7.475917e-06, Beta update rate = 4.085624e-06
Epoch  25000 (0.5%): Train pred MSE = 6.967794e-08, Test pred MSE = 5.912076e-02, Param MSE = 5.914042e-01, Grad norm = 7.196967e-06, Beta update rate = 3.932962e-06
Epoch  25200 (0.5%): Train pred MSE = 6.469147e-08, Test pred MSE = 5.912100e-02, Param MSE = 5.914071e-01, Grad norm = 6.928970e-06, Beta update rate = 3.786286e-06
Epoch  25400 (0.5%): Train pred MSE = 6.006910e-08, Test pred MSE = 5.912124e-02, Param MSE = 5.914098e-01, Grad norm = 6.671467e-06, Beta update rate = 3.645345e-06
Epoch  25600 (0.5%): Train pred MSE = 5.578359e-08, Test pred MSE = 5.912147e-02, Param MSE = 5.914125e-01, Grad norm = 6.424017e-06, Beta update rate = 3.509901e-06
Epoch  25800 (0.5%): Train pred MSE = 5.180979e-08, Test pred MSE = 5.912169e-02, Param MSE = 5.914151e-01, Grad norm = 6.186200e-06, Beta update rate = 3.379725e-06
Epoch  26000 (0.5%): Train pred MSE = 4.812451e-08, Test pred MSE = 5.912191e-02, Param MSE = 5.914176e-01, Grad norm = 5.957617e-06, Beta update rate = 3.254598e-06
Epoch  26200 (0.5%): Train pred MSE = 4.470629e-08, Test pred MSE = 5.912211e-02, Param MSE = 5.914200e-01, Grad norm = 5.737884e-06, Beta update rate = 3.134313e-06
Epoch  26400 (0.5%): Train pred MSE = 4.153536e-08, Test pred MSE = 5.912231e-02, Param MSE = 5.914223e-01, Grad norm = 5.526636e-06, Beta update rate = 3.018670e-06
Epoch  26600 (0.5%): Train pred MSE = 3.859341e-08, Test pred MSE = 5.912251e-02, Param MSE = 5.914246e-01, Grad norm = 5.323524e-06, Beta update rate = 2.907479e-06
Epoch  26800 (0.5%): Train pred MSE = 3.586355e-08, Test pred MSE = 5.912270e-02, Param MSE = 5.914267e-01, Grad norm = 5.128214e-06, Beta update rate = 2.800559e-06
Epoch  27000 (0.5%): Train pred MSE = 3.333017e-08, Test pred MSE = 5.912288e-02, Param MSE = 5.914288e-01, Grad norm = 4.940389e-06, Beta update rate = 2.697735e-06
Epoch  27200 (0.5%): Train pred MSE = 3.097880e-08, Test pred MSE = 5.912305e-02, Param MSE = 5.914308e-01, Grad norm = 4.759744e-06, Beta update rate = 2.598843e-06
Epoch  27400 (0.5%): Train pred MSE = 2.879612e-08, Test pred MSE = 5.912322e-02, Param MSE = 5.914328e-01, Grad norm = 4.585986e-06, Beta update rate = 2.503722e-06
Epoch  27600 (0.6%): Train pred MSE = 2.676977e-08, Test pred MSE = 5.912339e-02, Param MSE = 5.914346e-01, Grad norm = 4.418839e-06, Beta update rate = 2.412220e-06
Epoch  27800 (0.6%): Train pred MSE = 2.488832e-08, Test pred MSE = 5.912355e-02, Param MSE = 5.914364e-01, Grad norm = 4.258035e-06, Beta update rate = 2.324193e-06
Epoch  28000 (0.6%): Train pred MSE = 2.314121e-08, Test pred MSE = 5.912370e-02, Param MSE = 5.914382e-01, Grad norm = 4.103321e-06, Beta update rate = 2.239502e-06
Epoch  28200 (0.6%): Train pred MSE = 2.151867e-08, Test pred MSE = 5.912385e-02, Param MSE = 5.914399e-01, Grad norm = 3.954452e-06, Beta update rate = 2.158013e-06
Epoch  28400 (0.6%): Train pred MSE = 2.001164e-08, Test pred MSE = 5.912399e-02, Param MSE = 5.914415e-01, Grad norm = 3.811195e-06, Beta update rate = 2.079598e-06
Epoch  28600 (0.6%): Train pred MSE = 1.861175e-08, Test pred MSE = 5.912413e-02, Param MSE = 5.914431e-01, Grad norm = 3.673327e-06, Beta update rate = 2.004136e-06
Epoch  28800 (0.6%): Train pred MSE = 1.731123e-08, Test pred MSE = 5.912427e-02, Param MSE = 5.914446e-01, Grad norm = 3.540634e-06, Beta update rate = 1.931510e-06
Epoch  29000 (0.6%): Train pred MSE = 1.610292e-08, Test pred MSE = 5.912440e-02, Param MSE = 5.914460e-01, Grad norm = 3.412913e-06, Beta update rate = 1.861609e-06
Epoch  29200 (0.6%): Train pred MSE = 1.498015e-08, Test pred MSE = 5.912452e-02, Param MSE = 5.914474e-01, Grad norm = 3.289965e-06, Beta update rate = 1.794324e-06
Epoch  29400 (0.6%): Train pred MSE = 1.393676e-08, Test pred MSE = 5.912464e-02, Param MSE = 5.914488e-01, Grad norm = 3.171605e-06, Beta update rate = 1.729553e-06
Epoch  29600 (0.6%): Train pred MSE = 1.296705e-08, Test pred MSE = 5.912476e-02, Param MSE = 5.914501e-01, Grad norm = 3.057653e-06, Beta update rate = 1.667198e-06
Epoch  29800 (0.6%): Train pred MSE = 1.206573e-08, Test pred MSE = 5.912487e-02, Param MSE = 5.914513e-01, Grad norm = 2.947936e-06, Beta update rate = 1.607164e-06
Epoch  30000 (0.6%): Train pred MSE = 1.122789e-08, Test pred MSE = 5.912498e-02, Param MSE = 5.914526e-01, Grad norm = 2.842288e-06, Beta update rate = 1.549362e-06
Epoch  30200 (0.6%): Train pred MSE = 1.044899e-08, Test pred MSE = 5.912509e-02, Param MSE = 5.914537e-01, Grad norm = 2.740553e-06, Beta update rate = 1.493704e-06
Epoch  30400 (0.6%): Train pred MSE = 9.724824e-09, Test pred MSE = 5.912519e-02, Param MSE = 5.914549e-01, Grad norm = 2.642578e-06, Beta update rate = 1.440108e-06
Epoch  30600 (0.6%): Train pred MSE = 9.051477e-09, Test pred MSE = 5.912529e-02, Param MSE = 5.914560e-01, Grad norm = 2.548217e-06, Beta update rate = 1.388493e-06
Epoch  30800 (0.6%): Train pred MSE = 8.425333e-09, Test pred MSE = 5.912538e-02, Param MSE = 5.914570e-01, Grad norm = 2.457332e-06, Beta update rate = 1.338784e-06
Epoch  31000 (0.6%): Train pred MSE = 7.843032e-09, Test pred MSE = 5.912547e-02, Param MSE = 5.914580e-01, Grad norm = 2.369789e-06, Beta update rate = 1.290907e-06
Epoch  31200 (0.6%): Train pred MSE = 7.301459e-09, Test pred MSE = 5.912556e-02, Param MSE = 5.914590e-01, Grad norm = 2.285460e-06, Beta update rate = 1.244791e-06
Epoch  31400 (0.6%): Train pred MSE = 6.797723e-09, Test pred MSE = 5.912565e-02, Param MSE = 5.914599e-01, Grad norm = 2.204220e-06, Beta update rate = 1.200370e-06
Epoch  31600 (0.6%): Train pred MSE = 6.329144e-09, Test pred MSE = 5.912573e-02, Param MSE = 5.914609e-01, Grad norm = 2.125954e-06, Beta update rate = 1.157578e-06
Epoch  31800 (0.6%): Train pred MSE = 5.893234e-09, Test pred MSE = 5.912581e-02, Param MSE = 5.914617e-01, Grad norm = 2.050546e-06, Beta update rate = 1.116354e-06
Epoch  32000 (0.6%): Train pred MSE = 5.487683e-09, Test pred MSE = 5.912588e-02, Param MSE = 5.914626e-01, Grad norm = 1.977889e-06, Beta update rate = 1.076638e-06
Epoch  32200 (0.6%): Train pred MSE = 5.110348e-09, Test pred MSE = 5.912596e-02, Param MSE = 5.914634e-01, Grad norm = 1.907878e-06, Beta update rate = 1.038373e-06
Epoch  32400 (0.6%): Train pred MSE = 4.759241e-09, Test pred MSE = 5.912603e-02, Param MSE = 5.914642e-01, Grad norm = 1.840413e-06, Beta update rate = 1.001503e-06
Epoch  32600 (0.7%): Train pred MSE = 4.432515e-09, Test pred MSE = 5.912610e-02, Param MSE = 5.914649e-01, Grad norm = 1.775397e-06, Beta update rate = 9.659758e-07
Epoch  32800 (0.7%): Train pred MSE = 4.128454e-09, Test pred MSE = 5.912617e-02, Param MSE = 5.914657e-01, Grad norm = 1.712740e-06, Beta update rate = 9.317411e-07
Epoch  33000 (0.7%): Train pred MSE = 3.845466e-09, Test pred MSE = 5.912623e-02, Param MSE = 5.914664e-01, Grad norm = 1.652351e-06, Beta update rate = 8.987500e-07
Epoch  33200 (0.7%): Train pred MSE = 3.582073e-09, Test pred MSE = 5.912629e-02, Param MSE = 5.914670e-01, Grad norm = 1.594145e-06, Beta update rate = 8.669557e-07
Epoch  33400 (0.7%): Train pred MSE = 3.336902e-09, Test pred MSE = 5.912635e-02, Param MSE = 5.914677e-01, Grad norm = 1.538042e-06, Beta update rate = 8.363134e-07
Epoch  33600 (0.7%): Train pred MSE = 3.108676e-09, Test pred MSE = 5.912641e-02, Param MSE = 5.914683e-01, Grad norm = 1.483961e-06, Beta update rate = 8.067799e-07
Epoch  33800 (0.7%): Train pred MSE = 2.896211e-09, Test pred MSE = 5.912647e-02, Param MSE = 5.914689e-01, Grad norm = 1.431829e-06, Beta update rate = 7.783138e-07
Epoch  34000 (0.7%): Train pred MSE = 2.698406e-09, Test pred MSE = 5.912652e-02, Param MSE = 5.914695e-01, Grad norm = 1.381571e-06, Beta update rate = 7.508752e-07
Epoch  34200 (0.7%): Train pred MSE = 2.514237e-09, Test pred MSE = 5.912657e-02, Param MSE = 5.914701e-01, Grad norm = 1.333120e-06, Beta update rate = 7.244259e-07
Epoch  34400 (0.7%): Train pred MSE = 2.342754e-09, Test pred MSE = 5.912662e-02, Param MSE = 5.914706e-01, Grad norm = 1.286406e-06, Beta update rate = 6.989291e-07
Epoch  34600 (0.7%): Train pred MSE = 2.183073e-09, Test pred MSE = 5.912667e-02, Param MSE = 5.914712e-01, Grad norm = 1.241367e-06, Beta update rate = 6.743494e-07
Epoch  34800 (0.7%): Train pred MSE = 2.034374e-09, Test pred MSE = 5.912672e-02, Param MSE = 5.914717e-01, Grad norm = 1.197940e-06, Beta update rate = 6.506529e-07
Epoch  35000 (0.7%): Train pred MSE = 1.895893e-09, Test pred MSE = 5.912676e-02, Param MSE = 5.914722e-01, Grad norm = 1.156065e-06, Beta update rate = 6.278069e-07
Epoch  35200 (0.7%): Train pred MSE = 1.766920e-09, Test pred MSE = 5.912681e-02, Param MSE = 5.914726e-01, Grad norm = 1.115686e-06, Beta update rate = 6.057799e-07
Epoch  35400 (0.7%): Train pred MSE = 1.646796e-09, Test pred MSE = 5.912685e-02, Param MSE = 5.914731e-01, Grad norm = 1.076748e-06, Beta update rate = 5.845417e-07
Epoch  35600 (0.7%): Train pred MSE = 1.534908e-09, Test pred MSE = 5.912689e-02, Param MSE = 5.914735e-01, Grad norm = 1.039197e-06, Beta update rate = 5.640633e-07
Epoch  35800 (0.7%): Train pred MSE = 1.430684e-09, Test pred MSE = 5.912693e-02, Param MSE = 5.914739e-01, Grad norm = 1.002982e-06, Beta update rate = 5.443168e-07
Epoch  36000 (0.7%): Train pred MSE = 1.333596e-09, Test pred MSE = 5.912697e-02, Param MSE = 5.914743e-01, Grad norm = 9.680553e-07, Beta update rate = 5.252752e-07
Epoch  36200 (0.7%): Train pred MSE = 1.243150e-09, Test pred MSE = 5.912700e-02, Param MSE = 5.914747e-01, Grad norm = 9.343691e-07, Beta update rate = 5.069128e-07
Epoch  36400 (0.7%): Train pred MSE = 1.158886e-09, Test pred MSE = 5.912704e-02, Param MSE = 5.914751e-01, Grad norm = 9.018782e-07, Beta update rate = 4.892046e-07
Epoch  36600 (0.7%): Train pred MSE = 1.080379e-09, Test pred MSE = 5.912707e-02, Param MSE = 5.914755e-01, Grad norm = 8.705390e-07, Beta update rate = 4.721268e-07
Epoch  36800 (0.7%): Train pred MSE = 1.007231e-09, Test pred MSE = 5.912710e-02, Param MSE = 5.914758e-01, Grad norm = 8.403096e-07, Beta update rate = 4.556563e-07
Epoch  37000 (0.7%): Train pred MSE = 9.390735e-10, Test pred MSE = 5.912714e-02, Param MSE = 5.914762e-01, Grad norm = 8.111497e-07, Beta update rate = 4.397710e-07
Epoch  37200 (0.7%): Train pred MSE = 8.755627e-10, Test pred MSE = 5.912717e-02, Param MSE = 5.914765e-01, Grad norm = 7.830204e-07, Beta update rate = 4.244495e-07
Epoch  37400 (0.7%): Train pred MSE = 8.163790e-10, Test pred MSE = 5.912720e-02, Param MSE = 5.914768e-01, Grad norm = 7.558844e-07, Beta update rate = 4.096714e-07
Epoch  37600 (0.8%): Train pred MSE = 7.612251e-10, Test pred MSE = 5.912722e-02, Param MSE = 5.914771e-01, Grad norm = 7.297058e-07, Beta update rate = 3.954169e-07
Epoch  37800 (0.8%): Train pred MSE = 7.098241e-10, Test pred MSE = 5.912725e-02, Param MSE = 5.914774e-01, Grad norm = 7.044498e-07, Beta update rate = 3.816670e-07
Epoch  38000 (0.8%): Train pred MSE = 6.619186e-10, Test pred MSE = 5.912728e-02, Param MSE = 5.914777e-01, Grad norm = 6.800833e-07, Beta update rate = 3.684035e-07
Epoch  38200 (0.8%): Train pred MSE = 6.172688e-10, Test pred MSE = 5.912730e-02, Param MSE = 5.914780e-01, Grad norm = 6.565740e-07, Beta update rate = 3.556087e-07
Epoch  38400 (0.8%): Train pred MSE = 5.756517e-10, Test pred MSE = 5.912733e-02, Param MSE = 5.914782e-01, Grad norm = 6.338913e-07, Beta update rate = 3.432657e-07
Epoch  38600 (0.8%): Train pred MSE = 5.368596e-10, Test pred MSE = 5.912735e-02, Param MSE = 5.914785e-01, Grad norm = 6.120052e-07, Beta update rate = 3.313582e-07
Epoch  38800 (0.8%): Train pred MSE = 5.006992e-10, Test pred MSE = 5.912737e-02, Param MSE = 5.914787e-01, Grad norm = 5.908872e-07, Beta update rate = 3.198705e-07
Epoch  39000 (0.8%): Train pred MSE = 4.669906e-10, Test pred MSE = 5.912740e-02, Param MSE = 5.914790e-01, Grad norm = 5.705098e-07, Beta update rate = 3.087874e-07
Epoch  39200 (0.8%): Train pred MSE = 4.355662e-10, Test pred MSE = 5.912742e-02, Param MSE = 5.914792e-01, Grad norm = 5.508464e-07, Beta update rate = 2.980944e-07
Epoch  39400 (0.8%): Train pred MSE = 4.062701e-10, Test pred MSE = 5.912744e-02, Param MSE = 5.914794e-01, Grad norm = 5.318714e-07, Beta update rate = 2.877775e-07
Epoch  39600 (0.8%): Train pred MSE = 3.789569e-10, Test pred MSE = 5.912746e-02, Param MSE = 5.914796e-01, Grad norm = 5.135602e-07, Beta update rate = 2.778232e-07
Epoch  39800 (0.8%): Train pred MSE = 3.534916e-10, Test pred MSE = 5.912748e-02, Param MSE = 5.914798e-01, Grad norm = 4.958890e-07, Beta update rate = 2.682185e-07
Epoch  40000 (0.8%): Train pred MSE = 3.297482e-10, Test pred MSE = 5.912749e-02, Param MSE = 5.914800e-01, Grad norm = 4.788352e-07, Beta update rate = 2.589508e-07
Epoch  40200 (0.8%): Train pred MSE = 3.076093e-10, Test pred MSE = 5.912751e-02, Param MSE = 5.914802e-01, Grad norm = 4.623766e-07, Beta update rate = 2.500081e-07
Epoch  40400 (0.8%): Train pred MSE = 2.869658e-10, Test pred MSE = 5.912753e-02, Param MSE = 5.914804e-01, Grad norm = 4.464920e-07, Beta update rate = 2.413787e-07
Epoch  40600 (0.8%): Train pred MSE = 2.677160e-10, Test pred MSE = 5.912755e-02, Param MSE = 5.914806e-01, Grad norm = 4.311611e-07, Beta update rate = 2.330515e-07
Epoch  40800 (0.8%): Train pred MSE = 2.497651e-10, Test pred MSE = 5.912756e-02, Param MSE = 5.914807e-01, Grad norm = 4.163641e-07, Beta update rate = 2.250157e-07
Epoch  41000 (0.8%): Train pred MSE = 2.330249e-10, Test pred MSE = 5.912758e-02, Param MSE = 5.914809e-01, Grad norm = 4.020822e-07, Beta update rate = 2.172609e-07
Epoch  41200 (0.8%): Train pred MSE = 2.174131e-10, Test pred MSE = 5.912759e-02, Param MSE = 5.914810e-01, Grad norm = 3.882969e-07, Beta update rate = 2.097771e-07
Epoch  41400 (0.8%): Train pred MSE = 2.028533e-10, Test pred MSE = 5.912761e-02, Param MSE = 5.914812e-01, Grad norm = 3.749908e-07, Beta update rate = 2.025546e-07
Epoch  41600 (0.8%): Train pred MSE = 1.892739e-10, Test pred MSE = 5.912762e-02, Param MSE = 5.914813e-01, Grad norm = 3.621469e-07, Beta update rate = 1.955842e-07
Epoch  41800 (0.8%): Train pred MSE = 1.766087e-10, Test pred MSE = 5.912763e-02, Param MSE = 5.914815e-01, Grad norm = 3.497488e-07, Beta update rate = 1.888569e-07
Epoch  42000 (0.8%): Train pred MSE = 1.647956e-10, Test pred MSE = 5.912765e-02, Param MSE = 5.914816e-01, Grad norm = 3.377808e-07, Beta update rate = 1.823640e-07
Epoch  42200 (0.8%): Train pred MSE = 1.537769e-10, Test pred MSE = 5.912766e-02, Param MSE = 5.914817e-01, Grad norm = 3.262277e-07, Beta update rate = 1.760973e-07
Epoch  42400 (0.8%): Train pred MSE = 1.434989e-10, Test pred MSE = 5.912767e-02, Param MSE = 5.914819e-01, Grad norm = 3.150748e-07, Beta update rate = 1.700488e-07
Epoch  42600 (0.9%): Train pred MSE = 1.339115e-10, Test pred MSE = 5.912768e-02, Param MSE = 5.914820e-01, Grad norm = 3.043081e-07, Beta update rate = 1.642107e-07
Epoch  42800 (0.9%): Train pred MSE = 1.249680e-10, Test pred MSE = 5.912769e-02, Param MSE = 5.914821e-01, Grad norm = 2.939139e-07, Beta update rate = 1.585755e-07
Epoch  43000 (0.9%): Train pred MSE = 1.166250e-10, Test pred MSE = 5.912770e-02, Param MSE = 5.914822e-01, Grad norm = 2.838792e-07, Beta update rate = 1.531361e-07
Epoch  43200 (0.9%): Train pred MSE = 1.088417e-10, Test pred MSE = 5.912771e-02, Param MSE = 5.914823e-01, Grad norm = 2.741913e-07, Beta update rate = 1.478857e-07
Epoch  43400 (0.9%): Train pred MSE = 1.015805e-10, Test pred MSE = 5.912772e-02, Param MSE = 5.914824e-01, Grad norm = 2.648380e-07, Beta update rate = 1.428174e-07
Epoch  43600 (0.9%): Train pred MSE = 9.480621e-11, Test pred MSE = 5.912773e-02, Param MSE = 5.914825e-01, Grad norm = 2.558076e-07, Beta update rate = 1.379250e-07

Training completed at epoch 43600
Stop reason: train_pred_mse
Final Train pred MSE = 9.480621e-11
Final Test pred MSE = 5.912773e-02
Final Param MSE = 5.914825e-01
Final Grad norm = 2.558076e-07
Final Beta update rate = 1.379250e-07
Success flag: True (train_pred_mse < 1.00e-10)
Results metadata saved to results/diagonal/step1_mixture/pi_A=0.50--alpha=0.400000--seed=0/results_meta.json
Saved c_vec to results/diagonal/step1_mixture/pi_A=0.50--alpha=0.400000--seed=0/c_vec.npy

Results saved to results/diagonal/step1_mixture/pi_A=0.50--alpha=0.400000--seed=0/
Total jobs in this sweep: 108
Pi_A values: [0.1, 0.5, 0.9]
Alpha values: [0.05, 0.1, 0.2, 0.25, 0.3, 0.4, 0.5, 0.6, 0.7, 0.8, 0.9, 1.0]
Seeds: [0, 1, 2]
================================================================================
Step 1 Mixture Sweep - Experiment Parameters:
================================================================================
  c: 0.001
  c_A: 0.001
  c_B: 0.5
  c_mode: mixture
  epochs: 5000000
  init_method: complex
  inp_dim: 1000
  lmda: 0.0
  lr: 0.5
  n_test: 10000
  n_train: 400
  no_tuning: True
  pi_A: 0.5
  rho: 0.04
  save_folder: results/diagonal/step1_mixture/pi_A=0.50--alpha=0.400000--seed=0/
  scaling: 1.0
  seed: 0
  test_every_n_epochs: 200
  threshold: 1e-12
================================================================================

Running training script...

Extracting results and saving to CSV...
Results appended to /home/na658/multi-task2/experiment_results_step1_mixture.csv

✓ Experiment 51 completed successfully
[SLURM] Job 20446033 task 51 finished
