[SLURM] Job 20446067 task 85 starting on cpu-q-227
[SLURM] Step 1 Mixture Sweep
[SLURM] Using Python: /home/na658/.conda/envs/mtl_ft/bin/python
Starting diagonal network pretrain BG script...

================================================================================
SCRIPT STARTED - Running diagonal network BG experiment...
================================================================================

================================================================================
EXPERIMENT SETTINGS
================================================================================
Seed: 1
Input dimension: 1000
Sparsity (rho): 0.04
Training samples: 300
Test samples: 10000
Learning rate: 0.5
Max epochs: 5000000
Test every N epochs: 200
Convergence threshold: 1e-12
Stop pred MSE: 1e-10
Stop beta rate: disabled
Stop grad norm: disabled
LR decay: disabled
LR decay interval: 2000
Scaling: 1.0
Lambda (λ): 0.0
C parameter: 0.001
Initialization method: complex
Learning rate tuning: False
Save folder: results/diagonal/step1_mixture/pi_A=0.90--alpha=0.300000--seed=1/
C mode: mixture
  c_A=0.001, c_B=0.5, pi_A=0.9
================================================================================
Starting training...
================================================================================
[c_mode=mixture] pi_A=0.9, empirical frac_A=0.9030
[c_mode=mixture] c_A=0.001, c_B=0.5
Per-coordinate c init: c_vec range [0.001000, 0.500000]

Starting training loop (max 5000000 epochs, threshold=1.00e-12)...
Epoch      0 (0.0%): Train pred MSE = 4.264471e+00, Test pred MSE = 1.346533e-01, Param MSE = 1.325901e+00, Grad norm = 1.499356e-01, Beta update rate = nan
Epoch    200 (0.0%): Train pred MSE = 9.796304e-01, Test pred MSE = 7.629789e-02, Param MSE = 7.492373e-01, Grad norm = 1.548671e-01, Beta update rate = 1.188645e-01
Epoch    400 (0.0%): Train pred MSE = 2.232621e-01, Test pred MSE = 3.658302e-02, Param MSE = 3.617367e-01, Grad norm = 5.352087e-02, Beta update rate = 6.420221e-02
Epoch    600 (0.0%): Train pred MSE = 8.371610e-02, Test pred MSE = 2.430362e-02, Param MSE = 2.394231e-01, Grad norm = 2.420955e-02, Beta update rate = 2.702673e-02
Epoch    800 (0.0%): Train pred MSE = 4.730194e-02, Test pred MSE = 1.972838e-02, Param MSE = 1.945895e-01, Grad norm = 1.512744e-02, Beta update rate = 1.217883e-02
Epoch   1000 (0.0%): Train pred MSE = 3.074624e-02, Test pred MSE = 1.743974e-02, Param MSE = 1.722488e-01, Grad norm = 1.093836e-02, Beta update rate = 7.272948e-03
Epoch   1200 (0.0%): Train pred MSE = 2.159924e-02, Test pred MSE = 1.607206e-02, Param MSE = 1.588477e-01, Grad norm = 8.340602e-03, Beta update rate = 4.875210e-03
Epoch   1400 (0.0%): Train pred MSE = 1.601800e-02, Test pred MSE = 1.513974e-02, Param MSE = 1.496910e-01, Grad norm = 6.702902e-03, Beta update rate = 3.433800e-03
Epoch   1600 (0.0%): Train pred MSE = 1.228244e-02, Test pred MSE = 1.443990e-02, Param MSE = 1.427996e-01, Grad norm = 5.569942e-03, Beta update rate = 2.620464e-03
Epoch   1800 (0.0%): Train pred MSE = 9.653395e-03, Test pred MSE = 1.389167e-02, Param MSE = 1.373819e-01, Grad norm = 4.716819e-03, Beta update rate = 2.126263e-03
Epoch   2000 (0.0%): Train pred MSE = 7.742530e-03, Test pred MSE = 1.345721e-02, Param MSE = 1.330706e-01, Grad norm = 4.046846e-03, Beta update rate = 1.779413e-03
Epoch   2200 (0.0%): Train pred MSE = 6.323936e-03, Test pred MSE = 1.311226e-02, Param MSE = 1.296339e-01, Grad norm = 3.501287e-03, Beta update rate = 1.515664e-03
Epoch   2400 (0.0%): Train pred MSE = 5.254190e-03, Test pred MSE = 1.283860e-02, Param MSE = 1.268999e-01, Grad norm = 3.053420e-03, Beta update rate = 1.299904e-03
Epoch   2600 (0.1%): Train pred MSE = 4.432987e-03, Test pred MSE = 1.262175e-02, Param MSE = 1.247307e-01, Grad norm = 2.689765e-03, Beta update rate = 1.116892e-03
Epoch   2800 (0.1%): Train pred MSE = 3.788722e-03, Test pred MSE = 1.244997e-02, Param MSE = 1.230121e-01, Grad norm = 2.396588e-03, Beta update rate = 9.625639e-04
Epoch   3000 (0.1%): Train pred MSE = 3.271657e-03, Test pred MSE = 1.231372e-02, Param MSE = 1.216495e-01, Grad norm = 2.159027e-03, Beta update rate = 8.346983e-04
Epoch   3200 (0.1%): Train pred MSE = 2.847954e-03, Test pred MSE = 1.220535e-02, Param MSE = 1.205667e-01, Grad norm = 1.963796e-03, Beta update rate = 7.298756e-04
Epoch   3400 (0.1%): Train pred MSE = 2.494605e-03, Test pred MSE = 1.211881e-02, Param MSE = 1.197028e-01, Grad norm = 1.800308e-03, Beta update rate = 6.441359e-04
Epoch   3600 (0.1%): Train pred MSE = 2.195776e-03, Test pred MSE = 1.204933e-02, Param MSE = 1.190101e-01, Grad norm = 1.660542e-03, Beta update rate = 5.738118e-04
Epoch   3800 (0.1%): Train pred MSE = 1.940344e-03, Test pred MSE = 1.199323e-02, Param MSE = 1.184515e-01, Grad norm = 1.538635e-03, Beta update rate = 5.157587e-04
Epoch   4000 (0.1%): Train pred MSE = 1.720277e-03, Test pred MSE = 1.194763e-02, Param MSE = 1.179986e-01, Grad norm = 1.430472e-03, Beta update rate = 4.673286e-04
Epoch   4200 (0.1%): Train pred MSE = 1.529571e-03, Test pred MSE = 1.191033e-02, Param MSE = 1.176290e-01, Grad norm = 1.333262e-03, Beta update rate = 4.263381e-04
Epoch   4400 (0.1%): Train pred MSE = 1.363568e-03, Test pred MSE = 1.187962e-02, Param MSE = 1.173256e-01, Grad norm = 1.245136e-03, Beta update rate = 3.910596e-04
Epoch   4600 (0.1%): Train pred MSE = 1.218538e-03, Test pred MSE = 1.185415e-02, Param MSE = 1.170749e-01, Grad norm = 1.164801e-03, Beta update rate = 3.601952e-04
Epoch   4800 (0.1%): Train pred MSE = 1.091426e-03, Test pred MSE = 1.183286e-02, Param MSE = 1.168661e-01, Grad norm = 1.091297e-03, Beta update rate = 3.328144e-04
Epoch   5000 (0.1%): Train pred MSE = 9.796962e-04, Test pred MSE = 1.181489e-02, Param MSE = 1.166907e-01, Grad norm = 1.023850e-03, Beta update rate = 3.082672e-04
Epoch   5200 (0.1%): Train pred MSE = 8.812246e-04, Test pred MSE = 1.179959e-02, Param MSE = 1.165420e-01, Grad norm = 9.617975e-04, Beta update rate = 2.860989e-04
Epoch   5400 (0.1%): Train pred MSE = 7.942258e-04, Test pred MSE = 1.178640e-02, Param MSE = 1.164143e-01, Grad norm = 9.045606e-04, Beta update rate = 2.659801e-04
Epoch   5600 (0.1%): Train pred MSE = 7.171917e-04, Test pred MSE = 1.177488e-02, Param MSE = 1.163033e-01, Grad norm = 8.516322e-04, Beta update rate = 2.476595e-04
Epoch   5800 (0.1%): Train pred MSE = 6.488427e-04, Test pred MSE = 1.176470e-02, Param MSE = 1.162056e-01, Grad norm = 8.025729e-04, Beta update rate = 2.309345e-04
Epoch   6000 (0.1%): Train pred MSE = 5.880881e-04, Test pred MSE = 1.175557e-02, Param MSE = 1.161182e-01, Grad norm = 7.570062e-04, Beta update rate = 2.156345e-04
Epoch   6200 (0.1%): Train pred MSE = 5.339922e-04, Test pred MSE = 1.174729e-02, Param MSE = 1.160392e-01, Grad norm = 7.146110e-04, Beta update rate = 2.016123e-04
Epoch   6400 (0.1%): Train pred MSE = 4.857485e-04, Test pred MSE = 1.173968e-02, Param MSE = 1.159666e-01, Grad norm = 6.751137e-04, Beta update rate = 1.887388e-04
Epoch   6600 (0.1%): Train pred MSE = 4.426583e-04, Test pred MSE = 1.173260e-02, Param MSE = 1.158993e-01, Grad norm = 6.382802e-04, Beta update rate = 1.769003e-04
Epoch   6800 (0.1%): Train pred MSE = 4.041132e-04, Test pred MSE = 1.172597e-02, Param MSE = 1.158362e-01, Grad norm = 6.039074e-04, Beta update rate = 1.659964e-04
Epoch   7000 (0.1%): Train pred MSE = 3.695821e-04, Test pred MSE = 1.171971e-02, Param MSE = 1.157766e-01, Grad norm = 5.718168e-04, Beta update rate = 1.559384e-04
Epoch   7200 (0.1%): Train pred MSE = 3.385999e-04, Test pred MSE = 1.171376e-02, Param MSE = 1.157199e-01, Grad norm = 5.418489e-04, Beta update rate = 1.466478e-04
Epoch   7400 (0.1%): Train pred MSE = 3.107582e-04, Test pred MSE = 1.170808e-02, Param MSE = 1.156658e-01, Grad norm = 5.138591e-04, Beta update rate = 1.380551e-04
Epoch   7600 (0.2%): Train pred MSE = 2.856985e-04, Test pred MSE = 1.170264e-02, Param MSE = 1.156140e-01, Grad norm = 4.877140e-04, Beta update rate = 1.300983e-04
Epoch   7800 (0.2%): Train pred MSE = 2.631052e-04, Test pred MSE = 1.169742e-02, Param MSE = 1.155643e-01, Grad norm = 4.632897e-04, Beta update rate = 1.227224e-04
Epoch   8000 (0.2%): Train pred MSE = 2.427007e-04, Test pred MSE = 1.169241e-02, Param MSE = 1.155165e-01, Grad norm = 4.404699e-04, Beta update rate = 1.158783e-04
Epoch   8200 (0.2%): Train pred MSE = 2.242407e-04, Test pred MSE = 1.168760e-02, Param MSE = 1.154705e-01, Grad norm = 4.191448e-04, Beta update rate = 1.095217e-04
Epoch   8400 (0.2%): Train pred MSE = 2.075100e-04, Test pred MSE = 1.168298e-02, Param MSE = 1.154264e-01, Grad norm = 3.992111e-04, Beta update rate = 1.036130e-04
Epoch   8600 (0.2%): Train pred MSE = 1.923191e-04, Test pred MSE = 1.167855e-02, Param MSE = 1.153840e-01, Grad norm = 3.805709e-04, Beta update rate = 9.811602e-05
Epoch   8800 (0.2%): Train pred MSE = 1.785013e-04, Test pred MSE = 1.167430e-02, Param MSE = 1.153433e-01, Grad norm = 3.631321e-04, Beta update rate = 9.299831e-05
Epoch   9000 (0.2%): Train pred MSE = 1.659094e-04, Test pred MSE = 1.167022e-02, Param MSE = 1.153044e-01, Grad norm = 3.468079e-04, Beta update rate = 8.823014e-05
Epoch   9200 (0.2%): Train pred MSE = 1.544138e-04, Test pred MSE = 1.166633e-02, Param MSE = 1.152671e-01, Grad norm = 3.315167e-04, Beta update rate = 8.378445e-05
Epoch   9400 (0.2%): Train pred MSE = 1.439003e-04, Test pred MSE = 1.166260e-02, Param MSE = 1.152315e-01, Grad norm = 3.171824e-04, Beta update rate = 7.963647e-05
Epoch   9600 (0.2%): Train pred MSE = 1.342679e-04, Test pred MSE = 1.165905e-02, Param MSE = 1.151975e-01, Grad norm = 3.037339e-04, Beta update rate = 7.576349e-05
Epoch   9800 (0.2%): Train pred MSE = 1.254275e-04, Test pred MSE = 1.165566e-02, Param MSE = 1.151651e-01, Grad norm = 2.911051e-04, Beta update rate = 7.214470e-05
Epoch  10000 (0.2%): Train pred MSE = 1.173001e-04, Test pred MSE = 1.165244e-02, Param MSE = 1.151342e-01, Grad norm = 2.792345e-04, Beta update rate = 6.876094e-05
Epoch  10200 (0.2%): Train pred MSE = 1.098160e-04, Test pred MSE = 1.164937e-02, Param MSE = 1.151049e-01, Grad norm = 2.680656e-04, Beta update rate = 6.559460e-05
Epoch  10400 (0.2%): Train pred MSE = 1.029132e-04, Test pred MSE = 1.164646e-02, Param MSE = 1.150771e-01, Grad norm = 2.575459e-04, Beta update rate = 6.262946e-05
Epoch  10600 (0.2%): Train pred MSE = 9.653670e-05, Test pred MSE = 1.164370e-02, Param MSE = 1.150507e-01, Grad norm = 2.476270e-04, Beta update rate = 5.985059e-05
Epoch  10800 (0.2%): Train pred MSE = 9.063757e-05, Test pred MSE = 1.164108e-02, Param MSE = 1.150257e-01, Grad norm = 2.382647e-04, Beta update rate = 5.724421e-05
Epoch  11000 (0.2%): Train pred MSE = 8.517223e-05, Test pred MSE = 1.163859e-02, Param MSE = 1.150021e-01, Grad norm = 2.294180e-04, Beta update rate = 5.479763e-05
Epoch  11200 (0.2%): Train pred MSE = 8.010176e-05, Test pred MSE = 1.163625e-02, Param MSE = 1.149797e-01, Grad norm = 2.210495e-04, Beta update rate = 5.249914e-05
Epoch  11400 (0.2%): Train pred MSE = 7.539140e-05, Test pred MSE = 1.163403e-02, Param MSE = 1.149586e-01, Grad norm = 2.131247e-04, Beta update rate = 5.033793e-05
Epoch  11600 (0.2%): Train pred MSE = 7.100998e-05, Test pred MSE = 1.163193e-02, Param MSE = 1.149387e-01, Grad norm = 2.056120e-04, Beta update rate = 4.830406e-05
Epoch  11800 (0.2%): Train pred MSE = 6.692957e-05, Test pred MSE = 1.162995e-02, Param MSE = 1.149199e-01, Grad norm = 1.984826e-04, Beta update rate = 4.638831e-05
Epoch  12000 (0.2%): Train pred MSE = 6.312505e-05, Test pred MSE = 1.162808e-02, Param MSE = 1.149022e-01, Grad norm = 1.917097e-04, Beta update rate = 4.458222e-05
Epoch  12200 (0.2%): Train pred MSE = 5.957380e-05, Test pred MSE = 1.162632e-02, Param MSE = 1.148855e-01, Grad norm = 1.852690e-04, Beta update rate = 4.287795e-05
Epoch  12400 (0.2%): Train pred MSE = 5.625542e-05, Test pred MSE = 1.162466e-02, Param MSE = 1.148698e-01, Grad norm = 1.791381e-04, Beta update rate = 4.126828e-05
Epoch  12600 (0.3%): Train pred MSE = 5.315147e-05, Test pred MSE = 1.162309e-02, Param MSE = 1.148551e-01, Grad norm = 1.732964e-04, Beta update rate = 3.974655e-05
Epoch  12800 (0.3%): Train pred MSE = 5.024528e-05, Test pred MSE = 1.162162e-02, Param MSE = 1.148412e-01, Grad norm = 1.677249e-04, Beta update rate = 3.830658e-05
Epoch  13000 (0.3%): Train pred MSE = 4.752171e-05, Test pred MSE = 1.162023e-02, Param MSE = 1.148282e-01, Grad norm = 1.624062e-04, Beta update rate = 3.694271e-05
Epoch  13200 (0.3%): Train pred MSE = 4.496703e-05, Test pred MSE = 1.161893e-02, Param MSE = 1.148160e-01, Grad norm = 1.573243e-04, Beta update rate = 3.564969e-05
Epoch  13400 (0.3%): Train pred MSE = 4.256873e-05, Test pred MSE = 1.161771e-02, Param MSE = 1.148045e-01, Grad norm = 1.524643e-04, Beta update rate = 3.442267e-05
Epoch  13600 (0.3%): Train pred MSE = 4.031542e-05, Test pred MSE = 1.161656e-02, Param MSE = 1.147938e-01, Grad norm = 1.478127e-04, Beta update rate = 3.325717e-05
Epoch  13800 (0.3%): Train pred MSE = 3.819671e-05, Test pred MSE = 1.161548e-02, Param MSE = 1.147837e-01, Grad norm = 1.433568e-04, Beta update rate = 3.214906e-05
Epoch  14000 (0.3%): Train pred MSE = 3.620310e-05, Test pred MSE = 1.161446e-02, Param MSE = 1.147743e-01, Grad norm = 1.390850e-04, Beta update rate = 3.109452e-05
Epoch  14200 (0.3%): Train pred MSE = 3.432588e-05, Test pred MSE = 1.161351e-02, Param MSE = 1.147654e-01, Grad norm = 1.349864e-04, Beta update rate = 3.009003e-05
Epoch  14400 (0.3%): Train pred MSE = 3.255710e-05, Test pred MSE = 1.161262e-02, Param MSE = 1.147572e-01, Grad norm = 1.310512e-04, Beta update rate = 2.913232e-05
Epoch  14600 (0.3%): Train pred MSE = 3.088942e-05, Test pred MSE = 1.161178e-02, Param MSE = 1.147494e-01, Grad norm = 1.272701e-04, Beta update rate = 2.821837e-05
Epoch  14800 (0.3%): Train pred MSE = 2.931612e-05, Test pred MSE = 1.161100e-02, Param MSE = 1.147422e-01, Grad norm = 1.236344e-04, Beta update rate = 2.734539e-05
Epoch  15000 (0.3%): Train pred MSE = 2.783101e-05, Test pred MSE = 1.161026e-02, Param MSE = 1.147354e-01, Grad norm = 1.201362e-04, Beta update rate = 2.651081e-05
Epoch  15200 (0.3%): Train pred MSE = 2.642837e-05, Test pred MSE = 1.160957e-02, Param MSE = 1.147291e-01, Grad norm = 1.167681e-04, Beta update rate = 2.571224e-05
Epoch  15400 (0.3%): Train pred MSE = 2.510294e-05, Test pred MSE = 1.160893e-02, Param MSE = 1.147232e-01, Grad norm = 1.135232e-04, Beta update rate = 2.494747e-05
Epoch  15600 (0.3%): Train pred MSE = 2.384985e-05, Test pred MSE = 1.160832e-02, Param MSE = 1.147177e-01, Grad norm = 1.103951e-04, Beta update rate = 2.421445e-05
Epoch  15800 (0.3%): Train pred MSE = 2.266459e-05, Test pred MSE = 1.160776e-02, Param MSE = 1.147125e-01, Grad norm = 1.073778e-04, Beta update rate = 2.351129e-05
Epoch  16000 (0.3%): Train pred MSE = 2.154299e-05, Test pred MSE = 1.160723e-02, Param MSE = 1.147078e-01, Grad norm = 1.044658e-04, Beta update rate = 2.283623e-05
Epoch  16200 (0.3%): Train pred MSE = 2.048117e-05, Test pred MSE = 1.160673e-02, Param MSE = 1.147033e-01, Grad norm = 1.016537e-04, Beta update rate = 2.218765e-05
Epoch  16400 (0.3%): Train pred MSE = 1.947556e-05, Test pred MSE = 1.160627e-02, Param MSE = 1.146991e-01, Grad norm = 9.893685e-05, Beta update rate = 2.156403e-05
Epoch  16600 (0.3%): Train pred MSE = 1.852280e-05, Test pred MSE = 1.160584e-02, Param MSE = 1.146952e-01, Grad norm = 9.631057e-05, Beta update rate = 2.096398e-05
Epoch  16800 (0.3%): Train pred MSE = 1.761979e-05, Test pred MSE = 1.160543e-02, Param MSE = 1.146916e-01, Grad norm = 9.377065e-05, Beta update rate = 2.038619e-05
Epoch  17000 (0.3%): Train pred MSE = 1.676363e-05, Test pred MSE = 1.160506e-02, Param MSE = 1.146883e-01, Grad norm = 9.131310e-05, Beta update rate = 1.982947e-05
Epoch  17200 (0.3%): Train pred MSE = 1.595163e-05, Test pred MSE = 1.160470e-02, Param MSE = 1.146851e-01, Grad norm = 8.893417e-05, Beta update rate = 1.929268e-05
Epoch  17400 (0.3%): Train pred MSE = 1.518128e-05, Test pred MSE = 1.160437e-02, Param MSE = 1.146822e-01, Grad norm = 8.663038e-05, Beta update rate = 1.877478e-05
Epoch  17600 (0.4%): Train pred MSE = 1.445021e-05, Test pred MSE = 1.160407e-02, Param MSE = 1.146795e-01, Grad norm = 8.439843e-05, Beta update rate = 1.827479e-05
Epoch  17800 (0.4%): Train pred MSE = 1.375623e-05, Test pred MSE = 1.160378e-02, Param MSE = 1.146770e-01, Grad norm = 8.223522e-05, Beta update rate = 1.779183e-05
Epoch  18000 (0.4%): Train pred MSE = 1.309728e-05, Test pred MSE = 1.160351e-02, Param MSE = 1.146747e-01, Grad norm = 8.013786e-05, Beta update rate = 1.732504e-05
Epoch  18200 (0.4%): Train pred MSE = 1.247144e-05, Test pred MSE = 1.160327e-02, Param MSE = 1.146725e-01, Grad norm = 7.810361e-05, Beta update rate = 1.687363e-05
Epoch  18400 (0.4%): Train pred MSE = 1.187690e-05, Test pred MSE = 1.160303e-02, Param MSE = 1.146705e-01, Grad norm = 7.612988e-05, Beta update rate = 1.643688e-05
Epoch  18600 (0.4%): Train pred MSE = 1.131196e-05, Test pred MSE = 1.160282e-02, Param MSE = 1.146687e-01, Grad norm = 7.421426e-05, Beta update rate = 1.601409e-05
Epoch  18800 (0.4%): Train pred MSE = 1.077504e-05, Test pred MSE = 1.160262e-02, Param MSE = 1.146670e-01, Grad norm = 7.235444e-05, Beta update rate = 1.560463e-05
Epoch  19000 (0.4%): Train pred MSE = 1.026464e-05, Test pred MSE = 1.160243e-02, Param MSE = 1.146654e-01, Grad norm = 7.054827e-05, Beta update rate = 1.520789e-05
Epoch  19200 (0.4%): Train pred MSE = 9.779364e-06, Test pred MSE = 1.160225e-02, Param MSE = 1.146639e-01, Grad norm = 6.879370e-05, Beta update rate = 1.482332e-05
Epoch  19400 (0.4%): Train pred MSE = 9.317880e-06, Test pred MSE = 1.160209e-02, Param MSE = 1.146625e-01, Grad norm = 6.708879e-05, Beta update rate = 1.445039e-05
Epoch  19600 (0.4%): Train pred MSE = 8.878950e-06, Test pred MSE = 1.160194e-02, Param MSE = 1.146613e-01, Grad norm = 6.543172e-05, Beta update rate = 1.408860e-05
Epoch  19800 (0.4%): Train pred MSE = 8.461400e-06, Test pred MSE = 1.160180e-02, Param MSE = 1.146601e-01, Grad norm = 6.382073e-05, Beta update rate = 1.373750e-05
Epoch  20000 (0.4%): Train pred MSE = 8.064127e-06, Test pred MSE = 1.160167e-02, Param MSE = 1.146590e-01, Grad norm = 6.225420e-05, Beta update rate = 1.339664e-05
Epoch  20200 (0.4%): Train pred MSE = 7.686090e-06, Test pred MSE = 1.160155e-02, Param MSE = 1.146580e-01, Grad norm = 6.073054e-05, Beta update rate = 1.306562e-05
Epoch  20400 (0.4%): Train pred MSE = 7.326306e-06, Test pred MSE = 1.160143e-02, Param MSE = 1.146571e-01, Grad norm = 5.924829e-05, Beta update rate = 1.274405e-05
Epoch  20600 (0.4%): Train pred MSE = 6.983848e-06, Test pred MSE = 1.160133e-02, Param MSE = 1.146563e-01, Grad norm = 5.780602e-05, Beta update rate = 1.243156e-05
Epoch  20800 (0.4%): Train pred MSE = 6.657838e-06, Test pred MSE = 1.160123e-02, Param MSE = 1.146555e-01, Grad norm = 5.640238e-05, Beta update rate = 1.212781e-05
Epoch  21000 (0.4%): Train pred MSE = 6.347451e-06, Test pred MSE = 1.160114e-02, Param MSE = 1.146548e-01, Grad norm = 5.503611e-05, Beta update rate = 1.183248e-05
Epoch  21200 (0.4%): Train pred MSE = 6.051901e-06, Test pred MSE = 1.160105e-02, Param MSE = 1.146541e-01, Grad norm = 5.370597e-05, Beta update rate = 1.154527e-05
Epoch  21400 (0.4%): Train pred MSE = 5.770450e-06, Test pred MSE = 1.160097e-02, Param MSE = 1.146535e-01, Grad norm = 5.241080e-05, Beta update rate = 1.126587e-05
Epoch  21600 (0.4%): Train pred MSE = 5.502396e-06, Test pred MSE = 1.160090e-02, Param MSE = 1.146530e-01, Grad norm = 5.114949e-05, Beta update rate = 1.099401e-05
Epoch  21800 (0.4%): Train pred MSE = 5.247077e-06, Test pred MSE = 1.160083e-02, Param MSE = 1.146525e-01, Grad norm = 4.992097e-05, Beta update rate = 1.072944e-05
Epoch  22000 (0.4%): Train pred MSE = 5.003863e-06, Test pred MSE = 1.160077e-02, Param MSE = 1.146520e-01, Grad norm = 4.872423e-05, Beta update rate = 1.047190e-05
Epoch  22200 (0.4%): Train pred MSE = 4.772160e-06, Test pred MSE = 1.160071e-02, Param MSE = 1.146516e-01, Grad norm = 4.755828e-05, Beta update rate = 1.022116e-05
Epoch  22400 (0.4%): Train pred MSE = 4.551404e-06, Test pred MSE = 1.160066e-02, Param MSE = 1.146512e-01, Grad norm = 4.642220e-05, Beta update rate = 9.976994e-06
Epoch  22600 (0.5%): Train pred MSE = 4.341060e-06, Test pred MSE = 1.160061e-02, Param MSE = 1.146508e-01, Grad norm = 4.531510e-05, Beta update rate = 9.739189e-06
Epoch  22800 (0.5%): Train pred MSE = 4.140622e-06, Test pred MSE = 1.160056e-02, Param MSE = 1.146505e-01, Grad norm = 4.423610e-05, Beta update rate = 9.507540e-06
Epoch  23000 (0.5%): Train pred MSE = 3.949608e-06, Test pred MSE = 1.160051e-02, Param MSE = 1.146502e-01, Grad norm = 4.318439e-05, Beta update rate = 9.281854e-06
Epoch  23200 (0.5%): Train pred MSE = 3.767563e-06, Test pred MSE = 1.160047e-02, Param MSE = 1.146499e-01, Grad norm = 4.215917e-05, Beta update rate = 9.061945e-06
Epoch  23400 (0.5%): Train pred MSE = 3.594053e-06, Test pred MSE = 1.160044e-02, Param MSE = 1.146496e-01, Grad norm = 4.115968e-05, Beta update rate = 8.847634e-06
Epoch  23600 (0.5%): Train pred MSE = 3.428666e-06, Test pred MSE = 1.160040e-02, Param MSE = 1.146494e-01, Grad norm = 4.018519e-05, Beta update rate = 8.638752e-06
Epoch  23800 (0.5%): Train pred MSE = 3.271014e-06, Test pred MSE = 1.160037e-02, Param MSE = 1.146492e-01, Grad norm = 3.923498e-05, Beta update rate = 8.435137e-06
Epoch  24000 (0.5%): Train pred MSE = 3.120724e-06, Test pred MSE = 1.160034e-02, Param MSE = 1.146490e-01, Grad norm = 3.830839e-05, Beta update rate = 8.236632e-06
Epoch  24200 (0.5%): Train pred MSE = 2.977446e-06, Test pred MSE = 1.160031e-02, Param MSE = 1.146488e-01, Grad norm = 3.740475e-05, Beta update rate = 8.043088e-06
Epoch  24400 (0.5%): Train pred MSE = 2.840843e-06, Test pred MSE = 1.160028e-02, Param MSE = 1.146486e-01, Grad norm = 3.652342e-05, Beta update rate = 7.854361e-06
Epoch  24600 (0.5%): Train pred MSE = 2.710598e-06, Test pred MSE = 1.160025e-02, Param MSE = 1.146485e-01, Grad norm = 3.566381e-05, Beta update rate = 7.670313e-06
Epoch  24800 (0.5%): Train pred MSE = 2.586408e-06, Test pred MSE = 1.160023e-02, Param MSE = 1.146483e-01, Grad norm = 3.482531e-05, Beta update rate = 7.490810e-06
Epoch  25000 (0.5%): Train pred MSE = 2.467987e-06, Test pred MSE = 1.160021e-02, Param MSE = 1.146482e-01, Grad norm = 3.400736e-05, Beta update rate = 7.315727e-06
Epoch  25200 (0.5%): Train pred MSE = 2.355061e-06, Test pred MSE = 1.160019e-02, Param MSE = 1.146481e-01, Grad norm = 3.320940e-05, Beta update rate = 7.144939e-06
Epoch  25400 (0.5%): Train pred MSE = 2.247369e-06, Test pred MSE = 1.160016e-02, Param MSE = 1.146480e-01, Grad norm = 3.243091e-05, Beta update rate = 6.978327e-06
Epoch  25600 (0.5%): Train pred MSE = 2.144665e-06, Test pred MSE = 1.160015e-02, Param MSE = 1.146479e-01, Grad norm = 3.167137e-05, Beta update rate = 6.815779e-06
Epoch  25800 (0.5%): Train pred MSE = 2.046713e-06, Test pred MSE = 1.160013e-02, Param MSE = 1.146478e-01, Grad norm = 3.093027e-05, Beta update rate = 6.657182e-06
Epoch  26000 (0.5%): Train pred MSE = 1.953290e-06, Test pred MSE = 1.160011e-02, Param MSE = 1.146477e-01, Grad norm = 3.020714e-05, Beta update rate = 6.502432e-06
Epoch  26200 (0.5%): Train pred MSE = 1.864182e-06, Test pred MSE = 1.160009e-02, Param MSE = 1.146476e-01, Grad norm = 2.950150e-05, Beta update rate = 6.351424e-06
Epoch  26400 (0.5%): Train pred MSE = 1.779187e-06, Test pred MSE = 1.160008e-02, Param MSE = 1.146475e-01, Grad norm = 2.881290e-05, Beta update rate = 6.204060e-06
Epoch  26600 (0.5%): Train pred MSE = 1.698112e-06, Test pred MSE = 1.160006e-02, Param MSE = 1.146474e-01, Grad norm = 2.814091e-05, Beta update rate = 6.060244e-06
Epoch  26800 (0.5%): Train pred MSE = 1.620773e-06, Test pred MSE = 1.160005e-02, Param MSE = 1.146473e-01, Grad norm = 2.748509e-05, Beta update rate = 5.919882e-06
Epoch  27000 (0.5%): Train pred MSE = 1.546996e-06, Test pred MSE = 1.160003e-02, Param MSE = 1.146473e-01, Grad norm = 2.684502e-05, Beta update rate = 5.782885e-06
Epoch  27200 (0.5%): Train pred MSE = 1.476614e-06, Test pred MSE = 1.160002e-02, Param MSE = 1.146472e-01, Grad norm = 2.622032e-05, Beta update rate = 5.649165e-06
Epoch  27400 (0.5%): Train pred MSE = 1.409468e-06, Test pred MSE = 1.160001e-02, Param MSE = 1.146471e-01, Grad norm = 2.561058e-05, Beta update rate = 5.518637e-06
Epoch  27600 (0.6%): Train pred MSE = 1.345407e-06, Test pred MSE = 1.159999e-02, Param MSE = 1.146471e-01, Grad norm = 2.501543e-05, Beta update rate = 5.391221e-06
Epoch  27800 (0.6%): Train pred MSE = 1.284289e-06, Test pred MSE = 1.159998e-02, Param MSE = 1.146470e-01, Grad norm = 2.443450e-05, Beta update rate = 5.266836e-06
Epoch  28000 (0.6%): Train pred MSE = 1.225975e-06, Test pred MSE = 1.159997e-02, Param MSE = 1.146469e-01, Grad norm = 2.386743e-05, Beta update rate = 5.145407e-06
Epoch  28200 (0.6%): Train pred MSE = 1.170335e-06, Test pred MSE = 1.159996e-02, Param MSE = 1.146469e-01, Grad norm = 2.331388e-05, Beta update rate = 5.026857e-06
Epoch  28400 (0.6%): Train pred MSE = 1.117246e-06, Test pred MSE = 1.159994e-02, Param MSE = 1.146468e-01, Grad norm = 2.277351e-05, Beta update rate = 4.911114e-06
Epoch  28600 (0.6%): Train pred MSE = 1.066589e-06, Test pred MSE = 1.159993e-02, Param MSE = 1.146468e-01, Grad norm = 2.224598e-05, Beta update rate = 4.798109e-06
Epoch  28800 (0.6%): Train pred MSE = 1.018250e-06, Test pred MSE = 1.159992e-02, Param MSE = 1.146467e-01, Grad norm = 2.173098e-05, Beta update rate = 4.687772e-06
Epoch  29000 (0.6%): Train pred MSE = 9.721231e-07, Test pred MSE = 1.159991e-02, Param MSE = 1.146466e-01, Grad norm = 2.122820e-05, Beta update rate = 4.580037e-06
Epoch  29200 (0.6%): Train pred MSE = 9.281053e-07, Test pred MSE = 1.159990e-02, Param MSE = 1.146466e-01, Grad norm = 2.073733e-05, Beta update rate = 4.474841e-06
Epoch  29400 (0.6%): Train pred MSE = 8.860991e-07, Test pred MSE = 1.159989e-02, Param MSE = 1.146465e-01, Grad norm = 2.025808e-05, Beta update rate = 4.372119e-06
Epoch  29600 (0.6%): Train pred MSE = 8.460115e-07, Test pred MSE = 1.159988e-02, Param MSE = 1.146464e-01, Grad norm = 1.979017e-05, Beta update rate = 4.271811e-06
Epoch  29800 (0.6%): Train pred MSE = 8.077538e-07, Test pred MSE = 1.159987e-02, Param MSE = 1.146464e-01, Grad norm = 1.933332e-05, Beta update rate = 4.173858e-06
Epoch  30000 (0.6%): Train pred MSE = 7.712416e-07, Test pred MSE = 1.159985e-02, Param MSE = 1.146463e-01, Grad norm = 1.888725e-05, Beta update rate = 4.078202e-06
Epoch  30200 (0.6%): Train pred MSE = 7.363944e-07, Test pred MSE = 1.159984e-02, Param MSE = 1.146462e-01, Grad norm = 1.845171e-05, Beta update rate = 3.984786e-06
Epoch  30400 (0.6%): Train pred MSE = 7.031355e-07, Test pred MSE = 1.159983e-02, Param MSE = 1.146462e-01, Grad norm = 1.802643e-05, Beta update rate = 3.893557e-06
Epoch  30600 (0.6%): Train pred MSE = 6.713916e-07, Test pred MSE = 1.159982e-02, Param MSE = 1.146461e-01, Grad norm = 1.761116e-05, Beta update rate = 3.804460e-06
Epoch  30800 (0.6%): Train pred MSE = 6.410930e-07, Test pred MSE = 1.159981e-02, Param MSE = 1.146460e-01, Grad norm = 1.720566e-05, Beta update rate = 3.717445e-06
Epoch  31000 (0.6%): Train pred MSE = 6.121733e-07, Test pred MSE = 1.159980e-02, Param MSE = 1.146460e-01, Grad norm = 1.680970e-05, Beta update rate = 3.632461e-06
Epoch  31200 (0.6%): Train pred MSE = 5.845691e-07, Test pred MSE = 1.159979e-02, Param MSE = 1.146459e-01, Grad norm = 1.642303e-05, Beta update rate = 3.549458e-06
Epoch  31400 (0.6%): Train pred MSE = 5.582199e-07, Test pred MSE = 1.159978e-02, Param MSE = 1.146458e-01, Grad norm = 1.604545e-05, Beta update rate = 3.468389e-06
Epoch  31600 (0.6%): Train pred MSE = 5.330680e-07, Test pred MSE = 1.159977e-02, Param MSE = 1.146457e-01, Grad norm = 1.567672e-05, Beta update rate = 3.389208e-06
Epoch  31800 (0.6%): Train pred MSE = 5.090587e-07, Test pred MSE = 1.159975e-02, Param MSE = 1.146457e-01, Grad norm = 1.531663e-05, Beta update rate = 3.311868e-06
Epoch  32000 (0.6%): Train pred MSE = 4.861393e-07, Test pred MSE = 1.159974e-02, Param MSE = 1.146456e-01, Grad norm = 1.496497e-05, Beta update rate = 3.236326e-06
Epoch  32200 (0.6%): Train pred MSE = 4.642601e-07, Test pred MSE = 1.159973e-02, Param MSE = 1.146455e-01, Grad norm = 1.462155e-05, Beta update rate = 3.162539e-06
Epoch  32400 (0.6%): Train pred MSE = 4.433733e-07, Test pred MSE = 1.159972e-02, Param MSE = 1.146454e-01, Grad norm = 1.428616e-05, Beta update rate = 3.090465e-06
Epoch  32600 (0.7%): Train pred MSE = 4.234336e-07, Test pred MSE = 1.159971e-02, Param MSE = 1.146453e-01, Grad norm = 1.395861e-05, Beta update rate = 3.020063e-06
Epoch  32800 (0.7%): Train pred MSE = 4.043975e-07, Test pred MSE = 1.159970e-02, Param MSE = 1.146452e-01, Grad norm = 1.363870e-05, Beta update rate = 2.951292e-06
Epoch  33000 (0.7%): Train pred MSE = 3.862237e-07, Test pred MSE = 1.159969e-02, Param MSE = 1.146452e-01, Grad norm = 1.332627e-05, Beta update rate = 2.884115e-06
Epoch  33200 (0.7%): Train pred MSE = 3.688729e-07, Test pred MSE = 1.159967e-02, Param MSE = 1.146451e-01, Grad norm = 1.302113e-05, Beta update rate = 2.818493e-06
Epoch  33400 (0.7%): Train pred MSE = 3.523074e-07, Test pred MSE = 1.159966e-02, Param MSE = 1.146450e-01, Grad norm = 1.272310e-05, Beta update rate = 2.754389e-06
Epoch  33600 (0.7%): Train pred MSE = 3.364914e-07, Test pred MSE = 1.159965e-02, Param MSE = 1.146449e-01, Grad norm = 1.243201e-05, Beta update rate = 2.691768e-06
Epoch  33800 (0.7%): Train pred MSE = 3.213907e-07, Test pred MSE = 1.159964e-02, Param MSE = 1.146448e-01, Grad norm = 1.214770e-05, Beta update rate = 2.630593e-06
Epoch  34000 (0.7%): Train pred MSE = 3.069726e-07, Test pred MSE = 1.159963e-02, Param MSE = 1.146447e-01, Grad norm = 1.187001e-05, Beta update rate = 2.570832e-06
Epoch  34200 (0.7%): Train pred MSE = 2.932060e-07, Test pred MSE = 1.159962e-02, Param MSE = 1.146446e-01, Grad norm = 1.159878e-05, Beta update rate = 2.512450e-06
Epoch  34400 (0.7%): Train pred MSE = 2.800613e-07, Test pred MSE = 1.159960e-02, Param MSE = 1.146445e-01, Grad norm = 1.133385e-05, Beta update rate = 2.455415e-06
Epoch  34600 (0.7%): Train pred MSE = 2.675100e-07, Test pred MSE = 1.159959e-02, Param MSE = 1.146444e-01, Grad norm = 1.107508e-05, Beta update rate = 2.399695e-06
Epoch  34800 (0.7%): Train pred MSE = 2.555253e-07, Test pred MSE = 1.159958e-02, Param MSE = 1.146443e-01, Grad norm = 1.082231e-05, Beta update rate = 2.345259e-06
Epoch  35000 (0.7%): Train pred MSE = 2.440812e-07, Test pred MSE = 1.159957e-02, Param MSE = 1.146443e-01, Grad norm = 1.057541e-05, Beta update rate = 2.292077e-06
Epoch  35200 (0.7%): Train pred MSE = 2.331533e-07, Test pred MSE = 1.159956e-02, Param MSE = 1.146442e-01, Grad norm = 1.033424e-05, Beta update rate = 2.240119e-06
Epoch  35400 (0.7%): Train pred MSE = 2.227180e-07, Test pred MSE = 1.159954e-02, Param MSE = 1.146441e-01, Grad norm = 1.009866e-05, Beta update rate = 2.189357e-06
Epoch  35600 (0.7%): Train pred MSE = 2.127529e-07, Test pred MSE = 1.159953e-02, Param MSE = 1.146440e-01, Grad norm = 9.868537e-06, Beta update rate = 2.139762e-06
Epoch  35800 (0.7%): Train pred MSE = 2.032368e-07, Test pred MSE = 1.159952e-02, Param MSE = 1.146439e-01, Grad norm = 9.643743e-06, Beta update rate = 2.091308e-06
Epoch  36000 (0.7%): Train pred MSE = 1.941491e-07, Test pred MSE = 1.159951e-02, Param MSE = 1.146438e-01, Grad norm = 9.424152e-06, Beta update rate = 2.043966e-06
Epoch  36200 (0.7%): Train pred MSE = 1.854706e-07, Test pred MSE = 1.159950e-02, Param MSE = 1.146437e-01, Grad norm = 9.209641e-06, Beta update rate = 1.997712e-06
Epoch  36400 (0.7%): Train pred MSE = 1.771825e-07, Test pred MSE = 1.159948e-02, Param MSE = 1.146436e-01, Grad norm = 9.000090e-06, Beta update rate = 1.952520e-06
Epoch  36600 (0.7%): Train pred MSE = 1.692673e-07, Test pred MSE = 1.159947e-02, Param MSE = 1.146435e-01, Grad norm = 8.795381e-06, Beta update rate = 1.908365e-06
Epoch  36800 (0.7%): Train pred MSE = 1.617080e-07, Test pred MSE = 1.159946e-02, Param MSE = 1.146434e-01, Grad norm = 8.595402e-06, Beta update rate = 1.865222e-06
Epoch  37000 (0.7%): Train pred MSE = 1.544884e-07, Test pred MSE = 1.159945e-02, Param MSE = 1.146433e-01, Grad norm = 8.400039e-06, Beta update rate = 1.823068e-06
Epoch  37200 (0.7%): Train pred MSE = 1.475933e-07, Test pred MSE = 1.159944e-02, Param MSE = 1.146432e-01, Grad norm = 8.209184e-06, Beta update rate = 1.781881e-06
Epoch  37400 (0.7%): Train pred MSE = 1.410078e-07, Test pred MSE = 1.159943e-02, Param MSE = 1.146431e-01, Grad norm = 8.022732e-06, Beta update rate = 1.741636e-06
Epoch  37600 (0.8%): Train pred MSE = 1.347181e-07, Test pred MSE = 1.159941e-02, Param MSE = 1.146430e-01, Grad norm = 7.840579e-06, Beta update rate = 1.702313e-06
Epoch  37800 (0.8%): Train pred MSE = 1.287106e-07, Test pred MSE = 1.159940e-02, Param MSE = 1.146429e-01, Grad norm = 7.662622e-06, Beta update rate = 1.663890e-06
Epoch  38000 (0.8%): Train pred MSE = 1.229728e-07, Test pred MSE = 1.159939e-02, Param MSE = 1.146428e-01, Grad norm = 7.488765e-06, Beta update rate = 1.626346e-06
Epoch  38200 (0.8%): Train pred MSE = 1.174923e-07, Test pred MSE = 1.159938e-02, Param MSE = 1.146427e-01, Grad norm = 7.318911e-06, Beta update rate = 1.589660e-06
Epoch  38400 (0.8%): Train pred MSE = 1.122575e-07, Test pred MSE = 1.159937e-02, Param MSE = 1.146426e-01, Grad norm = 7.152965e-06, Beta update rate = 1.553813e-06
Epoch  38600 (0.8%): Train pred MSE = 1.072574e-07, Test pred MSE = 1.159935e-02, Param MSE = 1.146425e-01, Grad norm = 6.990836e-06, Beta update rate = 1.518785e-06
Epoch  38800 (0.8%): Train pred MSE = 1.024814e-07, Test pred MSE = 1.159934e-02, Param MSE = 1.146424e-01, Grad norm = 6.832434e-06, Beta update rate = 1.484556e-06
Epoch  39000 (0.8%): Train pred MSE = 9.791933e-08, Test pred MSE = 1.159933e-02, Param MSE = 1.146423e-01, Grad norm = 6.677673e-06, Beta update rate = 1.451109e-06
Epoch  39200 (0.8%): Train pred MSE = 9.356154e-08, Test pred MSE = 1.159932e-02, Param MSE = 1.146422e-01, Grad norm = 6.526467e-06, Beta update rate = 1.418426e-06
Epoch  39400 (0.8%): Train pred MSE = 8.939884e-08, Test pred MSE = 1.159931e-02, Param MSE = 1.146421e-01, Grad norm = 6.378733e-06, Beta update rate = 1.386488e-06
Epoch  39600 (0.8%): Train pred MSE = 8.542243e-08, Test pred MSE = 1.159930e-02, Param MSE = 1.146419e-01, Grad norm = 6.234389e-06, Beta update rate = 1.355278e-06
Epoch  39800 (0.8%): Train pred MSE = 8.162392e-08, Test pred MSE = 1.159928e-02, Param MSE = 1.146418e-01, Grad norm = 6.093357e-06, Beta update rate = 1.324779e-06
Epoch  40000 (0.8%): Train pred MSE = 7.799529e-08, Test pred MSE = 1.159927e-02, Param MSE = 1.146417e-01, Grad norm = 5.955559e-06, Beta update rate = 1.294975e-06
Epoch  40200 (0.8%): Train pred MSE = 7.452891e-08, Test pred MSE = 1.159926e-02, Param MSE = 1.146416e-01, Grad norm = 5.820919e-06, Beta update rate = 1.265851e-06
Epoch  40400 (0.8%): Train pred MSE = 7.121746e-08, Test pred MSE = 1.159925e-02, Param MSE = 1.146415e-01, Grad norm = 5.689365e-06, Beta update rate = 1.237389e-06
Epoch  40600 (0.8%): Train pred MSE = 6.805397e-08, Test pred MSE = 1.159924e-02, Param MSE = 1.146414e-01, Grad norm = 5.560823e-06, Beta update rate = 1.209575e-06
Epoch  40800 (0.8%): Train pred MSE = 6.503180e-08, Test pred MSE = 1.159923e-02, Param MSE = 1.146413e-01, Grad norm = 5.435224e-06, Beta update rate = 1.182394e-06
Epoch  41000 (0.8%): Train pred MSE = 6.214458e-08, Test pred MSE = 1.159922e-02, Param MSE = 1.146412e-01, Grad norm = 5.312499e-06, Beta update rate = 1.155831e-06
Epoch  41200 (0.8%): Train pred MSE = 5.938626e-08, Test pred MSE = 1.159921e-02, Param MSE = 1.146412e-01, Grad norm = 5.192582e-06, Beta update rate = 1.129871e-06
Epoch  41400 (0.8%): Train pred MSE = 5.675104e-08, Test pred MSE = 1.159919e-02, Param MSE = 1.146411e-01, Grad norm = 5.075406e-06, Beta update rate = 1.104502e-06
Epoch  41600 (0.8%): Train pred MSE = 5.423339e-08, Test pred MSE = 1.159918e-02, Param MSE = 1.146410e-01, Grad norm = 4.960909e-06, Beta update rate = 1.079709e-06
Epoch  41800 (0.8%): Train pred MSE = 5.182804e-08, Test pred MSE = 1.159917e-02, Param MSE = 1.146409e-01, Grad norm = 4.849028e-06, Beta update rate = 1.055479e-06
Epoch  42000 (0.8%): Train pred MSE = 4.952994e-08, Test pred MSE = 1.159916e-02, Param MSE = 1.146408e-01, Grad norm = 4.739702e-06, Beta update rate = 1.031800e-06
Epoch  42200 (0.8%): Train pred MSE = 4.733428e-08, Test pred MSE = 1.159915e-02, Param MSE = 1.146407e-01, Grad norm = 4.632872e-06, Beta update rate = 1.008657e-06
Epoch  42400 (0.8%): Train pred MSE = 4.523648e-08, Test pred MSE = 1.159914e-02, Param MSE = 1.146406e-01, Grad norm = 4.528480e-06, Beta update rate = 9.860397e-07
Epoch  42600 (0.9%): Train pred MSE = 4.323213e-08, Test pred MSE = 1.159913e-02, Param MSE = 1.146405e-01, Grad norm = 4.426469e-06, Beta update rate = 9.639352e-07
Epoch  42800 (0.9%): Train pred MSE = 4.131706e-08, Test pred MSE = 1.159912e-02, Param MSE = 1.146404e-01, Grad norm = 4.326785e-06, Beta update rate = 9.423319e-07
Epoch  43000 (0.9%): Train pred MSE = 3.948725e-08, Test pred MSE = 1.159911e-02, Param MSE = 1.146403e-01, Grad norm = 4.229373e-06, Beta update rate = 9.212181e-07
Epoch  43200 (0.9%): Train pred MSE = 3.773890e-08, Test pred MSE = 1.159910e-02, Param MSE = 1.146402e-01, Grad norm = 4.134180e-06, Beta update rate = 9.005827e-07
Epoch  43400 (0.9%): Train pred MSE = 3.606836e-08, Test pred MSE = 1.159909e-02, Param MSE = 1.146401e-01, Grad norm = 4.041156e-06, Beta update rate = 8.804147e-07
Epoch  43600 (0.9%): Train pred MSE = 3.447214e-08, Test pred MSE = 1.159908e-02, Param MSE = 1.146400e-01, Grad norm = 3.950250e-06, Beta update rate = 8.607032e-07
Epoch  43800 (0.9%): Train pred MSE = 3.294691e-08, Test pred MSE = 1.159907e-02, Param MSE = 1.146399e-01, Grad norm = 3.861413e-06, Beta update rate = 8.414379e-07
Epoch  44000 (0.9%): Train pred MSE = 3.148951e-08, Test pred MSE = 1.159906e-02, Param MSE = 1.146398e-01, Grad norm = 3.774598e-06, Beta update rate = 8.226085e-07
Epoch  44200 (0.9%): Train pred MSE = 3.009690e-08, Test pred MSE = 1.159905e-02, Param MSE = 1.146397e-01, Grad norm = 3.689757e-06, Beta update rate = 8.042050e-07
Epoch  44400 (0.9%): Train pred MSE = 2.876617e-08, Test pred MSE = 1.159904e-02, Param MSE = 1.146396e-01, Grad norm = 3.606845e-06, Beta update rate = 7.862176e-07
Epoch  44600 (0.9%): Train pred MSE = 2.749457e-08, Test pred MSE = 1.159903e-02, Param MSE = 1.146396e-01, Grad norm = 3.525818e-06, Beta update rate = 7.686368e-07
Epoch  44800 (0.9%): Train pred MSE = 2.627945e-08, Test pred MSE = 1.159902e-02, Param MSE = 1.146395e-01, Grad norm = 3.446632e-06, Beta update rate = 7.514532e-07
Epoch  45000 (0.9%): Train pred MSE = 2.511830e-08, Test pred MSE = 1.159901e-02, Param MSE = 1.146394e-01, Grad norm = 3.369245e-06, Beta update rate = 7.346579e-07
Epoch  45200 (0.9%): Train pred MSE = 2.400869e-08, Test pred MSE = 1.159900e-02, Param MSE = 1.146393e-01, Grad norm = 3.293614e-06, Beta update rate = 7.182418e-07
Epoch  45400 (0.9%): Train pred MSE = 2.294834e-08, Test pred MSE = 1.159899e-02, Param MSE = 1.146392e-01, Grad norm = 3.219700e-06, Beta update rate = 7.021964e-07
Epoch  45600 (0.9%): Train pred MSE = 2.193504e-08, Test pred MSE = 1.159898e-02, Param MSE = 1.146391e-01, Grad norm = 3.147464e-06, Beta update rate = 6.865131e-07
Epoch  45800 (0.9%): Train pred MSE = 2.096669e-08, Test pred MSE = 1.159897e-02, Param MSE = 1.146390e-01, Grad norm = 3.076866e-06, Beta update rate = 6.711836e-07
Epoch  46000 (0.9%): Train pred MSE = 2.004129e-08, Test pred MSE = 1.159896e-02, Param MSE = 1.146390e-01, Grad norm = 3.007869e-06, Beta update rate = 6.561999e-07
Epoch  46200 (0.9%): Train pred MSE = 1.915692e-08, Test pred MSE = 1.159895e-02, Param MSE = 1.146389e-01, Grad norm = 2.940435e-06, Beta update rate = 6.415540e-07
Epoch  46400 (0.9%): Train pred MSE = 1.831175e-08, Test pred MSE = 1.159895e-02, Param MSE = 1.146388e-01, Grad norm = 2.874530e-06, Beta update rate = 6.272384e-07
Epoch  46600 (0.9%): Train pred MSE = 1.750404e-08, Test pred MSE = 1.159894e-02, Param MSE = 1.146387e-01, Grad norm = 2.810118e-06, Beta update rate = 6.132453e-07
Epoch  46800 (0.9%): Train pred MSE = 1.673212e-08, Test pred MSE = 1.159893e-02, Param MSE = 1.146386e-01, Grad norm = 2.747164e-06, Beta update rate = 5.995674e-07
Epoch  47000 (0.9%): Train pred MSE = 1.599440e-08, Test pred MSE = 1.159892e-02, Param MSE = 1.146386e-01, Grad norm = 2.685636e-06, Beta update rate = 5.861977e-07
Epoch  47200 (0.9%): Train pred MSE = 1.528935e-08, Test pred MSE = 1.159891e-02, Param MSE = 1.146385e-01, Grad norm = 2.625500e-06, Beta update rate = 5.731289e-07
Epoch  47400 (0.9%): Train pred MSE = 1.461551e-08, Test pred MSE = 1.159890e-02, Param MSE = 1.146384e-01, Grad norm = 2.566725e-06, Beta update rate = 5.603543e-07
Epoch  47600 (1.0%): Train pred MSE = 1.397150e-08, Test pred MSE = 1.159889e-02, Param MSE = 1.146383e-01, Grad norm = 2.509278e-06, Beta update rate = 5.478672e-07
Epoch  47800 (1.0%): Train pred MSE = 1.335600e-08, Test pred MSE = 1.159889e-02, Param MSE = 1.146383e-01, Grad norm = 2.453131e-06, Beta update rate = 5.356610e-07
Epoch  48000 (1.0%): Train pred MSE = 1.276772e-08, Test pred MSE = 1.159888e-02, Param MSE = 1.146382e-01, Grad norm = 2.398253e-06, Beta update rate = 5.237294e-07
Epoch  48200 (1.0%): Train pred MSE = 1.220547e-08, Test pred MSE = 1.159887e-02, Param MSE = 1.146381e-01, Grad norm = 2.344615e-06, Beta update rate = 5.120660e-07
Epoch  48400 (1.0%): Train pred MSE = 1.166809e-08, Test pred MSE = 1.159886e-02, Param MSE = 1.146380e-01, Grad norm = 2.292189e-06, Beta update rate = 5.006647e-07
Epoch  48600 (1.0%): Train pred MSE = 1.115447e-08, Test pred MSE = 1.159885e-02, Param MSE = 1.146380e-01, Grad norm = 2.240946e-06, Beta update rate = 4.895197e-07
Epoch  48800 (1.0%): Train pred MSE = 1.066355e-08, Test pred MSE = 1.159885e-02, Param MSE = 1.146379e-01, Grad norm = 2.190860e-06, Beta update rate = 4.786250e-07
Epoch  49000 (1.0%): Train pred MSE = 1.019433e-08, Test pred MSE = 1.159884e-02, Param MSE = 1.146378e-01, Grad norm = 2.141905e-06, Beta update rate = 4.679751e-07
Epoch  49200 (1.0%): Train pred MSE = 9.745837e-09, Test pred MSE = 1.159883e-02, Param MSE = 1.146377e-01, Grad norm = 2.094055e-06, Beta update rate = 4.575643e-07
Epoch  49400 (1.0%): Train pred MSE = 9.317161e-09, Test pred MSE = 1.159882e-02, Param MSE = 1.146377e-01, Grad norm = 2.047283e-06, Beta update rate = 4.473871e-07
Epoch  49600 (1.0%): Train pred MSE = 8.907419e-09, Test pred MSE = 1.159882e-02, Param MSE = 1.146376e-01, Grad norm = 2.001567e-06, Beta update rate = 4.374384e-07
Epoch  49800 (1.0%): Train pred MSE = 8.515769e-09, Test pred MSE = 1.159881e-02, Param MSE = 1.146375e-01, Grad norm = 1.956881e-06, Beta update rate = 4.277128e-07
Epoch  50000 (1.0%): Train pred MSE = 8.141411e-09, Test pred MSE = 1.159880e-02, Param MSE = 1.146375e-01, Grad norm = 1.913202e-06, Beta update rate = 4.182054e-07
Epoch  50200 (1.0%): Train pred MSE = 7.783575e-09, Test pred MSE = 1.159880e-02, Param MSE = 1.146374e-01, Grad norm = 1.870507e-06, Beta update rate = 4.089112e-07
Epoch  50400 (1.0%): Train pred MSE = 7.441531e-09, Test pred MSE = 1.159879e-02, Param MSE = 1.146373e-01, Grad norm = 1.828774e-06, Beta update rate = 3.998254e-07
Epoch  50600 (1.0%): Train pred MSE = 7.114578e-09, Test pred MSE = 1.159878e-02, Param MSE = 1.146373e-01, Grad norm = 1.787980e-06, Beta update rate = 3.909432e-07
Epoch  50800 (1.0%): Train pred MSE = 6.802047e-09, Test pred MSE = 1.159878e-02, Param MSE = 1.146372e-01, Grad norm = 1.748105e-06, Beta update rate = 3.822600e-07
Epoch  51000 (1.0%): Train pred MSE = 6.503299e-09, Test pred MSE = 1.159877e-02, Param MSE = 1.146372e-01, Grad norm = 1.709127e-06, Beta update rate = 3.737714e-07
Epoch  51200 (1.0%): Train pred MSE = 6.217723e-09, Test pred MSE = 1.159876e-02, Param MSE = 1.146371e-01, Grad norm = 1.671027e-06, Beta update rate = 3.654728e-07
Epoch  51400 (1.0%): Train pred MSE = 5.944737e-09, Test pred MSE = 1.159876e-02, Param MSE = 1.146370e-01, Grad norm = 1.633783e-06, Beta update rate = 3.573600e-07
Epoch  51600 (1.0%): Train pred MSE = 5.683783e-09, Test pred MSE = 1.159875e-02, Param MSE = 1.146370e-01, Grad norm = 1.597377e-06, Beta update rate = 3.494289e-07
Epoch  51800 (1.0%): Train pred MSE = 5.434327e-09, Test pred MSE = 1.159874e-02, Param MSE = 1.146369e-01, Grad norm = 1.561789e-06, Beta update rate = 3.416752e-07
Epoch  52000 (1.0%): Train pred MSE = 5.195862e-09, Test pred MSE = 1.159874e-02, Param MSE = 1.146369e-01, Grad norm = 1.527001e-06, Beta update rate = 3.340951e-07
Epoch  52200 (1.0%): Train pred MSE = 4.967901e-09, Test pred MSE = 1.159873e-02, Param MSE = 1.146368e-01, Grad norm = 1.492995e-06, Beta update rate = 3.266844e-07
Epoch  52400 (1.0%): Train pred MSE = 4.749979e-09, Test pred MSE = 1.159872e-02, Param MSE = 1.146367e-01, Grad norm = 1.459753e-06, Beta update rate = 3.194395e-07
Epoch  52600 (1.1%): Train pred MSE = 4.541653e-09, Test pred MSE = 1.159872e-02, Param MSE = 1.146367e-01, Grad norm = 1.427257e-06, Beta update rate = 3.123566e-07
Epoch  52800 (1.1%): Train pred MSE = 4.342497e-09, Test pred MSE = 1.159871e-02, Param MSE = 1.146366e-01, Grad norm = 1.395491e-06, Beta update rate = 3.054320e-07
Epoch  53000 (1.1%): Train pred MSE = 4.152107e-09, Test pred MSE = 1.159871e-02, Param MSE = 1.146366e-01, Grad norm = 1.364438e-06, Beta update rate = 2.986622e-07
Epoch  53200 (1.1%): Train pred MSE = 3.970095e-09, Test pred MSE = 1.159870e-02, Param MSE = 1.146365e-01, Grad norm = 1.334082e-06, Beta update rate = 2.920436e-07
Epoch  53400 (1.1%): Train pred MSE = 3.796091e-09, Test pred MSE = 1.159869e-02, Param MSE = 1.146365e-01, Grad norm = 1.304407e-06, Beta update rate = 2.855728e-07
Epoch  53600 (1.1%): Train pred MSE = 3.629742e-09, Test pred MSE = 1.159869e-02, Param MSE = 1.146364e-01, Grad norm = 1.275398e-06, Beta update rate = 2.792465e-07
Epoch  53800 (1.1%): Train pred MSE = 3.470708e-09, Test pred MSE = 1.159868e-02, Param MSE = 1.146364e-01, Grad norm = 1.247039e-06, Beta update rate = 2.730615e-07
Epoch  54000 (1.1%): Train pred MSE = 3.318667e-09, Test pred MSE = 1.159868e-02, Param MSE = 1.146363e-01, Grad norm = 1.219316e-06, Beta update rate = 2.670146e-07
Epoch  54200 (1.1%): Train pred MSE = 3.173311e-09, Test pred MSE = 1.159867e-02, Param MSE = 1.146363e-01, Grad norm = 1.192214e-06, Beta update rate = 2.611026e-07
Epoch  54400 (1.1%): Train pred MSE = 3.034344e-09, Test pred MSE = 1.159867e-02, Param MSE = 1.146362e-01, Grad norm = 1.165720e-06, Beta update rate = 2.553225e-07
Epoch  54600 (1.1%): Train pred MSE = 2.901484e-09, Test pred MSE = 1.159866e-02, Param MSE = 1.146362e-01, Grad norm = 1.139819e-06, Beta update rate = 2.496713e-07
Epoch  54800 (1.1%): Train pred MSE = 2.774463e-09, Test pred MSE = 1.159866e-02, Param MSE = 1.146361e-01, Grad norm = 1.114499e-06, Beta update rate = 2.441462e-07
Epoch  55000 (1.1%): Train pred MSE = 2.653021e-09, Test pred MSE = 1.159865e-02, Param MSE = 1.146361e-01, Grad norm = 1.089745e-06, Beta update rate = 2.387442e-07
Epoch  55200 (1.1%): Train pred MSE = 2.536914e-09, Test pred MSE = 1.159865e-02, Param MSE = 1.146360e-01, Grad norm = 1.065545e-06, Beta update rate = 2.334627e-07
Epoch  55400 (1.1%): Train pred MSE = 2.425905e-09, Test pred MSE = 1.159864e-02, Param MSE = 1.146360e-01, Grad norm = 1.041888e-06, Beta update rate = 2.282989e-07
Epoch  55600 (1.1%): Train pred MSE = 2.319771e-09, Test pred MSE = 1.159864e-02, Param MSE = 1.146359e-01, Grad norm = 1.018759e-06, Beta update rate = 2.232502e-07
Epoch  55800 (1.1%): Train pred MSE = 2.218296e-09, Test pred MSE = 1.159863e-02, Param MSE = 1.146359e-01, Grad norm = 9.961482e-07, Beta update rate = 2.183139e-07
Epoch  56000 (1.1%): Train pred MSE = 2.121275e-09, Test pred MSE = 1.159863e-02, Param MSE = 1.146358e-01, Grad norm = 9.740430e-07, Beta update rate = 2.134876e-07
Epoch  56200 (1.1%): Train pred MSE = 2.028512e-09, Test pred MSE = 1.159862e-02, Param MSE = 1.146358e-01, Grad norm = 9.524321e-07, Beta update rate = 2.087687e-07
Epoch  56400 (1.1%): Train pred MSE = 1.939819e-09, Test pred MSE = 1.159862e-02, Param MSE = 1.146357e-01, Grad norm = 9.313043e-07, Beta update rate = 2.041549e-07
Epoch  56600 (1.1%): Train pred MSE = 1.855017e-09, Test pred MSE = 1.159861e-02, Param MSE = 1.146357e-01, Grad norm = 9.106489e-07, Beta update rate = 1.996439e-07
Epoch  56800 (1.1%): Train pred MSE = 1.773935e-09, Test pred MSE = 1.159861e-02, Param MSE = 1.146357e-01, Grad norm = 8.904550e-07, Beta update rate = 1.952332e-07
Epoch  57000 (1.1%): Train pred MSE = 1.696409e-09, Test pred MSE = 1.159860e-02, Param MSE = 1.146356e-01, Grad norm = 8.707123e-07, Beta update rate = 1.909206e-07
Epoch  57200 (1.1%): Train pred MSE = 1.622281e-09, Test pred MSE = 1.159860e-02, Param MSE = 1.146356e-01, Grad norm = 8.514106e-07, Beta update rate = 1.867040e-07
Epoch  57400 (1.1%): Train pred MSE = 1.551404e-09, Test pred MSE = 1.159860e-02, Param MSE = 1.146355e-01, Grad norm = 8.325400e-07, Beta update rate = 1.825812e-07
Epoch  57600 (1.2%): Train pred MSE = 1.483634e-09, Test pred MSE = 1.159859e-02, Param MSE = 1.146355e-01, Grad norm = 8.140908e-07, Beta update rate = 1.785500e-07
Epoch  57800 (1.2%): Train pred MSE = 1.418833e-09, Test pred MSE = 1.159859e-02, Param MSE = 1.146355e-01, Grad norm = 7.960534e-07, Beta update rate = 1.746085e-07
Epoch  58000 (1.2%): Train pred MSE = 1.356872e-09, Test pred MSE = 1.159858e-02, Param MSE = 1.146354e-01, Grad norm = 7.784186e-07, Beta update rate = 1.707546e-07
Epoch  58200 (1.2%): Train pred MSE = 1.297626e-09, Test pred MSE = 1.159858e-02, Param MSE = 1.146354e-01, Grad norm = 7.611773e-07, Beta update rate = 1.669863e-07
Epoch  58400 (1.2%): Train pred MSE = 1.240975e-09, Test pred MSE = 1.159858e-02, Param MSE = 1.146354e-01, Grad norm = 7.443206e-07, Beta update rate = 1.633018e-07
Epoch  58600 (1.2%): Train pred MSE = 1.186805e-09, Test pred MSE = 1.159857e-02, Param MSE = 1.146353e-01, Grad norm = 7.278400e-07, Beta update rate = 1.596991e-07
Epoch  58800 (1.2%): Train pred MSE = 1.135007e-09, Test pred MSE = 1.159857e-02, Param MSE = 1.146353e-01, Grad norm = 7.117269e-07, Beta update rate = 1.561764e-07
Epoch  59000 (1.2%): Train pred MSE = 1.085477e-09, Test pred MSE = 1.159856e-02, Param MSE = 1.146352e-01, Grad norm = 6.959730e-07, Beta update rate = 1.527320e-07
Epoch  59200 (1.2%): Train pred MSE = 1.038115e-09, Test pred MSE = 1.159856e-02, Param MSE = 1.146352e-01, Grad norm = 6.805704e-07, Beta update rate = 1.493641e-07
Epoch  59400 (1.2%): Train pred MSE = 9.928258e-10, Test pred MSE = 1.159856e-02, Param MSE = 1.146352e-01, Grad norm = 6.655110e-07, Beta update rate = 1.460709e-07
Epoch  59600 (1.2%): Train pred MSE = 9.495189e-10, Test pred MSE = 1.159855e-02, Param MSE = 1.146351e-01, Grad norm = 6.507872e-07, Beta update rate = 1.428508e-07
Epoch  59800 (1.2%): Train pred MSE = 9.081069e-10, Test pred MSE = 1.159855e-02, Param MSE = 1.146351e-01, Grad norm = 6.363914e-07, Beta update rate = 1.397021e-07
Epoch  60000 (1.2%): Train pred MSE = 8.685066e-10, Test pred MSE = 1.159855e-02, Param MSE = 1.146351e-01, Grad norm = 6.223162e-07, Beta update rate = 1.366233e-07
Epoch  60200 (1.2%): Train pred MSE = 8.306385e-10, Test pred MSE = 1.159854e-02, Param MSE = 1.146350e-01, Grad norm = 6.085546e-07, Beta update rate = 1.336128e-07
Epoch  60400 (1.2%): Train pred MSE = 7.944265e-10, Test pred MSE = 1.159854e-02, Param MSE = 1.146350e-01, Grad norm = 5.950993e-07, Beta update rate = 1.306691e-07
Epoch  60600 (1.2%): Train pred MSE = 7.597980e-10, Test pred MSE = 1.159854e-02, Param MSE = 1.146350e-01, Grad norm = 5.819436e-07, Beta update rate = 1.277906e-07
Epoch  60800 (1.2%): Train pred MSE = 7.266836e-10, Test pred MSE = 1.159853e-02, Param MSE = 1.146349e-01, Grad norm = 5.690807e-07, Beta update rate = 1.249760e-07
Epoch  61000 (1.2%): Train pred MSE = 6.950167e-10, Test pred MSE = 1.159853e-02, Param MSE = 1.146349e-01, Grad norm = 5.565040e-07, Beta update rate = 1.222238e-07
Epoch  61200 (1.2%): Train pred MSE = 6.647339e-10, Test pred MSE = 1.159853e-02, Param MSE = 1.146349e-01, Grad norm = 5.442071e-07, Beta update rate = 1.195325e-07
Epoch  61400 (1.2%): Train pred MSE = 6.357746e-10, Test pred MSE = 1.159852e-02, Param MSE = 1.146349e-01, Grad norm = 5.321838e-07, Beta update rate = 1.169009e-07
Epoch  61600 (1.2%): Train pred MSE = 6.080806e-10, Test pred MSE = 1.159852e-02, Param MSE = 1.146348e-01, Grad norm = 5.204279e-07, Beta update rate = 1.143276e-07
Epoch  61800 (1.2%): Train pred MSE = 5.815965e-10, Test pred MSE = 1.159852e-02, Param MSE = 1.146348e-01, Grad norm = 5.089334e-07, Beta update rate = 1.118113e-07
Epoch  62000 (1.2%): Train pred MSE = 5.562693e-10, Test pred MSE = 1.159852e-02, Param MSE = 1.146348e-01, Grad norm = 4.976944e-07, Beta update rate = 1.093507e-07
Epoch  62200 (1.2%): Train pred MSE = 5.320483e-10, Test pred MSE = 1.159851e-02, Param MSE = 1.146347e-01, Grad norm = 4.867053e-07, Beta update rate = 1.069446e-07
Epoch  62400 (1.2%): Train pred MSE = 5.088851e-10, Test pred MSE = 1.159851e-02, Param MSE = 1.146347e-01, Grad norm = 4.759604e-07, Beta update rate = 1.045918e-07
Epoch  62600 (1.3%): Train pred MSE = 4.867332e-10, Test pred MSE = 1.159851e-02, Param MSE = 1.146347e-01, Grad norm = 4.654543e-07, Beta update rate = 1.022910e-07
Epoch  62800 (1.3%): Train pred MSE = 4.655483e-10, Test pred MSE = 1.159850e-02, Param MSE = 1.146347e-01, Grad norm = 4.551815e-07, Beta update rate = 1.000412e-07
Epoch  63000 (1.3%): Train pred MSE = 4.452883e-10, Test pred MSE = 1.159850e-02, Param MSE = 1.146346e-01, Grad norm = 4.451370e-07, Beta update rate = 9.784115e-08
Epoch  63200 (1.3%): Train pred MSE = 4.259124e-10, Test pred MSE = 1.159850e-02, Param MSE = 1.146346e-01, Grad norm = 4.353155e-07, Beta update rate = 9.568979e-08
Epoch  63400 (1.3%): Train pred MSE = 4.073821e-10, Test pred MSE = 1.159850e-02, Param MSE = 1.146346e-01, Grad norm = 4.257121e-07, Beta update rate = 9.358602e-08
Epoch  63600 (1.3%): Train pred MSE = 3.896602e-10, Test pred MSE = 1.159849e-02, Param MSE = 1.146346e-01, Grad norm = 4.163219e-07, Beta update rate = 9.152877e-08
Epoch  63800 (1.3%): Train pred MSE = 3.727115e-10, Test pred MSE = 1.159849e-02, Param MSE = 1.146345e-01, Grad norm = 4.071402e-07, Beta update rate = 8.951702e-08
Epoch  64000 (1.3%): Train pred MSE = 3.565021e-10, Test pred MSE = 1.159849e-02, Param MSE = 1.146345e-01, Grad norm = 3.981622e-07, Beta update rate = 8.754975e-08
Epoch  64200 (1.3%): Train pred MSE = 3.409997e-10, Test pred MSE = 1.159849e-02, Param MSE = 1.146345e-01, Grad norm = 3.893834e-07, Beta update rate = 8.562597e-08
Epoch  64400 (1.3%): Train pred MSE = 3.261732e-10, Test pred MSE = 1.159848e-02, Param MSE = 1.146345e-01, Grad norm = 3.807994e-07, Beta update rate = 8.374471e-08
Epoch  64600 (1.3%): Train pred MSE = 3.119932e-10, Test pred MSE = 1.159848e-02, Param MSE = 1.146345e-01, Grad norm = 3.724059e-07, Beta update rate = 8.190503e-08
Epoch  64800 (1.3%): Train pred MSE = 2.984314e-10, Test pred MSE = 1.159848e-02, Param MSE = 1.146344e-01, Grad norm = 3.641984e-07, Beta update rate = 8.010600e-08
Epoch  65000 (1.3%): Train pred MSE = 2.854608e-10, Test pred MSE = 1.159848e-02, Param MSE = 1.146344e-01, Grad norm = 3.561730e-07, Beta update rate = 7.834671e-08
Epoch  65200 (1.3%): Train pred MSE = 2.730554e-10, Test pred MSE = 1.159847e-02, Param MSE = 1.146344e-01, Grad norm = 3.483255e-07, Beta update rate = 7.662629e-08
Epoch  65400 (1.3%): Train pred MSE = 2.611906e-10, Test pred MSE = 1.159847e-02, Param MSE = 1.146344e-01, Grad norm = 3.406519e-07, Beta update rate = 7.494386e-08
Epoch  65600 (1.3%): Train pred MSE = 2.498428e-10, Test pred MSE = 1.159847e-02, Param MSE = 1.146343e-01, Grad norm = 3.331485e-07, Beta update rate = 7.329858e-08
Epoch  65800 (1.3%): Train pred MSE = 2.389894e-10, Test pred MSE = 1.159847e-02, Param MSE = 1.146343e-01, Grad norm = 3.258113e-07, Beta update rate = 7.168963e-08
Epoch  66000 (1.3%): Train pred MSE = 2.286087e-10, Test pred MSE = 1.159847e-02, Param MSE = 1.146343e-01, Grad norm = 3.186367e-07, Beta update rate = 7.011620e-08
Epoch  66200 (1.3%): Train pred MSE = 2.186802e-10, Test pred MSE = 1.159846e-02, Param MSE = 1.146343e-01, Grad norm = 3.116210e-07, Beta update rate = 6.857750e-08
Epoch  66400 (1.3%): Train pred MSE = 2.091840e-10, Test pred MSE = 1.159846e-02, Param MSE = 1.146343e-01, Grad norm = 3.047607e-07, Beta update rate = 6.707275e-08
Epoch  66600 (1.3%): Train pred MSE = 2.001013e-10, Test pred MSE = 1.159846e-02, Param MSE = 1.146342e-01, Grad norm = 2.980523e-07, Beta update rate = 6.560121e-08
Epoch  66800 (1.3%): Train pred MSE = 1.914141e-10, Test pred MSE = 1.159846e-02, Param MSE = 1.146342e-01, Grad norm = 2.914925e-07, Beta update rate = 6.416213e-08
Epoch  67000 (1.3%): Train pred MSE = 1.831050e-10, Test pred MSE = 1.159846e-02, Param MSE = 1.146342e-01, Grad norm = 2.850779e-07, Beta update rate = 6.275480e-08
Epoch  67200 (1.3%): Train pred MSE = 1.751575e-10, Test pred MSE = 1.159845e-02, Param MSE = 1.146342e-01, Grad norm = 2.788052e-07, Beta update rate = 6.137851e-08
Epoch  67400 (1.3%): Train pred MSE = 1.675559e-10, Test pred MSE = 1.159845e-02, Param MSE = 1.146342e-01, Grad norm = 2.726715e-07, Beta update rate = 6.003257e-08
Epoch  67600 (1.4%): Train pred MSE = 1.602851e-10, Test pred MSE = 1.159845e-02, Param MSE = 1.146342e-01, Grad norm = 2.666734e-07, Beta update rate = 5.871631e-08
Epoch  67800 (1.4%): Train pred MSE = 1.533307e-10, Test pred MSE = 1.159845e-02, Param MSE = 1.146341e-01, Grad norm = 2.608081e-07, Beta update rate = 5.742906e-08
Epoch  68000 (1.4%): Train pred MSE = 1.466787e-10, Test pred MSE = 1.159845e-02, Param MSE = 1.146341e-01, Grad norm = 2.550725e-07, Beta update rate = 5.617019e-08
Epoch  68200 (1.4%): Train pred MSE = 1.403161e-10, Test pred MSE = 1.159845e-02, Param MSE = 1.146341e-01, Grad norm = 2.494637e-07, Beta update rate = 5.493907e-08
Epoch  68400 (1.4%): Train pred MSE = 1.342303e-10, Test pred MSE = 1.159844e-02, Param MSE = 1.146341e-01, Grad norm = 2.439790e-07, Beta update rate = 5.373507e-08
Epoch  68600 (1.4%): Train pred MSE = 1.284090e-10, Test pred MSE = 1.159844e-02, Param MSE = 1.146341e-01, Grad norm = 2.386156e-07, Beta update rate = 5.255761e-08
Epoch  68800 (1.4%): Train pred MSE = 1.228409e-10, Test pred MSE = 1.159844e-02, Param MSE = 1.146341e-01, Grad norm = 2.333707e-07, Beta update rate = 5.140608e-08
Epoch  69000 (1.4%): Train pred MSE = 1.175149e-10, Test pred MSE = 1.159844e-02, Param MSE = 1.146340e-01, Grad norm = 2.282418e-07, Beta update rate = 5.027992e-08
Epoch  69200 (1.4%): Train pred MSE = 1.124204e-10, Test pred MSE = 1.159844e-02, Param MSE = 1.146340e-01, Grad norm = 2.232263e-07, Beta update rate = 4.917856e-08
Epoch  69400 (1.4%): Train pred MSE = 1.075473e-10, Test pred MSE = 1.159844e-02, Param MSE = 1.146340e-01, Grad norm = 2.183216e-07, Beta update rate = 4.810145e-08
Epoch  69600 (1.4%): Train pred MSE = 1.028859e-10, Test pred MSE = 1.159843e-02, Param MSE = 1.146340e-01, Grad norm = 2.135252e-07, Beta update rate = 4.704806e-08
Epoch  69800 (1.4%): Train pred MSE = 9.842717e-11, Test pred MSE = 1.159843e-02, Param MSE = 1.146340e-01, Grad norm = 2.088348e-07, Beta update rate = 4.601786e-08

Training completed at epoch 69800
Stop reason: train_pred_mse
Final Train pred MSE = 9.842717e-11
Final Test pred MSE = 1.159843e-02
Final Param MSE = 1.146340e-01
Final Grad norm = 2.088348e-07
Final Beta update rate = 4.601786e-08
Success flag: True (train_pred_mse < 1.00e-10)
Results metadata saved to results/diagonal/step1_mixture/pi_A=0.90--alpha=0.300000--seed=1/results_meta.json
Saved c_vec to results/diagonal/step1_mixture/pi_A=0.90--alpha=0.300000--seed=1/c_vec.npy

Results saved to results/diagonal/step1_mixture/pi_A=0.90--alpha=0.300000--seed=1/
Total jobs in this sweep: 108
Pi_A values: [0.1, 0.5, 0.9]
Alpha values: [0.05, 0.1, 0.2, 0.25, 0.3, 0.4, 0.5, 0.6, 0.7, 0.8, 0.9, 1.0]
Seeds: [0, 1, 2]
================================================================================
Step 1 Mixture Sweep - Experiment Parameters:
================================================================================
  c: 0.001
  c_A: 0.001
  c_B: 0.5
  c_mode: mixture
  epochs: 5000000
  init_method: complex
  inp_dim: 1000
  lmda: 0.0
  lr: 0.5
  n_test: 10000
  n_train: 300
  no_tuning: True
  pi_A: 0.9
  rho: 0.04
  save_folder: results/diagonal/step1_mixture/pi_A=0.90--alpha=0.300000--seed=1/
  scaling: 1.0
  seed: 1
  test_every_n_epochs: 200
  threshold: 1e-12
================================================================================

Running training script...

Extracting results and saving to CSV...
Results appended to /home/na658/multi-task2/experiment_results_step1_mixture.csv

✓ Experiment 85 completed successfully
[SLURM] Job 20446067 task 85 finished
