[SLURM] Job 20446283 task 42 starting on cpu-q-507
[SLURM] Step 3 Omega Sweep (PT+FT Oracle)
[SLURM] Using Python: /home/na658/.conda/envs/mtl_ft/bin/python
Starting PT+FT Oracle experiment...

================================================================================
STEP 3: PT+FT ORACLE EXPERIMENT
================================================================================

================================================================================
EXPERIMENT SETTINGS
================================================================================
Seed: 0
Input dimension: 1000
PT support fraction (rho_pt): 0.1
FT sparsity (rho_ft): 0.04
Overlap (omega): 0.5
PT amplitude (a_pt): 1.0
PT c parameter (c_pt): 0.001
PT lambda (lambda_pt): 0.0
Gamma reinit: 0.0
Training samples (FT): 200
Test samples: 10000
Learning rate: 0.5
Max epochs: 5000000
Save folder: results/diagonal/step3_omega/omega=0.50--alpha=0.200000--seed=0/
================================================================================

Sampling PT teacher (oracle)...
  PT support size: 100 / 1000 = 0.1000

Sampling FT teacher with overlap...
  FT support size: 40 / 1000 = 0.0400
  Overlap: 20 / 40 = 0.5000 (target: 0.5)

  Coordinate groups:
    OV (both):     20
    NEW (FT only): 20
    PTONLY:        80
    NONE:          880

Computing c_ft from Cosyne formula...

  c_ft statistics by group:
    OV:     mean=1.001000, range=[1.001000, 1.001000]
    NEW:    mean=0.002000 (beta_pt=0 -> baseline c_ft)
    PTONLY: mean=1.001000
    NONE:   mean=0.002000

Sampling FT data...

Initializing DiagonalNet with per-coordinate c_ft...
Per-coordinate c init: c_vec range [0.002000, 1.001000]

Training on FT data...

Starting training loop (max 5000000 epochs, threshold=1.00e-12)...
Epoch      0 (0.0%): Train pred MSE = 7.213690e+00, Test pred MSE = 1.406854e-01, Param MSE = 1.406859e+00, Grad norm = 5.762211e-01, Beta update rate = nan
Epoch    200 (0.0%): Train pred MSE = 3.021523e-01, Test pred MSE = 3.078667e-02, Param MSE = 3.074071e-01, Grad norm = 9.687010e-02, Beta update rate = 1.565027e-01
Epoch    400 (0.0%): Train pred MSE = 5.622573e-02, Test pred MSE = 1.726051e-02, Param MSE = 1.728023e-01, Grad norm = 2.379078e-02, Beta update rate = 3.387276e-02
Epoch    600 (0.0%): Train pred MSE = 2.228518e-02, Test pred MSE = 1.438853e-02, Param MSE = 1.445981e-01, Grad norm = 1.413784e-02, Beta update rate = 9.889928e-03
Epoch    800 (0.0%): Train pred MSE = 9.721926e-03, Test pred MSE = 1.277165e-02, Param MSE = 1.285584e-01, Grad norm = 8.560731e-03, Beta update rate = 5.717741e-03
Epoch   1000 (0.0%): Train pred MSE = 4.950405e-03, Test pred MSE = 1.180845e-02, Param MSE = 1.189904e-01, Grad norm = 5.482613e-03, Beta update rate = 3.459054e-03
Epoch   1200 (0.0%): Train pred MSE = 2.856481e-03, Test pred MSE = 1.122561e-02, Param MSE = 1.132019e-01, Grad norm = 3.789309e-03, Beta update rate = 2.149870e-03
Epoch   1400 (0.0%): Train pred MSE = 1.792846e-03, Test pred MSE = 1.085074e-02, Param MSE = 1.094785e-01, Grad norm = 2.797548e-03, Beta update rate = 1.427184e-03
Epoch   1600 (0.0%): Train pred MSE = 1.184904e-03, Test pred MSE = 1.059584e-02, Param MSE = 1.069447e-01, Grad norm = 2.167858e-03, Beta update rate = 1.010278e-03
Epoch   1800 (0.0%): Train pred MSE = 8.082989e-04, Test pred MSE = 1.041484e-02, Param MSE = 1.051429e-01, Grad norm = 1.732496e-03, Beta update rate = 7.525701e-04
Epoch   2000 (0.0%): Train pred MSE = 5.631109e-04, Test pred MSE = 1.028200e-02, Param MSE = 1.038181e-01, Grad norm = 1.410995e-03, Beta update rate = 5.806229e-04
Epoch   2200 (0.0%): Train pred MSE = 3.984536e-04, Test pred MSE = 1.018202e-02, Param MSE = 1.028192e-01, Grad norm = 1.163414e-03, Beta update rate = 4.583921e-04
Epoch   2400 (0.0%): Train pred MSE = 2.855145e-04, Test pred MSE = 1.010528e-02, Param MSE = 1.020510e-01, Grad norm = 9.679024e-04, Beta update rate = 3.676540e-04
Epoch   2600 (0.1%): Train pred MSE = 2.067952e-04, Test pred MSE = 1.004546e-02, Param MSE = 1.014510e-01, Grad norm = 8.110327e-04, Beta update rate = 2.984100e-04
Epoch   2800 (0.1%): Train pred MSE = 1.511961e-04, Test pred MSE = 9.998240e-03, Param MSE = 1.009765e-01, Grad norm = 6.837345e-04, Beta update rate = 2.445950e-04
Epoch   3000 (0.1%): Train pred MSE = 1.114755e-04, Test pred MSE = 9.960574e-03, Param MSE = 1.005975e-01, Grad norm = 5.794950e-04, Beta update rate = 2.022042e-04
Epoch   3200 (0.1%): Train pred MSE = 8.281170e-05, Test pred MSE = 9.930266e-03, Param MSE = 1.002920e-01, Grad norm = 4.934729e-04, Beta update rate = 1.684387e-04
Epoch   3400 (0.1%): Train pred MSE = 6.194066e-05, Test pred MSE = 9.905691e-03, Param MSE = 1.000440e-01, Grad norm = 4.219960e-04, Beta update rate = 1.412750e-04
Epoch   3600 (0.1%): Train pred MSE = 4.662151e-05, Test pred MSE = 9.885629e-03, Param MSE = 9.984120e-02, Grad norm = 3.622411e-04, Beta update rate = 1.192218e-04
Epoch   3800 (0.1%): Train pred MSE = 3.529591e-05, Test pred MSE = 9.869152e-03, Param MSE = 9.967446e-02, Grad norm = 3.120143e-04, Beta update rate = 1.011658e-04
Epoch   4000 (0.1%): Train pred MSE = 2.686770e-05, Test pred MSE = 9.855541e-03, Param MSE = 9.953656e-02, Grad norm = 2.695930e-04, Beta update rate = 8.626729e-05
Epoch   4200 (0.1%): Train pred MSE = 2.055784e-05, Test pred MSE = 9.844239e-03, Param MSE = 9.942191e-02, Grad norm = 2.336118e-04, Beta update rate = 7.388750e-05
Epoch   4400 (0.1%): Train pred MSE = 1.580748e-05, Test pred MSE = 9.834807e-03, Param MSE = 9.932614e-02, Grad norm = 2.029777e-04, Beta update rate = 6.353542e-05
Epoch   4600 (0.1%): Train pred MSE = 1.221246e-05, Test pred MSE = 9.826900e-03, Param MSE = 9.924575e-02, Grad norm = 1.768083e-04, Beta update rate = 5.482998e-05
Epoch   4800 (0.1%): Train pred MSE = 9.478294e-06, Test pred MSE = 9.820241e-03, Param MSE = 9.917799e-02, Grad norm = 1.543849e-04, Beta update rate = 4.747247e-05
Epoch   5000 (0.1%): Train pred MSE = 7.388976e-06, Test pred MSE = 9.814610e-03, Param MSE = 9.912064e-02, Grad norm = 1.351180e-04, Beta update rate = 4.122632e-05
Epoch   5200 (0.1%): Train pred MSE = 5.785123e-06, Test pred MSE = 9.809830e-03, Param MSE = 9.907190e-02, Grad norm = 1.185209e-04, Beta update rate = 3.590244e-05
Epoch   5400 (0.1%): Train pred MSE = 4.548481e-06, Test pred MSE = 9.805755e-03, Param MSE = 9.903032e-02, Grad norm = 1.041893e-04, Beta update rate = 3.134828e-05
Epoch   5600 (0.1%): Train pred MSE = 3.590857e-06, Test pred MSE = 9.802270e-03, Param MSE = 9.899474e-02, Grad norm = 9.178558e-05, Beta update rate = 2.743981e-05
Epoch   5800 (0.1%): Train pred MSE = 2.846171e-06, Test pred MSE = 9.799279e-03, Param MSE = 9.896418e-02, Grad norm = 8.102695e-05, Beta update rate = 2.407540e-05
Epoch   6000 (0.1%): Train pred MSE = 2.264681e-06, Test pred MSE = 9.796703e-03, Param MSE = 9.893784e-02, Grad norm = 7.167536e-05, Beta update rate = 2.117127e-05
Epoch   6200 (0.1%): Train pred MSE = 1.808786e-06, Test pred MSE = 9.794478e-03, Param MSE = 9.891508e-02, Grad norm = 6.352988e-05, Beta update rate = 1.865793e-05
Epoch   6400 (0.1%): Train pred MSE = 1.449942e-06, Test pred MSE = 9.792550e-03, Param MSE = 9.889536e-02, Grad norm = 5.642041e-05, Beta update rate = 1.647744e-05
Epoch   6600 (0.1%): Train pred MSE = 1.166390e-06, Test pred MSE = 9.790875e-03, Param MSE = 9.887821e-02, Grad norm = 5.020263e-05, Beta update rate = 1.458130e-05
Epoch   6800 (0.1%): Train pred MSE = 9.414835e-07, Test pred MSE = 9.789416e-03, Param MSE = 9.886327e-02, Grad norm = 4.475376e-05, Beta update rate = 1.292873e-05
Epoch   7000 (0.1%): Train pred MSE = 7.624306e-07, Test pred MSE = 9.788141e-03, Param MSE = 9.885021e-02, Grad norm = 3.996920e-05, Beta update rate = 1.148533e-05
Epoch   7200 (0.1%): Train pred MSE = 6.193683e-07, Test pred MSE = 9.787024e-03, Param MSE = 9.883878e-02, Grad norm = 3.575962e-05, Beta update rate = 1.022198e-05
Epoch   7400 (0.1%): Train pred MSE = 5.046610e-07, Test pred MSE = 9.786044e-03, Param MSE = 9.882874e-02, Grad norm = 3.204861e-05, Beta update rate = 9.113956e-06
Epoch   7600 (0.2%): Train pred MSE = 4.123759e-07, Test pred MSE = 9.785181e-03, Param MSE = 9.881990e-02, Grad norm = 2.877071e-05, Beta update rate = 8.140231e-06
Epoch   7800 (0.2%): Train pred MSE = 3.378856e-07, Test pred MSE = 9.784420e-03, Param MSE = 9.881212e-02, Grad norm = 2.586975e-05, Beta update rate = 7.282853e-06
Epoch   8000 (0.2%): Train pred MSE = 2.775682e-07, Test pred MSE = 9.783748e-03, Param MSE = 9.880523e-02, Grad norm = 2.329745e-05, Beta update rate = 6.526474e-06
Epoch   8200 (0.2%): Train pred MSE = 2.285779e-07, Test pred MSE = 9.783152e-03, Param MSE = 9.879914e-02, Grad norm = 2.101224e-05, Beta update rate = 5.857942e-06
Epoch   8400 (0.2%): Train pred MSE = 1.886711e-07, Test pred MSE = 9.782624e-03, Param MSE = 9.879374e-02, Grad norm = 1.897829e-05, Beta update rate = 5.265962e-06
Epoch   8600 (0.2%): Train pred MSE = 1.560725e-07, Test pred MSE = 9.782154e-03, Param MSE = 9.878893e-02, Grad norm = 1.716465e-05, Beta update rate = 4.740817e-06
Epoch   8800 (0.2%): Train pred MSE = 1.293726e-07, Test pred MSE = 9.781736e-03, Param MSE = 9.878466e-02, Grad norm = 1.554456e-05, Beta update rate = 4.274131e-06
Epoch   9000 (0.2%): Train pred MSE = 1.074483e-07, Test pred MSE = 9.781362e-03, Param MSE = 9.878085e-02, Grad norm = 1.409483e-05, Beta update rate = 3.858673e-06
Epoch   9200 (0.2%): Train pred MSE = 8.940196e-08, Test pred MSE = 9.781029e-03, Param MSE = 9.877744e-02, Grad norm = 1.279532e-05, Beta update rate = 3.488185e-06
Epoch   9400 (0.2%): Train pred MSE = 7.451352e-08, Test pred MSE = 9.780730e-03, Param MSE = 9.877439e-02, Grad norm = 1.162857e-05, Beta update rate = 3.157247e-06
Epoch   9600 (0.2%): Train pred MSE = 6.220378e-08, Test pred MSE = 9.780462e-03, Param MSE = 9.877166e-02, Grad norm = 1.057932e-05, Beta update rate = 2.861152e-06
Epoch   9800 (0.2%): Train pred MSE = 5.200526e-08, Test pred MSE = 9.780222e-03, Param MSE = 9.876922e-02, Grad norm = 9.634298e-06, Beta update rate = 2.595810e-06
Epoch  10000 (0.2%): Train pred MSE = 4.353958e-08, Test pred MSE = 9.780006e-03, Param MSE = 9.876702e-02, Grad norm = 8.781895e-06, Beta update rate = 2.357659e-06
Epoch  10200 (0.2%): Train pred MSE = 3.649954e-08, Test pred MSE = 9.779811e-03, Param MSE = 9.876504e-02, Grad norm = 8.011946e-06, Beta update rate = 2.143589e-06
Epoch  10400 (0.2%): Train pred MSE = 3.063508e-08, Test pred MSE = 9.779635e-03, Param MSE = 9.876325e-02, Grad norm = 7.315534e-06, Beta update rate = 1.950885e-06
Epoch  10600 (0.2%): Train pred MSE = 2.574206e-08, Test pred MSE = 9.779477e-03, Param MSE = 9.876164e-02, Grad norm = 6.684826e-06, Beta update rate = 1.777171e-06
Epoch  10800 (0.2%): Train pred MSE = 2.165345e-08, Test pred MSE = 9.779334e-03, Param MSE = 9.876019e-02, Grad norm = 6.112924e-06, Beta update rate = 1.620362e-06
Epoch  11000 (0.2%): Train pred MSE = 1.823220e-08, Test pred MSE = 9.779204e-03, Param MSE = 9.875888e-02, Grad norm = 5.593744e-06, Beta update rate = 1.478628e-06
Epoch  11200 (0.2%): Train pred MSE = 1.536562e-08, Test pred MSE = 9.779087e-03, Param MSE = 9.875769e-02, Grad norm = 5.121907e-06, Beta update rate = 1.350360e-06
Epoch  11400 (0.2%): Train pred MSE = 1.296082e-08, Test pred MSE = 9.778981e-03, Param MSE = 9.875662e-02, Grad norm = 4.692653e-06, Beta update rate = 1.234140e-06
Epoch  11600 (0.2%): Train pred MSE = 1.094111e-08, Test pred MSE = 9.778884e-03, Param MSE = 9.875564e-02, Grad norm = 4.301756e-06, Beta update rate = 1.128713e-06
Epoch  11800 (0.2%): Train pred MSE = 9.242997e-09, Test pred MSE = 9.778796e-03, Param MSE = 9.875476e-02, Grad norm = 3.945460e-06, Beta update rate = 1.032975e-06
Epoch  12000 (0.2%): Train pred MSE = 7.813847e-09, Test pred MSE = 9.778717e-03, Param MSE = 9.875395e-02, Grad norm = 3.620422e-06, Beta update rate = 9.459439e-07
Epoch  12200 (0.2%): Train pred MSE = 6.609934e-09, Test pred MSE = 9.778644e-03, Param MSE = 9.875322e-02, Grad norm = 3.323658e-06, Beta update rate = 8.667498e-07
Epoch  12400 (0.2%): Train pred MSE = 5.594879e-09, Test pred MSE = 9.778578e-03, Param MSE = 9.875255e-02, Grad norm = 3.052503e-06, Beta update rate = 7.946196e-07
Epoch  12600 (0.3%): Train pred MSE = 4.738358e-09, Test pred MSE = 9.778518e-03, Param MSE = 9.875195e-02, Grad norm = 2.804568e-06, Beta update rate = 7.288650e-07
Epoch  12800 (0.3%): Train pred MSE = 4.015063e-09, Test pred MSE = 9.778463e-03, Param MSE = 9.875140e-02, Grad norm = 2.577714e-06, Beta update rate = 6.688724e-07
Epoch  13000 (0.3%): Train pred MSE = 3.403840e-09, Test pred MSE = 9.778413e-03, Param MSE = 9.875089e-02, Grad norm = 2.370019e-06, Beta update rate = 6.140934e-07
Epoch  13200 (0.3%): Train pred MSE = 2.886982e-09, Test pred MSE = 9.778367e-03, Param MSE = 9.875043e-02, Grad norm = 2.179753e-06, Beta update rate = 5.640378e-07
Epoch  13400 (0.3%): Train pred MSE = 2.449651e-09, Test pred MSE = 9.778325e-03, Param MSE = 9.875001e-02, Grad norm = 2.005358e-06, Beta update rate = 5.182662e-07
Epoch  13600 (0.3%): Train pred MSE = 2.079398e-09, Test pred MSE = 9.778287e-03, Param MSE = 9.874963e-02, Grad norm = 1.845428e-06, Beta update rate = 4.763843e-07
Epoch  13800 (0.3%): Train pred MSE = 1.765766e-09, Test pred MSE = 9.778252e-03, Param MSE = 9.874928e-02, Grad norm = 1.698694e-06, Beta update rate = 4.380378e-07
Epoch  14000 (0.3%): Train pred MSE = 1.499962e-09, Test pred MSE = 9.778220e-03, Param MSE = 9.874896e-02, Grad norm = 1.564006e-06, Beta update rate = 4.029078e-07
Epoch  14200 (0.3%): Train pred MSE = 1.274587e-09, Test pred MSE = 9.778191e-03, Param MSE = 9.874867e-02, Grad norm = 1.440324e-06, Beta update rate = 3.707069e-07
Epoch  14400 (0.3%): Train pred MSE = 1.083408e-09, Test pred MSE = 9.778164e-03, Param MSE = 9.874840e-02, Grad norm = 1.326704e-06, Beta update rate = 3.411758e-07
Epoch  14600 (0.3%): Train pred MSE = 9.211697e-10, Test pred MSE = 9.778139e-03, Param MSE = 9.874815e-02, Grad norm = 1.222290e-06, Beta update rate = 3.140800e-07
Epoch  14800 (0.3%): Train pred MSE = 7.834379e-10, Test pred MSE = 9.778116e-03, Param MSE = 9.874793e-02, Grad norm = 1.126303e-06, Beta update rate = 2.892076e-07
Epoch  15000 (0.3%): Train pred MSE = 6.664687e-10, Test pred MSE = 9.778096e-03, Param MSE = 9.874772e-02, Grad norm = 1.038035e-06, Beta update rate = 2.663665e-07
Epoch  15200 (0.3%): Train pred MSE = 5.670987e-10, Test pred MSE = 9.778077e-03, Param MSE = 9.874753e-02, Grad norm = 9.568413e-07, Beta update rate = 2.453825e-07
Epoch  15400 (0.3%): Train pred MSE = 4.826531e-10, Test pred MSE = 9.778059e-03, Param MSE = 9.874736e-02, Grad norm = 8.821337e-07, Beta update rate = 2.260975e-07
Epoch  15600 (0.3%): Train pred MSE = 4.108691e-10, Test pred MSE = 9.778043e-03, Param MSE = 9.874720e-02, Grad norm = 8.133763e-07, Beta update rate = 2.083677e-07
Epoch  15800 (0.3%): Train pred MSE = 3.498310e-10, Test pred MSE = 9.778028e-03, Param MSE = 9.874705e-02, Grad norm = 7.500797e-07, Beta update rate = 1.920625e-07
Epoch  16000 (0.3%): Train pred MSE = 2.979167e-10, Test pred MSE = 9.778015e-03, Param MSE = 9.874692e-02, Grad norm = 6.917971e-07, Beta update rate = 1.770628e-07
Epoch  16200 (0.3%): Train pred MSE = 2.537514e-10, Test pred MSE = 9.778002e-03, Param MSE = 9.874679e-02, Grad norm = 6.381196e-07, Beta update rate = 1.632602e-07
Epoch  16400 (0.3%): Train pred MSE = 2.161697e-10, Test pred MSE = 9.777991e-03, Param MSE = 9.874668e-02, Grad norm = 5.886735e-07, Beta update rate = 1.505557e-07
Epoch  16600 (0.3%): Train pred MSE = 1.841832e-10, Test pred MSE = 9.777980e-03, Param MSE = 9.874658e-02, Grad norm = 5.431166e-07, Beta update rate = 1.388591e-07
Epoch  16800 (0.3%): Train pred MSE = 1.569532e-10, Test pred MSE = 9.777971e-03, Param MSE = 9.874648e-02, Grad norm = 5.011356e-07, Beta update rate = 1.280878e-07
Epoch  17000 (0.3%): Train pred MSE = 1.337679e-10, Test pred MSE = 9.777962e-03, Param MSE = 9.874639e-02, Grad norm = 4.624434e-07, Beta update rate = 1.181665e-07
Epoch  17200 (0.3%): Train pred MSE = 1.140228e-10, Test pred MSE = 9.777953e-03, Param MSE = 9.874631e-02, Grad norm = 4.267768e-07, Beta update rate = 1.090263e-07
Epoch  17400 (0.3%): Train pred MSE = 9.720465e-11, Test pred MSE = 9.777946e-03, Param MSE = 9.874624e-02, Grad norm = 3.938944e-07, Beta update rate = 1.006040e-07
Epoch  17600 (0.4%): Train pred MSE = 8.287713e-11, Test pred MSE = 9.777939e-03, Param MSE = 9.874617e-02, Grad norm = 3.635745e-07, Beta update rate = 9.284176e-08
Epoch  17800 (0.4%): Train pred MSE = 7.066952e-11, Test pred MSE = 9.777932e-03, Param MSE = 9.874610e-02, Grad norm = 3.356139e-07, Beta update rate = 8.568670e-08
Epoch  18000 (0.4%): Train pred MSE = 6.026661e-11, Test pred MSE = 9.777927e-03, Param MSE = 9.874605e-02, Grad norm = 3.098258e-07, Beta update rate = 7.909025e-08
Epoch  18200 (0.4%): Train pred MSE = 5.140038e-11, Test pred MSE = 9.777921e-03, Param MSE = 9.874599e-02, Grad norm = 2.860387e-07, Beta update rate = 7.300787e-08
Epoch  18400 (0.4%): Train pred MSE = 4.384282e-11, Test pred MSE = 9.777916e-03, Param MSE = 9.874594e-02, Grad norm = 2.640949e-07, Beta update rate = 6.739871e-08
Epoch  18600 (0.4%): Train pred MSE = 3.739997e-11, Test pred MSE = 9.777911e-03, Param MSE = 9.874590e-02, Grad norm = 2.438494e-07, Beta update rate = 6.222527e-08
Epoch  18800 (0.4%): Train pred MSE = 3.190676e-11, Test pred MSE = 9.777907e-03, Param MSE = 9.874585e-02, Grad norm = 2.251690e-07, Beta update rate = 5.745309e-08
Epoch  19000 (0.4%): Train pred MSE = 2.722268e-11, Test pred MSE = 9.777903e-03, Param MSE = 9.874582e-02, Grad norm = 2.079311e-07, Beta update rate = 5.305052e-08
Epoch  19200 (0.4%): Train pred MSE = 2.322813e-11, Test pred MSE = 9.777900e-03, Param MSE = 9.874578e-02, Grad norm = 1.920230e-07, Beta update rate = 4.898850e-08
Epoch  19400 (0.4%): Train pred MSE = 1.982125e-11, Test pred MSE = 9.777896e-03, Param MSE = 9.874575e-02, Grad norm = 1.773407e-07, Beta update rate = 4.524028e-08
Epoch  19600 (0.4%): Train pred MSE = 1.691530e-11, Test pred MSE = 9.777893e-03, Param MSE = 9.874572e-02, Grad norm = 1.637889e-07, Beta update rate = 4.178127e-08
Epoch  19800 (0.4%): Train pred MSE = 1.443640e-11, Test pred MSE = 9.777890e-03, Param MSE = 9.874569e-02, Grad norm = 1.512795e-07, Beta update rate = 3.858887e-08
Epoch  20000 (0.4%): Train pred MSE = 1.232160e-11, Test pred MSE = 9.777888e-03, Param MSE = 9.874566e-02, Grad norm = 1.397315e-07, Beta update rate = 3.564225e-08
Epoch  20200 (0.4%): Train pred MSE = 1.051728e-11, Test pred MSE = 9.777885e-03, Param MSE = 9.874564e-02, Grad norm = 1.290703e-07, Beta update rate = 3.292228e-08
Epoch  20400 (0.4%): Train pred MSE = 8.977718e-12, Test pred MSE = 9.777883e-03, Param MSE = 9.874562e-02, Grad norm = 1.192273e-07, Beta update rate = 3.041131e-08
Epoch  20600 (0.4%): Train pred MSE = 7.663975e-12, Test pred MSE = 9.777881e-03, Param MSE = 9.874560e-02, Grad norm = 1.101390e-07, Beta update rate = 2.809311e-08
Epoch  20800 (0.4%): Train pred MSE = 6.542843e-12, Test pred MSE = 9.777879e-03, Param MSE = 9.874558e-02, Grad norm = 1.017471e-07, Beta update rate = 2.595273e-08
Epoch  21000 (0.4%): Train pred MSE = 5.586016e-12, Test pred MSE = 9.777877e-03, Param MSE = 9.874556e-02, Grad norm = 9.399778e-08, Beta update rate = 2.397640e-08
Epoch  21200 (0.4%): Train pred MSE = 4.769361e-12, Test pred MSE = 9.777876e-03, Param MSE = 9.874555e-02, Grad norm = 8.684154e-08, Beta update rate = 2.215142e-08
Epoch  21400 (0.4%): Train pred MSE = 4.072299e-12, Test pred MSE = 9.777874e-03, Param MSE = 9.874553e-02, Grad norm = 8.023262e-08, Beta update rate = 2.046611e-08
Epoch  21600 (0.4%): Train pred MSE = 3.477279e-12, Test pred MSE = 9.777873e-03, Param MSE = 9.874552e-02, Grad norm = 7.412886e-08, Beta update rate = 1.890968e-08
Epoch  21800 (0.4%): Train pred MSE = 2.969334e-12, Test pred MSE = 9.777871e-03, Param MSE = 9.874551e-02, Grad norm = 6.849142e-08, Beta update rate = 1.747220e-08
Epoch  22000 (0.4%): Train pred MSE = 2.535697e-12, Test pred MSE = 9.777870e-03, Param MSE = 9.874549e-02, Grad norm = 6.328442e-08, Beta update rate = 1.614451e-08
Epoch  22200 (0.4%): Train pred MSE = 2.165478e-12, Test pred MSE = 9.777869e-03, Param MSE = 9.874548e-02, Grad norm = 5.847482e-08, Beta update rate = 1.491816e-08
Epoch  22400 (0.4%): Train pred MSE = 1.849386e-12, Test pred MSE = 9.777868e-03, Param MSE = 9.874547e-02, Grad norm = 5.403210e-08, Beta update rate = 1.378537e-08
Epoch  22600 (0.5%): Train pred MSE = 1.579495e-12, Test pred MSE = 9.777867e-03, Param MSE = 9.874546e-02, Grad norm = 4.992812e-08, Beta update rate = 1.273895e-08
Epoch  22800 (0.5%): Train pred MSE = 1.349040e-12, Test pred MSE = 9.777866e-03, Param MSE = 9.874546e-02, Grad norm = 4.613693e-08, Beta update rate = 1.177227e-08
Epoch  23000 (0.5%): Train pred MSE = 1.152250e-12, Test pred MSE = 9.777866e-03, Param MSE = 9.874545e-02, Grad norm = 4.263455e-08, Beta update rate = 1.087922e-08

Training completed at epoch 23181
Stop reason: loss_threshold_legacy
Final Train pred MSE = 9.990488e-13
Final Test pred MSE = 9.777865e-03
Final Param MSE = 9.874544e-02
Final Grad norm = 3.967972e-08
Final Beta update rate = 1.009142e-08
Success flag: True (train_pred_mse < 1.00e-12)
Results metadata saved to results/diagonal/step3_omega/omega=0.50--alpha=0.200000--seed=0/results_meta.json
Group diagnostics saved to results/diagonal/step3_omega/omega=0.50--alpha=0.200000--seed=0/group_diagnostics.csv

Results saved to results/diagonal/step3_omega/omega=0.50--alpha=0.200000--seed=0/
Total jobs in this sweep: 108
Omega values: [0.0, 0.5, 1.0]
Alpha values: [0.05, 0.1, 0.2, 0.25, 0.3, 0.4, 0.5, 0.6, 0.7, 0.8, 0.9, 1.0]
Seeds: [0, 1, 2]
================================================================================
Step 3 Omega Sweep - Experiment Parameters:
================================================================================
  a_pt: 1.0
  c_pt: 0.001
  epochs: 5000000
  gamma_reinit: 0.0
  inp_dim: 1000
  lambda_pt: 0.0
  lr: 0.5
  n_test: 10000
  n_train: 200
  no_tuning: True
  omega: 0.5
  rho_ft: 0.04
  rho_pt: 0.1
  save_folder: results/diagonal/step3_omega/omega=0.50--alpha=0.200000--seed=0/
  seed: 0
  test_every_n_epochs: 200
  threshold: 1e-12
================================================================================

Omega: 0.5, Alpha: 0.2000

Running PT+FT Oracle script...

Extracting results and saving to CSV...
Results appended to /home/na658/multi-task2/experiment_results_step3_omega.csv

✓ Experiment 42 completed successfully
[SLURM] Job 20446283 task 42 finished
