[SLURM] Job 20445989 task 7 starting on cpu-q-588
[SLURM] Step 1 Mixture Sweep
[SLURM] Using Python: /home/na658/.conda/envs/mtl_ft/bin/python
Starting diagonal network pretrain BG script...

================================================================================
SCRIPT STARTED - Running diagonal network BG experiment...
================================================================================

================================================================================
EXPERIMENT SETTINGS
================================================================================
Seed: 1
Input dimension: 1000
Sparsity (rho): 0.04
Training samples: 200
Test samples: 10000
Learning rate: 0.5
Max epochs: 5000000
Test every N epochs: 200
Convergence threshold: 1e-12
Stop pred MSE: 1e-10
Stop beta rate: disabled
Stop grad norm: disabled
LR decay: disabled
LR decay interval: 2000
Scaling: 1.0
Lambda (λ): 0.0
C parameter: 0.001
Initialization method: complex
Learning rate tuning: False
Save folder: results/diagonal/step1_mixture/pi_A=0.10--alpha=0.200000--seed=1/
C mode: mixture
  c_A=0.001, c_B=0.5, pi_A=0.1
================================================================================
Starting training...
================================================================================
[c_mode=mixture] pi_A=0.1, empirical frac_A=0.0990
[c_mode=mixture] c_A=0.001, c_B=0.5
Per-coordinate c init: c_vec range [0.001000, 0.500000]

Starting training loop (max 5000000 epochs, threshold=1.00e-12)...
Epoch      0 (0.0%): Train pred MSE = 6.683741e+00, Test pred MSE = 1.333668e-01, Param MSE = 1.313248e+00, Grad norm = 8.754322e-01, Beta update rate = nan
Epoch    200 (0.0%): Train pred MSE = 2.798026e-03, Test pred MSE = 7.621971e-02, Param MSE = 7.562545e-01, Grad norm = 1.191393e-02, Beta update rate = 9.506386e-02
Epoch    400 (0.0%): Train pred MSE = 3.543958e-05, Test pred MSE = 7.592524e-02, Param MSE = 7.531753e-01, Grad norm = 1.196367e-03, Beta update rate = 2.642438e-03
Epoch    600 (0.0%): Train pred MSE = 8.104868e-07, Test pred MSE = 7.590484e-02, Param MSE = 7.529561e-01, Grad norm = 1.725171e-04, Beta update rate = 3.023243e-04
Epoch    800 (0.0%): Train pred MSE = 2.397873e-08, Test pred MSE = 7.590303e-02, Param MSE = 7.529348e-01, Grad norm = 2.890297e-05, Beta update rate = 4.591210e-05
Epoch   1000 (0.0%): Train pred MSE = 8.114866e-10, Test pred MSE = 7.590287e-02, Param MSE = 7.529325e-01, Grad norm = 5.242140e-06, Beta update rate = 7.915954e-06
Epoch   1200 (0.0%): Train pred MSE = 2.943063e-11, Test pred MSE = 7.590286e-02, Param MSE = 7.529322e-01, Grad norm = 9.908641e-07, Beta update rate = 1.458152e-06

Training completed at epoch 1200
Stop reason: train_pred_mse
Final Train pred MSE = 2.943063e-11
Final Test pred MSE = 7.590286e-02
Final Param MSE = 7.529322e-01
Final Grad norm = 9.908641e-07
Final Beta update rate = 1.458152e-06
Success flag: True (train_pred_mse < 1.00e-10)
Results metadata saved to results/diagonal/step1_mixture/pi_A=0.10--alpha=0.200000--seed=1/results_meta.json
Saved c_vec to results/diagonal/step1_mixture/pi_A=0.10--alpha=0.200000--seed=1/c_vec.npy

Results saved to results/diagonal/step1_mixture/pi_A=0.10--alpha=0.200000--seed=1/
Total jobs in this sweep: 108
Pi_A values: [0.1, 0.5, 0.9]
Alpha values: [0.05, 0.1, 0.2, 0.25, 0.3, 0.4, 0.5, 0.6, 0.7, 0.8, 0.9, 1.0]
Seeds: [0, 1, 2]
================================================================================
Step 1 Mixture Sweep - Experiment Parameters:
================================================================================
  c: 0.001
  c_A: 0.001
  c_B: 0.5
  c_mode: mixture
  epochs: 5000000
  init_method: complex
  inp_dim: 1000
  lmda: 0.0
  lr: 0.5
  n_test: 10000
  n_train: 200
  no_tuning: True
  pi_A: 0.1
  rho: 0.04
  save_folder: results/diagonal/step1_mixture/pi_A=0.10--alpha=0.200000--seed=1/
  scaling: 1.0
  seed: 1
  test_every_n_epochs: 200
  threshold: 1e-12
================================================================================

Running training script...

Extracting results and saving to CSV...
Results appended to /home/na658/multi-task2/experiment_results_step1_mixture.csv

✓ Experiment 7 completed successfully
[SLURM] Job 20445989 task 7 finished
