[SLURM] Job 20446025 task 43 starting on cpu-q-35
[SLURM] Step 1 Mixture Sweep
[SLURM] Using Python: /home/na658/.conda/envs/mtl_ft/bin/python
Starting diagonal network pretrain BG script...

================================================================================
SCRIPT STARTED - Running diagonal network BG experiment...
================================================================================

================================================================================
EXPERIMENT SETTINGS
================================================================================
Seed: 1
Input dimension: 1000
Sparsity (rho): 0.04
Training samples: 200
Test samples: 10000
Learning rate: 0.5
Max epochs: 5000000
Test every N epochs: 200
Convergence threshold: 1e-12
Stop pred MSE: 1e-10
Stop beta rate: disabled
Stop grad norm: disabled
LR decay: disabled
LR decay interval: 2000
Scaling: 1.0
Lambda (λ): 0.0
C parameter: 0.001
Initialization method: complex
Learning rate tuning: False
Save folder: results/diagonal/step1_mixture/pi_A=0.50--alpha=0.200000--seed=1/
C mode: mixture
  c_A=0.001, c_B=0.5, pi_A=0.5
================================================================================
Starting training...
================================================================================
[c_mode=mixture] pi_A=0.5, empirical frac_A=0.5110
[c_mode=mixture] c_A=0.001, c_B=0.5
Per-coordinate c init: c_vec range [0.001000, 0.500000]

Starting training loop (max 5000000 epochs, threshold=1.00e-12)...
Epoch      0 (0.0%): Train pred MSE = 6.855928e+00, Test pred MSE = 1.340966e-01, Param MSE = 1.320626e+00, Grad norm = 6.434112e-01, Beta update rate = nan
Epoch    200 (0.0%): Train pred MSE = 1.093708e-01, Test pred MSE = 1.324120e-01, Param MSE = 1.298802e+00, Grad norm = 5.581298e-02, Beta update rate = 1.237741e-01
Epoch    400 (0.0%): Train pred MSE = 8.441796e-03, Test pred MSE = 1.357081e-01, Param MSE = 1.326434e+00, Grad norm = 1.391929e-02, Beta update rate = 2.081162e-02
Epoch    600 (0.0%): Train pred MSE = 1.106637e-03, Test pred MSE = 1.365144e-01, Param MSE = 1.333599e+00, Grad norm = 4.516884e-03, Beta update rate = 5.773353e-03
Epoch    800 (0.0%): Train pred MSE = 2.033726e-04, Test pred MSE = 1.367885e-01, Param MSE = 1.336121e+00, Grad norm = 1.800604e-03, Beta update rate = 2.012506e-03
Epoch   1000 (0.0%): Train pred MSE = 4.483398e-05, Test pred MSE = 1.368954e-01, Param MSE = 1.337118e+00, Grad norm = 8.094861e-04, Beta update rate = 8.365903e-04
Epoch   1200 (0.0%): Train pred MSE = 1.091468e-05, Test pred MSE = 1.369405e-01, Param MSE = 1.337540e+00, Grad norm = 3.889658e-04, Beta update rate = 3.846534e-04
Epoch   1400 (0.0%): Train pred MSE = 2.818767e-06, Test pred MSE = 1.369602e-01, Param MSE = 1.337727e+00, Grad norm = 1.942711e-04, Beta update rate = 1.871365e-04
Epoch   1600 (0.0%): Train pred MSE = 7.564208e-07, Test pred MSE = 1.369690e-01, Param MSE = 1.337811e+00, Grad norm = 9.943869e-05, Beta update rate = 9.419435e-05
Epoch   1800 (0.0%): Train pred MSE = 2.083826e-07, Test pred MSE = 1.369730e-01, Param MSE = 1.337850e+00, Grad norm = 5.175054e-05, Beta update rate = 4.847614e-05
Epoch   2000 (0.0%): Train pred MSE = 5.846962e-08, Test pred MSE = 1.369749e-01, Param MSE = 1.337868e+00, Grad norm = 2.724684e-05, Beta update rate = 2.532951e-05
Epoch   2200 (0.0%): Train pred MSE = 1.661960e-08, Test pred MSE = 1.369758e-01, Param MSE = 1.337877e+00, Grad norm = 1.446374e-05, Beta update rate = 1.337623e-05
Epoch   2400 (0.0%): Train pred MSE = 4.767510e-09, Test pred MSE = 1.369762e-01, Param MSE = 1.337881e+00, Grad norm = 7.722746e-06, Beta update rate = 7.116741e-06
Epoch   2600 (0.1%): Train pred MSE = 1.376562e-09, Test pred MSE = 1.369764e-01, Param MSE = 1.337883e+00, Grad norm = 4.140555e-06, Beta update rate = 3.806391e-06
Epoch   2800 (0.1%): Train pred MSE = 3.993290e-10, Test pred MSE = 1.369764e-01, Param MSE = 1.337884e+00, Grad norm = 2.226528e-06, Beta update rate = 2.043442e-06
Epoch   3000 (0.1%): Train pred MSE = 1.162351e-10, Test pred MSE = 1.369765e-01, Param MSE = 1.337884e+00, Grad norm = 1.199834e-06, Beta update rate = 1.099923e-06
Epoch   3200 (0.1%): Train pred MSE = 3.391748e-11, Test pred MSE = 1.369765e-01, Param MSE = 1.337884e+00, Grad norm = 6.475693e-07, Beta update rate = 5.931843e-07

Training completed at epoch 3200
Stop reason: train_pred_mse
Final Train pred MSE = 3.391748e-11
Final Test pred MSE = 1.369765e-01
Final Param MSE = 1.337884e+00
Final Grad norm = 6.475693e-07
Final Beta update rate = 5.931843e-07
Success flag: True (train_pred_mse < 1.00e-10)
Results metadata saved to results/diagonal/step1_mixture/pi_A=0.50--alpha=0.200000--seed=1/results_meta.json
Saved c_vec to results/diagonal/step1_mixture/pi_A=0.50--alpha=0.200000--seed=1/c_vec.npy

Results saved to results/diagonal/step1_mixture/pi_A=0.50--alpha=0.200000--seed=1/
Total jobs in this sweep: 108
Pi_A values: [0.1, 0.5, 0.9]
Alpha values: [0.05, 0.1, 0.2, 0.25, 0.3, 0.4, 0.5, 0.6, 0.7, 0.8, 0.9, 1.0]
Seeds: [0, 1, 2]
================================================================================
Step 1 Mixture Sweep - Experiment Parameters:
================================================================================
  c: 0.001
  c_A: 0.001
  c_B: 0.5
  c_mode: mixture
  epochs: 5000000
  init_method: complex
  inp_dim: 1000
  lmda: 0.0
  lr: 0.5
  n_test: 10000
  n_train: 200
  no_tuning: True
  pi_A: 0.5
  rho: 0.04
  save_folder: results/diagonal/step1_mixture/pi_A=0.50--alpha=0.200000--seed=1/
  scaling: 1.0
  seed: 1
  test_every_n_epochs: 200
  threshold: 1e-12
================================================================================

Running training script...

Extracting results and saving to CSV...
Results appended to /home/na658/multi-task2/experiment_results_step1_mixture.csv

✓ Experiment 43 completed successfully
[SLURM] Job 20446025 task 43 finished
