[SLURM] Job 20445998 task 16 starting on cpu-q-16
[SLURM] Step 1 Mixture Sweep
[SLURM] Using Python: /home/na658/.conda/envs/mtl_ft/bin/python
Starting diagonal network pretrain BG script...

================================================================================
SCRIPT STARTED - Running diagonal network BG experiment...
================================================================================

================================================================================
EXPERIMENT SETTINGS
================================================================================
Seed: 1
Input dimension: 1000
Sparsity (rho): 0.04
Training samples: 400
Test samples: 10000
Learning rate: 0.5
Max epochs: 5000000
Test every N epochs: 200
Convergence threshold: 1e-12
Stop pred MSE: 1e-10
Stop beta rate: disabled
Stop grad norm: disabled
LR decay: disabled
LR decay interval: 2000
Scaling: 1.0
Lambda (λ): 0.0
C parameter: 0.001
Initialization method: complex
Learning rate tuning: False
Save folder: results/diagonal/step1_mixture/pi_A=0.10--alpha=0.400000--seed=1/
C mode: mixture
  c_A=0.001, c_B=0.5, pi_A=0.1
================================================================================
Starting training...
================================================================================
[c_mode=mixture] pi_A=0.1, empirical frac_A=0.0990
[c_mode=mixture] c_A=0.001, c_B=0.5
Per-coordinate c init: c_vec range [0.001000, 0.500000]

Starting training loop (max 5000000 epochs, threshold=1.00e-12)...
Epoch      0 (0.0%): Train pred MSE = 3.313183e+00, Test pred MSE = 1.340451e-01, Param MSE = 1.319836e+00, Grad norm = 3.319774e-01, Beta update rate = nan
Epoch    200 (0.0%): Train pred MSE = 1.058938e-01, Test pred MSE = 4.917408e-02, Param MSE = 4.871299e-01, Grad norm = 4.499168e-02, Beta update rate = 1.136669e-01
Epoch    400 (0.0%): Train pred MSE = 2.118657e-02, Test pred MSE = 4.118545e-02, Param MSE = 4.077846e-01, Grad norm = 1.624740e-02, Beta update rate = 1.935506e-02
Epoch    600 (0.0%): Train pred MSE = 7.714765e-03, Test pred MSE = 3.827286e-02, Param MSE = 3.785559e-01, Grad norm = 8.158769e-03, Beta update rate = 7.972364e-03
Epoch    800 (0.0%): Train pred MSE = 3.552865e-03, Test pred MSE = 3.706818e-02, Param MSE = 3.664343e-01, Grad norm = 5.021022e-03, Beta update rate = 4.177620e-03
Epoch   1000 (0.0%): Train pred MSE = 1.837158e-03, Test pred MSE = 3.644785e-02, Param MSE = 3.601538e-01, Grad norm = 3.375974e-03, Beta update rate = 2.600663e-03
Epoch   1200 (0.0%): Train pred MSE = 1.020313e-03, Test pred MSE = 3.609208e-02, Param MSE = 3.565249e-01, Grad norm = 2.396321e-03, Beta update rate = 1.755629e-03
Epoch   1400 (0.0%): Train pred MSE = 5.940516e-04, Test pred MSE = 3.587392e-02, Param MSE = 3.542823e-01, Grad norm = 1.764150e-03, Beta update rate = 1.246913e-03
Epoch   1600 (0.0%): Train pred MSE = 3.572778e-04, Test pred MSE = 3.573368e-02, Param MSE = 3.528294e-01, Grad norm = 1.332136e-03, Beta update rate = 9.170434e-04
Epoch   1800 (0.0%): Train pred MSE = 2.198836e-04, Test pred MSE = 3.564023e-02, Param MSE = 3.518541e-01, Grad norm = 1.024200e-03, Beta update rate = 6.913628e-04
Epoch   2000 (0.0%): Train pred MSE = 1.376288e-04, Test pred MSE = 3.557616e-02, Param MSE = 3.511807e-01, Grad norm = 7.977866e-04, Beta update rate = 5.306577e-04
Epoch   2200 (0.0%): Train pred MSE = 8.724948e-05, Test pred MSE = 3.553121e-02, Param MSE = 3.507050e-01, Grad norm = 6.274578e-04, Beta update rate = 4.127264e-04
Epoch   2400 (0.0%): Train pred MSE = 5.586285e-05, Test pred MSE = 3.549904e-02, Param MSE = 3.503625e-01, Grad norm = 4.971250e-04, Beta update rate = 3.242024e-04
Epoch   2600 (0.1%): Train pred MSE = 3.605167e-05, Test pred MSE = 3.547564e-02, Param MSE = 3.501119e-01, Grad norm = 3.961160e-04, Beta update rate = 2.566062e-04
Epoch   2800 (0.1%): Train pred MSE = 2.341784e-05, Test pred MSE = 3.545838e-02, Param MSE = 3.499261e-01, Grad norm = 3.170677e-04, Beta update rate = 2.043129e-04
Epoch   3000 (0.1%): Train pred MSE = 1.529425e-05, Test pred MSE = 3.544550e-02, Param MSE = 3.497868e-01, Grad norm = 2.547357e-04, Beta update rate = 1.634495e-04
Epoch   3200 (0.1%): Train pred MSE = 1.003511e-05, Test pred MSE = 3.543579e-02, Param MSE = 3.496813e-01, Grad norm = 2.052894e-04, Beta update rate = 1.312652e-04
Epoch   3400 (0.1%): Train pred MSE = 6.610896e-06, Test pred MSE = 3.542841e-02, Param MSE = 3.496008e-01, Grad norm = 1.658742e-04, Beta update rate = 1.057572e-04
Epoch   3600 (0.1%): Train pred MSE = 4.370498e-06, Test pred MSE = 3.542275e-02, Param MSE = 3.495389e-01, Grad norm = 1.343289e-04, Beta update rate = 8.543744e-05
Epoch   3800 (0.1%): Train pred MSE = 2.898432e-06, Test pred MSE = 3.541838e-02, Param MSE = 3.494910e-01, Grad norm = 1.089973e-04, Beta update rate = 6.918274e-05
Epoch   4000 (0.1%): Train pred MSE = 1.927600e-06, Test pred MSE = 3.541500e-02, Param MSE = 3.494537e-01, Grad norm = 8.859684e-05, Beta update rate = 5.613410e-05
Epoch   4200 (0.1%): Train pred MSE = 1.285215e-06, Test pred MSE = 3.541236e-02, Param MSE = 3.494247e-01, Grad norm = 7.212675e-05, Beta update rate = 4.562783e-05
Epoch   4400 (0.1%): Train pred MSE = 8.588969e-07, Test pred MSE = 3.541030e-02, Param MSE = 3.494019e-01, Grad norm = 5.880079e-05, Beta update rate = 3.714676e-05
Epoch   4600 (0.1%): Train pred MSE = 5.752126e-07, Test pred MSE = 3.540868e-02, Param MSE = 3.493840e-01, Grad norm = 4.799792e-05, Beta update rate = 3.028513e-05
Epoch   4800 (0.1%): Train pred MSE = 3.859803e-07, Test pred MSE = 3.540741e-02, Param MSE = 3.493699e-01, Grad norm = 3.922528e-05, Beta update rate = 2.472269e-05
Epoch   5000 (0.1%): Train pred MSE = 2.594704e-07, Test pred MSE = 3.540641e-02, Param MSE = 3.493588e-01, Grad norm = 3.209023e-05, Beta update rate = 2.020551e-05
Epoch   5200 (0.1%): Train pred MSE = 1.747191e-07, Test pred MSE = 3.540562e-02, Param MSE = 3.493500e-01, Grad norm = 2.627889e-05, Beta update rate = 1.653137e-05
Epoch   5400 (0.1%): Train pred MSE = 1.178349e-07, Test pred MSE = 3.540499e-02, Param MSE = 3.493430e-01, Grad norm = 2.153958e-05, Beta update rate = 1.353865e-05
Epoch   5600 (0.1%): Train pred MSE = 7.958737e-08, Test pred MSE = 3.540449e-02, Param MSE = 3.493374e-01, Grad norm = 1.766996e-05, Beta update rate = 1.109782e-05
Epoch   5800 (0.1%): Train pred MSE = 5.382846e-08, Test pred MSE = 3.540410e-02, Param MSE = 3.493330e-01, Grad norm = 1.450700e-05, Beta update rate = 9.104725e-06
Epoch   6000 (0.1%): Train pred MSE = 3.645374e-08, Test pred MSE = 3.540378e-02, Param MSE = 3.493295e-01, Grad norm = 1.191904e-05, Beta update rate = 7.475469e-06
Epoch   6200 (0.1%): Train pred MSE = 2.471739e-08, Test pred MSE = 3.540353e-02, Param MSE = 3.493267e-01, Grad norm = 9.799568e-06, Beta update rate = 6.142288e-06
Epoch   6400 (0.1%): Train pred MSE = 1.677895e-08, Test pred MSE = 3.540333e-02, Param MSE = 3.493245e-01, Grad norm = 8.062264e-06, Beta update rate = 5.050359e-06
Epoch   6600 (0.1%): Train pred MSE = 1.140256e-08, Test pred MSE = 3.540318e-02, Param MSE = 3.493227e-01, Grad norm = 6.637054e-06, Beta update rate = 4.155249e-06
Epoch   6800 (0.1%): Train pred MSE = 7.756960e-09, Test pred MSE = 3.540305e-02, Param MSE = 3.493213e-01, Grad norm = 5.466980e-06, Beta update rate = 3.420885e-06
Epoch   7000 (0.1%): Train pred MSE = 5.282146e-09, Test pred MSE = 3.540295e-02, Param MSE = 3.493202e-01, Grad norm = 4.505679e-06, Beta update rate = 2.817942e-06
Epoch   7200 (0.1%): Train pred MSE = 3.600303e-09, Test pred MSE = 3.540287e-02, Param MSE = 3.493193e-01, Grad norm = 3.715365e-06, Beta update rate = 2.322549e-06
Epoch   7400 (0.1%): Train pred MSE = 2.456175e-09, Test pred MSE = 3.540281e-02, Param MSE = 3.493186e-01, Grad norm = 3.065210e-06, Beta update rate = 1.915247e-06
Epoch   7600 (0.2%): Train pred MSE = 1.677082e-09, Test pred MSE = 3.540276e-02, Param MSE = 3.493180e-01, Grad norm = 2.530034e-06, Beta update rate = 1.580161e-06
Epoch   7800 (0.2%): Train pred MSE = 1.146062e-09, Test pred MSE = 3.540271e-02, Param MSE = 3.493175e-01, Grad norm = 2.089250e-06, Beta update rate = 1.304319e-06
Epoch   8000 (0.2%): Train pred MSE = 7.838038e-10, Test pred MSE = 3.540268e-02, Param MSE = 3.493172e-01, Grad norm = 1.726014e-06, Beta update rate = 1.077119e-06
Epoch   8200 (0.2%): Train pred MSE = 5.364611e-10, Test pred MSE = 3.540266e-02, Param MSE = 3.493169e-01, Grad norm = 1.426526e-06, Beta update rate = 8.898821e-07
Epoch   8400 (0.2%): Train pred MSE = 3.674420e-10, Test pred MSE = 3.540264e-02, Param MSE = 3.493166e-01, Grad norm = 1.179477e-06, Beta update rate = 7.354992e-07
Epoch   8600 (0.2%): Train pred MSE = 2.518535e-10, Test pred MSE = 3.540262e-02, Param MSE = 3.493165e-01, Grad norm = 9.755893e-07, Beta update rate = 6.081432e-07
Epoch   8800 (0.2%): Train pred MSE = 1.727449e-10, Test pred MSE = 3.540261e-02, Param MSE = 3.493163e-01, Grad norm = 8.072464e-07, Beta update rate = 5.030334e-07
Epoch   9000 (0.2%): Train pred MSE = 1.185636e-10, Test pred MSE = 3.540260e-02, Param MSE = 3.493162e-01, Grad norm = 6.681918e-07, Beta update rate = 4.162450e-07
Epoch   9200 (0.2%): Train pred MSE = 8.142860e-11, Test pred MSE = 3.540259e-02, Param MSE = 3.493161e-01, Grad norm = 5.532821e-07, Beta update rate = 3.445537e-07

Training completed at epoch 9200
Stop reason: train_pred_mse
Final Train pred MSE = 8.142860e-11
Final Test pred MSE = 3.540259e-02
Final Param MSE = 3.493161e-01
Final Grad norm = 5.532821e-07
Final Beta update rate = 3.445537e-07
Success flag: True (train_pred_mse < 1.00e-10)
Results metadata saved to results/diagonal/step1_mixture/pi_A=0.10--alpha=0.400000--seed=1/results_meta.json
Saved c_vec to results/diagonal/step1_mixture/pi_A=0.10--alpha=0.400000--seed=1/c_vec.npy

Results saved to results/diagonal/step1_mixture/pi_A=0.10--alpha=0.400000--seed=1/
Total jobs in this sweep: 108
Pi_A values: [0.1, 0.5, 0.9]
Alpha values: [0.05, 0.1, 0.2, 0.25, 0.3, 0.4, 0.5, 0.6, 0.7, 0.8, 0.9, 1.0]
Seeds: [0, 1, 2]
================================================================================
Step 1 Mixture Sweep - Experiment Parameters:
================================================================================
  c: 0.001
  c_A: 0.001
  c_B: 0.5
  c_mode: mixture
  epochs: 5000000
  init_method: complex
  inp_dim: 1000
  lmda: 0.0
  lr: 0.5
  n_test: 10000
  n_train: 400
  no_tuning: True
  pi_A: 0.1
  rho: 0.04
  save_folder: results/diagonal/step1_mixture/pi_A=0.10--alpha=0.400000--seed=1/
  scaling: 1.0
  seed: 1
  test_every_n_epochs: 200
  threshold: 1e-12
================================================================================

Running training script...

Extracting results and saving to CSV...
Results appended to /home/na658/multi-task2/experiment_results_step1_mixture.csv

✓ Experiment 16 completed successfully
[SLURM] Job 20445998 task 16 finished
