[SLURM] Job 20446003 task 21 starting on cpu-q-16
[SLURM] Step 1 Mixture Sweep
[SLURM] Using Python: /home/na658/.conda/envs/mtl_ft/bin/python
Starting diagonal network pretrain BG script...

================================================================================
SCRIPT STARTED - Running diagonal network BG experiment...
================================================================================

================================================================================
EXPERIMENT SETTINGS
================================================================================
Seed: 0
Input dimension: 1000
Sparsity (rho): 0.04
Training samples: 600
Test samples: 10000
Learning rate: 0.5
Max epochs: 5000000
Test every N epochs: 200
Convergence threshold: 1e-12
Stop pred MSE: 1e-10
Stop beta rate: disabled
Stop grad norm: disabled
LR decay: disabled
LR decay interval: 2000
Scaling: 1.0
Lambda (λ): 0.0
C parameter: 0.001
Initialization method: complex
Learning rate tuning: False
Save folder: results/diagonal/step1_mixture/pi_A=0.10--alpha=0.600000--seed=0/
C mode: mixture
  c_A=0.001, c_B=0.5, pi_A=0.1
================================================================================
Starting training...
================================================================================
[c_mode=mixture] pi_A=0.1, empirical frac_A=0.1100
[c_mode=mixture] c_A=0.001, c_B=0.5
Per-coordinate c init: c_vec range [0.001000, 0.500000]

Starting training loop (max 5000000 epochs, threshold=1.00e-12)...
Epoch      0 (0.0%): Train pred MSE = 2.877259e+00, Test pred MSE = 1.609384e-01, Param MSE = 1.605057e+00, Grad norm = 2.189458e-01, Beta update rate = nan
Epoch    200 (0.0%): Train pred MSE = 2.982733e-01, Test pred MSE = 5.929916e-02, Param MSE = 5.928435e-01, Grad norm = 6.636685e-02, Beta update rate = 1.265463e-01
Epoch    400 (0.0%): Train pred MSE = 1.187257e-01, Test pred MSE = 4.524868e-02, Param MSE = 4.521315e-01, Grad norm = 2.877697e-02, Beta update rate = 3.433182e-02
Epoch    600 (0.0%): Train pred MSE = 6.359830e-02, Test pred MSE = 3.930200e-02, Param MSE = 3.929184e-01, Grad norm = 1.889296e-02, Beta update rate = 1.655383e-02
Epoch    800 (0.0%): Train pred MSE = 3.706345e-02, Test pred MSE = 3.463150e-02, Param MSE = 3.464395e-01, Grad norm = 1.394465e-02, Beta update rate = 1.131319e-02
Epoch   1000 (0.0%): Train pred MSE = 2.284789e-02, Test pred MSE = 3.079242e-02, Param MSE = 3.082450e-01, Grad norm = 1.000322e-02, Beta update rate = 8.853084e-03
Epoch   1200 (0.0%): Train pred MSE = 1.543763e-02, Test pred MSE = 2.805049e-02, Param MSE = 2.809046e-01, Grad norm = 7.376796e-03, Beta update rate = 6.522045e-03
Epoch   1400 (0.0%): Train pred MSE = 1.120957e-02, Test pred MSE = 2.613263e-02, Param MSE = 2.617374e-01, Grad norm = 5.725025e-03, Beta update rate = 4.824283e-03
Epoch   1600 (0.0%): Train pred MSE = 8.560849e-03, Test pred MSE = 2.472975e-02, Param MSE = 2.476954e-01, Grad norm = 4.626192e-03, Beta update rate = 3.733492e-03
Epoch   1800 (0.0%): Train pred MSE = 6.777559e-03, Test pred MSE = 2.365815e-02, Param MSE = 2.369590e-01, Grad norm = 3.856180e-03, Beta update rate = 3.003430e-03
Epoch   2000 (0.0%): Train pred MSE = 5.508762e-03, Test pred MSE = 2.281154e-02, Param MSE = 2.284718e-01, Grad norm = 3.291913e-03, Beta update rate = 2.489390e-03
Epoch   2200 (0.0%): Train pred MSE = 4.566943e-03, Test pred MSE = 2.212496e-02, Param MSE = 2.215866e-01, Grad norm = 2.862401e-03, Beta update rate = 2.111746e-03
Epoch   2400 (0.0%): Train pred MSE = 3.844522e-03, Test pred MSE = 2.155657e-02, Param MSE = 2.158855e-01, Grad norm = 2.524941e-03, Beta update rate = 1.824232e-03
Epoch   2600 (0.1%): Train pred MSE = 3.275926e-03, Test pred MSE = 2.107817e-02, Param MSE = 2.110868e-01, Grad norm = 2.252784e-03, Beta update rate = 1.598699e-03
Epoch   2800 (0.1%): Train pred MSE = 2.819097e-03, Test pred MSE = 2.067006e-02, Param MSE = 2.069935e-01, Grad norm = 2.028518e-03, Beta update rate = 1.417332e-03
Epoch   3000 (0.1%): Train pred MSE = 2.445879e-03, Test pred MSE = 2.031798e-02, Param MSE = 2.034628e-01, Grad norm = 1.840400e-03, Beta update rate = 1.268440e-03
Epoch   3200 (0.1%): Train pred MSE = 2.136727e-03, Test pred MSE = 2.001139e-02, Param MSE = 2.003891e-01, Grad norm = 1.680247e-03, Beta update rate = 1.144087e-03
Epoch   3400 (0.1%): Train pred MSE = 1.877661e-03, Test pred MSE = 1.974227e-02, Param MSE = 1.976920e-01, Grad norm = 1.542192e-03, Beta update rate = 1.038720e-03
Epoch   3600 (0.1%): Train pred MSE = 1.658421e-03, Test pred MSE = 1.950441e-02, Param MSE = 1.953091e-01, Grad norm = 1.421913e-03, Beta update rate = 9.483422e-04
Epoch   3800 (0.1%): Train pred MSE = 1.471310e-03, Test pred MSE = 1.929293e-02, Param MSE = 1.931914e-01, Grad norm = 1.316157e-03, Beta update rate = 8.700048e-04
Epoch   4000 (0.1%): Train pred MSE = 1.310448e-03, Test pred MSE = 1.910390e-02, Param MSE = 1.912996e-01, Grad norm = 1.222431e-03, Beta update rate = 8.014859e-04
Epoch   4200 (0.1%): Train pred MSE = 1.171262e-03, Test pred MSE = 1.893418e-02, Param MSE = 1.896018e-01, Grad norm = 1.138784e-03, Beta update rate = 7.410789e-04
Epoch   4400 (0.1%): Train pred MSE = 1.050151e-03, Test pred MSE = 1.878117e-02, Param MSE = 1.880719e-01, Grad norm = 1.063674e-03, Beta update rate = 6.874515e-04
Epoch   4600 (0.1%): Train pred MSE = 9.442385e-04, Test pred MSE = 1.864270e-02, Param MSE = 1.866882e-01, Grad norm = 9.958630e-04, Beta update rate = 6.395483e-04
Epoch   4800 (0.1%): Train pred MSE = 8.512031e-04, Test pred MSE = 1.851699e-02, Param MSE = 1.854326e-01, Grad norm = 9.343450e-04, Beta update rate = 5.965227e-04
Epoch   5000 (0.1%): Train pred MSE = 7.691504e-04, Test pred MSE = 1.840252e-02, Param MSE = 1.842897e-01, Grad norm = 8.782952e-04, Beta update rate = 5.576876e-04
Epoch   5200 (0.1%): Train pred MSE = 6.965216e-04, Test pred MSE = 1.829800e-02, Param MSE = 1.832467e-01, Grad norm = 8.270304e-04, Beta update rate = 5.224798e-04
Epoch   5400 (0.1%): Train pred MSE = 6.320225e-04, Test pred MSE = 1.820232e-02, Param MSE = 1.822924e-01, Grad norm = 7.799792e-04, Beta update rate = 4.904329e-04
Epoch   5600 (0.1%): Train pred MSE = 5.745710e-04, Test pred MSE = 1.811454e-02, Param MSE = 1.814171e-01, Grad norm = 7.366605e-04, Beta update rate = 4.611578e-04
Epoch   5800 (0.1%): Train pred MSE = 5.232561e-04, Test pred MSE = 1.803383e-02, Param MSE = 1.806127e-01, Grad norm = 6.966656e-04, Beta update rate = 4.343270e-04
Epoch   6000 (0.1%): Train pred MSE = 4.773058e-04, Test pred MSE = 1.795947e-02, Param MSE = 1.798720e-01, Grad norm = 6.596449e-04, Beta update rate = 4.096631e-04
Epoch   6200 (0.1%): Train pred MSE = 4.360628e-04, Test pred MSE = 1.789085e-02, Param MSE = 1.791885e-01, Grad norm = 6.252975e-04, Beta update rate = 3.869290e-04
Epoch   6400 (0.1%): Train pred MSE = 3.989638e-04, Test pred MSE = 1.782740e-02, Param MSE = 1.785568e-01, Grad norm = 5.933625e-04, Beta update rate = 3.659215e-04
Epoch   6600 (0.1%): Train pred MSE = 3.655246e-04, Test pred MSE = 1.776865e-02, Param MSE = 1.779720e-01, Grad norm = 5.636128e-04, Beta update rate = 3.464647e-04
Epoch   6800 (0.1%): Train pred MSE = 3.353266e-04, Test pred MSE = 1.771416e-02, Param MSE = 1.774298e-01, Grad norm = 5.358492e-04, Beta update rate = 3.284060e-04
Epoch   7000 (0.1%): Train pred MSE = 3.080066e-04, Test pred MSE = 1.766356e-02, Param MSE = 1.769263e-01, Grad norm = 5.098963e-04, Beta update rate = 3.116121e-04
Epoch   7200 (0.1%): Train pred MSE = 2.832487e-04, Test pred MSE = 1.761650e-02, Param MSE = 1.764581e-01, Grad norm = 4.855989e-04, Beta update rate = 2.959660e-04
Epoch   7400 (0.1%): Train pred MSE = 2.607765e-04, Test pred MSE = 1.757267e-02, Param MSE = 1.760223e-01, Grad norm = 4.628191e-04, Beta update rate = 2.813647e-04
Epoch   7600 (0.2%): Train pred MSE = 2.403482e-04, Test pred MSE = 1.753181e-02, Param MSE = 1.756160e-01, Grad norm = 4.414339e-04, Beta update rate = 2.677170e-04
Epoch   7800 (0.2%): Train pred MSE = 2.217510e-04, Test pred MSE = 1.749367e-02, Param MSE = 1.752368e-01, Grad norm = 4.213330e-04, Beta update rate = 2.549417e-04
Epoch   8000 (0.2%): Train pred MSE = 2.047976e-04, Test pred MSE = 1.745804e-02, Param MSE = 1.748825e-01, Grad norm = 4.024172e-04, Beta update rate = 2.429667e-04
Epoch   8200 (0.2%): Train pred MSE = 1.893223e-04, Test pred MSE = 1.742470e-02, Param MSE = 1.745511e-01, Grad norm = 3.845974e-04, Beta update rate = 2.317271e-04
Epoch   8400 (0.2%): Train pred MSE = 1.751786e-04, Test pred MSE = 1.739348e-02, Param MSE = 1.742408e-01, Grad norm = 3.677925e-04, Beta update rate = 2.211650e-04
Epoch   8600 (0.2%): Train pred MSE = 1.622362e-04, Test pred MSE = 1.736423e-02, Param MSE = 1.739500e-01, Grad norm = 3.519294e-04, Beta update rate = 2.112281e-04
Epoch   8800 (0.2%): Train pred MSE = 1.503795e-04, Test pred MSE = 1.733678e-02, Param MSE = 1.736772e-01, Grad norm = 3.369413e-04, Beta update rate = 2.018692e-04
Epoch   9000 (0.2%): Train pred MSE = 1.395052e-04, Test pred MSE = 1.731101e-02, Param MSE = 1.734210e-01, Grad norm = 3.227675e-04, Beta update rate = 1.930454e-04
Epoch   9200 (0.2%): Train pred MSE = 1.295214e-04, Test pred MSE = 1.728679e-02, Param MSE = 1.731803e-01, Grad norm = 3.093526e-04, Beta update rate = 1.847181e-04
Epoch   9400 (0.2%): Train pred MSE = 1.203455e-04, Test pred MSE = 1.726401e-02, Param MSE = 1.729539e-01, Grad norm = 2.966456e-04, Beta update rate = 1.768520e-04
Epoch   9600 (0.2%): Train pred MSE = 1.119039e-04, Test pred MSE = 1.724257e-02, Param MSE = 1.727408e-01, Grad norm = 2.845999e-04, Beta update rate = 1.694148e-04
Epoch   9800 (0.2%): Train pred MSE = 1.041302e-04, Test pred MSE = 1.722237e-02, Param MSE = 1.725401e-01, Grad norm = 2.731728e-04, Beta update rate = 1.623772e-04
Epoch  10000 (0.2%): Train pred MSE = 9.696495e-05, Test pred MSE = 1.720333e-02, Param MSE = 1.723508e-01, Grad norm = 2.623248e-04, Beta update rate = 1.557123e-04
Epoch  10200 (0.2%): Train pred MSE = 9.035455e-05, Test pred MSE = 1.718537e-02, Param MSE = 1.721723e-01, Grad norm = 2.520195e-04, Beta update rate = 1.493955e-04
Epoch  10400 (0.2%): Train pred MSE = 8.425069e-05, Test pred MSE = 1.716842e-02, Param MSE = 1.720037e-01, Grad norm = 2.422234e-04, Beta update rate = 1.434039e-04
Epoch  10600 (0.2%): Train pred MSE = 7.860978e-05, Test pred MSE = 1.715240e-02, Param MSE = 1.718445e-01, Grad norm = 2.329053e-04, Beta update rate = 1.377168e-04
Epoch  10800 (0.2%): Train pred MSE = 7.339241e-05, Test pred MSE = 1.713726e-02, Param MSE = 1.716940e-01, Grad norm = 2.240366e-04, Beta update rate = 1.323150e-04
Epoch  11000 (0.2%): Train pred MSE = 6.856290e-05, Test pred MSE = 1.712294e-02, Param MSE = 1.715516e-01, Grad norm = 2.155906e-04, Beta update rate = 1.271806e-04
Epoch  11200 (0.2%): Train pred MSE = 6.408896e-05, Test pred MSE = 1.710939e-02, Param MSE = 1.714169e-01, Grad norm = 2.075424e-04, Beta update rate = 1.222974e-04
Epoch  11400 (0.2%): Train pred MSE = 5.994128e-05, Test pred MSE = 1.709655e-02, Param MSE = 1.712893e-01, Grad norm = 1.998691e-04, Beta update rate = 1.176500e-04
Epoch  11600 (0.2%): Train pred MSE = 5.609322e-05, Test pred MSE = 1.708440e-02, Param MSE = 1.711684e-01, Grad norm = 1.925493e-04, Beta update rate = 1.132245e-04
Epoch  11800 (0.2%): Train pred MSE = 5.252060e-05, Test pred MSE = 1.707287e-02, Param MSE = 1.710538e-01, Grad norm = 1.855631e-04, Beta update rate = 1.090078e-04
Epoch  12000 (0.2%): Train pred MSE = 4.920139e-05, Test pred MSE = 1.706193e-02, Param MSE = 1.709450e-01, Grad norm = 1.788917e-04, Beta update rate = 1.049877e-04
Epoch  12200 (0.2%): Train pred MSE = 4.611552e-05, Test pred MSE = 1.705156e-02, Param MSE = 1.708419e-01, Grad norm = 1.725179e-04, Beta update rate = 1.011530e-04
Epoch  12400 (0.2%): Train pred MSE = 4.324469e-05, Test pred MSE = 1.704170e-02, Param MSE = 1.707439e-01, Grad norm = 1.664255e-04, Beta update rate = 9.749308e-05
Epoch  12600 (0.3%): Train pred MSE = 4.057220e-05, Test pred MSE = 1.703234e-02, Param MSE = 1.706508e-01, Grad norm = 1.605992e-04, Beta update rate = 9.399825e-05
Epoch  12800 (0.3%): Train pred MSE = 3.808278e-05, Test pred MSE = 1.702345e-02, Param MSE = 1.705623e-01, Grad norm = 1.550249e-04, Beta update rate = 9.065933e-05
Epoch  13000 (0.3%): Train pred MSE = 3.576247e-05, Test pred MSE = 1.701499e-02, Param MSE = 1.704781e-01, Grad norm = 1.496892e-04, Beta update rate = 8.746780e-05
Epoch  13200 (0.3%): Train pred MSE = 3.359850e-05, Test pred MSE = 1.700694e-02, Param MSE = 1.703981e-01, Grad norm = 1.445798e-04, Beta update rate = 8.441568e-05
Epoch  13400 (0.3%): Train pred MSE = 3.157916e-05, Test pred MSE = 1.699928e-02, Param MSE = 1.703219e-01, Grad norm = 1.396849e-04, Beta update rate = 8.149550e-05
Epoch  13600 (0.3%): Train pred MSE = 2.969371e-05, Test pred MSE = 1.699199e-02, Param MSE = 1.702494e-01, Grad norm = 1.349935e-04, Beta update rate = 7.870029e-05
Epoch  13800 (0.3%): Train pred MSE = 2.793229e-05, Test pred MSE = 1.698504e-02, Param MSE = 1.701803e-01, Grad norm = 1.304954e-04, Beta update rate = 7.602349e-05
Epoch  14000 (0.3%): Train pred MSE = 2.628587e-05, Test pred MSE = 1.697842e-02, Param MSE = 1.701144e-01, Grad norm = 1.261808e-04, Beta update rate = 7.345898e-05
Epoch  14200 (0.3%): Train pred MSE = 2.474612e-05, Test pred MSE = 1.697211e-02, Param MSE = 1.700516e-01, Grad norm = 1.220406e-04, Beta update rate = 7.100098e-05
Epoch  14400 (0.3%): Train pred MSE = 2.330538e-05, Test pred MSE = 1.696609e-02, Param MSE = 1.699917e-01, Grad norm = 1.180663e-04, Beta update rate = 6.864410e-05
Epoch  14600 (0.3%): Train pred MSE = 2.195663e-05, Test pred MSE = 1.696035e-02, Param MSE = 1.699346e-01, Grad norm = 1.142497e-04, Beta update rate = 6.638324e-05
Epoch  14800 (0.3%): Train pred MSE = 2.069335e-05, Test pred MSE = 1.695486e-02, Param MSE = 1.698800e-01, Grad norm = 1.105832e-04, Beta update rate = 6.421363e-05
Epoch  15000 (0.3%): Train pred MSE = 1.950958e-05, Test pred MSE = 1.694963e-02, Param MSE = 1.698279e-01, Grad norm = 1.070596e-04, Beta update rate = 6.213077e-05
Epoch  15200 (0.3%): Train pred MSE = 1.839979e-05, Test pred MSE = 1.694463e-02, Param MSE = 1.697782e-01, Grad norm = 1.036723e-04, Beta update rate = 6.013042e-05
Epoch  15400 (0.3%): Train pred MSE = 1.735887e-05, Test pred MSE = 1.693985e-02, Param MSE = 1.697307e-01, Grad norm = 1.004147e-04, Beta update rate = 5.820859e-05
Epoch  15600 (0.3%): Train pred MSE = 1.638214e-05, Test pred MSE = 1.693528e-02, Param MSE = 1.696852e-01, Grad norm = 9.728082e-05, Beta update rate = 5.636152e-05
Epoch  15800 (0.3%): Train pred MSE = 1.546522e-05, Test pred MSE = 1.693091e-02, Param MSE = 1.696418e-01, Grad norm = 9.426497e-05, Beta update rate = 5.458567e-05
Epoch  16000 (0.3%): Train pred MSE = 1.460409e-05, Test pred MSE = 1.692674e-02, Param MSE = 1.696002e-01, Grad norm = 9.136172e-05, Beta update rate = 5.287767e-05
Epoch  16200 (0.3%): Train pred MSE = 1.379502e-05, Test pred MSE = 1.692274e-02, Param MSE = 1.695605e-01, Grad norm = 8.856599e-05, Beta update rate = 5.123438e-05
Epoch  16400 (0.3%): Train pred MSE = 1.303456e-05, Test pred MSE = 1.691891e-02, Param MSE = 1.695224e-01, Grad norm = 8.587293e-05, Beta update rate = 4.965280e-05
Epoch  16600 (0.3%): Train pred MSE = 1.231950e-05, Test pred MSE = 1.691525e-02, Param MSE = 1.694859e-01, Grad norm = 8.327796e-05, Beta update rate = 4.813010e-05
Epoch  16800 (0.3%): Train pred MSE = 1.164688e-05, Test pred MSE = 1.691174e-02, Param MSE = 1.694510e-01, Grad norm = 8.077675e-05, Beta update rate = 4.666363e-05
Epoch  17000 (0.3%): Train pred MSE = 1.101394e-05, Test pred MSE = 1.690837e-02, Param MSE = 1.694176e-01, Grad norm = 7.836519e-05, Beta update rate = 4.525084e-05
Epoch  17200 (0.3%): Train pred MSE = 1.041811e-05, Test pred MSE = 1.690515e-02, Param MSE = 1.693856e-01, Grad norm = 7.603940e-05, Beta update rate = 4.388935e-05
Epoch  17400 (0.3%): Train pred MSE = 9.857034e-06, Test pred MSE = 1.690206e-02, Param MSE = 1.693548e-01, Grad norm = 7.379566e-05, Beta update rate = 4.257689e-05
Epoch  17600 (0.4%): Train pred MSE = 9.328487e-06, Test pred MSE = 1.689910e-02, Param MSE = 1.693254e-01, Grad norm = 7.163048e-05, Beta update rate = 4.131131e-05
Epoch  17800 (0.4%): Train pred MSE = 8.830417e-06, Test pred MSE = 1.689625e-02, Param MSE = 1.692971e-01, Grad norm = 6.954052e-05, Beta update rate = 4.009058e-05
Epoch  18000 (0.4%): Train pred MSE = 8.360909e-06, Test pred MSE = 1.689353e-02, Param MSE = 1.692700e-01, Grad norm = 6.752263e-05, Beta update rate = 3.891277e-05
Epoch  18200 (0.4%): Train pred MSE = 7.918183e-06, Test pred MSE = 1.689091e-02, Param MSE = 1.692440e-01, Grad norm = 6.557381e-05, Beta update rate = 3.777604e-05
Epoch  18400 (0.4%): Train pred MSE = 7.500579e-06, Test pred MSE = 1.688839e-02, Param MSE = 1.692190e-01, Grad norm = 6.369119e-05, Beta update rate = 3.667867e-05
Epoch  18600 (0.4%): Train pred MSE = 7.106549e-06, Test pred MSE = 1.688598e-02, Param MSE = 1.691950e-01, Grad norm = 6.187207e-05, Beta update rate = 3.561899e-05
Epoch  18800 (0.4%): Train pred MSE = 6.734650e-06, Test pred MSE = 1.688366e-02, Param MSE = 1.691720e-01, Grad norm = 6.011386e-05, Beta update rate = 3.459544e-05
Epoch  19000 (0.4%): Train pred MSE = 6.383536e-06, Test pred MSE = 1.688143e-02, Param MSE = 1.691499e-01, Grad norm = 5.841410e-05, Beta update rate = 3.360652e-05
Epoch  19200 (0.4%): Train pred MSE = 6.051950e-06, Test pred MSE = 1.687929e-02, Param MSE = 1.691286e-01, Grad norm = 5.677046e-05, Beta update rate = 3.265083e-05
Epoch  19400 (0.4%): Train pred MSE = 5.738718e-06, Test pred MSE = 1.687723e-02, Param MSE = 1.691081e-01, Grad norm = 5.518072e-05, Beta update rate = 3.172700e-05
Epoch  19600 (0.4%): Train pred MSE = 5.442744e-06, Test pred MSE = 1.687525e-02, Param MSE = 1.690885e-01, Grad norm = 5.364273e-05, Beta update rate = 3.083377e-05
Epoch  19800 (0.4%): Train pred MSE = 5.163001e-06, Test pred MSE = 1.687334e-02, Param MSE = 1.690696e-01, Grad norm = 5.215450e-05, Beta update rate = 2.996991e-05
Epoch  20000 (0.4%): Train pred MSE = 4.898531e-06, Test pred MSE = 1.687151e-02, Param MSE = 1.690514e-01, Grad norm = 5.071408e-05, Beta update rate = 2.913425e-05
Epoch  20200 (0.4%): Train pred MSE = 4.648436e-06, Test pred MSE = 1.686974e-02, Param MSE = 1.690339e-01, Grad norm = 4.931963e-05, Beta update rate = 2.832569e-05
Epoch  20400 (0.4%): Train pred MSE = 4.411876e-06, Test pred MSE = 1.686804e-02, Param MSE = 1.690170e-01, Grad norm = 4.796941e-05, Beta update rate = 2.754317e-05
Epoch  20600 (0.4%): Train pred MSE = 4.188065e-06, Test pred MSE = 1.686641e-02, Param MSE = 1.690008e-01, Grad norm = 4.666174e-05, Beta update rate = 2.678568e-05
Epoch  20800 (0.4%): Train pred MSE = 3.976265e-06, Test pred MSE = 1.686483e-02, Param MSE = 1.689852e-01, Grad norm = 4.539502e-05, Beta update rate = 2.605227e-05
Epoch  21000 (0.4%): Train pred MSE = 3.775785e-06, Test pred MSE = 1.686331e-02, Param MSE = 1.689702e-01, Grad norm = 4.416772e-05, Beta update rate = 2.534202e-05
Epoch  21200 (0.4%): Train pred MSE = 3.585978e-06, Test pred MSE = 1.686185e-02, Param MSE = 1.689557e-01, Grad norm = 4.297839e-05, Beta update rate = 2.465405e-05
Epoch  21400 (0.4%): Train pred MSE = 3.406236e-06, Test pred MSE = 1.686044e-02, Param MSE = 1.689417e-01, Grad norm = 4.182562e-05, Beta update rate = 2.398753e-05
Epoch  21600 (0.4%): Train pred MSE = 3.235989e-06, Test pred MSE = 1.685908e-02, Param MSE = 1.689283e-01, Grad norm = 4.070809e-05, Beta update rate = 2.334167e-05
Epoch  21800 (0.4%): Train pred MSE = 3.074701e-06, Test pred MSE = 1.685777e-02, Param MSE = 1.689153e-01, Grad norm = 3.962452e-05, Beta update rate = 2.271569e-05
Epoch  22000 (0.4%): Train pred MSE = 2.921869e-06, Test pred MSE = 1.685651e-02, Param MSE = 1.689028e-01, Grad norm = 3.857370e-05, Beta update rate = 2.210888e-05
Epoch  22200 (0.4%): Train pred MSE = 2.777022e-06, Test pred MSE = 1.685529e-02, Param MSE = 1.688908e-01, Grad norm = 3.755444e-05, Beta update rate = 2.152053e-05
Epoch  22400 (0.4%): Train pred MSE = 2.639715e-06, Test pred MSE = 1.685412e-02, Param MSE = 1.688791e-01, Grad norm = 3.656564e-05, Beta update rate = 2.094999e-05
Epoch  22600 (0.5%): Train pred MSE = 2.509531e-06, Test pred MSE = 1.685298e-02, Param MSE = 1.688679e-01, Grad norm = 3.560622e-05, Beta update rate = 2.039661e-05
Epoch  22800 (0.5%): Train pred MSE = 2.386078e-06, Test pred MSE = 1.685189e-02, Param MSE = 1.688571e-01, Grad norm = 3.467516e-05, Beta update rate = 1.985978e-05
Epoch  23000 (0.5%): Train pred MSE = 2.268986e-06, Test pred MSE = 1.685083e-02, Param MSE = 1.688466e-01, Grad norm = 3.377148e-05, Beta update rate = 1.933892e-05
Epoch  23200 (0.5%): Train pred MSE = 2.157908e-06, Test pred MSE = 1.684981e-02, Param MSE = 1.688365e-01, Grad norm = 3.289423e-05, Beta update rate = 1.883347e-05
Epoch  23400 (0.5%): Train pred MSE = 2.052517e-06, Test pred MSE = 1.684882e-02, Param MSE = 1.688268e-01, Grad norm = 3.204251e-05, Beta update rate = 1.834289e-05
Epoch  23600 (0.5%): Train pred MSE = 1.952504e-06, Test pred MSE = 1.684787e-02, Param MSE = 1.688174e-01, Grad norm = 3.121545e-05, Beta update rate = 1.786668e-05
Epoch  23800 (0.5%): Train pred MSE = 1.857580e-06, Test pred MSE = 1.684695e-02, Param MSE = 1.688083e-01, Grad norm = 3.041223e-05, Beta update rate = 1.740433e-05
Epoch  24000 (0.5%): Train pred MSE = 1.767471e-06, Test pred MSE = 1.684606e-02, Param MSE = 1.687995e-01, Grad norm = 2.963203e-05, Beta update rate = 1.695538e-05
Epoch  24200 (0.5%): Train pred MSE = 1.681920e-06, Test pred MSE = 1.684519e-02, Param MSE = 1.687910e-01, Grad norm = 2.887411e-05, Beta update rate = 1.651937e-05
Epoch  24400 (0.5%): Train pred MSE = 1.600682e-06, Test pred MSE = 1.684436e-02, Param MSE = 1.687828e-01, Grad norm = 2.813771e-05, Beta update rate = 1.609587e-05
Epoch  24600 (0.5%): Train pred MSE = 1.523530e-06, Test pred MSE = 1.684356e-02, Param MSE = 1.687749e-01, Grad norm = 2.742213e-05, Beta update rate = 1.568446e-05
Epoch  24800 (0.5%): Train pred MSE = 1.450247e-06, Test pred MSE = 1.684278e-02, Param MSE = 1.687673e-01, Grad norm = 2.672669e-05, Beta update rate = 1.528474e-05
Epoch  25000 (0.5%): Train pred MSE = 1.380628e-06, Test pred MSE = 1.684203e-02, Param MSE = 1.687598e-01, Grad norm = 2.605075e-05, Beta update rate = 1.489633e-05
Epoch  25200 (0.5%): Train pred MSE = 1.314482e-06, Test pred MSE = 1.684130e-02, Param MSE = 1.687527e-01, Grad norm = 2.539366e-05, Beta update rate = 1.451885e-05
Epoch  25400 (0.5%): Train pred MSE = 1.251626e-06, Test pred MSE = 1.684060e-02, Param MSE = 1.687457e-01, Grad norm = 2.475483e-05, Beta update rate = 1.415195e-05
Epoch  25600 (0.5%): Train pred MSE = 1.191890e-06, Test pred MSE = 1.683991e-02, Param MSE = 1.687390e-01, Grad norm = 2.413368e-05, Beta update rate = 1.379529e-05
Epoch  25800 (0.5%): Train pred MSE = 1.135109e-06, Test pred MSE = 1.683925e-02, Param MSE = 1.687325e-01, Grad norm = 2.352964e-05, Beta update rate = 1.344854e-05
Epoch  26000 (0.5%): Train pred MSE = 1.081132e-06, Test pred MSE = 1.683861e-02, Param MSE = 1.687263e-01, Grad norm = 2.294217e-05, Beta update rate = 1.311138e-05
Epoch  26200 (0.5%): Train pred MSE = 1.029814e-06, Test pred MSE = 1.683799e-02, Param MSE = 1.687202e-01, Grad norm = 2.237077e-05, Beta update rate = 1.278351e-05
Epoch  26400 (0.5%): Train pred MSE = 9.810165e-07, Test pred MSE = 1.683740e-02, Param MSE = 1.687143e-01, Grad norm = 2.181492e-05, Beta update rate = 1.246464e-05
Epoch  26600 (0.5%): Train pred MSE = 9.346114e-07, Test pred MSE = 1.683681e-02, Param MSE = 1.687086e-01, Grad norm = 2.127414e-05, Beta update rate = 1.215448e-05
Epoch  26800 (0.5%): Train pred MSE = 8.904760e-07, Test pred MSE = 1.683625e-02, Param MSE = 1.687031e-01, Grad norm = 2.074798e-05, Beta update rate = 1.185276e-05
Epoch  27000 (0.5%): Train pred MSE = 8.484943e-07, Test pred MSE = 1.683571e-02, Param MSE = 1.686977e-01, Grad norm = 2.023599e-05, Beta update rate = 1.155923e-05
Epoch  27200 (0.5%): Train pred MSE = 8.085567e-07, Test pred MSE = 1.683518e-02, Param MSE = 1.686925e-01, Grad norm = 1.973773e-05, Beta update rate = 1.127362e-05
Epoch  27400 (0.5%): Train pred MSE = 7.705596e-07, Test pred MSE = 1.683467e-02, Param MSE = 1.686875e-01, Grad norm = 1.925279e-05, Beta update rate = 1.099570e-05
Epoch  27600 (0.6%): Train pred MSE = 7.344047e-07, Test pred MSE = 1.683417e-02, Param MSE = 1.686827e-01, Grad norm = 1.878076e-05, Beta update rate = 1.072523e-05
Epoch  27800 (0.6%): Train pred MSE = 6.999992e-07, Test pred MSE = 1.683369e-02, Param MSE = 1.686779e-01, Grad norm = 1.832127e-05, Beta update rate = 1.046199e-05
Epoch  28000 (0.6%): Train pred MSE = 6.672549e-07, Test pred MSE = 1.683322e-02, Param MSE = 1.686734e-01, Grad norm = 1.787393e-05, Beta update rate = 1.020575e-05
Epoch  28200 (0.6%): Train pred MSE = 6.360885e-07, Test pred MSE = 1.683277e-02, Param MSE = 1.686689e-01, Grad norm = 1.743839e-05, Beta update rate = 9.956317e-06
Epoch  28400 (0.6%): Train pred MSE = 6.064210e-07, Test pred MSE = 1.683233e-02, Param MSE = 1.686646e-01, Grad norm = 1.701429e-05, Beta update rate = 9.713475e-06
Epoch  28600 (0.6%): Train pred MSE = 5.781777e-07, Test pred MSE = 1.683190e-02, Param MSE = 1.686605e-01, Grad norm = 1.660131e-05, Beta update rate = 9.477033e-06
Epoch  28800 (0.6%): Train pred MSE = 5.512875e-07, Test pred MSE = 1.683149e-02, Param MSE = 1.686564e-01, Grad norm = 1.619912e-05, Beta update rate = 9.246802e-06
Epoch  29000 (0.6%): Train pred MSE = 5.256832e-07, Test pred MSE = 1.683109e-02, Param MSE = 1.686525e-01, Grad norm = 1.580739e-05, Beta update rate = 9.022598e-06
Epoch  29200 (0.6%): Train pred MSE = 5.013012e-07, Test pred MSE = 1.683070e-02, Param MSE = 1.686487e-01, Grad norm = 1.542584e-05, Beta update rate = 8.804247e-06
Epoch  29400 (0.6%): Train pred MSE = 4.780810e-07, Test pred MSE = 1.683032e-02, Param MSE = 1.686450e-01, Grad norm = 1.505416e-05, Beta update rate = 8.591576e-06
Epoch  29600 (0.6%): Train pred MSE = 4.559653e-07, Test pred MSE = 1.682995e-02, Param MSE = 1.686414e-01, Grad norm = 1.469208e-05, Beta update rate = 8.384423e-06
Epoch  29800 (0.6%): Train pred MSE = 4.348998e-07, Test pred MSE = 1.682960e-02, Param MSE = 1.686380e-01, Grad norm = 1.433932e-05, Beta update rate = 8.182627e-06
Epoch  30000 (0.6%): Train pred MSE = 4.148329e-07, Test pred MSE = 1.682925e-02, Param MSE = 1.686346e-01, Grad norm = 1.399561e-05, Beta update rate = 7.986035e-06
Epoch  30200 (0.6%): Train pred MSE = 3.957156e-07, Test pred MSE = 1.682891e-02, Param MSE = 1.686313e-01, Grad norm = 1.366070e-05, Beta update rate = 7.794499e-06
Epoch  30400 (0.6%): Train pred MSE = 3.775017e-07, Test pred MSE = 1.682859e-02, Param MSE = 1.686281e-01, Grad norm = 1.333433e-05, Beta update rate = 7.607874e-06
Epoch  30600 (0.6%): Train pred MSE = 3.601469e-07, Test pred MSE = 1.682827e-02, Param MSE = 1.686250e-01, Grad norm = 1.301628e-05, Beta update rate = 7.426021e-06
Epoch  30800 (0.6%): Train pred MSE = 3.436095e-07, Test pred MSE = 1.682796e-02, Param MSE = 1.686221e-01, Grad norm = 1.270630e-05, Beta update rate = 7.248806e-06
Epoch  31000 (0.6%): Train pred MSE = 3.278498e-07, Test pred MSE = 1.682766e-02, Param MSE = 1.686191e-01, Grad norm = 1.240418e-05, Beta update rate = 7.076098e-06
Epoch  31200 (0.6%): Train pred MSE = 3.128301e-07, Test pred MSE = 1.682737e-02, Param MSE = 1.686163e-01, Grad norm = 1.210968e-05, Beta update rate = 6.907772e-06
Epoch  31400 (0.6%): Train pred MSE = 2.985146e-07, Test pred MSE = 1.682709e-02, Param MSE = 1.686136e-01, Grad norm = 1.182261e-05, Beta update rate = 6.743705e-06
Epoch  31600 (0.6%): Train pred MSE = 2.848692e-07, Test pred MSE = 1.682681e-02, Param MSE = 1.686109e-01, Grad norm = 1.154276e-05, Beta update rate = 6.583779e-06
Epoch  31800 (0.6%): Train pred MSE = 2.718618e-07, Test pred MSE = 1.682654e-02, Param MSE = 1.686083e-01, Grad norm = 1.126993e-05, Beta update rate = 6.427879e-06
Epoch  32000 (0.6%): Train pred MSE = 2.594615e-07, Test pred MSE = 1.682628e-02, Param MSE = 1.686058e-01, Grad norm = 1.100393e-05, Beta update rate = 6.275895e-06
Epoch  32200 (0.6%): Train pred MSE = 2.476394e-07, Test pred MSE = 1.682603e-02, Param MSE = 1.686033e-01, Grad norm = 1.074456e-05, Beta update rate = 6.127719e-06
Epoch  32400 (0.6%): Train pred MSE = 2.363675e-07, Test pred MSE = 1.682579e-02, Param MSE = 1.686009e-01, Grad norm = 1.049166e-05, Beta update rate = 5.983247e-06
Epoch  32600 (0.7%): Train pred MSE = 2.256198e-07, Test pred MSE = 1.682555e-02, Param MSE = 1.685986e-01, Grad norm = 1.024505e-05, Beta update rate = 5.842379e-06
Epoch  32800 (0.7%): Train pred MSE = 2.153710e-07, Test pred MSE = 1.682531e-02, Param MSE = 1.685964e-01, Grad norm = 1.000455e-05, Beta update rate = 5.705016e-06
Epoch  33000 (0.7%): Train pred MSE = 2.055974e-07, Test pred MSE = 1.682509e-02, Param MSE = 1.685942e-01, Grad norm = 9.770004e-06, Beta update rate = 5.571063e-06
Epoch  33200 (0.7%): Train pred MSE = 1.962764e-07, Test pred MSE = 1.682487e-02, Param MSE = 1.685920e-01, Grad norm = 9.541252e-06, Beta update rate = 5.440430e-06
Epoch  33400 (0.7%): Train pred MSE = 1.873865e-07, Test pred MSE = 1.682465e-02, Param MSE = 1.685900e-01, Grad norm = 9.318139e-06, Beta update rate = 5.313026e-06
Epoch  33600 (0.7%): Train pred MSE = 1.789073e-07, Test pred MSE = 1.682445e-02, Param MSE = 1.685880e-01, Grad norm = 9.100514e-06, Beta update rate = 5.188765e-06
Epoch  33800 (0.7%): Train pred MSE = 1.708193e-07, Test pred MSE = 1.682424e-02, Param MSE = 1.685860e-01, Grad norm = 8.888232e-06, Beta update rate = 5.067563e-06
Epoch  34000 (0.7%): Train pred MSE = 1.631040e-07, Test pred MSE = 1.682405e-02, Param MSE = 1.685841e-01, Grad norm = 8.681152e-06, Beta update rate = 4.949340e-06
Epoch  34200 (0.7%): Train pred MSE = 1.557437e-07, Test pred MSE = 1.682385e-02, Param MSE = 1.685822e-01, Grad norm = 8.479136e-06, Beta update rate = 4.834015e-06
Epoch  34400 (0.7%): Train pred MSE = 1.487219e-07, Test pred MSE = 1.682367e-02, Param MSE = 1.685804e-01, Grad norm = 8.282052e-06, Beta update rate = 4.721513e-06
Epoch  34600 (0.7%): Train pred MSE = 1.420225e-07, Test pred MSE = 1.682348e-02, Param MSE = 1.685787e-01, Grad norm = 8.089769e-06, Beta update rate = 4.611759e-06
Epoch  34800 (0.7%): Train pred MSE = 1.356304e-07, Test pred MSE = 1.682331e-02, Param MSE = 1.685770e-01, Grad norm = 7.902163e-06, Beta update rate = 4.504681e-06
Epoch  35000 (0.7%): Train pred MSE = 1.295312e-07, Test pred MSE = 1.682313e-02, Param MSE = 1.685753e-01, Grad norm = 7.719112e-06, Beta update rate = 4.400208e-06
Epoch  35200 (0.7%): Train pred MSE = 1.237111e-07, Test pred MSE = 1.682297e-02, Param MSE = 1.685737e-01, Grad norm = 7.540496e-06, Beta update rate = 4.298273e-06
Epoch  35400 (0.7%): Train pred MSE = 1.181571e-07, Test pred MSE = 1.682280e-02, Param MSE = 1.685721e-01, Grad norm = 7.366202e-06, Beta update rate = 4.198810e-06
Epoch  35600 (0.7%): Train pred MSE = 1.128568e-07, Test pred MSE = 1.682264e-02, Param MSE = 1.685706e-01, Grad norm = 7.196117e-06, Beta update rate = 4.101755e-06
Epoch  35800 (0.7%): Train pred MSE = 1.077983e-07, Test pred MSE = 1.682249e-02, Param MSE = 1.685691e-01, Grad norm = 7.030134e-06, Beta update rate = 4.007044e-06
Epoch  36000 (0.7%): Train pred MSE = 1.029703e-07, Test pred MSE = 1.682234e-02, Param MSE = 1.685676e-01, Grad norm = 6.868146e-06, Beta update rate = 3.914618e-06
Epoch  36200 (0.7%): Train pred MSE = 9.836213e-08, Test pred MSE = 1.682219e-02, Param MSE = 1.685662e-01, Grad norm = 6.710050e-06, Beta update rate = 3.824418e-06
Epoch  36400 (0.7%): Train pred MSE = 9.396358e-08, Test pred MSE = 1.682205e-02, Param MSE = 1.685648e-01, Grad norm = 6.555749e-06, Beta update rate = 3.736387e-06
Epoch  36600 (0.7%): Train pred MSE = 8.976489e-08, Test pred MSE = 1.682191e-02, Param MSE = 1.685635e-01, Grad norm = 6.405143e-06, Beta update rate = 3.650468e-06
Epoch  36800 (0.7%): Train pred MSE = 8.575682e-08, Test pred MSE = 1.682177e-02, Param MSE = 1.685622e-01, Grad norm = 6.258141e-06, Beta update rate = 3.566608e-06
Epoch  37000 (0.7%): Train pred MSE = 8.193052e-08, Test pred MSE = 1.682164e-02, Param MSE = 1.685609e-01, Grad norm = 6.114649e-06, Beta update rate = 3.484755e-06
Epoch  37200 (0.7%): Train pred MSE = 7.827760e-08, Test pred MSE = 1.682151e-02, Param MSE = 1.685597e-01, Grad norm = 5.974580e-06, Beta update rate = 3.404858e-06
Epoch  37400 (0.7%): Train pred MSE = 7.479004e-08, Test pred MSE = 1.682138e-02, Param MSE = 1.685585e-01, Grad norm = 5.837845e-06, Beta update rate = 3.326866e-06
Epoch  37600 (0.8%): Train pred MSE = 7.146021e-08, Test pred MSE = 1.682126e-02, Param MSE = 1.685573e-01, Grad norm = 5.704363e-06, Beta update rate = 3.250732e-06
Epoch  37800 (0.8%): Train pred MSE = 6.828085e-08, Test pred MSE = 1.682114e-02, Param MSE = 1.685561e-01, Grad norm = 5.574049e-06, Beta update rate = 3.176409e-06
Epoch  38000 (0.8%): Train pred MSE = 6.524503e-08, Test pred MSE = 1.682102e-02, Param MSE = 1.685550e-01, Grad norm = 5.446826e-06, Beta update rate = 3.103851e-06
Epoch  38200 (0.8%): Train pred MSE = 6.234615e-08, Test pred MSE = 1.682091e-02, Param MSE = 1.685539e-01, Grad norm = 5.322615e-06, Beta update rate = 3.033013e-06
Epoch  38400 (0.8%): Train pred MSE = 5.957791e-08, Test pred MSE = 1.682080e-02, Param MSE = 1.685529e-01, Grad norm = 5.201342e-06, Beta update rate = 2.963854e-06
Epoch  38600 (0.8%): Train pred MSE = 5.693434e-08, Test pred MSE = 1.682069e-02, Param MSE = 1.685518e-01, Grad norm = 5.082932e-06, Beta update rate = 2.896329e-06
Epoch  38800 (0.8%): Train pred MSE = 5.440971e-08, Test pred MSE = 1.682058e-02, Param MSE = 1.685508e-01, Grad norm = 4.967315e-06, Beta update rate = 2.830400e-06
Epoch  39000 (0.8%): Train pred MSE = 5.199857e-08, Test pred MSE = 1.682048e-02, Param MSE = 1.685498e-01, Grad norm = 4.854422e-06, Beta update rate = 2.766026e-06
Epoch  39200 (0.8%): Train pred MSE = 4.969575e-08, Test pred MSE = 1.682038e-02, Param MSE = 1.685489e-01, Grad norm = 4.744184e-06, Beta update rate = 2.703168e-06
Epoch  39400 (0.8%): Train pred MSE = 4.749628e-08, Test pred MSE = 1.682028e-02, Param MSE = 1.685479e-01, Grad norm = 4.636536e-06, Beta update rate = 2.641789e-06
Epoch  39600 (0.8%): Train pred MSE = 4.539546e-08, Test pred MSE = 1.682019e-02, Param MSE = 1.685470e-01, Grad norm = 4.531413e-06, Beta update rate = 2.581852e-06
Epoch  39800 (0.8%): Train pred MSE = 4.338878e-08, Test pred MSE = 1.682009e-02, Param MSE = 1.685461e-01, Grad norm = 4.428755e-06, Beta update rate = 2.523321e-06
Epoch  40000 (0.8%): Train pred MSE = 4.147197e-08, Test pred MSE = 1.682000e-02, Param MSE = 1.685453e-01, Grad norm = 4.328500e-06, Beta update rate = 2.466162e-06
Epoch  40200 (0.8%): Train pred MSE = 3.964091e-08, Test pred MSE = 1.681991e-02, Param MSE = 1.685444e-01, Grad norm = 4.230588e-06, Beta update rate = 2.410341e-06
Epoch  40400 (0.8%): Train pred MSE = 3.789173e-08, Test pred MSE = 1.681983e-02, Param MSE = 1.685436e-01, Grad norm = 4.134964e-06, Beta update rate = 2.355826e-06
Epoch  40600 (0.8%): Train pred MSE = 3.622071e-08, Test pred MSE = 1.681974e-02, Param MSE = 1.685428e-01, Grad norm = 4.041570e-06, Beta update rate = 2.302583e-06
Epoch  40800 (0.8%): Train pred MSE = 3.462428e-08, Test pred MSE = 1.681966e-02, Param MSE = 1.685420e-01, Grad norm = 3.950352e-06, Beta update rate = 2.250583e-06
Epoch  41000 (0.8%): Train pred MSE = 3.309908e-08, Test pred MSE = 1.681958e-02, Param MSE = 1.685412e-01, Grad norm = 3.861257e-06, Beta update rate = 2.199794e-06
Epoch  41200 (0.8%): Train pred MSE = 3.164188e-08, Test pred MSE = 1.681950e-02, Param MSE = 1.685405e-01, Grad norm = 3.774233e-06, Beta update rate = 2.150187e-06
Epoch  41400 (0.8%): Train pred MSE = 3.024960e-08, Test pred MSE = 1.681943e-02, Param MSE = 1.685398e-01, Grad norm = 3.689231e-06, Beta update rate = 2.101733e-06
Epoch  41600 (0.8%): Train pred MSE = 2.891931e-08, Test pred MSE = 1.681935e-02, Param MSE = 1.685391e-01, Grad norm = 3.606200e-06, Beta update rate = 2.054405e-06
Epoch  41800 (0.8%): Train pred MSE = 2.764820e-08, Test pred MSE = 1.681928e-02, Param MSE = 1.685384e-01, Grad norm = 3.525094e-06, Beta update rate = 2.008174e-06
Epoch  42000 (0.8%): Train pred MSE = 2.643360e-08, Test pred MSE = 1.681921e-02, Param MSE = 1.685377e-01, Grad norm = 3.445865e-06, Beta update rate = 1.963014e-06
Epoch  42200 (0.8%): Train pred MSE = 2.527298e-08, Test pred MSE = 1.681914e-02, Param MSE = 1.685370e-01, Grad norm = 3.368468e-06, Beta update rate = 1.918900e-06
Epoch  42400 (0.8%): Train pred MSE = 2.416388e-08, Test pred MSE = 1.681907e-02, Param MSE = 1.685364e-01, Grad norm = 3.292860e-06, Beta update rate = 1.875807e-06
Epoch  42600 (0.9%): Train pred MSE = 2.310400e-08, Test pred MSE = 1.681900e-02, Param MSE = 1.685358e-01, Grad norm = 3.218997e-06, Beta update rate = 1.833708e-06
Epoch  42800 (0.9%): Train pred MSE = 2.209113e-08, Test pred MSE = 1.681894e-02, Param MSE = 1.685351e-01, Grad norm = 3.146837e-06, Beta update rate = 1.792581e-06
Epoch  43000 (0.9%): Train pred MSE = 2.112314e-08, Test pred MSE = 1.681888e-02, Param MSE = 1.685345e-01, Grad norm = 3.076339e-06, Beta update rate = 1.752403e-06
Epoch  43200 (0.9%): Train pred MSE = 2.019802e-08, Test pred MSE = 1.681881e-02, Param MSE = 1.685340e-01, Grad norm = 3.007463e-06, Beta update rate = 1.713149e-06
Epoch  43400 (0.9%): Train pred MSE = 1.931385e-08, Test pred MSE = 1.681875e-02, Param MSE = 1.685334e-01, Grad norm = 2.940171e-06, Beta update rate = 1.674799e-06
Epoch  43600 (0.9%): Train pred MSE = 1.846879e-08, Test pred MSE = 1.681870e-02, Param MSE = 1.685328e-01, Grad norm = 2.874425e-06, Beta update rate = 1.637331e-06
Epoch  43800 (0.9%): Train pred MSE = 1.766110e-08, Test pred MSE = 1.681864e-02, Param MSE = 1.685323e-01, Grad norm = 2.810188e-06, Beta update rate = 1.600723e-06
Epoch  44000 (0.9%): Train pred MSE = 1.688908e-08, Test pred MSE = 1.681858e-02, Param MSE = 1.685318e-01, Grad norm = 2.747423e-06, Beta update rate = 1.564955e-06
Epoch  44200 (0.9%): Train pred MSE = 1.615116e-08, Test pred MSE = 1.681853e-02, Param MSE = 1.685313e-01, Grad norm = 2.686097e-06, Beta update rate = 1.530008e-06
Epoch  44400 (0.9%): Train pred MSE = 1.544581e-08, Test pred MSE = 1.681848e-02, Param MSE = 1.685307e-01, Grad norm = 2.626174e-06, Beta update rate = 1.495860e-06
Epoch  44600 (0.9%): Train pred MSE = 1.477157e-08, Test pred MSE = 1.681842e-02, Param MSE = 1.685303e-01, Grad norm = 2.567621e-06, Beta update rate = 1.462494e-06
Epoch  44800 (0.9%): Train pred MSE = 1.412704e-08, Test pred MSE = 1.681837e-02, Param MSE = 1.685298e-01, Grad norm = 2.510407e-06, Beta update rate = 1.429891e-06
Epoch  45000 (0.9%): Train pred MSE = 1.351092e-08, Test pred MSE = 1.681832e-02, Param MSE = 1.685293e-01, Grad norm = 2.454498e-06, Beta update rate = 1.398033e-06
Epoch  45200 (0.9%): Train pred MSE = 1.292192e-08, Test pred MSE = 1.681827e-02, Param MSE = 1.685288e-01, Grad norm = 2.399865e-06, Beta update rate = 1.366902e-06
Epoch  45400 (0.9%): Train pred MSE = 1.235885e-08, Test pred MSE = 1.681823e-02, Param MSE = 1.685284e-01, Grad norm = 2.346477e-06, Beta update rate = 1.336481e-06
Epoch  45600 (0.9%): Train pred MSE = 1.182054e-08, Test pred MSE = 1.681818e-02, Param MSE = 1.685280e-01, Grad norm = 2.294305e-06, Beta update rate = 1.306754e-06
Epoch  45800 (0.9%): Train pred MSE = 1.130590e-08, Test pred MSE = 1.681814e-02, Param MSE = 1.685275e-01, Grad norm = 2.243319e-06, Beta update rate = 1.277703e-06
Epoch  46000 (0.9%): Train pred MSE = 1.081387e-08, Test pred MSE = 1.681809e-02, Param MSE = 1.685271e-01, Grad norm = 2.193494e-06, Beta update rate = 1.249313e-06
Epoch  46200 (0.9%): Train pred MSE = 1.034345e-08, Test pred MSE = 1.681805e-02, Param MSE = 1.685267e-01, Grad norm = 2.144800e-06, Beta update rate = 1.221568e-06
Epoch  46400 (0.9%): Train pred MSE = 9.893682e-09, Test pred MSE = 1.681801e-02, Param MSE = 1.685263e-01, Grad norm = 2.097212e-06, Beta update rate = 1.194454e-06
Epoch  46600 (0.9%): Train pred MSE = 9.463643e-09, Test pred MSE = 1.681797e-02, Param MSE = 1.685259e-01, Grad norm = 2.050703e-06, Beta update rate = 1.167955e-06
Epoch  46800 (0.9%): Train pred MSE = 9.052462e-09, Test pred MSE = 1.681793e-02, Param MSE = 1.685256e-01, Grad norm = 2.005248e-06, Beta update rate = 1.142057e-06
Epoch  47000 (0.9%): Train pred MSE = 8.659302e-09, Test pred MSE = 1.681789e-02, Param MSE = 1.685252e-01, Grad norm = 1.960823e-06, Beta update rate = 1.116747e-06
Epoch  47200 (0.9%): Train pred MSE = 8.283366e-09, Test pred MSE = 1.681785e-02, Param MSE = 1.685248e-01, Grad norm = 1.917404e-06, Beta update rate = 1.092009e-06
Epoch  47400 (0.9%): Train pred MSE = 7.923890e-09, Test pred MSE = 1.681781e-02, Param MSE = 1.685245e-01, Grad norm = 1.874966e-06, Beta update rate = 1.067831e-06
Epoch  47600 (1.0%): Train pred MSE = 7.580146e-09, Test pred MSE = 1.681777e-02, Param MSE = 1.685241e-01, Grad norm = 1.833488e-06, Beta update rate = 1.044200e-06
Epoch  47800 (1.0%): Train pred MSE = 7.251440e-09, Test pred MSE = 1.681774e-02, Param MSE = 1.685238e-01, Grad norm = 1.792947e-06, Beta update rate = 1.021103e-06
Epoch  48000 (1.0%): Train pred MSE = 6.937106e-09, Test pred MSE = 1.681770e-02, Param MSE = 1.685235e-01, Grad norm = 1.753320e-06, Beta update rate = 9.985273e-07
Epoch  48200 (1.0%): Train pred MSE = 6.636510e-09, Test pred MSE = 1.681767e-02, Param MSE = 1.685231e-01, Grad norm = 1.714588e-06, Beta update rate = 9.764612e-07
Epoch  48400 (1.0%): Train pred MSE = 6.349045e-09, Test pred MSE = 1.681764e-02, Param MSE = 1.685228e-01, Grad norm = 1.676728e-06, Beta update rate = 9.548927e-07
Epoch  48600 (1.0%): Train pred MSE = 6.074132e-09, Test pred MSE = 1.681760e-02, Param MSE = 1.685225e-01, Grad norm = 1.639721e-06, Beta update rate = 9.338103e-07
Epoch  48800 (1.0%): Train pred MSE = 5.811217e-09, Test pred MSE = 1.681757e-02, Param MSE = 1.685222e-01, Grad norm = 1.603547e-06, Beta update rate = 9.132026e-07
Epoch  49000 (1.0%): Train pred MSE = 5.559773e-09, Test pred MSE = 1.681754e-02, Param MSE = 1.685219e-01, Grad norm = 1.568187e-06, Beta update rate = 8.930587e-07
Epoch  49200 (1.0%): Train pred MSE = 5.319293e-09, Test pred MSE = 1.681751e-02, Param MSE = 1.685216e-01, Grad norm = 1.533622e-06, Beta update rate = 8.733679e-07
Epoch  49400 (1.0%): Train pred MSE = 5.089295e-09, Test pred MSE = 1.681748e-02, Param MSE = 1.685214e-01, Grad norm = 1.499833e-06, Beta update rate = 8.541196e-07
Epoch  49600 (1.0%): Train pred MSE = 4.869318e-09, Test pred MSE = 1.681745e-02, Param MSE = 1.685211e-01, Grad norm = 1.466803e-06, Beta update rate = 8.353037e-07
Epoch  49800 (1.0%): Train pred MSE = 4.658921e-09, Test pred MSE = 1.681742e-02, Param MSE = 1.685208e-01, Grad norm = 1.434514e-06, Beta update rate = 8.169101e-07
Epoch  50000 (1.0%): Train pred MSE = 4.457683e-09, Test pred MSE = 1.681740e-02, Param MSE = 1.685206e-01, Grad norm = 1.402949e-06, Beta update rate = 7.989292e-07
Epoch  50200 (1.0%): Train pred MSE = 4.265202e-09, Test pred MSE = 1.681737e-02, Param MSE = 1.685203e-01, Grad norm = 1.372091e-06, Beta update rate = 7.813514e-07
Epoch  50400 (1.0%): Train pred MSE = 4.081094e-09, Test pred MSE = 1.681734e-02, Param MSE = 1.685201e-01, Grad norm = 1.341925e-06, Beta update rate = 7.641674e-07
Epoch  50600 (1.0%): Train pred MSE = 3.904990e-09, Test pred MSE = 1.681732e-02, Param MSE = 1.685198e-01, Grad norm = 1.312433e-06, Beta update rate = 7.473683e-07
Epoch  50800 (1.0%): Train pred MSE = 3.736541e-09, Test pred MSE = 1.681729e-02, Param MSE = 1.685196e-01, Grad norm = 1.283602e-06, Beta update rate = 7.309450e-07
Epoch  51000 (1.0%): Train pred MSE = 3.575409e-09, Test pred MSE = 1.681727e-02, Param MSE = 1.685194e-01, Grad norm = 1.255415e-06, Beta update rate = 7.148891e-07
Epoch  51200 (1.0%): Train pred MSE = 3.421275e-09, Test pred MSE = 1.681724e-02, Param MSE = 1.685191e-01, Grad norm = 1.227858e-06, Beta update rate = 6.991921e-07
Epoch  51400 (1.0%): Train pred MSE = 3.273833e-09, Test pred MSE = 1.681722e-02, Param MSE = 1.685189e-01, Grad norm = 1.200916e-06, Beta update rate = 6.838458e-07
Epoch  51600 (1.0%): Train pred MSE = 3.132788e-09, Test pred MSE = 1.681720e-02, Param MSE = 1.685187e-01, Grad norm = 1.174575e-06, Beta update rate = 6.688421e-07
Epoch  51800 (1.0%): Train pred MSE = 2.997862e-09, Test pred MSE = 1.681717e-02, Param MSE = 1.685185e-01, Grad norm = 1.148822e-06, Beta update rate = 6.541733e-07
Epoch  52000 (1.0%): Train pred MSE = 2.868786e-09, Test pred MSE = 1.681715e-02, Param MSE = 1.685183e-01, Grad norm = 1.123643e-06, Beta update rate = 6.398316e-07
Epoch  52200 (1.0%): Train pred MSE = 2.745306e-09, Test pred MSE = 1.681713e-02, Param MSE = 1.685181e-01, Grad norm = 1.099025e-06, Beta update rate = 6.258095e-07
Epoch  52400 (1.0%): Train pred MSE = 2.627176e-09, Test pred MSE = 1.681711e-02, Param MSE = 1.685179e-01, Grad norm = 1.074956e-06, Beta update rate = 6.120999e-07
Epoch  52600 (1.1%): Train pred MSE = 2.514162e-09, Test pred MSE = 1.681709e-02, Param MSE = 1.685177e-01, Grad norm = 1.051422e-06, Beta update rate = 5.986955e-07
Epoch  52800 (1.1%): Train pred MSE = 2.406042e-09, Test pred MSE = 1.681707e-02, Param MSE = 1.685175e-01, Grad norm = 1.028412e-06, Beta update rate = 5.855894e-07
Epoch  53000 (1.1%): Train pred MSE = 2.302601e-09, Test pred MSE = 1.681705e-02, Param MSE = 1.685173e-01, Grad norm = 1.005913e-06, Beta update rate = 5.727749e-07
Epoch  53200 (1.1%): Train pred MSE = 2.203637e-09, Test pred MSE = 1.681703e-02, Param MSE = 1.685171e-01, Grad norm = 9.839145e-07, Beta update rate = 5.602452e-07
Epoch  53400 (1.1%): Train pred MSE = 2.108952e-09, Test pred MSE = 1.681701e-02, Param MSE = 1.685170e-01, Grad norm = 9.624045e-07, Beta update rate = 5.479940e-07
Epoch  53600 (1.1%): Train pred MSE = 2.018362e-09, Test pred MSE = 1.681699e-02, Param MSE = 1.685168e-01, Grad norm = 9.413720e-07, Beta update rate = 5.360148e-07
Epoch  53800 (1.1%): Train pred MSE = 1.931687e-09, Test pred MSE = 1.681697e-02, Param MSE = 1.685166e-01, Grad norm = 9.208063e-07, Beta update rate = 5.243016e-07
Epoch  54000 (1.1%): Train pred MSE = 1.848758e-09, Test pred MSE = 1.681696e-02, Param MSE = 1.685165e-01, Grad norm = 9.006967e-07, Beta update rate = 5.128482e-07
Epoch  54200 (1.1%): Train pred MSE = 1.769410e-09, Test pred MSE = 1.681694e-02, Param MSE = 1.685163e-01, Grad norm = 8.810329e-07, Beta update rate = 5.016488e-07
Epoch  54400 (1.1%): Train pred MSE = 1.693489e-09, Test pred MSE = 1.681692e-02, Param MSE = 1.685161e-01, Grad norm = 8.618047e-07, Beta update rate = 4.906977e-07
Epoch  54600 (1.1%): Train pred MSE = 1.620845e-09, Test pred MSE = 1.681691e-02, Param MSE = 1.685160e-01, Grad norm = 8.430025e-07, Beta update rate = 4.799892e-07
Epoch  54800 (1.1%): Train pred MSE = 1.551335e-09, Test pred MSE = 1.681689e-02, Param MSE = 1.685158e-01, Grad norm = 8.246164e-07, Beta update rate = 4.695178e-07
Epoch  55000 (1.1%): Train pred MSE = 1.484824e-09, Test pred MSE = 1.681687e-02, Param MSE = 1.685157e-01, Grad norm = 8.066372e-07, Beta update rate = 4.592782e-07
Epoch  55200 (1.1%): Train pred MSE = 1.421182e-09, Test pred MSE = 1.681686e-02, Param MSE = 1.685155e-01, Grad norm = 7.890556e-07, Beta update rate = 4.492651e-07
Epoch  55400 (1.1%): Train pred MSE = 1.360282e-09, Test pred MSE = 1.681684e-02, Param MSE = 1.685154e-01, Grad norm = 7.718627e-07, Beta update rate = 4.394734e-07
Epoch  55600 (1.1%): Train pred MSE = 1.302008e-09, Test pred MSE = 1.681683e-02, Param MSE = 1.685153e-01, Grad norm = 7.550497e-07, Beta update rate = 4.298982e-07
Epoch  55800 (1.1%): Train pred MSE = 1.246244e-09, Test pred MSE = 1.681682e-02, Param MSE = 1.685151e-01, Grad norm = 7.386080e-07, Beta update rate = 4.205345e-07
Epoch  56000 (1.1%): Train pred MSE = 1.192882e-09, Test pred MSE = 1.681680e-02, Param MSE = 1.685150e-01, Grad norm = 7.225293e-07, Beta update rate = 4.113776e-07
Epoch  56200 (1.1%): Train pred MSE = 1.141818e-09, Test pred MSE = 1.681679e-02, Param MSE = 1.685149e-01, Grad norm = 7.068054e-07, Beta update rate = 4.024229e-07
Epoch  56400 (1.1%): Train pred MSE = 1.092951e-09, Test pred MSE = 1.681677e-02, Param MSE = 1.685148e-01, Grad norm = 6.914283e-07, Beta update rate = 3.936657e-07
Epoch  56600 (1.1%): Train pred MSE = 1.046188e-09, Test pred MSE = 1.681676e-02, Param MSE = 1.685146e-01, Grad norm = 6.763903e-07, Beta update rate = 3.851017e-07
Epoch  56800 (1.1%): Train pred MSE = 1.001436e-09, Test pred MSE = 1.681675e-02, Param MSE = 1.685145e-01, Grad norm = 6.616837e-07, Beta update rate = 3.767264e-07
Epoch  57000 (1.1%): Train pred MSE = 9.586088e-10, Test pred MSE = 1.681674e-02, Param MSE = 1.685144e-01, Grad norm = 6.473011e-07, Beta update rate = 3.685357e-07
Epoch  57200 (1.1%): Train pred MSE = 9.176230e-10, Test pred MSE = 1.681672e-02, Param MSE = 1.685143e-01, Grad norm = 6.332352e-07, Beta update rate = 3.605255e-07
Epoch  57400 (1.1%): Train pred MSE = 8.783987e-10, Test pred MSE = 1.681671e-02, Param MSE = 1.685142e-01, Grad norm = 6.194789e-07, Beta update rate = 3.526916e-07
Epoch  57600 (1.2%): Train pred MSE = 8.408600e-10, Test pred MSE = 1.681670e-02, Param MSE = 1.685141e-01, Grad norm = 6.060252e-07, Beta update rate = 3.450301e-07
Epoch  57800 (1.2%): Train pred MSE = 8.049338e-10, Test pred MSE = 1.681669e-02, Param MSE = 1.685140e-01, Grad norm = 5.928675e-07, Beta update rate = 3.375372e-07
Epoch  58000 (1.2%): Train pred MSE = 7.705504e-10, Test pred MSE = 1.681668e-02, Param MSE = 1.685138e-01, Grad norm = 5.799990e-07, Beta update rate = 3.302091e-07
Epoch  58200 (1.2%): Train pred MSE = 7.376433e-10, Test pred MSE = 1.681667e-02, Param MSE = 1.685137e-01, Grad norm = 5.674134e-07, Beta update rate = 3.230420e-07
Epoch  58400 (1.2%): Train pred MSE = 7.061487e-10, Test pred MSE = 1.681666e-02, Param MSE = 1.685136e-01, Grad norm = 5.551042e-07, Beta update rate = 3.160325e-07
Epoch  58600 (1.2%): Train pred MSE = 6.760054e-10, Test pred MSE = 1.681665e-02, Param MSE = 1.685135e-01, Grad norm = 5.430653e-07, Beta update rate = 3.091769e-07
Epoch  58800 (1.2%): Train pred MSE = 6.471553e-10, Test pred MSE = 1.681663e-02, Param MSE = 1.685135e-01, Grad norm = 5.312907e-07, Beta update rate = 3.024718e-07
Epoch  59000 (1.2%): Train pred MSE = 6.195426e-10, Test pred MSE = 1.681662e-02, Param MSE = 1.685134e-01, Grad norm = 5.197745e-07, Beta update rate = 2.959139e-07
Epoch  59200 (1.2%): Train pred MSE = 5.931137e-10, Test pred MSE = 1.681661e-02, Param MSE = 1.685133e-01, Grad norm = 5.085108e-07, Beta update rate = 2.894999e-07
Epoch  59400 (1.2%): Train pred MSE = 5.678178e-10, Test pred MSE = 1.681661e-02, Param MSE = 1.685132e-01, Grad norm = 4.974941e-07, Beta update rate = 2.832266e-07
Epoch  59600 (1.2%): Train pred MSE = 5.436059e-10, Test pred MSE = 1.681660e-02, Param MSE = 1.685131e-01, Grad norm = 4.867189e-07, Beta update rate = 2.770908e-07
Epoch  59800 (1.2%): Train pred MSE = 5.204313e-10, Test pred MSE = 1.681659e-02, Param MSE = 1.685130e-01, Grad norm = 4.761798e-07, Beta update rate = 2.710895e-07
Epoch  60000 (1.2%): Train pred MSE = 4.982493e-10, Test pred MSE = 1.681658e-02, Param MSE = 1.685129e-01, Grad norm = 4.658715e-07, Beta update rate = 2.652196e-07
Epoch  60200 (1.2%): Train pred MSE = 4.770172e-10, Test pred MSE = 1.681657e-02, Param MSE = 1.685128e-01, Grad norm = 4.557889e-07, Beta update rate = 2.594784e-07
Epoch  60400 (1.2%): Train pred MSE = 4.566941e-10, Test pred MSE = 1.681656e-02, Param MSE = 1.685128e-01, Grad norm = 4.459270e-07, Beta update rate = 2.538628e-07
Epoch  60600 (1.2%): Train pred MSE = 4.372408e-10, Test pred MSE = 1.681655e-02, Param MSE = 1.685127e-01, Grad norm = 4.362809e-07, Beta update rate = 2.483701e-07
Epoch  60800 (1.2%): Train pred MSE = 4.186199e-10, Test pred MSE = 1.681654e-02, Param MSE = 1.685126e-01, Grad norm = 4.268457e-07, Beta update rate = 2.429976e-07
Epoch  61000 (1.2%): Train pred MSE = 4.007956e-10, Test pred MSE = 1.681654e-02, Param MSE = 1.685125e-01, Grad norm = 4.176169e-07, Beta update rate = 2.377425e-07
Epoch  61200 (1.2%): Train pred MSE = 3.837337e-10, Test pred MSE = 1.681653e-02, Param MSE = 1.685125e-01, Grad norm = 4.085897e-07, Beta update rate = 2.326024e-07
Epoch  61400 (1.2%): Train pred MSE = 3.674013e-10, Test pred MSE = 1.681652e-02, Param MSE = 1.685124e-01, Grad norm = 3.997598e-07, Beta update rate = 2.275746e-07
Epoch  61600 (1.2%): Train pred MSE = 3.517671e-10, Test pred MSE = 1.681651e-02, Param MSE = 1.685123e-01, Grad norm = 3.911227e-07, Beta update rate = 2.226566e-07
Epoch  61800 (1.2%): Train pred MSE = 3.368011e-10, Test pred MSE = 1.681651e-02, Param MSE = 1.685123e-01, Grad norm = 3.826743e-07, Beta update rate = 2.178461e-07
Epoch  62000 (1.2%): Train pred MSE = 3.224746e-10, Test pred MSE = 1.681650e-02, Param MSE = 1.685122e-01, Grad norm = 3.744102e-07, Beta update rate = 2.131406e-07
Epoch  62200 (1.2%): Train pred MSE = 3.087602e-10, Test pred MSE = 1.681649e-02, Param MSE = 1.685121e-01, Grad norm = 3.663265e-07, Beta update rate = 2.085378e-07
Epoch  62400 (1.2%): Train pred MSE = 2.956314e-10, Test pred MSE = 1.681648e-02, Param MSE = 1.685121e-01, Grad norm = 3.584191e-07, Beta update rate = 2.040354e-07
Epoch  62600 (1.3%): Train pred MSE = 2.830633e-10, Test pred MSE = 1.681648e-02, Param MSE = 1.685120e-01, Grad norm = 3.506842e-07, Beta update rate = 1.996313e-07
Epoch  62800 (1.3%): Train pred MSE = 2.710317e-10, Test pred MSE = 1.681647e-02, Param MSE = 1.685119e-01, Grad norm = 3.431178e-07, Beta update rate = 1.953231e-07
Epoch  63000 (1.3%): Train pred MSE = 2.595137e-10, Test pred MSE = 1.681646e-02, Param MSE = 1.685119e-01, Grad norm = 3.357164e-07, Beta update rate = 1.911089e-07
Epoch  63200 (1.3%): Train pred MSE = 2.484871e-10, Test pred MSE = 1.681646e-02, Param MSE = 1.685118e-01, Grad norm = 3.284762e-07, Beta update rate = 1.869865e-07
Epoch  63400 (1.3%): Train pred MSE = 2.379310e-10, Test pred MSE = 1.681645e-02, Param MSE = 1.685118e-01, Grad norm = 3.213937e-07, Beta update rate = 1.829540e-07
Epoch  63600 (1.3%): Train pred MSE = 2.278252e-10, Test pred MSE = 1.681645e-02, Param MSE = 1.685117e-01, Grad norm = 3.144655e-07, Beta update rate = 1.790092e-07
Epoch  63800 (1.3%): Train pred MSE = 2.181503e-10, Test pred MSE = 1.681644e-02, Param MSE = 1.685116e-01, Grad norm = 3.076880e-07, Beta update rate = 1.751504e-07
Epoch  64000 (1.3%): Train pred MSE = 2.088878e-10, Test pred MSE = 1.681643e-02, Param MSE = 1.685116e-01, Grad norm = 3.010580e-07, Beta update rate = 1.713755e-07
Epoch  64200 (1.3%): Train pred MSE = 2.000203e-10, Test pred MSE = 1.681643e-02, Param MSE = 1.685115e-01, Grad norm = 2.945723e-07, Beta update rate = 1.676828e-07
Epoch  64400 (1.3%): Train pred MSE = 1.915306e-10, Test pred MSE = 1.681642e-02, Param MSE = 1.685115e-01, Grad norm = 2.882275e-07, Beta update rate = 1.640704e-07
Epoch  64600 (1.3%): Train pred MSE = 1.834027e-10, Test pred MSE = 1.681642e-02, Param MSE = 1.685114e-01, Grad norm = 2.820208e-07, Beta update rate = 1.605365e-07
Epoch  64800 (1.3%): Train pred MSE = 1.756210e-10, Test pred MSE = 1.681641e-02, Param MSE = 1.685114e-01, Grad norm = 2.759489e-07, Beta update rate = 1.570795e-07
Epoch  65000 (1.3%): Train pred MSE = 1.681708e-10, Test pred MSE = 1.681641e-02, Param MSE = 1.685113e-01, Grad norm = 2.700090e-07, Beta update rate = 1.536976e-07
Epoch  65200 (1.3%): Train pred MSE = 1.610378e-10, Test pred MSE = 1.681640e-02, Param MSE = 1.685113e-01, Grad norm = 2.641981e-07, Beta update rate = 1.503892e-07
Epoch  65400 (1.3%): Train pred MSE = 1.542085e-10, Test pred MSE = 1.681640e-02, Param MSE = 1.685112e-01, Grad norm = 2.585134e-07, Beta update rate = 1.471527e-07
Epoch  65600 (1.3%): Train pred MSE = 1.476699e-10, Test pred MSE = 1.681639e-02, Param MSE = 1.685112e-01, Grad norm = 2.529521e-07, Beta update rate = 1.439865e-07
Epoch  65800 (1.3%): Train pred MSE = 1.414096e-10, Test pred MSE = 1.681639e-02, Param MSE = 1.685112e-01, Grad norm = 2.475116e-07, Beta update rate = 1.408889e-07
Epoch  66000 (1.3%): Train pred MSE = 1.354156e-10, Test pred MSE = 1.681638e-02, Param MSE = 1.685111e-01, Grad norm = 2.421891e-07, Beta update rate = 1.378587e-07
Epoch  66200 (1.3%): Train pred MSE = 1.296767e-10, Test pred MSE = 1.681638e-02, Param MSE = 1.685111e-01, Grad norm = 2.369820e-07, Beta update rate = 1.348941e-07
Epoch  66400 (1.3%): Train pred MSE = 1.241818e-10, Test pred MSE = 1.681637e-02, Param MSE = 1.685110e-01, Grad norm = 2.318879e-07, Beta update rate = 1.319939e-07
Epoch  66600 (1.3%): Train pred MSE = 1.189206e-10, Test pred MSE = 1.681637e-02, Param MSE = 1.685110e-01, Grad norm = 2.269042e-07, Beta update rate = 1.291566e-07
Epoch  66800 (1.3%): Train pred MSE = 1.138831e-10, Test pred MSE = 1.681637e-02, Param MSE = 1.685110e-01, Grad norm = 2.220286e-07, Beta update rate = 1.263808e-07
Epoch  67000 (1.3%): Train pred MSE = 1.090598e-10, Test pred MSE = 1.681636e-02, Param MSE = 1.685109e-01, Grad norm = 2.172586e-07, Beta update rate = 1.236652e-07
Epoch  67200 (1.3%): Train pred MSE = 1.044414e-10, Test pred MSE = 1.681636e-02, Param MSE = 1.685109e-01, Grad norm = 2.125919e-07, Beta update rate = 1.210084e-07
Epoch  67400 (1.3%): Train pred MSE = 1.000193e-10, Test pred MSE = 1.681635e-02, Param MSE = 1.685108e-01, Grad norm = 2.080264e-07, Beta update rate = 1.184091e-07
Epoch  67600 (1.4%): Train pred MSE = 9.578511e-11, Test pred MSE = 1.681635e-02, Param MSE = 1.685108e-01, Grad norm = 2.035597e-07, Beta update rate = 1.158662e-07

Training completed at epoch 67600
Stop reason: train_pred_mse
Final Train pred MSE = 9.578511e-11
Final Test pred MSE = 1.681635e-02
Final Param MSE = 1.685108e-01
Final Grad norm = 2.035597e-07
Final Beta update rate = 1.158662e-07
Success flag: True (train_pred_mse < 1.00e-10)
Results metadata saved to results/diagonal/step1_mixture/pi_A=0.10--alpha=0.600000--seed=0/results_meta.json
Saved c_vec to results/diagonal/step1_mixture/pi_A=0.10--alpha=0.600000--seed=0/c_vec.npy

Results saved to results/diagonal/step1_mixture/pi_A=0.10--alpha=0.600000--seed=0/
Total jobs in this sweep: 108
Pi_A values: [0.1, 0.5, 0.9]
Alpha values: [0.05, 0.1, 0.2, 0.25, 0.3, 0.4, 0.5, 0.6, 0.7, 0.8, 0.9, 1.0]
Seeds: [0, 1, 2]
================================================================================
Step 1 Mixture Sweep - Experiment Parameters:
================================================================================
  c: 0.001
  c_A: 0.001
  c_B: 0.5
  c_mode: mixture
  epochs: 5000000
  init_method: complex
  inp_dim: 1000
  lmda: 0.0
  lr: 0.5
  n_test: 10000
  n_train: 600
  no_tuning: True
  pi_A: 0.1
  rho: 0.04
  save_folder: results/diagonal/step1_mixture/pi_A=0.10--alpha=0.600000--seed=0/
  scaling: 1.0
  seed: 0
  test_every_n_epochs: 200
  threshold: 1e-12
================================================================================

Running training script...

Extracting results and saving to CSV...
Results appended to /home/na658/multi-task2/experiment_results_step1_mixture.csv

✓ Experiment 21 completed successfully
[SLURM] Job 20446003 task 21 finished
