[SLURM] Job 20446281 task 40 starting on cpu-q-47
[SLURM] Step 3 Omega Sweep (PT+FT Oracle)
[SLURM] Using Python: /home/na658/.conda/envs/mtl_ft/bin/python
Starting PT+FT Oracle experiment...

================================================================================
STEP 3: PT+FT ORACLE EXPERIMENT
================================================================================

================================================================================
EXPERIMENT SETTINGS
================================================================================
Seed: 1
Input dimension: 1000
PT support fraction (rho_pt): 0.1
FT sparsity (rho_ft): 0.04
Overlap (omega): 0.5
PT amplitude (a_pt): 1.0
PT c parameter (c_pt): 0.001
PT lambda (lambda_pt): 0.0
Gamma reinit: 0.0
Training samples (FT): 100
Test samples: 10000
Learning rate: 0.5
Max epochs: 5000000
Save folder: results/diagonal/step3_omega/omega=0.50--alpha=0.100000--seed=1/
================================================================================

Sampling PT teacher (oracle)...
  PT support size: 100 / 1000 = 0.1000

Sampling FT teacher with overlap...
  FT support size: 40 / 1000 = 0.0400
  Overlap: 20 / 40 = 0.5000 (target: 0.5)

  Coordinate groups:
    OV (both):     20
    NEW (FT only): 20
    PTONLY:        80
    NONE:          880

Computing c_ft from Cosyne formula...

  c_ft statistics by group:
    OV:     mean=1.001000, range=[1.001000, 1.001000]
    NEW:    mean=0.002000 (beta_pt=0 -> baseline c_ft)
    PTONLY: mean=1.001000
    NONE:   mean=0.002000

Sampling FT data...

Initializing DiagonalNet with per-coordinate c_ft...
Per-coordinate c init: c_vec range [0.002000, 1.001000]

Training on FT data...

Starting training loop (max 5000000 epochs, threshold=1.00e-12)...
Epoch      0 (0.0%): Train pred MSE = 1.310049e+01, Test pred MSE = 1.013540e-01, Param MSE = 1.003744e+00, Grad norm = 1.249960e+00, Beta update rate = nan
Epoch    200 (0.0%): Train pred MSE = 2.921257e-02, Test pred MSE = 8.018274e-02, Param MSE = 7.896691e-01, Grad norm = 3.360394e-02, Beta update rate = 1.406479e-01
Epoch    400 (0.0%): Train pred MSE = 1.392514e-03, Test pred MSE = 8.092411e-02, Param MSE = 7.980402e-01, Grad norm = 5.987685e-03, Beta update rate = 8.681698e-03
Epoch    600 (0.0%): Train pred MSE = 1.270866e-04, Test pred MSE = 8.116348e-02, Param MSE = 8.005492e-01, Grad norm = 1.712007e-03, Beta update rate = 1.951228e-03
Epoch    800 (0.0%): Train pred MSE = 1.382854e-05, Test pred MSE = 8.121901e-02, Param MSE = 8.011245e-01, Grad norm = 5.490295e-04, Beta update rate = 5.691889e-04
Epoch   1000 (0.0%): Train pred MSE = 1.653911e-06, Test pred MSE = 8.123100e-02, Param MSE = 8.012475e-01, Grad norm = 1.867668e-04, Beta update rate = 1.827314e-04
Epoch   1200 (0.0%): Train pred MSE = 2.082916e-07, Test pred MSE = 8.123334e-02, Param MSE = 8.012711e-01, Grad norm = 6.568745e-05, Beta update rate = 6.202714e-05
Epoch   1400 (0.0%): Train pred MSE = 2.694941e-08, Test pred MSE = 8.123369e-02, Param MSE = 8.012745e-01, Grad norm = 2.351707e-05, Beta update rate = 2.175000e-05
Epoch   1600 (0.0%): Train pred MSE = 3.535516e-09, Test pred MSE = 8.123369e-02, Param MSE = 8.012744e-01, Grad norm = 8.497288e-06, Beta update rate = 7.765255e-06
Epoch   1800 (0.0%): Train pred MSE = 4.671557e-10, Test pred MSE = 8.123366e-02, Param MSE = 8.012741e-01, Grad norm = 3.084868e-06, Beta update rate = 2.799545e-06
Epoch   2000 (0.0%): Train pred MSE = 6.195669e-11, Test pred MSE = 8.123364e-02, Param MSE = 8.012739e-01, Grad norm = 1.122694e-06, Beta update rate = 1.014637e-06
Epoch   2200 (0.0%): Train pred MSE = 8.233255e-12, Test pred MSE = 8.123363e-02, Param MSE = 8.012738e-01, Grad norm = 4.091179e-07, Beta update rate = 3.687969e-07
Epoch   2400 (0.0%): Train pred MSE = 1.095265e-12, Test pred MSE = 8.123363e-02, Param MSE = 8.012738e-01, Grad norm = 1.491891e-07, Beta update rate = 1.342647e-07

Training completed at epoch 2411
Stop reason: loss_threshold_legacy
Final Train pred MSE = 9.802688e-13
Final Test pred MSE = 8.123363e-02
Final Param MSE = 8.012738e-01
Final Grad norm = 1.404289e-07
Final Beta update rate = 7.558184e-08
Success flag: True (train_pred_mse < 1.00e-12)
Results metadata saved to results/diagonal/step3_omega/omega=0.50--alpha=0.100000--seed=1/results_meta.json
Group diagnostics saved to results/diagonal/step3_omega/omega=0.50--alpha=0.100000--seed=1/group_diagnostics.csv

Results saved to results/diagonal/step3_omega/omega=0.50--alpha=0.100000--seed=1/
Total jobs in this sweep: 108
Omega values: [0.0, 0.5, 1.0]
Alpha values: [0.05, 0.1, 0.2, 0.25, 0.3, 0.4, 0.5, 0.6, 0.7, 0.8, 0.9, 1.0]
Seeds: [0, 1, 2]
================================================================================
Step 3 Omega Sweep - Experiment Parameters:
================================================================================
  a_pt: 1.0
  c_pt: 0.001
  epochs: 5000000
  gamma_reinit: 0.0
  inp_dim: 1000
  lambda_pt: 0.0
  lr: 0.5
  n_test: 10000
  n_train: 100
  no_tuning: True
  omega: 0.5
  rho_ft: 0.04
  rho_pt: 0.1
  save_folder: results/diagonal/step3_omega/omega=0.50--alpha=0.100000--seed=1/
  seed: 1
  test_every_n_epochs: 200
  threshold: 1e-12
================================================================================

Omega: 0.5, Alpha: 0.1000

Running PT+FT Oracle script...

Extracting results and saving to CSV...
Results appended to /home/na658/multi-task2/experiment_results_step3_omega.csv

✓ Experiment 40 completed successfully
[SLURM] Job 20446281 task 40 finished
