[SLURM] Job 20446518 task 79 starting on cpu-q-137
[SLURM] Step 3 Omega Sweep (PT+FT Oracle)
[SLURM] Using Python: /home/na658/.conda/envs/mtl_ft/bin/python
Starting PT+FT Oracle experiment...

================================================================================
STEP 3: PT+FT ORACLE EXPERIMENT
================================================================================

================================================================================
EXPERIMENT SETTINGS
================================================================================
Seed: 1
Input dimension: 1000
PT support fraction (rho_pt): 0.1
FT sparsity (rho_ft): 0.04
Overlap (omega): 1.0
PT amplitude (a_pt): 1.0
PT c parameter (c_pt): 0.001
PT lambda (lambda_pt): 0.0
Gamma reinit: 0.0
Training samples (FT): 200
Test samples: 10000
Learning rate: 0.5
Max epochs: 5000000
Save folder: results/diagonal/step3_omega/omega=1.00--alpha=0.200000--seed=1/
================================================================================

Sampling PT teacher (oracle)...
  PT support size: 100 / 1000 = 0.1000

Sampling FT teacher with overlap...
  FT support size: 40 / 1000 = 0.0400
  Overlap: 40 / 40 = 1.0000 (target: 1.0)

  Coordinate groups:
    OV (both):     40
    NEW (FT only): 0
    PTONLY:        60
    NONE:          900

Computing c_ft from Cosyne formula...

  c_ft statistics by group:
    OV:     mean=1.001000, range=[1.001000, 1.001000]
    NEW:    N/A
    PTONLY: mean=1.001000
    NONE:   mean=0.002000

Sampling FT data...

Initializing DiagonalNet with per-coordinate c_ft...
Per-coordinate c init: c_vec range [0.002000, 1.001000]

Training on FT data...

Starting training loop (max 5000000 epochs, threshold=1.00e-12)...
Epoch      0 (0.0%): Train pred MSE = 4.781994e+00, Test pred MSE = 9.913922e-02, Param MSE = 1.002534e+00, Grad norm = 5.585996e-01, Beta update rate = nan
Epoch    200 (0.0%): Train pred MSE = 3.625610e-02, Test pred MSE = 4.768340e-03, Param MSE = 4.780001e-02, Grad norm = 2.697763e-02, Beta update rate = 1.417032e-01
Epoch    400 (0.0%): Train pred MSE = 8.128821e-03, Test pred MSE = 1.432955e-03, Param MSE = 1.428064e-02, Grad norm = 1.001265e-02, Beta update rate = 1.656641e-02
Epoch    600 (0.0%): Train pred MSE = 2.668925e-03, Test pred MSE = 6.363970e-04, Param MSE = 6.343436e-03, Grad norm = 5.249296e-03, Beta update rate = 6.499616e-03
Epoch    800 (0.0%): Train pred MSE = 1.013943e-03, Test pred MSE = 3.483474e-04, Param MSE = 3.476577e-03, Grad norm = 3.047149e-03, Beta update rate = 3.362617e-03
Epoch   1000 (0.0%): Train pred MSE = 4.304754e-04, Test pred MSE = 2.232320e-04, Param MSE = 2.230569e-03, Grad norm = 1.856918e-03, Beta update rate = 1.925981e-03
Epoch   1200 (0.0%): Train pred MSE = 2.073494e-04, Test pred MSE = 1.621451e-04, Param MSE = 1.621581e-03, Grad norm = 1.169958e-03, Beta update rate = 1.163834e-03
Epoch   1400 (0.0%): Train pred MSE = 1.162674e-04, Test pred MSE = 1.295928e-04, Param MSE = 1.296715e-03, Grad norm = 7.621884e-04, Beta update rate = 7.287570e-04
Epoch   1600 (0.0%): Train pred MSE = 7.623522e-05, Test pred MSE = 1.109815e-04, Param MSE = 1.110805e-03, Grad norm = 5.180269e-04, Beta update rate = 4.697012e-04
Epoch   1800 (0.0%): Train pred MSE = 5.684830e-05, Test pred MSE = 9.969203e-05, Param MSE = 9.979575e-04, Grad norm = 3.722413e-04, Beta update rate = 3.110454e-04
Epoch   2000 (0.0%): Train pred MSE = 4.623035e-05, Test pred MSE = 9.247902e-05, Param MSE = 9.258301e-04, Grad norm = 2.857115e-04, Beta update rate = 2.117164e-04
Epoch   2200 (0.0%): Train pred MSE = 3.957609e-05, Test pred MSE = 8.764617e-05, Param MSE = 8.774999e-04, Grad norm = 2.340643e-04, Beta update rate = 1.483187e-04
Epoch   2400 (0.0%): Train pred MSE = 3.486717e-05, Test pred MSE = 8.425931e-05, Param MSE = 8.436373e-04, Grad norm = 2.021896e-04, Beta update rate = 1.071208e-04
Epoch   2600 (0.1%): Train pred MSE = 3.121722e-05, Test pred MSE = 8.178179e-05, Param MSE = 8.188772e-04, Grad norm = 1.811824e-04, Beta update rate = 7.988475e-05
Epoch   2800 (0.1%): Train pred MSE = 2.821433e-05, Test pred MSE = 7.989443e-05, Param MSE = 8.000261e-04, Grad norm = 1.661230e-04, Beta update rate = 6.157332e-05
Epoch   3000 (0.1%): Train pred MSE = 2.565269e-05, Test pred MSE = 7.840185e-05, Param MSE = 7.851279e-04, Grad norm = 1.544167e-04, Beta update rate = 4.904808e-05
Epoch   3200 (0.1%): Train pred MSE = 2.341986e-05, Test pred MSE = 7.718146e-05, Param MSE = 7.729545e-04, Grad norm = 1.447192e-04, Beta update rate = 4.031813e-05
Epoch   3400 (0.1%): Train pred MSE = 2.144801e-05, Test pred MSE = 7.615453e-05, Param MSE = 7.627171e-04, Grad norm = 1.363261e-04, Beta update rate = 3.410085e-05
Epoch   3600 (0.1%): Train pred MSE = 1.969200e-05, Test pred MSE = 7.526941e-05, Param MSE = 7.538982e-04, Grad norm = 1.288564e-04, Beta update rate = 2.956102e-05
Epoch   3800 (0.1%): Train pred MSE = 1.811918e-05, Test pred MSE = 7.449146e-05, Param MSE = 7.461507e-04, Grad norm = 1.220923e-04, Beta update rate = 2.615163e-05
Epoch   4000 (0.1%): Train pred MSE = 1.670443e-05, Test pred MSE = 7.379694e-05, Param MSE = 7.392367e-04, Grad norm = 1.159009e-04, Beta update rate = 2.351353e-05
Epoch   4200 (0.1%): Train pred MSE = 1.542752e-05, Test pred MSE = 7.316920e-05, Param MSE = 7.329895e-04, Grad norm = 1.101942e-04, Beta update rate = 2.141038e-05
Epoch   4400 (0.1%): Train pred MSE = 1.427168e-05, Test pred MSE = 7.259626e-05, Param MSE = 7.272891e-04, Grad norm = 1.049096e-04, Beta update rate = 1.968598e-05
Epoch   4600 (0.1%): Train pred MSE = 1.322277e-05, Test pred MSE = 7.206934e-05, Param MSE = 7.220477e-04, Grad norm = 9.999950e-05, Beta update rate = 1.823629e-05
Epoch   4800 (0.1%): Train pred MSE = 1.226868e-05, Test pred MSE = 7.158177e-05, Param MSE = 7.171986e-04, Grad norm = 9.542550e-05, Beta update rate = 1.699118e-05
Epoch   5000 (0.1%): Train pred MSE = 1.139896e-05, Test pred MSE = 7.112844e-05, Param MSE = 7.126907e-04, Grad norm = 9.115554e-05, Beta update rate = 1.590265e-05
Epoch   5200 (0.1%): Train pred MSE = 1.060456e-05, Test pred MSE = 7.070528e-05, Param MSE = 7.084833e-04, Grad norm = 8.716210e-05, Beta update rate = 1.493720e-05
Epoch   5400 (0.1%): Train pred MSE = 9.877559e-06, Test pred MSE = 7.030901e-05, Param MSE = 7.045437e-04, Grad norm = 8.342112e-05, Beta update rate = 1.407099e-05
Epoch   5600 (0.1%): Train pred MSE = 9.211035e-06, Test pred MSE = 6.993693e-05, Param MSE = 7.008448e-04, Grad norm = 7.991132e-05, Beta update rate = 1.328664e-05
Epoch   5800 (0.1%): Train pred MSE = 8.598901e-06, Test pred MSE = 6.958676e-05, Param MSE = 6.973641e-04, Grad norm = 7.661370e-05, Beta update rate = 1.257116e-05
Epoch   6000 (0.1%): Train pred MSE = 8.035793e-06, Test pred MSE = 6.925658e-05, Param MSE = 6.940822e-04, Grad norm = 7.351119e-05, Beta update rate = 1.191464e-05
Epoch   6200 (0.1%): Train pred MSE = 7.516969e-06, Test pred MSE = 6.894471e-05, Param MSE = 6.909825e-04, Grad norm = 7.058845e-05, Beta update rate = 1.130934e-05
Epoch   6400 (0.1%): Train pred MSE = 7.038230e-06, Test pred MSE = 6.864969e-05, Param MSE = 6.880504e-04, Grad norm = 6.783157e-05, Beta update rate = 1.074904e-05
Epoch   6600 (0.1%): Train pred MSE = 6.595846e-06, Test pred MSE = 6.837023e-05, Param MSE = 6.852731e-04, Grad norm = 6.522798e-05, Beta update rate = 1.022870e-05
Epoch   6800 (0.1%): Train pred MSE = 6.186496e-06, Test pred MSE = 6.810520e-05, Param MSE = 6.826392e-04, Grad norm = 6.276624e-05, Beta update rate = 9.744129e-06
Epoch   7000 (0.1%): Train pred MSE = 5.807219e-06, Test pred MSE = 6.785357e-05, Param MSE = 6.801385e-04, Grad norm = 6.043597e-05, Beta update rate = 9.291784e-06
Epoch   7200 (0.1%): Train pred MSE = 5.455366e-06, Test pred MSE = 6.761441e-05, Param MSE = 6.777619e-04, Grad norm = 5.822770e-05, Beta update rate = 8.868644e-06
Epoch   7400 (0.1%): Train pred MSE = 5.128565e-06, Test pred MSE = 6.738689e-05, Param MSE = 6.755009e-04, Grad norm = 5.613279e-05, Beta update rate = 8.472093e-06
Epoch   7600 (0.2%): Train pred MSE = 4.824687e-06, Test pred MSE = 6.717025e-05, Param MSE = 6.733481e-04, Grad norm = 5.414336e-05, Beta update rate = 8.099846e-06
Epoch   7800 (0.2%): Train pred MSE = 4.541817e-06, Test pred MSE = 6.696380e-05, Param MSE = 6.712965e-04, Grad norm = 5.225219e-05, Beta update rate = 7.749890e-06
Epoch   8000 (0.2%): Train pred MSE = 4.278228e-06, Test pred MSE = 6.676691e-05, Param MSE = 6.693398e-04, Grad norm = 5.045267e-05, Beta update rate = 7.420436e-06
Epoch   8200 (0.2%): Train pred MSE = 4.032362e-06, Test pred MSE = 6.657898e-05, Param MSE = 6.674724e-04, Grad norm = 4.873876e-05, Beta update rate = 7.109888e-06
Epoch   8400 (0.2%): Train pred MSE = 3.802810e-06, Test pred MSE = 6.639950e-05, Param MSE = 6.656888e-04, Grad norm = 4.710490e-05, Beta update rate = 6.816813e-06
Epoch   8600 (0.2%): Train pred MSE = 3.588295e-06, Test pred MSE = 6.622797e-05, Param MSE = 6.639841e-04, Grad norm = 4.554597e-05, Beta update rate = 6.539920e-06
Epoch   8800 (0.2%): Train pred MSE = 3.387659e-06, Test pred MSE = 6.606392e-05, Param MSE = 6.623538e-04, Grad norm = 4.405729e-05, Beta update rate = 6.278040e-06
Epoch   9000 (0.2%): Train pred MSE = 3.199848e-06, Test pred MSE = 6.590694e-05, Param MSE = 6.607937e-04, Grad norm = 4.263452e-05, Beta update rate = 6.030110e-06
Epoch   9200 (0.2%): Train pred MSE = 3.023902e-06, Test pred MSE = 6.575663e-05, Param MSE = 6.592999e-04, Grad norm = 4.127368e-05, Beta update rate = 5.795165e-06
Epoch   9400 (0.2%): Train pred MSE = 2.858948e-06, Test pred MSE = 6.561264e-05, Param MSE = 6.578688e-04, Grad norm = 3.997108e-05, Beta update rate = 5.572321e-06
Epoch   9600 (0.2%): Train pred MSE = 2.704187e-06, Test pred MSE = 6.547462e-05, Param MSE = 6.564970e-04, Grad norm = 3.872332e-05, Beta update rate = 5.360772e-06
Epoch   9800 (0.2%): Train pred MSE = 2.558887e-06, Test pred MSE = 6.534225e-05, Param MSE = 6.551814e-04, Grad norm = 3.752725e-05, Beta update rate = 5.159777e-06
Epoch  10000 (0.2%): Train pred MSE = 2.422380e-06, Test pred MSE = 6.521525e-05, Param MSE = 6.539191e-04, Grad norm = 3.637996e-05, Beta update rate = 4.968656e-06
Epoch  10200 (0.2%): Train pred MSE = 2.294052e-06, Test pred MSE = 6.509334e-05, Param MSE = 6.527073e-04, Grad norm = 3.527875e-05, Beta update rate = 4.786783e-06
Epoch  10400 (0.2%): Train pred MSE = 2.173339e-06, Test pred MSE = 6.497626e-05, Param MSE = 6.515435e-04, Grad norm = 3.422110e-05, Beta update rate = 4.613582e-06
Epoch  10600 (0.2%): Train pred MSE = 2.059723e-06, Test pred MSE = 6.486377e-05, Param MSE = 6.504253e-04, Grad norm = 3.320468e-05, Beta update rate = 4.448522e-06
Epoch  10800 (0.2%): Train pred MSE = 1.952726e-06, Test pred MSE = 6.475565e-05, Param MSE = 6.493504e-04, Grad norm = 3.222732e-05, Beta update rate = 4.291109e-06
Epoch  11000 (0.2%): Train pred MSE = 1.851909e-06, Test pred MSE = 6.465167e-05, Param MSE = 6.483168e-04, Grad norm = 3.128700e-05, Beta update rate = 4.140889e-06
Epoch  11200 (0.2%): Train pred MSE = 1.756864e-06, Test pred MSE = 6.455166e-05, Param MSE = 6.473224e-04, Grad norm = 3.038183e-05, Beta update rate = 3.997440e-06
Epoch  11400 (0.2%): Train pred MSE = 1.667218e-06, Test pred MSE = 6.445541e-05, Param MSE = 6.463655e-04, Grad norm = 2.951006e-05, Beta update rate = 3.860371e-06
Epoch  11600 (0.2%): Train pred MSE = 1.582622e-06, Test pred MSE = 6.436275e-05, Param MSE = 6.454442e-04, Grad norm = 2.867004e-05, Beta update rate = 3.729319e-06
Epoch  11800 (0.2%): Train pred MSE = 1.502756e-06, Test pred MSE = 6.427351e-05, Param MSE = 6.445569e-04, Grad norm = 2.786024e-05, Beta update rate = 3.603945e-06
Epoch  12000 (0.2%): Train pred MSE = 1.427321e-06, Test pred MSE = 6.418755e-05, Param MSE = 6.437020e-04, Grad norm = 2.707920e-05, Beta update rate = 3.483937e-06
Epoch  12200 (0.2%): Train pred MSE = 1.356042e-06, Test pred MSE = 6.410470e-05, Param MSE = 6.428782e-04, Grad norm = 2.632559e-05, Beta update rate = 3.368999e-06
Epoch  12400 (0.2%): Train pred MSE = 1.288661e-06, Test pred MSE = 6.402484e-05, Param MSE = 6.420840e-04, Grad norm = 2.559813e-05, Beta update rate = 3.258860e-06
Epoch  12600 (0.3%): Train pred MSE = 1.224940e-06, Test pred MSE = 6.394783e-05, Param MSE = 6.413181e-04, Grad norm = 2.489563e-05, Beta update rate = 3.153264e-06
Epoch  12800 (0.3%): Train pred MSE = 1.164657e-06, Test pred MSE = 6.387354e-05, Param MSE = 6.405793e-04, Grad norm = 2.421697e-05, Beta update rate = 3.051974e-06
Epoch  13000 (0.3%): Train pred MSE = 1.107605e-06, Test pred MSE = 6.380186e-05, Param MSE = 6.398664e-04, Grad norm = 2.356110e-05, Beta update rate = 2.954765e-06
Epoch  13200 (0.3%): Train pred MSE = 1.053592e-06, Test pred MSE = 6.373269e-05, Param MSE = 6.391783e-04, Grad norm = 2.292702e-05, Beta update rate = 2.861429e-06
Epoch  13400 (0.3%): Train pred MSE = 1.002439e-06, Test pred MSE = 6.366590e-05, Param MSE = 6.385139e-04, Grad norm = 2.231380e-05, Beta update rate = 2.771772e-06
Epoch  13600 (0.3%): Train pred MSE = 9.539775e-07, Test pred MSE = 6.360140e-05, Param MSE = 6.378723e-04, Grad norm = 2.172056e-05, Beta update rate = 2.685609e-06
Epoch  13800 (0.3%): Train pred MSE = 9.080512e-07, Test pred MSE = 6.353910e-05, Param MSE = 6.372525e-04, Grad norm = 2.114645e-05, Beta update rate = 2.602768e-06
Epoch  14000 (0.3%): Train pred MSE = 8.645138e-07, Test pred MSE = 6.347890e-05, Param MSE = 6.366536e-04, Grad norm = 2.059070e-05, Beta update rate = 2.523089e-06
Epoch  14200 (0.3%): Train pred MSE = 8.232286e-07, Test pred MSE = 6.342073e-05, Param MSE = 6.360748e-04, Grad norm = 2.005254e-05, Beta update rate = 2.446419e-06
Epoch  14400 (0.3%): Train pred MSE = 7.840676e-07, Test pred MSE = 6.336449e-05, Param MSE = 6.355152e-04, Grad norm = 1.953127e-05, Beta update rate = 2.372614e-06
Epoch  14600 (0.3%): Train pred MSE = 7.469109e-07, Test pred MSE = 6.331011e-05, Param MSE = 6.349742e-04, Grad norm = 1.902623e-05, Beta update rate = 2.301542e-06
Epoch  14800 (0.3%): Train pred MSE = 7.116461e-07, Test pred MSE = 6.325752e-05, Param MSE = 6.344509e-04, Grad norm = 1.853677e-05, Beta update rate = 2.233074e-06
Epoch  15000 (0.3%): Train pred MSE = 6.781679e-07, Test pred MSE = 6.320665e-05, Param MSE = 6.339446e-04, Grad norm = 1.806229e-05, Beta update rate = 2.167092e-06
Epoch  15200 (0.3%): Train pred MSE = 6.463776e-07, Test pred MSE = 6.315743e-05, Param MSE = 6.334548e-04, Grad norm = 1.760221e-05, Beta update rate = 2.103482e-06
Epoch  15400 (0.3%): Train pred MSE = 6.161824e-07, Test pred MSE = 6.310979e-05, Param MSE = 6.329807e-04, Grad norm = 1.715599e-05, Beta update rate = 2.042139e-06
Epoch  15600 (0.3%): Train pred MSE = 5.874952e-07, Test pred MSE = 6.306368e-05, Param MSE = 6.325217e-04, Grad norm = 1.672311e-05, Beta update rate = 1.982962e-06
Epoch  15800 (0.3%): Train pred MSE = 5.602342e-07, Test pred MSE = 6.301904e-05, Param MSE = 6.320774e-04, Grad norm = 1.630307e-05, Beta update rate = 1.925855e-06
Epoch  16000 (0.3%): Train pred MSE = 5.343225e-07, Test pred MSE = 6.297581e-05, Param MSE = 6.316471e-04, Grad norm = 1.589540e-05, Beta update rate = 1.870729e-06
Epoch  16200 (0.3%): Train pred MSE = 5.096877e-07, Test pred MSE = 6.293393e-05, Param MSE = 6.312303e-04, Grad norm = 1.549965e-05, Beta update rate = 1.817499e-06
Epoch  16400 (0.3%): Train pred MSE = 4.862617e-07, Test pred MSE = 6.289337e-05, Param MSE = 6.308265e-04, Grad norm = 1.511540e-05, Beta update rate = 1.766084e-06
Epoch  16600 (0.3%): Train pred MSE = 4.639805e-07, Test pred MSE = 6.285407e-05, Param MSE = 6.304353e-04, Grad norm = 1.474223e-05, Beta update rate = 1.716408e-06
Epoch  16800 (0.3%): Train pred MSE = 4.427836e-07, Test pred MSE = 6.281598e-05, Param MSE = 6.300561e-04, Grad norm = 1.437975e-05, Beta update rate = 1.668398e-06
Epoch  17000 (0.3%): Train pred MSE = 4.226143e-07, Test pred MSE = 6.277906e-05, Param MSE = 6.296885e-04, Grad norm = 1.402759e-05, Beta update rate = 1.621986e-06
Epoch  17200 (0.3%): Train pred MSE = 4.034189e-07, Test pred MSE = 6.274327e-05, Param MSE = 6.293322e-04, Grad norm = 1.368539e-05, Beta update rate = 1.577106e-06
Epoch  17400 (0.3%): Train pred MSE = 3.851469e-07, Test pred MSE = 6.270857e-05, Param MSE = 6.289867e-04, Grad norm = 1.335282e-05, Beta update rate = 1.533696e-06
Epoch  17600 (0.4%): Train pred MSE = 3.677505e-07, Test pred MSE = 6.267492e-05, Param MSE = 6.286516e-04, Grad norm = 1.302953e-05, Beta update rate = 1.491698e-06
Epoch  17800 (0.4%): Train pred MSE = 3.511848e-07, Test pred MSE = 6.264228e-05, Param MSE = 6.283266e-04, Grad norm = 1.271523e-05, Beta update rate = 1.451055e-06
Epoch  18000 (0.4%): Train pred MSE = 3.354073e-07, Test pred MSE = 6.261062e-05, Param MSE = 6.280113e-04, Grad norm = 1.240960e-05, Beta update rate = 1.411714e-06
Epoch  18200 (0.4%): Train pred MSE = 3.203778e-07, Test pred MSE = 6.257989e-05, Param MSE = 6.277054e-04, Grad norm = 1.211236e-05, Beta update rate = 1.373625e-06
Epoch  18400 (0.4%): Train pred MSE = 3.060584e-07, Test pred MSE = 6.255008e-05, Param MSE = 6.274085e-04, Grad norm = 1.182324e-05, Beta update rate = 1.336739e-06
Epoch  18600 (0.4%): Train pred MSE = 2.924134e-07, Test pred MSE = 6.252115e-05, Param MSE = 6.271203e-04, Grad norm = 1.154197e-05, Beta update rate = 1.301010e-06
Epoch  18800 (0.4%): Train pred MSE = 2.794088e-07, Test pred MSE = 6.249306e-05, Param MSE = 6.268406e-04, Grad norm = 1.126830e-05, Beta update rate = 1.266394e-06
Epoch  19000 (0.4%): Train pred MSE = 2.670127e-07, Test pred MSE = 6.246580e-05, Param MSE = 6.265691e-04, Grad norm = 1.100198e-05, Beta update rate = 1.232849e-06
Epoch  19200 (0.4%): Train pred MSE = 2.551946e-07, Test pred MSE = 6.243933e-05, Param MSE = 6.263054e-04, Grad norm = 1.074279e-05, Beta update rate = 1.200336e-06
Epoch  19400 (0.4%): Train pred MSE = 2.439260e-07, Test pred MSE = 6.241362e-05, Param MSE = 6.260494e-04, Grad norm = 1.049048e-05, Beta update rate = 1.168816e-06
Epoch  19600 (0.4%): Train pred MSE = 2.331797e-07, Test pred MSE = 6.238865e-05, Param MSE = 6.258007e-04, Grad norm = 1.024485e-05, Beta update rate = 1.138253e-06
Epoch  19800 (0.4%): Train pred MSE = 2.229300e-07, Test pred MSE = 6.236440e-05, Param MSE = 6.255592e-04, Grad norm = 1.000569e-05, Beta update rate = 1.108612e-06
Epoch  20000 (0.4%): Train pred MSE = 2.131525e-07, Test pred MSE = 6.234084e-05, Param MSE = 6.253245e-04, Grad norm = 9.772805e-06, Beta update rate = 1.079860e-06
Epoch  20200 (0.4%): Train pred MSE = 2.038243e-07, Test pred MSE = 6.231795e-05, Param MSE = 6.250965e-04, Grad norm = 9.545992e-06, Beta update rate = 1.051965e-06
Epoch  20400 (0.4%): Train pred MSE = 1.949235e-07, Test pred MSE = 6.229571e-05, Param MSE = 6.248749e-04, Grad norm = 9.325071e-06, Beta update rate = 1.024896e-06
Epoch  20600 (0.4%): Train pred MSE = 1.864293e-07, Test pred MSE = 6.227409e-05, Param MSE = 6.246596e-04, Grad norm = 9.109862e-06, Beta update rate = 9.986251e-07
Epoch  20800 (0.4%): Train pred MSE = 1.783221e-07, Test pred MSE = 6.225308e-05, Param MSE = 6.244503e-04, Grad norm = 8.900194e-06, Beta update rate = 9.731237e-07
Epoch  21000 (0.4%): Train pred MSE = 1.705833e-07, Test pred MSE = 6.223265e-05, Param MSE = 6.242468e-04, Grad norm = 8.695901e-06, Beta update rate = 9.483652e-07
Epoch  21200 (0.4%): Train pred MSE = 1.631952e-07, Test pred MSE = 6.221280e-05, Param MSE = 6.240490e-04, Grad norm = 8.496822e-06, Beta update rate = 9.243241e-07
Epoch  21400 (0.4%): Train pred MSE = 1.561412e-07, Test pred MSE = 6.219349e-05, Param MSE = 6.238567e-04, Grad norm = 8.302805e-06, Beta update rate = 9.009758e-07
Epoch  21600 (0.4%): Train pred MSE = 1.494051e-07, Test pred MSE = 6.217471e-05, Param MSE = 6.236696e-04, Grad norm = 8.113700e-06, Beta update rate = 8.782968e-07
Epoch  21800 (0.4%): Train pred MSE = 1.429721e-07, Test pred MSE = 6.215646e-05, Param MSE = 6.234877e-04, Grad norm = 7.929363e-06, Beta update rate = 8.562646e-07
Epoch  22000 (0.4%): Train pred MSE = 1.368277e-07, Test pred MSE = 6.213870e-05, Param MSE = 6.233108e-04, Grad norm = 7.749657e-06, Beta update rate = 8.348575e-07
Epoch  22200 (0.4%): Train pred MSE = 1.309583e-07, Test pred MSE = 6.212142e-05, Param MSE = 6.231387e-04, Grad norm = 7.574448e-06, Beta update rate = 8.140547e-07
Epoch  22400 (0.4%): Train pred MSE = 1.253510e-07, Test pred MSE = 6.210462e-05, Param MSE = 6.229713e-04, Grad norm = 7.403606e-06, Beta update rate = 7.938364e-07
Epoch  22600 (0.5%): Train pred MSE = 1.199935e-07, Test pred MSE = 6.208827e-05, Param MSE = 6.228084e-04, Grad norm = 7.237008e-06, Beta update rate = 7.741833e-07
Epoch  22800 (0.5%): Train pred MSE = 1.148741e-07, Test pred MSE = 6.207236e-05, Param MSE = 6.226500e-04, Grad norm = 7.074533e-06, Beta update rate = 7.550770e-07
Epoch  23000 (0.5%): Train pred MSE = 1.099818e-07, Test pred MSE = 6.205688e-05, Param MSE = 6.224957e-04, Grad norm = 6.916064e-06, Beta update rate = 7.364999e-07
Epoch  23200 (0.5%): Train pred MSE = 1.053060e-07, Test pred MSE = 6.204181e-05, Param MSE = 6.223456e-04, Grad norm = 6.761490e-06, Beta update rate = 7.184350e-07
Epoch  23400 (0.5%): Train pred MSE = 1.008365e-07, Test pred MSE = 6.202714e-05, Param MSE = 6.221995e-04, Grad norm = 6.610701e-06, Beta update rate = 7.008658e-07
Epoch  23600 (0.5%): Train pred MSE = 9.656405e-08, Test pred MSE = 6.201287e-05, Param MSE = 6.220573e-04, Grad norm = 6.463592e-06, Beta update rate = 6.837767e-07
Epoch  23800 (0.5%): Train pred MSE = 9.247940e-08, Test pred MSE = 6.199897e-05, Param MSE = 6.219188e-04, Grad norm = 6.320062e-06, Beta update rate = 6.671525e-07
Epoch  24000 (0.5%): Train pred MSE = 8.857395e-08, Test pred MSE = 6.198544e-05, Param MSE = 6.217840e-04, Grad norm = 6.180012e-06, Beta update rate = 6.509785e-07
Epoch  24200 (0.5%): Train pred MSE = 8.483950e-08, Test pred MSE = 6.197227e-05, Param MSE = 6.216528e-04, Grad norm = 6.043347e-06, Beta update rate = 6.352409e-07
Epoch  24400 (0.5%): Train pred MSE = 8.126823e-08, Test pred MSE = 6.195944e-05, Param MSE = 6.215250e-04, Grad norm = 5.909975e-06, Beta update rate = 6.199260e-07
Epoch  24600 (0.5%): Train pred MSE = 7.785269e-08, Test pred MSE = 6.194694e-05, Param MSE = 6.214005e-04, Grad norm = 5.779806e-06, Beta update rate = 6.050209e-07
Epoch  24800 (0.5%): Train pred MSE = 7.458581e-08, Test pred MSE = 6.193477e-05, Param MSE = 6.212793e-04, Grad norm = 5.652755e-06, Beta update rate = 5.905129e-07
Epoch  25000 (0.5%): Train pred MSE = 7.146084e-08, Test pred MSE = 6.192292e-05, Param MSE = 6.211612e-04, Grad norm = 5.528737e-06, Beta update rate = 5.763900e-07
Epoch  25200 (0.5%): Train pred MSE = 6.847135e-08, Test pred MSE = 6.191138e-05, Param MSE = 6.210462e-04, Grad norm = 5.407671e-06, Beta update rate = 5.626405e-07
Epoch  25400 (0.5%): Train pred MSE = 6.561123e-08, Test pred MSE = 6.190013e-05, Param MSE = 6.209342e-04, Grad norm = 5.289479e-06, Beta update rate = 5.492531e-07
Epoch  25600 (0.5%): Train pred MSE = 6.287466e-08, Test pred MSE = 6.188917e-05, Param MSE = 6.208250e-04, Grad norm = 5.174085e-06, Beta update rate = 5.362171e-07
Epoch  25800 (0.5%): Train pred MSE = 6.025608e-08, Test pred MSE = 6.187849e-05, Param MSE = 6.207187e-04, Grad norm = 5.061415e-06, Beta update rate = 5.235218e-07
Epoch  26000 (0.5%): Train pred MSE = 5.775020e-08, Test pred MSE = 6.186809e-05, Param MSE = 6.206150e-04, Grad norm = 4.951397e-06, Beta update rate = 5.111573e-07
Epoch  26200 (0.5%): Train pred MSE = 5.535198e-08, Test pred MSE = 6.185795e-05, Param MSE = 6.205140e-04, Grad norm = 4.843962e-06, Beta update rate = 4.991137e-07
Epoch  26400 (0.5%): Train pred MSE = 5.305662e-08, Test pred MSE = 6.184807e-05, Param MSE = 6.204156e-04, Grad norm = 4.739042e-06, Beta update rate = 4.873817e-07
Epoch  26600 (0.5%): Train pred MSE = 5.085953e-08, Test pred MSE = 6.183844e-05, Param MSE = 6.203197e-04, Grad norm = 4.636573e-06, Beta update rate = 4.759520e-07
Epoch  26800 (0.5%): Train pred MSE = 4.875634e-08, Test pred MSE = 6.182905e-05, Param MSE = 6.202262e-04, Grad norm = 4.536490e-06, Beta update rate = 4.648160e-07
Epoch  27000 (0.5%): Train pred MSE = 4.674289e-08, Test pred MSE = 6.181990e-05, Param MSE = 6.201351e-04, Grad norm = 4.438734e-06, Beta update rate = 4.539651e-07
Epoch  27200 (0.5%): Train pred MSE = 4.481522e-08, Test pred MSE = 6.181098e-05, Param MSE = 6.200462e-04, Grad norm = 4.343243e-06, Beta update rate = 4.433912e-07
Epoch  27400 (0.5%): Train pred MSE = 4.296952e-08, Test pred MSE = 6.180228e-05, Param MSE = 6.199596e-04, Grad norm = 4.249960e-06, Beta update rate = 4.330862e-07
Epoch  27600 (0.6%): Train pred MSE = 4.120220e-08, Test pred MSE = 6.179380e-05, Param MSE = 6.198751e-04, Grad norm = 4.158828e-06, Beta update rate = 4.230425e-07
Epoch  27800 (0.6%): Train pred MSE = 3.950979e-08, Test pred MSE = 6.178553e-05, Param MSE = 6.197928e-04, Grad norm = 4.069794e-06, Beta update rate = 4.132527e-07
Epoch  28000 (0.6%): Train pred MSE = 3.788902e-08, Test pred MSE = 6.177746e-05, Param MSE = 6.197125e-04, Grad norm = 3.982804e-06, Beta update rate = 4.037096e-07
Epoch  28200 (0.6%): Train pred MSE = 3.633674e-08, Test pred MSE = 6.176960e-05, Param MSE = 6.196342e-04, Grad norm = 3.897806e-06, Beta update rate = 3.944062e-07
Epoch  28400 (0.6%): Train pred MSE = 3.484996e-08, Test pred MSE = 6.176193e-05, Param MSE = 6.195578e-04, Grad norm = 3.814751e-06, Beta update rate = 3.853359e-07
Epoch  28600 (0.6%): Train pred MSE = 3.342581e-08, Test pred MSE = 6.175445e-05, Param MSE = 6.194834e-04, Grad norm = 3.733590e-06, Beta update rate = 3.764921e-07
Epoch  28800 (0.6%): Train pred MSE = 3.206158e-08, Test pred MSE = 6.174716e-05, Param MSE = 6.194107e-04, Grad norm = 3.654275e-06, Beta update rate = 3.678686e-07
Epoch  29000 (0.6%): Train pred MSE = 3.075465e-08, Test pred MSE = 6.174004e-05, Param MSE = 6.193399e-04, Grad norm = 3.576762e-06, Beta update rate = 3.594591e-07
Epoch  29200 (0.6%): Train pred MSE = 2.950254e-08, Test pred MSE = 6.173309e-05, Param MSE = 6.192707e-04, Grad norm = 3.501004e-06, Beta update rate = 3.512579e-07
Epoch  29400 (0.6%): Train pred MSE = 2.830286e-08, Test pred MSE = 6.172632e-05, Param MSE = 6.192033e-04, Grad norm = 3.426960e-06, Beta update rate = 3.432592e-07
Epoch  29600 (0.6%): Train pred MSE = 2.715336e-08, Test pred MSE = 6.171971e-05, Param MSE = 6.191375e-04, Grad norm = 3.354586e-06, Beta update rate = 3.354575e-07
Epoch  29800 (0.6%): Train pred MSE = 2.605187e-08, Test pred MSE = 6.171326e-05, Param MSE = 6.190733e-04, Grad norm = 3.283841e-06, Beta update rate = 3.278474e-07
Epoch  30000 (0.6%): Train pred MSE = 2.499631e-08, Test pred MSE = 6.170697e-05, Param MSE = 6.190107e-04, Grad norm = 3.214686e-06, Beta update rate = 3.204237e-07
Epoch  30200 (0.6%): Train pred MSE = 2.398471e-08, Test pred MSE = 6.170083e-05, Param MSE = 6.189496e-04, Grad norm = 3.147083e-06, Beta update rate = 3.131813e-07
Epoch  30400 (0.6%): Train pred MSE = 2.301519e-08, Test pred MSE = 6.169484e-05, Param MSE = 6.188899e-04, Grad norm = 3.080992e-06, Beta update rate = 3.061154e-07
Epoch  30600 (0.6%): Train pred MSE = 2.208592e-08, Test pred MSE = 6.168899e-05, Param MSE = 6.188317e-04, Grad norm = 3.016378e-06, Beta update rate = 2.992213e-07
Epoch  30800 (0.6%): Train pred MSE = 2.119521e-08, Test pred MSE = 6.168328e-05, Param MSE = 6.187749e-04, Grad norm = 2.953204e-06, Beta update rate = 2.924942e-07
Epoch  31000 (0.6%): Train pred MSE = 2.034138e-08, Test pred MSE = 6.167771e-05, Param MSE = 6.187195e-04, Grad norm = 2.891437e-06, Beta update rate = 2.859299e-07
Epoch  31200 (0.6%): Train pred MSE = 1.952288e-08, Test pred MSE = 6.167228e-05, Param MSE = 6.186654e-04, Grad norm = 2.831042e-06, Beta update rate = 2.795240e-07
Epoch  31400 (0.6%): Train pred MSE = 1.873818e-08, Test pred MSE = 6.166697e-05, Param MSE = 6.186126e-04, Grad norm = 2.771986e-06, Beta update rate = 2.732722e-07
Epoch  31600 (0.6%): Train pred MSE = 1.798587e-08, Test pred MSE = 6.166179e-05, Param MSE = 6.185610e-04, Grad norm = 2.714237e-06, Beta update rate = 2.671705e-07
Epoch  31800 (0.6%): Train pred MSE = 1.726455e-08, Test pred MSE = 6.165673e-05, Param MSE = 6.185107e-04, Grad norm = 2.657764e-06, Beta update rate = 2.612150e-07
Epoch  32000 (0.6%): Train pred MSE = 1.657292e-08, Test pred MSE = 6.165179e-05, Param MSE = 6.184615e-04, Grad norm = 2.602537e-06, Beta update rate = 2.554018e-07
Epoch  32200 (0.6%): Train pred MSE = 1.590972e-08, Test pred MSE = 6.164697e-05, Param MSE = 6.184136e-04, Grad norm = 2.548526e-06, Beta update rate = 2.497272e-07
Epoch  32400 (0.6%): Train pred MSE = 1.527374e-08, Test pred MSE = 6.164226e-05, Param MSE = 6.183667e-04, Grad norm = 2.495702e-06, Beta update rate = 2.441876e-07
Epoch  32600 (0.7%): Train pred MSE = 1.466383e-08, Test pred MSE = 6.163766e-05, Param MSE = 6.183210e-04, Grad norm = 2.444037e-06, Beta update rate = 2.387796e-07
Epoch  32800 (0.7%): Train pred MSE = 1.407890e-08, Test pred MSE = 6.163317e-05, Param MSE = 6.182763e-04, Grad norm = 2.393504e-06, Beta update rate = 2.334996e-07
Epoch  33000 (0.7%): Train pred MSE = 1.351790e-08, Test pred MSE = 6.162879e-05, Param MSE = 6.182327e-04, Grad norm = 2.344076e-06, Beta update rate = 2.283444e-07
Epoch  33200 (0.7%): Train pred MSE = 1.297981e-08, Test pred MSE = 6.162450e-05, Param MSE = 6.181902e-04, Grad norm = 2.295728e-06, Beta update rate = 2.233109e-07
Epoch  33400 (0.7%): Train pred MSE = 1.246367e-08, Test pred MSE = 6.162032e-05, Param MSE = 6.181486e-04, Grad norm = 2.248434e-06, Beta update rate = 2.183957e-07
Epoch  33600 (0.7%): Train pred MSE = 1.196857e-08, Test pred MSE = 6.161624e-05, Param MSE = 6.181079e-04, Grad norm = 2.202169e-06, Beta update rate = 2.135961e-07
Epoch  33800 (0.7%): Train pred MSE = 1.149363e-08, Test pred MSE = 6.161225e-05, Param MSE = 6.180683e-04, Grad norm = 2.156909e-06, Beta update rate = 2.089089e-07
Epoch  34000 (0.7%): Train pred MSE = 1.103799e-08, Test pred MSE = 6.160835e-05, Param MSE = 6.180295e-04, Grad norm = 2.112632e-06, Beta update rate = 2.043313e-07
Epoch  34200 (0.7%): Train pred MSE = 1.060086e-08, Test pred MSE = 6.160454e-05, Param MSE = 6.179917e-04, Grad norm = 2.069313e-06, Beta update rate = 1.998607e-07
Epoch  34400 (0.7%): Train pred MSE = 1.018146e-08, Test pred MSE = 6.160082e-05, Param MSE = 6.179547e-04, Grad norm = 2.026932e-06, Beta update rate = 1.954941e-07
Epoch  34600 (0.7%): Train pred MSE = 9.779057e-09, Test pred MSE = 6.159719e-05, Param MSE = 6.179186e-04, Grad norm = 1.985466e-06, Beta update rate = 1.912292e-07
Epoch  34800 (0.7%): Train pred MSE = 9.392938e-09, Test pred MSE = 6.159364e-05, Param MSE = 6.178833e-04, Grad norm = 1.944895e-06, Beta update rate = 1.870632e-07
Epoch  35000 (0.7%): Train pred MSE = 9.022430e-09, Test pred MSE = 6.159017e-05, Param MSE = 6.178488e-04, Grad norm = 1.905197e-06, Beta update rate = 1.829937e-07
Epoch  35200 (0.7%): Train pred MSE = 8.666884e-09, Test pred MSE = 6.158679e-05, Param MSE = 6.178152e-04, Grad norm = 1.866353e-06, Beta update rate = 1.790182e-07
Epoch  35400 (0.7%): Train pred MSE = 8.325681e-09, Test pred MSE = 6.158347e-05, Param MSE = 6.177823e-04, Grad norm = 1.828343e-06, Beta update rate = 1.751346e-07
Epoch  35600 (0.7%): Train pred MSE = 7.998226e-09, Test pred MSE = 6.158024e-05, Param MSE = 6.177501e-04, Grad norm = 1.791148e-06, Beta update rate = 1.713404e-07
Epoch  35800 (0.7%): Train pred MSE = 7.683952e-09, Test pred MSE = 6.157708e-05, Param MSE = 6.177187e-04, Grad norm = 1.754749e-06, Beta update rate = 1.676334e-07
Epoch  36000 (0.7%): Train pred MSE = 7.382315e-09, Test pred MSE = 6.157399e-05, Param MSE = 6.176880e-04, Grad norm = 1.719129e-06, Beta update rate = 1.640115e-07
Epoch  36200 (0.7%): Train pred MSE = 7.092792e-09, Test pred MSE = 6.157097e-05, Param MSE = 6.176580e-04, Grad norm = 1.684269e-06, Beta update rate = 1.604726e-07
Epoch  36400 (0.7%): Train pred MSE = 6.814886e-09, Test pred MSE = 6.156802e-05, Param MSE = 6.176287e-04, Grad norm = 1.650153e-06, Beta update rate = 1.570146e-07
Epoch  36600 (0.7%): Train pred MSE = 6.548119e-09, Test pred MSE = 6.156514e-05, Param MSE = 6.176000e-04, Grad norm = 1.616763e-06, Beta update rate = 1.536356e-07
Epoch  36800 (0.7%): Train pred MSE = 6.292032e-09, Test pred MSE = 6.156232e-05, Param MSE = 6.175721e-04, Grad norm = 1.584083e-06, Beta update rate = 1.503336e-07
Epoch  37000 (0.7%): Train pred MSE = 6.046189e-09, Test pred MSE = 6.155956e-05, Param MSE = 6.175447e-04, Grad norm = 1.552098e-06, Beta update rate = 1.471067e-07
Epoch  37200 (0.7%): Train pred MSE = 5.810168e-09, Test pred MSE = 6.155687e-05, Param MSE = 6.175179e-04, Grad norm = 1.520790e-06, Beta update rate = 1.439531e-07
Epoch  37400 (0.7%): Train pred MSE = 5.583567e-09, Test pred MSE = 6.155424e-05, Param MSE = 6.174918e-04, Grad norm = 1.490146e-06, Beta update rate = 1.408711e-07
Epoch  37600 (0.8%): Train pred MSE = 5.366003e-09, Test pred MSE = 6.155166e-05, Param MSE = 6.174663e-04, Grad norm = 1.460150e-06, Beta update rate = 1.378588e-07
Epoch  37800 (0.8%): Train pred MSE = 5.157104e-09, Test pred MSE = 6.154915e-05, Param MSE = 6.174413e-04, Grad norm = 1.430788e-06, Beta update rate = 1.349146e-07
Epoch  38000 (0.8%): Train pred MSE = 4.956519e-09, Test pred MSE = 6.154669e-05, Param MSE = 6.174169e-04, Grad norm = 1.402045e-06, Beta update rate = 1.320368e-07
Epoch  38200 (0.8%): Train pred MSE = 4.763908e-09, Test pred MSE = 6.154429e-05, Param MSE = 6.173930e-04, Grad norm = 1.373908e-06, Beta update rate = 1.292239e-07
Epoch  38400 (0.8%): Train pred MSE = 4.578946e-09, Test pred MSE = 6.154194e-05, Param MSE = 6.173697e-04, Grad norm = 1.346363e-06, Beta update rate = 1.264742e-07
Epoch  38600 (0.8%): Train pred MSE = 4.401322e-09, Test pred MSE = 6.153964e-05, Param MSE = 6.173469e-04, Grad norm = 1.319398e-06, Beta update rate = 1.237863e-07
Epoch  38800 (0.8%): Train pred MSE = 4.230739e-09, Test pred MSE = 6.153739e-05, Param MSE = 6.173246e-04, Grad norm = 1.292998e-06, Beta update rate = 1.211587e-07
Epoch  39000 (0.8%): Train pred MSE = 4.066911e-09, Test pred MSE = 6.153519e-05, Param MSE = 6.173028e-04, Grad norm = 1.267152e-06, Beta update rate = 1.185899e-07
Epoch  39200 (0.8%): Train pred MSE = 3.909564e-09, Test pred MSE = 6.153305e-05, Param MSE = 6.172815e-04, Grad norm = 1.241847e-06, Beta update rate = 1.160786e-07
Epoch  39400 (0.8%): Train pred MSE = 3.758435e-09, Test pred MSE = 6.153095e-05, Param MSE = 6.172606e-04, Grad norm = 1.217072e-06, Beta update rate = 1.136233e-07
Epoch  39600 (0.8%): Train pred MSE = 3.613273e-09, Test pred MSE = 6.152889e-05, Param MSE = 6.172402e-04, Grad norm = 1.192814e-06, Beta update rate = 1.112227e-07
Epoch  39800 (0.8%): Train pred MSE = 3.473838e-09, Test pred MSE = 6.152688e-05, Param MSE = 6.172203e-04, Grad norm = 1.169063e-06, Beta update rate = 1.088756e-07
Epoch  40000 (0.8%): Train pred MSE = 3.339898e-09, Test pred MSE = 6.152492e-05, Param MSE = 6.172008e-04, Grad norm = 1.145807e-06, Beta update rate = 1.065806e-07
Epoch  40200 (0.8%): Train pred MSE = 3.211231e-09, Test pred MSE = 6.152300e-05, Param MSE = 6.171818e-04, Grad norm = 1.123034e-06, Beta update rate = 1.043366e-07
Epoch  40400 (0.8%): Train pred MSE = 3.087625e-09, Test pred MSE = 6.152112e-05, Param MSE = 6.171631e-04, Grad norm = 1.100736e-06, Beta update rate = 1.021422e-07
Epoch  40600 (0.8%): Train pred MSE = 2.968877e-09, Test pred MSE = 6.151928e-05, Param MSE = 6.171449e-04, Grad norm = 1.078901e-06, Beta update rate = 9.999649e-08
Epoch  40800 (0.8%): Train pred MSE = 2.854791e-09, Test pred MSE = 6.151748e-05, Param MSE = 6.171271e-04, Grad norm = 1.057518e-06, Beta update rate = 9.789815e-08
Epoch  41000 (0.8%): Train pred MSE = 2.745180e-09, Test pred MSE = 6.151573e-05, Param MSE = 6.171096e-04, Grad norm = 1.036579e-06, Beta update rate = 9.584612e-08
Epoch  41200 (0.8%): Train pred MSE = 2.639865e-09, Test pred MSE = 6.151401e-05, Param MSE = 6.170926e-04, Grad norm = 1.016073e-06, Beta update rate = 9.383930e-08
Epoch  41400 (0.8%): Train pred MSE = 2.538674e-09, Test pred MSE = 6.151232e-05, Param MSE = 6.170759e-04, Grad norm = 9.959918e-07, Beta update rate = 9.187665e-08
Epoch  41600 (0.8%): Train pred MSE = 2.441441e-09, Test pred MSE = 6.151068e-05, Param MSE = 6.170596e-04, Grad norm = 9.763250e-07, Beta update rate = 8.995713e-08
Epoch  41800 (0.8%): Train pred MSE = 2.348009e-09, Test pred MSE = 6.150907e-05, Param MSE = 6.170437e-04, Grad norm = 9.570640e-07, Beta update rate = 8.807973e-08
Epoch  42000 (0.8%): Train pred MSE = 2.258225e-09, Test pred MSE = 6.150749e-05, Param MSE = 6.170280e-04, Grad norm = 9.381999e-07, Beta update rate = 8.624349e-08
Epoch  42200 (0.8%): Train pred MSE = 2.171944e-09, Test pred MSE = 6.150595e-05, Param MSE = 6.170128e-04, Grad norm = 9.197243e-07, Beta update rate = 8.444744e-08
Epoch  42400 (0.8%): Train pred MSE = 2.089026e-09, Test pred MSE = 6.150445e-05, Param MSE = 6.169979e-04, Grad norm = 9.016286e-07, Beta update rate = 8.269065e-08
Epoch  42600 (0.9%): Train pred MSE = 2.009337e-09, Test pred MSE = 6.150297e-05, Param MSE = 6.169832e-04, Grad norm = 8.839047e-07, Beta update rate = 8.097221e-08
Epoch  42800 (0.9%): Train pred MSE = 1.932750e-09, Test pred MSE = 6.150153e-05, Param MSE = 6.169690e-04, Grad norm = 8.665445e-07, Beta update rate = 7.929124e-08
Epoch  43000 (0.9%): Train pred MSE = 1.859140e-09, Test pred MSE = 6.150012e-05, Param MSE = 6.169550e-04, Grad norm = 8.495402e-07, Beta update rate = 7.764687e-08
Epoch  43200 (0.9%): Train pred MSE = 1.788389e-09, Test pred MSE = 6.149874e-05, Param MSE = 6.169413e-04, Grad norm = 8.328842e-07, Beta update rate = 7.603827e-08
Epoch  43400 (0.9%): Train pred MSE = 1.720384e-09, Test pred MSE = 6.149739e-05, Param MSE = 6.169279e-04, Grad norm = 8.165689e-07, Beta update rate = 7.446460e-08
Epoch  43600 (0.9%): Train pred MSE = 1.655016e-09, Test pred MSE = 6.149607e-05, Param MSE = 6.169148e-04, Grad norm = 8.005870e-07, Beta update rate = 7.292507e-08
Epoch  43800 (0.9%): Train pred MSE = 1.592181e-09, Test pred MSE = 6.149477e-05, Param MSE = 6.169020e-04, Grad norm = 7.849314e-07, Beta update rate = 7.141890e-08
Epoch  44000 (0.9%): Train pred MSE = 1.531778e-09, Test pred MSE = 6.149351e-05, Param MSE = 6.168895e-04, Grad norm = 7.695951e-07, Beta update rate = 6.994532e-08
Epoch  44200 (0.9%): Train pred MSE = 1.473712e-09, Test pred MSE = 6.149227e-05, Param MSE = 6.168772e-04, Grad norm = 7.545712e-07, Beta update rate = 6.850358e-08
Epoch  44400 (0.9%): Train pred MSE = 1.417889e-09, Test pred MSE = 6.149106e-05, Param MSE = 6.168652e-04, Grad norm = 7.398531e-07, Beta update rate = 6.709297e-08
Epoch  44600 (0.9%): Train pred MSE = 1.364222e-09, Test pred MSE = 6.148987e-05, Param MSE = 6.168535e-04, Grad norm = 7.254343e-07, Beta update rate = 6.571278e-08
Epoch  44800 (0.9%): Train pred MSE = 1.312626e-09, Test pred MSE = 6.148871e-05, Param MSE = 6.168420e-04, Grad norm = 7.113083e-07, Beta update rate = 6.436230e-08
Epoch  45000 (0.9%): Train pred MSE = 1.263019e-09, Test pred MSE = 6.148757e-05, Param MSE = 6.168307e-04, Grad norm = 6.974690e-07, Beta update rate = 6.304088e-08
Epoch  45200 (0.9%): Train pred MSE = 1.215322e-09, Test pred MSE = 6.148646e-05, Param MSE = 6.168197e-04, Grad norm = 6.839103e-07, Beta update rate = 6.174784e-08
Epoch  45400 (0.9%): Train pred MSE = 1.169461e-09, Test pred MSE = 6.148538e-05, Param MSE = 6.168090e-04, Grad norm = 6.706261e-07, Beta update rate = 6.048255e-08
Epoch  45600 (0.9%): Train pred MSE = 1.125364e-09, Test pred MSE = 6.148431e-05, Param MSE = 6.167984e-04, Grad norm = 6.576107e-07, Beta update rate = 5.924439e-08
Epoch  45800 (0.9%): Train pred MSE = 1.082961e-09, Test pred MSE = 6.148327e-05, Param MSE = 6.167881e-04, Grad norm = 6.448583e-07, Beta update rate = 5.803272e-08
Epoch  46000 (0.9%): Train pred MSE = 1.042186e-09, Test pred MSE = 6.148225e-05, Param MSE = 6.167780e-04, Grad norm = 6.323635e-07, Beta update rate = 5.684698e-08
Epoch  46200 (0.9%): Train pred MSE = 1.002975e-09, Test pred MSE = 6.148125e-05, Param MSE = 6.167682e-04, Grad norm = 6.201207e-07, Beta update rate = 5.568656e-08
Epoch  46400 (0.9%): Train pred MSE = 9.652675e-10, Test pred MSE = 6.148027e-05, Param MSE = 6.167585e-04, Grad norm = 6.081247e-07, Beta update rate = 5.455089e-08
Epoch  46600 (0.9%): Train pred MSE = 9.290038e-10, Test pred MSE = 6.147932e-05, Param MSE = 6.167490e-04, Grad norm = 5.963702e-07, Beta update rate = 5.343944e-08
Epoch  46800 (0.9%): Train pred MSE = 8.941280e-10, Test pred MSE = 6.147838e-05, Param MSE = 6.167398e-04, Grad norm = 5.848521e-07, Beta update rate = 5.235164e-08
Epoch  47000 (0.9%): Train pred MSE = 8.605857e-10, Test pred MSE = 6.147746e-05, Param MSE = 6.167307e-04, Grad norm = 5.735655e-07, Beta update rate = 5.128697e-08
Epoch  47200 (0.9%): Train pred MSE = 8.283251e-10, Test pred MSE = 6.147656e-05, Param MSE = 6.167218e-04, Grad norm = 5.625056e-07, Beta update rate = 5.024493e-08
Epoch  47400 (0.9%): Train pred MSE = 7.972962e-10, Test pred MSE = 6.147569e-05, Param MSE = 6.167131e-04, Grad norm = 5.516674e-07, Beta update rate = 4.922499e-08
Epoch  47600 (1.0%): Train pred MSE = 7.674510e-10, Test pred MSE = 6.147483e-05, Param MSE = 6.167046e-04, Grad norm = 5.410465e-07, Beta update rate = 4.822667e-08
Epoch  47800 (1.0%): Train pred MSE = 7.387434e-10, Test pred MSE = 6.147398e-05, Param MSE = 6.166963e-04, Grad norm = 5.306382e-07, Beta update rate = 4.724948e-08
Epoch  48000 (1.0%): Train pred MSE = 7.111293e-10, Test pred MSE = 6.147316e-05, Param MSE = 6.166882e-04, Grad norm = 5.204381e-07, Beta update rate = 4.629297e-08
Epoch  48200 (1.0%): Train pred MSE = 6.845663e-10, Test pred MSE = 6.147235e-05, Param MSE = 6.166802e-04, Grad norm = 5.104419e-07, Beta update rate = 4.535666e-08
Epoch  48400 (1.0%): Train pred MSE = 6.590134e-10, Test pred MSE = 6.147156e-05, Param MSE = 6.166724e-04, Grad norm = 5.006452e-07, Beta update rate = 4.444011e-08
Epoch  48600 (1.0%): Train pred MSE = 6.344316e-10, Test pred MSE = 6.147079e-05, Param MSE = 6.166648e-04, Grad norm = 4.910440e-07, Beta update rate = 4.354289e-08
Epoch  48800 (1.0%): Train pred MSE = 6.107833e-10, Test pred MSE = 6.147003e-05, Param MSE = 6.166573e-04, Grad norm = 4.816342e-07, Beta update rate = 4.266456e-08
Epoch  49000 (1.0%): Train pred MSE = 5.880322e-10, Test pred MSE = 6.146929e-05, Param MSE = 6.166499e-04, Grad norm = 4.724117e-07, Beta update rate = 4.180472e-08
Epoch  49200 (1.0%): Train pred MSE = 5.661438e-10, Test pred MSE = 6.146856e-05, Param MSE = 6.166428e-04, Grad norm = 4.633727e-07, Beta update rate = 4.096294e-08
Epoch  49400 (1.0%): Train pred MSE = 5.450847e-10, Test pred MSE = 6.146785e-05, Param MSE = 6.166358e-04, Grad norm = 4.545133e-07, Beta update rate = 4.013884e-08
Epoch  49600 (1.0%): Train pred MSE = 5.248229e-10, Test pred MSE = 6.146716e-05, Param MSE = 6.166289e-04, Grad norm = 4.458299e-07, Beta update rate = 3.933202e-08
Epoch  49800 (1.0%): Train pred MSE = 5.053276e-10, Test pred MSE = 6.146648e-05, Param MSE = 6.166221e-04, Grad norm = 4.373188e-07, Beta update rate = 3.854211e-08
Epoch  50000 (1.0%): Train pred MSE = 4.865692e-10, Test pred MSE = 6.146581e-05, Param MSE = 6.166156e-04, Grad norm = 4.289765e-07, Beta update rate = 3.776873e-08
Epoch  50200 (1.0%): Train pred MSE = 4.685194e-10, Test pred MSE = 6.146516e-05, Param MSE = 6.166091e-04, Grad norm = 4.207993e-07, Beta update rate = 3.701152e-08
Epoch  50400 (1.0%): Train pred MSE = 4.511510e-10, Test pred MSE = 6.146452e-05, Param MSE = 6.166028e-04, Grad norm = 4.127840e-07, Beta update rate = 3.627013e-08
Epoch  50600 (1.0%): Train pred MSE = 4.344377e-10, Test pred MSE = 6.146389e-05, Param MSE = 6.165966e-04, Grad norm = 4.049272e-07, Beta update rate = 3.554421e-08
Epoch  50800 (1.0%): Train pred MSE = 4.183543e-10, Test pred MSE = 6.146327e-05, Param MSE = 6.165905e-04, Grad norm = 3.972256e-07, Beta update rate = 3.483343e-08
Epoch  51000 (1.0%): Train pred MSE = 4.028767e-10, Test pred MSE = 6.146267e-05, Param MSE = 6.165846e-04, Grad norm = 3.896760e-07, Beta update rate = 3.413745e-08
Epoch  51200 (1.0%): Train pred MSE = 3.879816e-10, Test pred MSE = 6.146208e-05, Param MSE = 6.165788e-04, Grad norm = 3.822753e-07, Beta update rate = 3.345595e-08
Epoch  51400 (1.0%): Train pred MSE = 3.736467e-10, Test pred MSE = 6.146151e-05, Param MSE = 6.165731e-04, Grad norm = 3.750205e-07, Beta update rate = 3.278861e-08
Epoch  51600 (1.0%): Train pred MSE = 3.598505e-10, Test pred MSE = 6.146094e-05, Param MSE = 6.165675e-04, Grad norm = 3.679084e-07, Beta update rate = 3.213514e-08
Epoch  51800 (1.0%): Train pred MSE = 3.465725e-10, Test pred MSE = 6.146039e-05, Param MSE = 6.165621e-04, Grad norm = 3.609363e-07, Beta update rate = 3.149522e-08
Epoch  52000 (1.0%): Train pred MSE = 3.337928e-10, Test pred MSE = 6.145985e-05, Param MSE = 6.165567e-04, Grad norm = 3.541012e-07, Beta update rate = 3.086857e-08
Epoch  52200 (1.0%): Train pred MSE = 3.214924e-10, Test pred MSE = 6.145932e-05, Param MSE = 6.165515e-04, Grad norm = 3.474004e-07, Beta update rate = 3.025489e-08
Epoch  52400 (1.0%): Train pred MSE = 3.096529e-10, Test pred MSE = 6.145880e-05, Param MSE = 6.165464e-04, Grad norm = 3.408310e-07, Beta update rate = 2.965391e-08
Epoch  52600 (1.1%): Train pred MSE = 2.982568e-10, Test pred MSE = 6.145829e-05, Param MSE = 6.165414e-04, Grad norm = 3.343905e-07, Beta update rate = 2.906535e-08
Epoch  52800 (1.1%): Train pred MSE = 2.872871e-10, Test pred MSE = 6.145779e-05, Param MSE = 6.165365e-04, Grad norm = 3.280761e-07, Beta update rate = 2.848895e-08
Epoch  53000 (1.1%): Train pred MSE = 2.767278e-10, Test pred MSE = 6.145730e-05, Param MSE = 6.165316e-04, Grad norm = 3.218853e-07, Beta update rate = 2.792443e-08
Epoch  53200 (1.1%): Train pred MSE = 2.665630e-10, Test pred MSE = 6.145682e-05, Param MSE = 6.165269e-04, Grad norm = 3.158156e-07, Beta update rate = 2.737155e-08
Epoch  53400 (1.1%): Train pred MSE = 2.567778e-10, Test pred MSE = 6.145636e-05, Param MSE = 6.165223e-04, Grad norm = 3.098645e-07, Beta update rate = 2.683005e-08
Epoch  53600 (1.1%): Train pred MSE = 2.473578e-10, Test pred MSE = 6.145590e-05, Param MSE = 6.165178e-04, Grad norm = 3.040296e-07, Beta update rate = 2.629969e-08
Epoch  53800 (1.1%): Train pred MSE = 2.382891e-10, Test pred MSE = 6.145545e-05, Param MSE = 6.165134e-04, Grad norm = 2.983085e-07, Beta update rate = 2.578024e-08
Epoch  54000 (1.1%): Train pred MSE = 2.295584e-10, Test pred MSE = 6.145501e-05, Param MSE = 6.165090e-04, Grad norm = 2.926990e-07, Beta update rate = 2.527145e-08
Epoch  54200 (1.1%): Train pred MSE = 2.211528e-10, Test pred MSE = 6.145458e-05, Param MSE = 6.165048e-04, Grad norm = 2.871988e-07, Beta update rate = 2.477309e-08
Epoch  54400 (1.1%): Train pred MSE = 2.130601e-10, Test pred MSE = 6.145415e-05, Param MSE = 6.165006e-04, Grad norm = 2.818056e-07, Beta update rate = 2.428496e-08
Epoch  54600 (1.1%): Train pred MSE = 2.052683e-10, Test pred MSE = 6.145374e-05, Param MSE = 6.164965e-04, Grad norm = 2.765172e-07, Beta update rate = 2.380682e-08
Epoch  54800 (1.1%): Train pred MSE = 1.977662e-10, Test pred MSE = 6.145333e-05, Param MSE = 6.164925e-04, Grad norm = 2.713317e-07, Beta update rate = 2.333846e-08
Epoch  55000 (1.1%): Train pred MSE = 1.905426e-10, Test pred MSE = 6.145294e-05, Param MSE = 6.164886e-04, Grad norm = 2.662468e-07, Beta update rate = 2.287968e-08
Epoch  55200 (1.1%): Train pred MSE = 1.835873e-10, Test pred MSE = 6.145255e-05, Param MSE = 6.164848e-04, Grad norm = 2.612606e-07, Beta update rate = 2.243026e-08
Epoch  55400 (1.1%): Train pred MSE = 1.768899e-10, Test pred MSE = 6.145217e-05, Param MSE = 6.164810e-04, Grad norm = 2.563711e-07, Beta update rate = 2.199002e-08
Epoch  55600 (1.1%): Train pred MSE = 1.704407e-10, Test pred MSE = 6.145179e-05, Param MSE = 6.164774e-04, Grad norm = 2.515762e-07, Beta update rate = 2.155875e-08
Epoch  55800 (1.1%): Train pred MSE = 1.642305e-10, Test pred MSE = 6.145143e-05, Param MSE = 6.164738e-04, Grad norm = 2.468742e-07, Beta update rate = 2.113627e-08
Epoch  56000 (1.1%): Train pred MSE = 1.582501e-10, Test pred MSE = 6.145107e-05, Param MSE = 6.164702e-04, Grad norm = 2.422631e-07, Beta update rate = 2.072239e-08
Epoch  56200 (1.1%): Train pred MSE = 1.524910e-10, Test pred MSE = 6.145072e-05, Param MSE = 6.164668e-04, Grad norm = 2.377412e-07, Beta update rate = 2.031692e-08
Epoch  56400 (1.1%): Train pred MSE = 1.469448e-10, Test pred MSE = 6.145037e-05, Param MSE = 6.164634e-04, Grad norm = 2.333065e-07, Beta update rate = 1.991969e-08
Epoch  56600 (1.1%): Train pred MSE = 1.416035e-10, Test pred MSE = 6.145003e-05, Param MSE = 6.164601e-04, Grad norm = 2.289575e-07, Beta update rate = 1.953053e-08
Epoch  56800 (1.1%): Train pred MSE = 1.364595e-10, Test pred MSE = 6.144970e-05, Param MSE = 6.164568e-04, Grad norm = 2.246923e-07, Beta update rate = 1.914925e-08
Epoch  57000 (1.1%): Train pred MSE = 1.315052e-10, Test pred MSE = 6.144938e-05, Param MSE = 6.164536e-04, Grad norm = 2.205093e-07, Beta update rate = 1.877571e-08
Epoch  57200 (1.1%): Train pred MSE = 1.267337e-10, Test pred MSE = 6.144906e-05, Param MSE = 6.164505e-04, Grad norm = 2.164068e-07, Beta update rate = 1.840972e-08
Epoch  57400 (1.1%): Train pred MSE = 1.221379e-10, Test pred MSE = 6.144875e-05, Param MSE = 6.164474e-04, Grad norm = 2.123832e-07, Beta update rate = 1.805114e-08
Epoch  57600 (1.2%): Train pred MSE = 1.177114e-10, Test pred MSE = 6.144845e-05, Param MSE = 6.164444e-04, Grad norm = 2.084370e-07, Beta update rate = 1.769981e-08
Epoch  57800 (1.2%): Train pred MSE = 1.134479e-10, Test pred MSE = 6.144815e-05, Param MSE = 6.164415e-04, Grad norm = 2.045666e-07, Beta update rate = 1.735558e-08
Epoch  58000 (1.2%): Train pred MSE = 1.093411e-10, Test pred MSE = 6.144786e-05, Param MSE = 6.164386e-04, Grad norm = 2.007705e-07, Beta update rate = 1.701829e-08
Epoch  58200 (1.2%): Train pred MSE = 1.053853e-10, Test pred MSE = 6.144757e-05, Param MSE = 6.164358e-04, Grad norm = 1.970472e-07, Beta update rate = 1.668780e-08
Epoch  58400 (1.2%): Train pred MSE = 1.015749e-10, Test pred MSE = 6.144729e-05, Param MSE = 6.164330e-04, Grad norm = 1.933953e-07, Beta update rate = 1.636396e-08
Epoch  58600 (1.2%): Train pred MSE = 9.790427e-11, Test pred MSE = 6.144701e-05, Param MSE = 6.164303e-04, Grad norm = 1.898133e-07, Beta update rate = 1.604665e-08
Epoch  58800 (1.2%): Train pred MSE = 9.436835e-11, Test pred MSE = 6.144674e-05, Param MSE = 6.164277e-04, Grad norm = 1.862998e-07, Beta update rate = 1.573572e-08
Epoch  59000 (1.2%): Train pred MSE = 9.096207e-11, Test pred MSE = 6.144648e-05, Param MSE = 6.164251e-04, Grad norm = 1.828536e-07, Beta update rate = 1.543104e-08
Epoch  59200 (1.2%): Train pred MSE = 8.768062e-11, Test pred MSE = 6.144622e-05, Param MSE = 6.164225e-04, Grad norm = 1.794732e-07, Beta update rate = 1.513247e-08
Epoch  59400 (1.2%): Train pred MSE = 8.451933e-11, Test pred MSE = 6.144597e-05, Param MSE = 6.164200e-04, Grad norm = 1.761574e-07, Beta update rate = 1.483990e-08
Epoch  59600 (1.2%): Train pred MSE = 8.147374e-11, Test pred MSE = 6.144572e-05, Param MSE = 6.164176e-04, Grad norm = 1.729048e-07, Beta update rate = 1.455319e-08
Epoch  59800 (1.2%): Train pred MSE = 7.853954e-11, Test pred MSE = 6.144547e-05, Param MSE = 6.164152e-04, Grad norm = 1.697143e-07, Beta update rate = 1.427222e-08
Epoch  60000 (1.2%): Train pred MSE = 7.571260e-11, Test pred MSE = 6.144523e-05, Param MSE = 6.164129e-04, Grad norm = 1.665846e-07, Beta update rate = 1.399687e-08
Epoch  60200 (1.2%): Train pred MSE = 7.298893e-11, Test pred MSE = 6.144500e-05, Param MSE = 6.164106e-04, Grad norm = 1.635144e-07, Beta update rate = 1.372704e-08
Epoch  60400 (1.2%): Train pred MSE = 7.036470e-11, Test pred MSE = 6.144477e-05, Param MSE = 6.164083e-04, Grad norm = 1.605027e-07, Beta update rate = 1.346259e-08
Epoch  60600 (1.2%): Train pred MSE = 6.783622e-11, Test pred MSE = 6.144454e-05, Param MSE = 6.164061e-04, Grad norm = 1.575483e-07, Beta update rate = 1.320342e-08
Epoch  60800 (1.2%): Train pred MSE = 6.539993e-11, Test pred MSE = 6.144432e-05, Param MSE = 6.164039e-04, Grad norm = 1.546500e-07, Beta update rate = 1.294943e-08
Epoch  61000 (1.2%): Train pred MSE = 6.305244e-11, Test pred MSE = 6.144411e-05, Param MSE = 6.164018e-04, Grad norm = 1.518067e-07, Beta update rate = 1.270049e-08
Epoch  61200 (1.2%): Train pred MSE = 6.079045e-11, Test pred MSE = 6.144390e-05, Param MSE = 6.163997e-04, Grad norm = 1.490174e-07, Beta update rate = 1.245652e-08
Epoch  61400 (1.2%): Train pred MSE = 5.861079e-11, Test pred MSE = 6.144369e-05, Param MSE = 6.163977e-04, Grad norm = 1.462810e-07, Beta update rate = 1.221740e-08
Epoch  61600 (1.2%): Train pred MSE = 5.651042e-11, Test pred MSE = 6.144348e-05, Param MSE = 6.163957e-04, Grad norm = 1.435964e-07, Beta update rate = 1.198304e-08
Epoch  61800 (1.2%): Train pred MSE = 5.448642e-11, Test pred MSE = 6.144329e-05, Param MSE = 6.163937e-04, Grad norm = 1.409626e-07, Beta update rate = 1.175333e-08
Epoch  62000 (1.2%): Train pred MSE = 5.253596e-11, Test pred MSE = 6.144309e-05, Param MSE = 6.163918e-04, Grad norm = 1.383787e-07, Beta update rate = 1.152818e-08
Epoch  62200 (1.2%): Train pred MSE = 5.065633e-11, Test pred MSE = 6.144290e-05, Param MSE = 6.163899e-04, Grad norm = 1.358437e-07, Beta update rate = 1.130750e-08
Epoch  62400 (1.2%): Train pred MSE = 4.884491e-11, Test pred MSE = 6.144271e-05, Param MSE = 6.163881e-04, Grad norm = 1.333565e-07, Beta update rate = 1.109120e-08
Epoch  62600 (1.3%): Train pred MSE = 4.709921e-11, Test pred MSE = 6.144253e-05, Param MSE = 6.163863e-04, Grad norm = 1.309163e-07, Beta update rate = 1.087918e-08
Epoch  62800 (1.3%): Train pred MSE = 4.541678e-11, Test pred MSE = 6.144234e-05, Param MSE = 6.163845e-04, Grad norm = 1.285222e-07, Beta update rate = 1.067136e-08
Epoch  63000 (1.3%): Train pred MSE = 4.379531e-11, Test pred MSE = 6.144217e-05, Param MSE = 6.163828e-04, Grad norm = 1.261732e-07, Beta update rate = 1.046765e-08
Epoch  63200 (1.3%): Train pred MSE = 4.223255e-11, Test pred MSE = 6.144199e-05, Param MSE = 6.163811e-04, Grad norm = 1.238685e-07, Beta update rate = 1.026796e-08
Epoch  63400 (1.3%): Train pred MSE = 4.072635e-11, Test pred MSE = 6.144182e-05, Param MSE = 6.163794e-04, Grad norm = 1.216072e-07, Beta update rate = 1.007222e-08
Epoch  63600 (1.3%): Train pred MSE = 3.927462e-11, Test pred MSE = 6.144166e-05, Param MSE = 6.163778e-04, Grad norm = 1.193884e-07, Beta update rate = 9.880337e-09
Epoch  63800 (1.3%): Train pred MSE = 3.787537e-11, Test pred MSE = 6.144149e-05, Param MSE = 6.163762e-04, Grad norm = 1.172114e-07, Beta update rate = 9.692241e-09
Epoch  64000 (1.3%): Train pred MSE = 3.652667e-11, Test pred MSE = 6.144133e-05, Param MSE = 6.163746e-04, Grad norm = 1.150753e-07, Beta update rate = 9.507851e-09
Epoch  64200 (1.3%): Train pred MSE = 3.522666e-11, Test pred MSE = 6.144118e-05, Param MSE = 6.163730e-04, Grad norm = 1.129793e-07, Beta update rate = 9.327091e-09
Epoch  64400 (1.3%): Train pred MSE = 3.397357e-11, Test pred MSE = 6.144102e-05, Param MSE = 6.163715e-04, Grad norm = 1.109226e-07, Beta update rate = 9.149887e-09
Epoch  64600 (1.3%): Train pred MSE = 3.276568e-11, Test pred MSE = 6.144087e-05, Param MSE = 6.163701e-04, Grad norm = 1.089045e-07, Beta update rate = 8.976167e-09
Epoch  64800 (1.3%): Train pred MSE = 3.160132e-11, Test pred MSE = 6.144072e-05, Param MSE = 6.163686e-04, Grad norm = 1.069243e-07, Beta update rate = 8.805860e-09
Epoch  65000 (1.3%): Train pred MSE = 3.047891e-11, Test pred MSE = 6.144058e-05, Param MSE = 6.163672e-04, Grad norm = 1.049811e-07, Beta update rate = 8.638896e-09
Epoch  65200 (1.3%): Train pred MSE = 2.939692e-11, Test pred MSE = 6.144044e-05, Param MSE = 6.163658e-04, Grad norm = 1.030743e-07, Beta update rate = 8.475207e-09
Epoch  65400 (1.3%): Train pred MSE = 2.835386e-11, Test pred MSE = 6.144030e-05, Param MSE = 6.163644e-04, Grad norm = 1.012032e-07, Beta update rate = 8.314726e-09
Epoch  65600 (1.3%): Train pred MSE = 2.734831e-11, Test pred MSE = 6.144016e-05, Param MSE = 6.163631e-04, Grad norm = 9.936709e-08, Beta update rate = 8.157388e-09
Epoch  65800 (1.3%): Train pred MSE = 2.637892e-11, Test pred MSE = 6.144003e-05, Param MSE = 6.163618e-04, Grad norm = 9.756526e-08, Beta update rate = 8.003130e-09
Epoch  66000 (1.3%): Train pred MSE = 2.544435e-11, Test pred MSE = 6.143989e-05, Param MSE = 6.163605e-04, Grad norm = 9.579709e-08, Beta update rate = 7.851889e-09
Epoch  66200 (1.3%): Train pred MSE = 2.454334e-11, Test pred MSE = 6.143976e-05, Param MSE = 6.163592e-04, Grad norm = 9.406190e-08, Beta update rate = 7.703603e-09
Epoch  66400 (1.3%): Train pred MSE = 2.367466e-11, Test pred MSE = 6.143964e-05, Param MSE = 6.163580e-04, Grad norm = 9.235907e-08, Beta update rate = 7.558214e-09
Epoch  66600 (1.3%): Train pred MSE = 2.283715e-11, Test pred MSE = 6.143951e-05, Param MSE = 6.163568e-04, Grad norm = 9.068798e-08, Beta update rate = 7.415661e-09
Epoch  66800 (1.3%): Train pred MSE = 2.202965e-11, Test pred MSE = 6.143939e-05, Param MSE = 6.163556e-04, Grad norm = 8.904801e-08, Beta update rate = 7.275888e-09
Epoch  67000 (1.3%): Train pred MSE = 2.125110e-11, Test pred MSE = 6.143927e-05, Param MSE = 6.163544e-04, Grad norm = 8.743856e-08, Beta update rate = 7.138839e-09
Epoch  67200 (1.3%): Train pred MSE = 2.050042e-11, Test pred MSE = 6.143916e-05, Param MSE = 6.163533e-04, Grad norm = 8.585906e-08, Beta update rate = 7.004459e-09
Epoch  67400 (1.3%): Train pred MSE = 1.977661e-11, Test pred MSE = 6.143904e-05, Param MSE = 6.163522e-04, Grad norm = 8.430891e-08, Beta update rate = 6.872693e-09
Epoch  67600 (1.4%): Train pred MSE = 1.907870e-11, Test pred MSE = 6.143893e-05, Param MSE = 6.163511e-04, Grad norm = 8.278756e-08, Beta update rate = 6.743490e-09
Epoch  67800 (1.4%): Train pred MSE = 1.840573e-11, Test pred MSE = 6.143882e-05, Param MSE = 6.163500e-04, Grad norm = 8.129446e-08, Beta update rate = 6.616796e-09
Epoch  68000 (1.4%): Train pred MSE = 1.775682e-11, Test pred MSE = 6.143871e-05, Param MSE = 6.163489e-04, Grad norm = 7.982906e-08, Beta update rate = 6.492563e-09
Epoch  68200 (1.4%): Train pred MSE = 1.713109e-11, Test pred MSE = 6.143861e-05, Param MSE = 6.163479e-04, Grad norm = 7.839083e-08, Beta update rate = 6.370741e-09
Epoch  68400 (1.4%): Train pred MSE = 1.652769e-11, Test pred MSE = 6.143850e-05, Param MSE = 6.163469e-04, Grad norm = 7.697925e-08, Beta update rate = 6.251280e-09
Epoch  68600 (1.4%): Train pred MSE = 1.594582e-11, Test pred MSE = 6.143840e-05, Param MSE = 6.163459e-04, Grad norm = 7.559382e-08, Beta update rate = 6.134134e-09
Epoch  68800 (1.4%): Train pred MSE = 1.538471e-11, Test pred MSE = 6.143830e-05, Param MSE = 6.163449e-04, Grad norm = 7.423403e-08, Beta update rate = 6.019256e-09
Epoch  69000 (1.4%): Train pred MSE = 1.484359e-11, Test pred MSE = 6.143820e-05, Param MSE = 6.163439e-04, Grad norm = 7.289940e-08, Beta update rate = 5.906600e-09
Epoch  69200 (1.4%): Train pred MSE = 1.432175e-11, Test pred MSE = 6.143811e-05, Param MSE = 6.163430e-04, Grad norm = 7.158943e-08, Beta update rate = 5.796123e-09
Epoch  69400 (1.4%): Train pred MSE = 1.381849e-11, Test pred MSE = 6.143801e-05, Param MSE = 6.163421e-04, Grad norm = 7.030367e-08, Beta update rate = 5.687780e-09
Epoch  69600 (1.4%): Train pred MSE = 1.333314e-11, Test pred MSE = 6.143792e-05, Param MSE = 6.163412e-04, Grad norm = 6.904165e-08, Beta update rate = 5.581529e-09
Epoch  69800 (1.4%): Train pred MSE = 1.286506e-11, Test pred MSE = 6.143783e-05, Param MSE = 6.163403e-04, Grad norm = 6.780292e-08, Beta update rate = 5.477328e-09
Epoch  70000 (1.4%): Train pred MSE = 1.241362e-11, Test pred MSE = 6.143774e-05, Param MSE = 6.163394e-04, Grad norm = 6.658703e-08, Beta update rate = 5.375136e-09
Epoch  70200 (1.4%): Train pred MSE = 1.197822e-11, Test pred MSE = 6.143765e-05, Param MSE = 6.163386e-04, Grad norm = 6.539355e-08, Beta update rate = 5.274913e-09
Epoch  70400 (1.4%): Train pred MSE = 1.155828e-11, Test pred MSE = 6.143757e-05, Param MSE = 6.163377e-04, Grad norm = 6.422205e-08, Beta update rate = 5.176620e-09
Epoch  70600 (1.4%): Train pred MSE = 1.115325e-11, Test pred MSE = 6.143748e-05, Param MSE = 6.163369e-04, Grad norm = 6.307212e-08, Beta update rate = 5.080218e-09
Epoch  70800 (1.4%): Train pred MSE = 1.076260e-11, Test pred MSE = 6.143740e-05, Param MSE = 6.163361e-04, Grad norm = 6.194335e-08, Beta update rate = 4.985669e-09
Epoch  71000 (1.4%): Train pred MSE = 1.038579e-11, Test pred MSE = 6.143732e-05, Param MSE = 6.163353e-04, Grad norm = 6.083534e-08, Beta update rate = 4.892937e-09
Epoch  71200 (1.4%): Train pred MSE = 1.002234e-11, Test pred MSE = 6.143724e-05, Param MSE = 6.163346e-04, Grad norm = 5.974768e-08, Beta update rate = 4.801986e-09
Epoch  71400 (1.4%): Train pred MSE = 9.671774e-12, Test pred MSE = 6.143716e-05, Param MSE = 6.163338e-04, Grad norm = 5.868000e-08, Beta update rate = 4.712779e-09
Epoch  71600 (1.4%): Train pred MSE = 9.333618e-12, Test pred MSE = 6.143709e-05, Param MSE = 6.163331e-04, Grad norm = 5.763192e-08, Beta update rate = 4.625284e-09
Epoch  71800 (1.4%): Train pred MSE = 9.007431e-12, Test pred MSE = 6.143701e-05, Param MSE = 6.163323e-04, Grad norm = 5.660306e-08, Beta update rate = 4.539464e-09
Epoch  72000 (1.4%): Train pred MSE = 8.692783e-12, Test pred MSE = 6.143694e-05, Param MSE = 6.163316e-04, Grad norm = 5.559307e-08, Beta update rate = 4.455289e-09
Epoch  72200 (1.4%): Train pred MSE = 8.389261e-12, Test pred MSE = 6.143687e-05, Param MSE = 6.163309e-04, Grad norm = 5.460159e-08, Beta update rate = 4.372724e-09
Epoch  72400 (1.4%): Train pred MSE = 8.096466e-12, Test pred MSE = 6.143680e-05, Param MSE = 6.163302e-04, Grad norm = 5.362826e-08, Beta update rate = 4.291737e-09
Epoch  72600 (1.5%): Train pred MSE = 7.814015e-12, Test pred MSE = 6.143673e-05, Param MSE = 6.163295e-04, Grad norm = 5.267274e-08, Beta update rate = 4.212299e-09
Epoch  72800 (1.5%): Train pred MSE = 7.541536e-12, Test pred MSE = 6.143666e-05, Param MSE = 6.163289e-04, Grad norm = 5.173471e-08, Beta update rate = 4.134378e-09
Epoch  73000 (1.5%): Train pred MSE = 7.278674e-12, Test pred MSE = 6.143659e-05, Param MSE = 6.163282e-04, Grad norm = 5.081382e-08, Beta update rate = 4.057943e-09
Epoch  73200 (1.5%): Train pred MSE = 7.025085e-12, Test pred MSE = 6.143653e-05, Param MSE = 6.163276e-04, Grad norm = 4.990976e-08, Beta update rate = 3.982967e-09
Epoch  73400 (1.5%): Train pred MSE = 6.780436e-12, Test pred MSE = 6.143647e-05, Param MSE = 6.163270e-04, Grad norm = 4.902221e-08, Beta update rate = 3.909419e-09
Epoch  73600 (1.5%): Train pred MSE = 6.544409e-12, Test pred MSE = 6.143640e-05, Param MSE = 6.163264e-04, Grad norm = 4.815085e-08, Beta update rate = 3.837273e-09
Epoch  73800 (1.5%): Train pred MSE = 6.316697e-12, Test pred MSE = 6.143634e-05, Param MSE = 6.163258e-04, Grad norm = 4.729539e-08, Beta update rate = 3.766499e-09
Epoch  74000 (1.5%): Train pred MSE = 6.097002e-12, Test pred MSE = 6.143628e-05, Param MSE = 6.163252e-04, Grad norm = 4.645553e-08, Beta update rate = 3.697072e-09
Epoch  74200 (1.5%): Train pred MSE = 5.885038e-12, Test pred MSE = 6.143622e-05, Param MSE = 6.163246e-04, Grad norm = 4.563097e-08, Beta update rate = 3.628964e-09
Epoch  74400 (1.5%): Train pred MSE = 5.680530e-12, Test pred MSE = 6.143616e-05, Param MSE = 6.163240e-04, Grad norm = 4.482142e-08, Beta update rate = 3.562151e-09
Epoch  74600 (1.5%): Train pred MSE = 5.483213e-12, Test pred MSE = 6.143611e-05, Param MSE = 6.163235e-04, Grad norm = 4.402661e-08, Beta update rate = 3.496606e-09
Epoch  74800 (1.5%): Train pred MSE = 5.292830e-12, Test pred MSE = 6.143605e-05, Param MSE = 6.163229e-04, Grad norm = 4.324626e-08, Beta update rate = 3.432304e-09
Epoch  75000 (1.5%): Train pred MSE = 5.109135e-12, Test pred MSE = 6.143600e-05, Param MSE = 6.163224e-04, Grad norm = 4.248009e-08, Beta update rate = 3.369221e-09
Epoch  75200 (1.5%): Train pred MSE = 4.931889e-12, Test pred MSE = 6.143594e-05, Param MSE = 6.163219e-04, Grad norm = 4.172785e-08, Beta update rate = 3.307334e-09
Epoch  75400 (1.5%): Train pred MSE = 4.760864e-12, Test pred MSE = 6.143589e-05, Param MSE = 6.163214e-04, Grad norm = 4.098926e-08, Beta update rate = 3.246619e-09
Epoch  75600 (1.5%): Train pred MSE = 4.595838e-12, Test pred MSE = 6.143584e-05, Param MSE = 6.163209e-04, Grad norm = 4.026408e-08, Beta update rate = 3.187052e-09
Epoch  75800 (1.5%): Train pred MSE = 4.436598e-12, Test pred MSE = 6.143579e-05, Param MSE = 6.163204e-04, Grad norm = 3.955206e-08, Beta update rate = 3.128612e-09
Epoch  76000 (1.5%): Train pred MSE = 4.282939e-12, Test pred MSE = 6.143574e-05, Param MSE = 6.163199e-04, Grad norm = 3.885295e-08, Beta update rate = 3.071276e-09
Epoch  76200 (1.5%): Train pred MSE = 4.134663e-12, Test pred MSE = 6.143569e-05, Param MSE = 6.163194e-04, Grad norm = 3.816650e-08, Beta update rate = 3.015023e-09
Epoch  76400 (1.5%): Train pred MSE = 3.991579e-12, Test pred MSE = 6.143564e-05, Param MSE = 6.163189e-04, Grad norm = 3.749249e-08, Beta update rate = 2.959832e-09
Epoch  76600 (1.5%): Train pred MSE = 3.853503e-12, Test pred MSE = 6.143559e-05, Param MSE = 6.163185e-04, Grad norm = 3.683068e-08, Beta update rate = 2.905682e-09
Epoch  76800 (1.5%): Train pred MSE = 3.720258e-12, Test pred MSE = 6.143555e-05, Param MSE = 6.163180e-04, Grad norm = 3.618085e-08, Beta update rate = 2.852553e-09
Epoch  77000 (1.5%): Train pred MSE = 3.591671e-12, Test pred MSE = 6.143550e-05, Param MSE = 6.163176e-04, Grad norm = 3.554276e-08, Beta update rate = 2.800425e-09
Epoch  77200 (1.5%): Train pred MSE = 3.467580e-12, Test pred MSE = 6.143546e-05, Param MSE = 6.163172e-04, Grad norm = 3.491621e-08, Beta update rate = 2.749278e-09
Epoch  77400 (1.5%): Train pred MSE = 3.347824e-12, Test pred MSE = 6.143541e-05, Param MSE = 6.163167e-04, Grad norm = 3.430097e-08, Beta update rate = 2.699093e-09
Epoch  77600 (1.6%): Train pred MSE = 3.232250e-12, Test pred MSE = 6.143537e-05, Param MSE = 6.163163e-04, Grad norm = 3.369684e-08, Beta update rate = 2.649852e-09
Epoch  77800 (1.6%): Train pred MSE = 3.120710e-12, Test pred MSE = 6.143533e-05, Param MSE = 6.163159e-04, Grad norm = 3.310362e-08, Beta update rate = 2.601536e-09
Epoch  78000 (1.6%): Train pred MSE = 3.013062e-12, Test pred MSE = 6.143529e-05, Param MSE = 6.163155e-04, Grad norm = 3.252109e-08, Beta update rate = 2.554128e-09
Epoch  78200 (1.6%): Train pred MSE = 2.909169e-12, Test pred MSE = 6.143525e-05, Param MSE = 6.163151e-04, Grad norm = 3.194907e-08, Beta update rate = 2.507609e-09
Epoch  78400 (1.6%): Train pred MSE = 2.808897e-12, Test pred MSE = 6.143521e-05, Param MSE = 6.163147e-04, Grad norm = 3.138735e-08, Beta update rate = 2.461963e-09
Epoch  78600 (1.6%): Train pred MSE = 2.712120e-12, Test pred MSE = 6.143517e-05, Param MSE = 6.163144e-04, Grad norm = 3.083575e-08, Beta update rate = 2.417172e-09
Epoch  78800 (1.6%): Train pred MSE = 2.618714e-12, Test pred MSE = 6.143513e-05, Param MSE = 6.163140e-04, Grad norm = 3.029407e-08, Beta update rate = 2.373220e-09
Epoch  79000 (1.6%): Train pred MSE = 2.528560e-12, Test pred MSE = 6.143510e-05, Param MSE = 6.163136e-04, Grad norm = 2.976214e-08, Beta update rate = 2.330092e-09
Epoch  79200 (1.6%): Train pred MSE = 2.441543e-12, Test pred MSE = 6.143506e-05, Param MSE = 6.163133e-04, Grad norm = 2.923977e-08, Beta update rate = 2.287770e-09
Epoch  79400 (1.6%): Train pred MSE = 2.357553e-12, Test pred MSE = 6.143502e-05, Param MSE = 6.163129e-04, Grad norm = 2.872679e-08, Beta update rate = 2.246239e-09
Epoch  79600 (1.6%): Train pred MSE = 2.276484e-12, Test pred MSE = 6.143499e-05, Param MSE = 6.163126e-04, Grad norm = 2.822303e-08, Beta update rate = 2.205485e-09
Epoch  79800 (1.6%): Train pred MSE = 2.198233e-12, Test pred MSE = 6.143495e-05, Param MSE = 6.163122e-04, Grad norm = 2.772831e-08, Beta update rate = 2.165492e-09
Epoch  80000 (1.6%): Train pred MSE = 2.122700e-12, Test pred MSE = 6.143492e-05, Param MSE = 6.163119e-04, Grad norm = 2.724247e-08, Beta update rate = 2.126245e-09
Epoch  80200 (1.6%): Train pred MSE = 2.049791e-12, Test pred MSE = 6.143489e-05, Param MSE = 6.163116e-04, Grad norm = 2.676534e-08, Beta update rate = 2.087730e-09
Epoch  80400 (1.6%): Train pred MSE = 1.979412e-12, Test pred MSE = 6.143485e-05, Param MSE = 6.163113e-04, Grad norm = 2.629676e-08, Beta update rate = 2.049933e-09
Epoch  80600 (1.6%): Train pred MSE = 1.911476e-12, Test pred MSE = 6.143482e-05, Param MSE = 6.163110e-04, Grad norm = 2.583658e-08, Beta update rate = 2.012840e-09
Epoch  80800 (1.6%): Train pred MSE = 1.845896e-12, Test pred MSE = 6.143479e-05, Param MSE = 6.163107e-04, Grad norm = 2.538464e-08, Beta update rate = 1.976438e-09
Epoch  81000 (1.6%): Train pred MSE = 1.782590e-12, Test pred MSE = 6.143476e-05, Param MSE = 6.163104e-04, Grad norm = 2.494079e-08, Beta update rate = 1.940713e-09
Epoch  81200 (1.6%): Train pred MSE = 1.721478e-12, Test pred MSE = 6.143473e-05, Param MSE = 6.163101e-04, Grad norm = 2.450489e-08, Beta update rate = 1.905653e-09
Epoch  81400 (1.6%): Train pred MSE = 1.662483e-12, Test pred MSE = 6.143470e-05, Param MSE = 6.163098e-04, Grad norm = 2.407677e-08, Beta update rate = 1.871244e-09
Epoch  81600 (1.6%): Train pred MSE = 1.605531e-12, Test pred MSE = 6.143467e-05, Param MSE = 6.163095e-04, Grad norm = 2.365631e-08, Beta update rate = 1.837475e-09
Epoch  81800 (1.6%): Train pred MSE = 1.550550e-12, Test pred MSE = 6.143464e-05, Param MSE = 6.163092e-04, Grad norm = 2.324336e-08, Beta update rate = 1.804332e-09
Epoch  82000 (1.6%): Train pred MSE = 1.497472e-12, Test pred MSE = 6.143461e-05, Param MSE = 6.163089e-04, Grad norm = 2.283779e-08, Beta update rate = 1.771804e-09
Epoch  82200 (1.6%): Train pred MSE = 1.446229e-12, Test pred MSE = 6.143458e-05, Param MSE = 6.163087e-04, Grad norm = 2.243945e-08, Beta update rate = 1.739879e-09
Epoch  82400 (1.6%): Train pred MSE = 1.396758e-12, Test pred MSE = 6.143456e-05, Param MSE = 6.163084e-04, Grad norm = 2.204822e-08, Beta update rate = 1.708546e-09
Epoch  82600 (1.7%): Train pred MSE = 1.348997e-12, Test pred MSE = 6.143453e-05, Param MSE = 6.163081e-04, Grad norm = 2.166397e-08, Beta update rate = 1.677793e-09
Epoch  82800 (1.7%): Train pred MSE = 1.302886e-12, Test pred MSE = 6.143450e-05, Param MSE = 6.163079e-04, Grad norm = 2.128656e-08, Beta update rate = 1.647609e-09
Epoch  83000 (1.7%): Train pred MSE = 1.258366e-12, Test pred MSE = 6.143448e-05, Param MSE = 6.163076e-04, Grad norm = 2.091588e-08, Beta update rate = 1.617983e-09
Epoch  83200 (1.7%): Train pred MSE = 1.215384e-12, Test pred MSE = 6.143445e-05, Param MSE = 6.163074e-04, Grad norm = 2.055179e-08, Beta update rate = 1.588905e-09
Epoch  83400 (1.7%): Train pred MSE = 1.173885e-12, Test pred MSE = 6.143443e-05, Param MSE = 6.163072e-04, Grad norm = 2.019419e-08, Beta update rate = 1.560365e-09
Epoch  83600 (1.7%): Train pred MSE = 1.133817e-12, Test pred MSE = 6.143440e-05, Param MSE = 6.163069e-04, Grad norm = 1.984295e-08, Beta update rate = 1.532351e-09
Epoch  83800 (1.7%): Train pred MSE = 1.095130e-12, Test pred MSE = 6.143438e-05, Param MSE = 6.163067e-04, Grad norm = 1.949795e-08, Beta update rate = 1.504855e-09
Epoch  84000 (1.7%): Train pred MSE = 1.057777e-12, Test pred MSE = 6.143436e-05, Param MSE = 6.163065e-04, Grad norm = 1.915909e-08, Beta update rate = 1.477865e-09
Epoch  84200 (1.7%): Train pred MSE = 1.021711e-12, Test pred MSE = 6.143433e-05, Param MSE = 6.163063e-04, Grad norm = 1.882624e-08, Beta update rate = 1.451373e-09

Training completed at epoch 84325
Stop reason: loss_threshold_legacy
Final Train pred MSE = 9.998026e-13
Final Test pred MSE = 6.143432e-05
Final Param MSE = 6.163061e-04
Final Grad norm = 1.861959e-08
Final Beta update rate = 1.430196e-09
Success flag: True (train_pred_mse < 1.00e-12)
Results metadata saved to results/diagonal/step3_omega/omega=1.00--alpha=0.200000--seed=1/results_meta.json
Group diagnostics saved to results/diagonal/step3_omega/omega=1.00--alpha=0.200000--seed=1/group_diagnostics.csv

Results saved to results/diagonal/step3_omega/omega=1.00--alpha=0.200000--seed=1/
Total jobs in this sweep: 108
Omega values: [0.0, 0.5, 1.0]
Alpha values: [0.05, 0.1, 0.2, 0.25, 0.3, 0.4, 0.5, 0.6, 0.7, 0.8, 0.9, 1.0]
Seeds: [0, 1, 2]
================================================================================
Step 3 Omega Sweep - Experiment Parameters:
================================================================================
  a_pt: 1.0
  c_pt: 0.001
  epochs: 5000000
  gamma_reinit: 0.0
  inp_dim: 1000
  lambda_pt: 0.0
  lr: 0.5
  n_test: 10000
  n_train: 200
  no_tuning: True
  omega: 1.0
  rho_ft: 0.04
  rho_pt: 0.1
  save_folder: results/diagonal/step3_omega/omega=1.00--alpha=0.200000--seed=1/
  seed: 1
  test_every_n_epochs: 200
  threshold: 1e-12
================================================================================

Omega: 1.0, Alpha: 0.2000

Running PT+FT Oracle script...

Extracting results and saving to CSV...
Results appended to /home/na658/multi-task2/experiment_results_step3_omega.csv

✓ Experiment 79 completed successfully
[SLURM] Job 20446518 task 79 finished
