[SLURM] Job 20446207 task 12 starting on cpu-q-227
[SLURM] Step 3 Omega Sweep (PT+FT Oracle)
[SLURM] Using Python: /home/na658/.conda/envs/mtl_ft/bin/python
Starting PT+FT Oracle experiment...

================================================================================
STEP 3: PT+FT ORACLE EXPERIMENT
================================================================================

================================================================================
EXPERIMENT SETTINGS
================================================================================
Seed: 0
Input dimension: 1000
PT support fraction (rho_pt): 0.1
FT sparsity (rho_ft): 0.04
Overlap (omega): 0.0
PT amplitude (a_pt): 1.0
PT c parameter (c_pt): 0.001
PT lambda (lambda_pt): 0.0
Gamma reinit: 0.0
Training samples (FT): 300
Test samples: 10000
Learning rate: 0.5
Max epochs: 5000000
Save folder: results/diagonal/step3_omega/omega=0.00--alpha=0.300000--seed=0/
================================================================================

Sampling PT teacher (oracle)...
  PT support size: 100 / 1000 = 0.1000

Sampling FT teacher with overlap...
  FT support size: 40 / 1000 = 0.0400
  Overlap: 0 / 40 = 0.0000 (target: 0.0)

  Coordinate groups:
    OV (both):     0
    NEW (FT only): 40
    PTONLY:        100
    NONE:          860

Computing c_ft from Cosyne formula...

  c_ft statistics by group:
    OV:     N/A
    NEW:    mean=0.002000 (beta_pt=0 -> baseline c_ft)
    PTONLY: mean=1.001000
    NONE:   mean=0.002000

Sampling FT data...

Initializing DiagonalNet with per-coordinate c_ft...
Per-coordinate c init: c_vec range [0.002000, 1.001000]

Training on FT data...

Starting training loop (max 5000000 epochs, threshold=1.00e-12)...
Epoch      0 (0.0%): Train pred MSE = 5.139649e+00, Test pred MSE = 1.424828e-01, Param MSE = 1.424925e+00, Grad norm = 2.218812e-01, Beta update rate = nan
Epoch    200 (0.0%): Train pred MSE = 9.025526e-01, Test pred MSE = 7.230786e-02, Param MSE = 7.121718e-01, Grad norm = 1.531761e-01, Beta update rate = 1.329038e-01
Epoch    400 (0.0%): Train pred MSE = 1.999979e-01, Test pred MSE = 2.950646e-02, Param MSE = 2.898726e-01, Grad norm = 4.275537e-02, Beta update rate = 7.127418e-02
Epoch    600 (0.0%): Train pred MSE = 8.465735e-02, Test pred MSE = 1.968639e-02, Param MSE = 1.938953e-01, Grad norm = 2.581876e-02, Beta update rate = 2.246267e-02
Epoch    800 (0.0%): Train pred MSE = 4.212491e-02, Test pred MSE = 1.490492e-02, Param MSE = 1.469277e-01, Grad norm = 1.609570e-02, Beta update rate = 1.336171e-02
Epoch   1000 (0.0%): Train pred MSE = 2.489043e-02, Test pred MSE = 1.257266e-02, Param MSE = 1.240916e-01, Grad norm = 1.071449e-02, Beta update rate = 8.211764e-03
Epoch   1200 (0.0%): Train pred MSE = 1.593298e-02, Test pred MSE = 1.120798e-02, Param MSE = 1.106204e-01, Grad norm = 8.440595e-03, Beta update rate = 5.042976e-03
Epoch   1400 (0.0%): Train pred MSE = 1.025326e-02, Test pred MSE = 1.012031e-02, Param MSE = 9.977387e-02, Grad norm = 6.581461e-03, Beta update rate = 3.998596e-03
Epoch   1600 (0.0%): Train pred MSE = 6.984258e-03, Test pred MSE = 9.251624e-03, Param MSE = 9.110583e-02, Grad norm = 4.914145e-03, Beta update rate = 3.254537e-03
Epoch   1800 (0.0%): Train pred MSE = 5.115203e-03, Test pred MSE = 8.605573e-03, Param MSE = 8.468965e-02, Grad norm = 3.798572e-03, Beta update rate = 2.429316e-03
Epoch   2000 (0.0%): Train pred MSE = 3.950794e-03, Test pred MSE = 8.121989e-03, Param MSE = 7.990835e-02, Grad norm = 3.067046e-03, Beta update rate = 1.829956e-03
Epoch   2200 (0.0%): Train pred MSE = 3.164988e-03, Test pred MSE = 7.747485e-03, Param MSE = 7.621533e-02, Grad norm = 2.565329e-03, Beta update rate = 1.431056e-03
Epoch   2400 (0.0%): Train pred MSE = 2.599843e-03, Test pred MSE = 7.448163e-03, Param MSE = 7.326734e-02, Grad norm = 2.206004e-03, Beta update rate = 1.157498e-03
Epoch   2600 (0.1%): Train pred MSE = 2.173056e-03, Test pred MSE = 7.202978e-03, Param MSE = 7.085361e-02, Grad norm = 1.936745e-03, Beta update rate = 9.622890e-04
Epoch   2800 (0.1%): Train pred MSE = 1.839056e-03, Test pred MSE = 6.998316e-03, Param MSE = 6.883893e-02, Grad norm = 1.725768e-03, Beta update rate = 8.177704e-04
Epoch   3000 (0.1%): Train pred MSE = 1.570999e-03, Test pred MSE = 6.824961e-03, Param MSE = 6.713226e-02, Grad norm = 1.553888e-03, Beta update rate = 7.070754e-04
Epoch   3200 (0.1%): Train pred MSE = 1.352020e-03, Test pred MSE = 6.676416e-03, Param MSE = 6.566961e-02, Grad norm = 1.409486e-03, Beta update rate = 6.196358e-04
Epoch   3400 (0.1%): Train pred MSE = 1.170855e-03, Test pred MSE = 6.547940e-03, Param MSE = 6.440438e-02, Grad norm = 1.285394e-03, Beta update rate = 5.486913e-04
Epoch   3600 (0.1%): Train pred MSE = 1.019553e-03, Test pred MSE = 6.435969e-03, Param MSE = 6.330158e-02, Grad norm = 1.177058e-03, Beta update rate = 4.898240e-04
Epoch   3800 (0.1%): Train pred MSE = 8.922522e-04, Test pred MSE = 6.337762e-03, Param MSE = 6.233426e-02, Grad norm = 1.081466e-03, Beta update rate = 4.400771e-04
Epoch   4000 (0.1%): Train pred MSE = 7.844764e-04, Test pred MSE = 6.251159e-03, Param MSE = 6.148121e-02, Grad norm = 9.965301e-04, Beta update rate = 3.974197e-04
Epoch   4200 (0.1%): Train pred MSE = 6.927222e-04, Test pred MSE = 6.174431e-03, Param MSE = 6.072543e-02, Grad norm = 9.207209e-04, Beta update rate = 3.604193e-04
Epoch   4400 (0.1%): Train pred MSE = 6.141995e-04, Test pred MSE = 6.106172e-03, Param MSE = 6.005310e-02, Grad norm = 8.528551e-04, Beta update rate = 3.280375e-04
Epoch   4600 (0.1%): Train pred MSE = 5.466598e-04, Test pred MSE = 6.045226e-03, Param MSE = 5.945283e-02, Grad norm = 7.919681e-04, Beta update rate = 2.995007e-04
Epoch   4800 (0.1%): Train pred MSE = 4.882779e-04, Test pred MSE = 5.990628e-03, Param MSE = 5.891514e-02, Grad norm = 7.372413e-04, Beta update rate = 2.742163e-04
Epoch   5000 (0.1%): Train pred MSE = 4.375647e-04, Test pred MSE = 5.941573e-03, Param MSE = 5.843207e-02, Grad norm = 6.879605e-04, Beta update rate = 2.517179e-04
Epoch   5200 (0.1%): Train pred MSE = 3.933014e-04, Test pred MSE = 5.897375e-03, Param MSE = 5.799691e-02, Grad norm = 6.434926e-04, Beta update rate = 2.316287e-04
Epoch   5400 (0.1%): Train pred MSE = 3.544875e-04, Test pred MSE = 5.857454e-03, Param MSE = 5.760391e-02, Grad norm = 6.032732e-04, Beta update rate = 2.136373e-04
Epoch   5600 (0.1%): Train pred MSE = 3.202999e-04, Test pred MSE = 5.821313e-03, Param MSE = 5.724817e-02, Grad norm = 5.667989e-04, Beta update rate = 1.974816e-04
Epoch   5800 (0.1%): Train pred MSE = 2.900596e-04, Test pred MSE = 5.788522e-03, Param MSE = 5.692547e-02, Grad norm = 5.336226e-04, Beta update rate = 1.829376e-04
Epoch   6000 (0.1%): Train pred MSE = 2.632044e-04, Test pred MSE = 5.758711e-03, Param MSE = 5.663215e-02, Grad norm = 5.033491e-04, Beta update rate = 1.698123e-04
Epoch   6200 (0.1%): Train pred MSE = 2.392677e-04, Test pred MSE = 5.731560e-03, Param MSE = 5.636506e-02, Grad norm = 4.756311e-04, Beta update rate = 1.579381e-04
Epoch   6400 (0.1%): Train pred MSE = 2.178600e-04, Test pred MSE = 5.706788e-03, Param MSE = 5.612142e-02, Grad norm = 4.501652e-04, Beta update rate = 1.471691e-04
Epoch   6600 (0.1%): Train pred MSE = 1.986550e-04, Test pred MSE = 5.684150e-03, Param MSE = 5.589881e-02, Grad norm = 4.266875e-04, Beta update rate = 1.373778e-04
Epoch   6800 (0.1%): Train pred MSE = 1.813780e-04, Test pred MSE = 5.663431e-03, Param MSE = 5.569511e-02, Grad norm = 4.049697e-04, Beta update rate = 1.284530e-04
Epoch   7000 (0.1%): Train pred MSE = 1.657963e-04, Test pred MSE = 5.644441e-03, Param MSE = 5.550845e-02, Grad norm = 3.848144e-04, Beta update rate = 1.202975e-04
Epoch   7200 (0.1%): Train pred MSE = 1.517118e-04, Test pred MSE = 5.627013e-03, Param MSE = 5.533717e-02, Grad norm = 3.660515e-04, Beta update rate = 1.128265e-04
Epoch   7400 (0.1%): Train pred MSE = 1.389552e-04, Test pred MSE = 5.610998e-03, Param MSE = 5.517981e-02, Grad norm = 3.485346e-04, Beta update rate = 1.059657e-04
Epoch   7600 (0.2%): Train pred MSE = 1.273803e-04, Test pred MSE = 5.596264e-03, Param MSE = 5.503507e-02, Grad norm = 3.321373e-04, Beta update rate = 9.965038e-05
Epoch   7800 (0.2%): Train pred MSE = 1.168609e-04, Test pred MSE = 5.582694e-03, Param MSE = 5.490178e-02, Grad norm = 3.167509e-04, Beta update rate = 9.382399e-05
Epoch   8000 (0.2%): Train pred MSE = 1.072870e-04, Test pred MSE = 5.570183e-03, Param MSE = 5.477891e-02, Grad norm = 3.022812e-04, Beta update rate = 8.843696e-05
Epoch   8200 (0.2%): Train pred MSE = 9.856247e-05, Test pred MSE = 5.558636e-03, Param MSE = 5.466552e-02, Grad norm = 2.886467e-04, Beta update rate = 8.344587e-05
Epoch   8400 (0.2%): Train pred MSE = 9.060292e-05, Test pred MSE = 5.547970e-03, Param MSE = 5.456079e-02, Grad norm = 2.757763e-04, Beta update rate = 7.881263e-05
Epoch   8600 (0.2%): Train pred MSE = 8.333378e-05, Test pred MSE = 5.538108e-03, Param MSE = 5.446397e-02, Grad norm = 2.636082e-04, Beta update rate = 7.450374e-05
Epoch   8800 (0.2%): Train pred MSE = 7.668902e-05, Test pred MSE = 5.528981e-03, Param MSE = 5.437437e-02, Grad norm = 2.520879e-04, Beta update rate = 7.048964e-05
Epoch   9000 (0.2%): Train pred MSE = 7.060990e-05, Test pred MSE = 5.520529e-03, Param MSE = 5.429140e-02, Grad norm = 2.411675e-04, Beta update rate = 6.674424e-05
Epoch   9200 (0.2%): Train pred MSE = 6.504401e-05, Test pred MSE = 5.512696e-03, Param MSE = 5.421451e-02, Grad norm = 2.308044e-04, Beta update rate = 6.324438e-05
Epoch   9400 (0.2%): Train pred MSE = 5.994447e-05, Test pred MSE = 5.505430e-03, Param MSE = 5.414318e-02, Grad norm = 2.209608e-04, Beta update rate = 5.996950e-05
Epoch   9600 (0.2%): Train pred MSE = 5.526917e-05, Test pred MSE = 5.498686e-03, Param MSE = 5.407698e-02, Grad norm = 2.116027e-04, Beta update rate = 5.690125e-05
Epoch   9800 (0.2%): Train pred MSE = 5.098025e-05, Test pred MSE = 5.492422e-03, Param MSE = 5.401548e-02, Grad norm = 2.026995e-04, Beta update rate = 5.402321e-05
Epoch  10000 (0.2%): Train pred MSE = 4.704359e-05, Test pred MSE = 5.486600e-03, Param MSE = 5.395833e-02, Grad norm = 1.942235e-04, Beta update rate = 5.132065e-05
Epoch  10200 (0.2%): Train pred MSE = 4.342835e-05, Test pred MSE = 5.481186e-03, Param MSE = 5.390517e-02, Grad norm = 1.861495e-04, Beta update rate = 4.878033e-05
Epoch  10400 (0.2%): Train pred MSE = 4.010662e-05, Test pred MSE = 5.476148e-03, Param MSE = 5.385569e-02, Grad norm = 1.784544e-04, Beta update rate = 4.639027e-05
Epoch  10600 (0.2%): Train pred MSE = 3.705315e-05, Test pred MSE = 5.471457e-03, Param MSE = 5.380962e-02, Grad norm = 1.711170e-04, Beta update rate = 4.413963e-05
Epoch  10800 (0.2%): Train pred MSE = 3.424498e-05, Test pred MSE = 5.467088e-03, Param MSE = 5.376669e-02, Grad norm = 1.641179e-04, Beta update rate = 4.201856e-05
Epoch  11000 (0.2%): Train pred MSE = 3.166128e-05, Test pred MSE = 5.463014e-03, Param MSE = 5.372666e-02, Grad norm = 1.574388e-04, Beta update rate = 4.001810e-05
Epoch  11200 (0.2%): Train pred MSE = 2.928310e-05, Test pred MSE = 5.459215e-03, Param MSE = 5.368933e-02, Grad norm = 1.510629e-04, Beta update rate = 3.813004e-05
Epoch  11400 (0.2%): Train pred MSE = 2.709320e-05, Test pred MSE = 5.455671e-03, Param MSE = 5.365448e-02, Grad norm = 1.449746e-04, Beta update rate = 3.634690e-05
Epoch  11600 (0.2%): Train pred MSE = 2.507587e-05, Test pred MSE = 5.452362e-03, Param MSE = 5.362194e-02, Grad norm = 1.391592e-04, Beta update rate = 3.466179e-05
Epoch  11800 (0.2%): Train pred MSE = 2.321677e-05, Test pred MSE = 5.449272e-03, Param MSE = 5.359154e-02, Grad norm = 1.336030e-04, Beta update rate = 3.306837e-05
Epoch  12000 (0.2%): Train pred MSE = 2.150285e-05, Test pred MSE = 5.446384e-03, Param MSE = 5.356312e-02, Grad norm = 1.282930e-04, Beta update rate = 3.156082e-05
Epoch  12200 (0.2%): Train pred MSE = 1.992215e-05, Test pred MSE = 5.443684e-03, Param MSE = 5.353655e-02, Grad norm = 1.232172e-04, Beta update rate = 3.013373e-05
Epoch  12400 (0.2%): Train pred MSE = 1.846380e-05, Test pred MSE = 5.441159e-03, Param MSE = 5.351168e-02, Grad norm = 1.183640e-04, Beta update rate = 2.878213e-05
Epoch  12600 (0.3%): Train pred MSE = 1.711781e-05, Test pred MSE = 5.438797e-03, Param MSE = 5.348840e-02, Grad norm = 1.137228e-04, Beta update rate = 2.750139e-05
Epoch  12800 (0.3%): Train pred MSE = 1.587510e-05, Test pred MSE = 5.436586e-03, Param MSE = 5.346661e-02, Grad norm = 1.092832e-04, Beta update rate = 2.628723e-05
Epoch  13000 (0.3%): Train pred MSE = 1.472731e-05, Test pred MSE = 5.434515e-03, Param MSE = 5.344618e-02, Grad norm = 1.050356e-04, Beta update rate = 2.513565e-05
Epoch  13200 (0.3%): Train pred MSE = 1.366682e-05, Test pred MSE = 5.432575e-03, Param MSE = 5.342704e-02, Grad norm = 1.009710e-04, Beta update rate = 2.404294e-05
Epoch  13400 (0.3%): Train pred MSE = 1.268665e-05, Test pred MSE = 5.430757e-03, Param MSE = 5.340909e-02, Grad norm = 9.708056e-05, Beta update rate = 2.300564e-05
Epoch  13600 (0.3%): Train pred MSE = 1.178041e-05, Test pred MSE = 5.429052e-03, Param MSE = 5.339225e-02, Grad norm = 9.335620e-05, Beta update rate = 2.202054e-05
Epoch  13800 (0.3%): Train pred MSE = 1.094222e-05, Test pred MSE = 5.427454e-03, Param MSE = 5.337645e-02, Grad norm = 8.979009e-05, Beta update rate = 2.108462e-05
Epoch  14000 (0.3%): Train pred MSE = 1.016671e-05, Test pred MSE = 5.425954e-03, Param MSE = 5.336162e-02, Grad norm = 8.637486e-05, Beta update rate = 2.019506e-05
Epoch  14200 (0.3%): Train pred MSE = 9.448956e-06, Test pred MSE = 5.424546e-03, Param MSE = 5.334768e-02, Grad norm = 8.310349e-05, Beta update rate = 1.934924e-05
Epoch  14400 (0.3%): Train pred MSE = 8.784429e-06, Test pred MSE = 5.423224e-03, Param MSE = 5.333459e-02, Grad norm = 7.996931e-05, Beta update rate = 1.854468e-05
Epoch  14600 (0.3%): Train pred MSE = 8.168980e-06, Test pred MSE = 5.421982e-03, Param MSE = 5.332228e-02, Grad norm = 7.696601e-05, Beta update rate = 1.777908e-05
Epoch  14800 (0.3%): Train pred MSE = 7.598798e-06, Test pred MSE = 5.420815e-03, Param MSE = 5.331071e-02, Grad norm = 7.408758e-05, Beta update rate = 1.705027e-05
Epoch  15000 (0.3%): Train pred MSE = 7.070382e-06, Test pred MSE = 5.419719e-03, Param MSE = 5.329983e-02, Grad norm = 7.132829e-05, Beta update rate = 1.635623e-05
Epoch  15200 (0.3%): Train pred MSE = 6.580515e-06, Test pred MSE = 5.418688e-03, Param MSE = 5.328959e-02, Grad norm = 6.868271e-05, Beta update rate = 1.569505e-05
Epoch  15400 (0.3%): Train pred MSE = 6.126241e-06, Test pred MSE = 5.417718e-03, Param MSE = 5.327994e-02, Grad norm = 6.614569e-05, Beta update rate = 1.506495e-05
Epoch  15600 (0.3%): Train pred MSE = 5.704843e-06, Test pred MSE = 5.416805e-03, Param MSE = 5.327087e-02, Grad norm = 6.371230e-05, Beta update rate = 1.446424e-05
Epoch  15800 (0.3%): Train pred MSE = 5.313819e-06, Test pred MSE = 5.415946e-03, Param MSE = 5.326231e-02, Grad norm = 6.137788e-05, Beta update rate = 1.389135e-05
Epoch  16000 (0.3%): Train pred MSE = 4.950869e-06, Test pred MSE = 5.415138e-03, Param MSE = 5.325426e-02, Grad norm = 5.913798e-05, Beta update rate = 1.334479e-05
Epoch  16200 (0.3%): Train pred MSE = 4.613876e-06, Test pred MSE = 5.414376e-03, Param MSE = 5.324666e-02, Grad norm = 5.698838e-05, Beta update rate = 1.282317e-05
Epoch  16400 (0.3%): Train pred MSE = 4.300891e-06, Test pred MSE = 5.413659e-03, Param MSE = 5.323950e-02, Grad norm = 5.492504e-05, Beta update rate = 1.232518e-05
Epoch  16600 (0.3%): Train pred MSE = 4.010116e-06, Test pred MSE = 5.412983e-03, Param MSE = 5.323274e-02, Grad norm = 5.294414e-05, Beta update rate = 1.184958e-05
Epoch  16800 (0.3%): Train pred MSE = 3.739899e-06, Test pred MSE = 5.412345e-03, Param MSE = 5.322636e-02, Grad norm = 5.104204e-05, Beta update rate = 1.139520e-05
Epoch  17000 (0.3%): Train pred MSE = 3.488713e-06, Test pred MSE = 5.411744e-03, Param MSE = 5.322035e-02, Grad norm = 4.921527e-05, Beta update rate = 1.096095e-05
Epoch  17200 (0.3%): Train pred MSE = 3.255153e-06, Test pred MSE = 5.411177e-03, Param MSE = 5.321466e-02, Grad norm = 4.746052e-05, Beta update rate = 1.054581e-05
Epoch  17400 (0.3%): Train pred MSE = 3.037920e-06, Test pred MSE = 5.410642e-03, Param MSE = 5.320930e-02, Grad norm = 4.577466e-05, Beta update rate = 1.014879e-05
Epoch  17600 (0.4%): Train pred MSE = 2.835819e-06, Test pred MSE = 5.410138e-03, Param MSE = 5.320423e-02, Grad norm = 4.415468e-05, Beta update rate = 9.768981e-06
Epoch  17800 (0.4%): Train pred MSE = 2.647745e-06, Test pred MSE = 5.409661e-03, Param MSE = 5.319944e-02, Grad norm = 4.259773e-05, Beta update rate = 9.405519e-06
Epoch  18000 (0.4%): Train pred MSE = 2.472677e-06, Test pred MSE = 5.409211e-03, Param MSE = 5.319491e-02, Grad norm = 4.110110e-05, Beta update rate = 9.057587e-06
Epoch  18200 (0.4%): Train pred MSE = 2.309673e-06, Test pred MSE = 5.408786e-03, Param MSE = 5.319062e-02, Grad norm = 3.966219e-05, Beta update rate = 8.724415e-06
Epoch  18400 (0.4%): Train pred MSE = 2.157864e-06, Test pred MSE = 5.408384e-03, Param MSE = 5.318657e-02, Grad norm = 3.827855e-05, Beta update rate = 8.405278e-06
Epoch  18600 (0.4%): Train pred MSE = 2.016444e-06, Test pred MSE = 5.408004e-03, Param MSE = 5.318273e-02, Grad norm = 3.694781e-05, Beta update rate = 8.099488e-06
Epoch  18800 (0.4%): Train pred MSE = 1.884670e-06, Test pred MSE = 5.407645e-03, Param MSE = 5.317910e-02, Grad norm = 3.566775e-05, Beta update rate = 7.806400e-06
Epoch  19000 (0.4%): Train pred MSE = 1.761853e-06, Test pred MSE = 5.407305e-03, Param MSE = 5.317567e-02, Grad norm = 3.443621e-05, Beta update rate = 7.525400e-06
Epoch  19200 (0.4%): Train pred MSE = 1.647358e-06, Test pred MSE = 5.406984e-03, Param MSE = 5.317241e-02, Grad norm = 3.325117e-05, Beta update rate = 7.255911e-06
Epoch  19400 (0.4%): Train pred MSE = 1.540594e-06, Test pred MSE = 5.406680e-03, Param MSE = 5.316933e-02, Grad norm = 3.211068e-05, Beta update rate = 6.997385e-06
Epoch  19600 (0.4%): Train pred MSE = 1.441018e-06, Test pred MSE = 5.406392e-03, Param MSE = 5.316640e-02, Grad norm = 3.101289e-05, Beta update rate = 6.749305e-06
Epoch  19800 (0.4%): Train pred MSE = 1.348123e-06, Test pred MSE = 5.406120e-03, Param MSE = 5.316363e-02, Grad norm = 2.995602e-05, Beta update rate = 6.511183e-06
Epoch  20000 (0.4%): Train pred MSE = 1.261442e-06, Test pred MSE = 5.405862e-03, Param MSE = 5.316101e-02, Grad norm = 2.893840e-05, Beta update rate = 6.282556e-06
Epoch  20200 (0.4%): Train pred MSE = 1.180541e-06, Test pred MSE = 5.405618e-03, Param MSE = 5.315851e-02, Grad norm = 2.795841e-05, Beta update rate = 6.062985e-06
Epoch  20400 (0.4%): Train pred MSE = 1.105018e-06, Test pred MSE = 5.405386e-03, Param MSE = 5.315615e-02, Grad norm = 2.701451e-05, Beta update rate = 5.852055e-06
Epoch  20600 (0.4%): Train pred MSE = 1.034502e-06, Test pred MSE = 5.405166e-03, Param MSE = 5.315390e-02, Grad norm = 2.610524e-05, Beta update rate = 5.649374e-06
Epoch  20800 (0.4%): Train pred MSE = 9.686457e-07, Test pred MSE = 5.404958e-03, Param MSE = 5.315177e-02, Grad norm = 2.522920e-05, Beta update rate = 5.454569e-06
Epoch  21000 (0.4%): Train pred MSE = 9.071290e-07, Test pred MSE = 5.404761e-03, Param MSE = 5.314975e-02, Grad norm = 2.438503e-05, Beta update rate = 5.267287e-06
Epoch  21200 (0.4%): Train pred MSE = 8.496545e-07, Test pred MSE = 5.404574e-03, Param MSE = 5.314783e-02, Grad norm = 2.357148e-05, Beta update rate = 5.087193e-06
Epoch  21400 (0.4%): Train pred MSE = 7.959457e-07, Test pred MSE = 5.404396e-03, Param MSE = 5.314600e-02, Grad norm = 2.278730e-05, Beta update rate = 4.913970e-06
Epoch  21600 (0.4%): Train pred MSE = 7.457462e-07, Test pred MSE = 5.404227e-03, Param MSE = 5.314427e-02, Grad norm = 2.203134e-05, Beta update rate = 4.747317e-06
Epoch  21800 (0.4%): Train pred MSE = 6.988177e-07, Test pred MSE = 5.404067e-03, Param MSE = 5.314262e-02, Grad norm = 2.130248e-05, Beta update rate = 4.586946e-06
Epoch  22000 (0.4%): Train pred MSE = 6.549388e-07, Test pred MSE = 5.403915e-03, Param MSE = 5.314105e-02, Grad norm = 2.059964e-05, Beta update rate = 4.432587e-06
Epoch  22200 (0.4%): Train pred MSE = 6.139039e-07, Test pred MSE = 5.403771e-03, Param MSE = 5.313956e-02, Grad norm = 1.992182e-05, Beta update rate = 4.283982e-06
Epoch  22400 (0.4%): Train pred MSE = 5.755215e-07, Test pred MSE = 5.403634e-03, Param MSE = 5.313814e-02, Grad norm = 1.926802e-05, Beta update rate = 4.140885e-06
Epoch  22600 (0.5%): Train pred MSE = 5.396139e-07, Test pred MSE = 5.403503e-03, Param MSE = 5.313678e-02, Grad norm = 1.863732e-05, Beta update rate = 4.003064e-06
Epoch  22800 (0.5%): Train pred MSE = 5.060157e-07, Test pred MSE = 5.403379e-03, Param MSE = 5.313550e-02, Grad norm = 1.802882e-05, Beta update rate = 3.870295e-06
Epoch  23000 (0.5%): Train pred MSE = 4.745729e-07, Test pred MSE = 5.403261e-03, Param MSE = 5.313427e-02, Grad norm = 1.744167e-05, Beta update rate = 3.742370e-06
Epoch  23200 (0.5%): Train pred MSE = 4.451424e-07, Test pred MSE = 5.403149e-03, Param MSE = 5.313310e-02, Grad norm = 1.687505e-05, Beta update rate = 3.619086e-06
Epoch  23400 (0.5%): Train pred MSE = 4.175907e-07, Test pred MSE = 5.403043e-03, Param MSE = 5.313199e-02, Grad norm = 1.632816e-05, Beta update rate = 3.500253e-06
Epoch  23600 (0.5%): Train pred MSE = 3.917939e-07, Test pred MSE = 5.402941e-03, Param MSE = 5.313093e-02, Grad norm = 1.580027e-05, Beta update rate = 3.385688e-06
Epoch  23800 (0.5%): Train pred MSE = 3.676362e-07, Test pred MSE = 5.402844e-03, Param MSE = 5.312992e-02, Grad norm = 1.529064e-05, Beta update rate = 3.275219e-06
Epoch  24000 (0.5%): Train pred MSE = 3.450100e-07, Test pred MSE = 5.402752e-03, Param MSE = 5.312896e-02, Grad norm = 1.479859e-05, Beta update rate = 3.168680e-06
Epoch  24200 (0.5%): Train pred MSE = 3.238150e-07, Test pred MSE = 5.402665e-03, Param MSE = 5.312804e-02, Grad norm = 1.432347e-05, Beta update rate = 3.065914e-06
Epoch  24400 (0.5%): Train pred MSE = 3.039576e-07, Test pred MSE = 5.402581e-03, Param MSE = 5.312716e-02, Grad norm = 1.386462e-05, Beta update rate = 2.966769e-06
Epoch  24600 (0.5%): Train pred MSE = 2.853507e-07, Test pred MSE = 5.402502e-03, Param MSE = 5.312633e-02, Grad norm = 1.342146e-05, Beta update rate = 2.871104e-06
Epoch  24800 (0.5%): Train pred MSE = 2.679131e-07, Test pred MSE = 5.402426e-03, Param MSE = 5.312553e-02, Grad norm = 1.299339e-05, Beta update rate = 2.778780e-06
Epoch  25000 (0.5%): Train pred MSE = 2.515689e-07, Test pred MSE = 5.402354e-03, Param MSE = 5.312477e-02, Grad norm = 1.257986e-05, Beta update rate = 2.689668e-06
Epoch  25200 (0.5%): Train pred MSE = 2.362475e-07, Test pred MSE = 5.402285e-03, Param MSE = 5.312404e-02, Grad norm = 1.218033e-05, Beta update rate = 2.603642e-06
Epoch  25400 (0.5%): Train pred MSE = 2.218828e-07, Test pred MSE = 5.402219e-03, Param MSE = 5.312334e-02, Grad norm = 1.179428e-05, Beta update rate = 2.520583e-06
Epoch  25600 (0.5%): Train pred MSE = 2.084133e-07, Test pred MSE = 5.402156e-03, Param MSE = 5.312268e-02, Grad norm = 1.142123e-05, Beta update rate = 2.440378e-06
Epoch  25800 (0.5%): Train pred MSE = 1.957817e-07, Test pred MSE = 5.402097e-03, Param MSE = 5.312204e-02, Grad norm = 1.106070e-05, Beta update rate = 2.362917e-06
Epoch  26000 (0.5%): Train pred MSE = 1.839341e-07, Test pred MSE = 5.402039e-03, Param MSE = 5.312143e-02, Grad norm = 1.071224e-05, Beta update rate = 2.288097e-06
Epoch  26200 (0.5%): Train pred MSE = 1.728206e-07, Test pred MSE = 5.401985e-03, Param MSE = 5.312085e-02, Grad norm = 1.037541e-05, Beta update rate = 2.215817e-06
Epoch  26400 (0.5%): Train pred MSE = 1.623944e-07, Test pred MSE = 5.401933e-03, Param MSE = 5.312030e-02, Grad norm = 1.004979e-05, Beta update rate = 2.145982e-06
Epoch  26600 (0.5%): Train pred MSE = 1.526117e-07, Test pred MSE = 5.401883e-03, Param MSE = 5.311977e-02, Grad norm = 9.734974e-06, Beta update rate = 2.078501e-06
Epoch  26800 (0.5%): Train pred MSE = 1.434318e-07, Test pred MSE = 5.401835e-03, Param MSE = 5.311926e-02, Grad norm = 9.430583e-06, Beta update rate = 2.013287e-06
Epoch  27000 (0.5%): Train pred MSE = 1.348165e-07, Test pred MSE = 5.401790e-03, Param MSE = 5.311877e-02, Grad norm = 9.136242e-06, Beta update rate = 1.950256e-06
Epoch  27200 (0.5%): Train pred MSE = 1.267301e-07, Test pred MSE = 5.401747e-03, Param MSE = 5.311830e-02, Grad norm = 8.851595e-06, Beta update rate = 1.889327e-06
Epoch  27400 (0.5%): Train pred MSE = 1.191393e-07, Test pred MSE = 5.401705e-03, Param MSE = 5.311786e-02, Grad norm = 8.576299e-06, Beta update rate = 1.830424e-06
Epoch  27600 (0.6%): Train pred MSE = 1.120129e-07, Test pred MSE = 5.401665e-03, Param MSE = 5.311743e-02, Grad norm = 8.310023e-06, Beta update rate = 1.773473e-06
Epoch  27800 (0.6%): Train pred MSE = 1.053219e-07, Test pred MSE = 5.401627e-03, Param MSE = 5.311702e-02, Grad norm = 8.052451e-06, Beta update rate = 1.718403e-06
Epoch  28000 (0.6%): Train pred MSE = 9.903882e-08, Test pred MSE = 5.401591e-03, Param MSE = 5.311663e-02, Grad norm = 7.803278e-06, Beta update rate = 1.665147e-06
Epoch  28200 (0.6%): Train pred MSE = 9.313829e-08, Test pred MSE = 5.401556e-03, Param MSE = 5.311625e-02, Grad norm = 7.562211e-06, Beta update rate = 1.613639e-06
Epoch  28400 (0.6%): Train pred MSE = 8.759642e-08, Test pred MSE = 5.401523e-03, Param MSE = 5.311589e-02, Grad norm = 7.328967e-06, Beta update rate = 1.563817e-06
Epoch  28600 (0.6%): Train pred MSE = 8.239086e-08, Test pred MSE = 5.401491e-03, Param MSE = 5.311554e-02, Grad norm = 7.103275e-06, Beta update rate = 1.515622e-06
Epoch  28800 (0.6%): Train pred MSE = 7.750074e-08, Test pred MSE = 5.401460e-03, Param MSE = 5.311521e-02, Grad norm = 6.884874e-06, Beta update rate = 1.468994e-06
Epoch  29000 (0.6%): Train pred MSE = 7.290648e-08, Test pred MSE = 5.401431e-03, Param MSE = 5.311489e-02, Grad norm = 6.673513e-06, Beta update rate = 1.423881e-06
Epoch  29200 (0.6%): Train pred MSE = 6.858976e-08, Test pred MSE = 5.401403e-03, Param MSE = 5.311459e-02, Grad norm = 6.468949e-06, Beta update rate = 1.380227e-06
Epoch  29400 (0.6%): Train pred MSE = 6.453344e-08, Test pred MSE = 5.401376e-03, Param MSE = 5.311429e-02, Grad norm = 6.270951e-06, Beta update rate = 1.337983e-06
Epoch  29600 (0.6%): Train pred MSE = 6.072145e-08, Test pred MSE = 5.401350e-03, Param MSE = 5.311401e-02, Grad norm = 6.079292e-06, Beta update rate = 1.297098e-06
Epoch  29800 (0.6%): Train pred MSE = 5.713874e-08, Test pred MSE = 5.401325e-03, Param MSE = 5.311374e-02, Grad norm = 5.893759e-06, Beta update rate = 1.257527e-06
Epoch  30000 (0.6%): Train pred MSE = 5.377124e-08, Test pred MSE = 5.401302e-03, Param MSE = 5.311348e-02, Grad norm = 5.714142e-06, Beta update rate = 1.219223e-06
Epoch  30200 (0.6%): Train pred MSE = 5.060572e-08, Test pred MSE = 5.401279e-03, Param MSE = 5.311323e-02, Grad norm = 5.540241e-06, Beta update rate = 1.182144e-06
Epoch  30400 (0.6%): Train pred MSE = 4.762981e-08, Test pred MSE = 5.401257e-03, Param MSE = 5.311299e-02, Grad norm = 5.371863e-06, Beta update rate = 1.146246e-06
Epoch  30600 (0.6%): Train pred MSE = 4.483193e-08, Test pred MSE = 5.401236e-03, Param MSE = 5.311276e-02, Grad norm = 5.208823e-06, Beta update rate = 1.111491e-06
Epoch  30800 (0.6%): Train pred MSE = 4.220119e-08, Test pred MSE = 5.401216e-03, Param MSE = 5.311254e-02, Grad norm = 5.050941e-06, Beta update rate = 1.077838e-06
Epoch  31000 (0.6%): Train pred MSE = 3.972742e-08, Test pred MSE = 5.401197e-03, Param MSE = 5.311232e-02, Grad norm = 4.898044e-06, Beta update rate = 1.045250e-06
Epoch  31200 (0.6%): Train pred MSE = 3.740105e-08, Test pred MSE = 5.401178e-03, Param MSE = 5.311212e-02, Grad norm = 4.749967e-06, Beta update rate = 1.013693e-06
Epoch  31400 (0.6%): Train pred MSE = 3.521313e-08, Test pred MSE = 5.401160e-03, Param MSE = 5.311192e-02, Grad norm = 4.606547e-06, Beta update rate = 9.831296e-07
Epoch  31600 (0.6%): Train pred MSE = 3.315525e-08, Test pred MSE = 5.401143e-03, Param MSE = 5.311173e-02, Grad norm = 4.467631e-06, Beta update rate = 9.535281e-07
Epoch  31800 (0.6%): Train pred MSE = 3.121955e-08, Test pred MSE = 5.401127e-03, Param MSE = 5.311155e-02, Grad norm = 4.333070e-06, Beta update rate = 9.248559e-07
Epoch  32000 (0.6%): Train pred MSE = 2.939863e-08, Test pred MSE = 5.401111e-03, Param MSE = 5.311137e-02, Grad norm = 4.202719e-06, Beta update rate = 8.970819e-07
Epoch  32200 (0.6%): Train pred MSE = 2.768556e-08, Test pred MSE = 5.401095e-03, Param MSE = 5.311120e-02, Grad norm = 4.076439e-06, Beta update rate = 8.701764e-07
Epoch  32400 (0.6%): Train pred MSE = 2.607382e-08, Test pred MSE = 5.401081e-03, Param MSE = 5.311104e-02, Grad norm = 3.954098e-06, Beta update rate = 8.441105e-07
Epoch  32600 (0.7%): Train pred MSE = 2.455732e-08, Test pred MSE = 5.401067e-03, Param MSE = 5.311088e-02, Grad norm = 3.835564e-06, Beta update rate = 8.188565e-07
Epoch  32800 (0.7%): Train pred MSE = 2.313033e-08, Test pred MSE = 5.401053e-03, Param MSE = 5.311073e-02, Grad norm = 3.720715e-06, Beta update rate = 7.943877e-07
Epoch  33000 (0.7%): Train pred MSE = 2.178747e-08, Test pred MSE = 5.401040e-03, Param MSE = 5.311059e-02, Grad norm = 3.609429e-06, Beta update rate = 7.706782e-07
Epoch  33200 (0.7%): Train pred MSE = 2.052370e-08, Test pred MSE = 5.401028e-03, Param MSE = 5.311045e-02, Grad norm = 3.501591e-06, Beta update rate = 7.477031e-07
Epoch  33400 (0.7%): Train pred MSE = 1.933427e-08, Test pred MSE = 5.401015e-03, Param MSE = 5.311031e-02, Grad norm = 3.397088e-06, Beta update rate = 7.254385e-07
Epoch  33600 (0.7%): Train pred MSE = 1.821474e-08, Test pred MSE = 5.401004e-03, Param MSE = 5.311018e-02, Grad norm = 3.295812e-06, Beta update rate = 7.038613e-07
Epoch  33800 (0.7%): Train pred MSE = 1.716094e-08, Test pred MSE = 5.400993e-03, Param MSE = 5.311005e-02, Grad norm = 3.197659e-06, Beta update rate = 6.829490e-07
Epoch  34000 (0.7%): Train pred MSE = 1.616894e-08, Test pred MSE = 5.400982e-03, Param MSE = 5.310993e-02, Grad norm = 3.102528e-06, Beta update rate = 6.626801e-07
Epoch  34200 (0.7%): Train pred MSE = 1.523505e-08, Test pred MSE = 5.400971e-03, Param MSE = 5.310981e-02, Grad norm = 3.010322e-06, Beta update rate = 6.430337e-07
Epoch  34400 (0.7%): Train pred MSE = 1.435582e-08, Test pred MSE = 5.400961e-03, Param MSE = 5.310970e-02, Grad norm = 2.920946e-06, Beta update rate = 6.239899e-07
Epoch  34600 (0.7%): Train pred MSE = 1.352800e-08, Test pred MSE = 5.400952e-03, Param MSE = 5.310959e-02, Grad norm = 2.834309e-06, Beta update rate = 6.055293e-07
Epoch  34800 (0.7%): Train pred MSE = 1.274854e-08, Test pred MSE = 5.400942e-03, Param MSE = 5.310949e-02, Grad norm = 2.750325e-06, Beta update rate = 5.876330e-07
Epoch  35000 (0.7%): Train pred MSE = 1.201456e-08, Test pred MSE = 5.400934e-03, Param MSE = 5.310939e-02, Grad norm = 2.668908e-06, Beta update rate = 5.702830e-07
Epoch  35200 (0.7%): Train pred MSE = 1.132337e-08, Test pred MSE = 5.400925e-03, Param MSE = 5.310929e-02, Grad norm = 2.589976e-06, Beta update rate = 5.534618e-07
Epoch  35400 (0.7%): Train pred MSE = 1.067245e-08, Test pred MSE = 5.400917e-03, Param MSE = 5.310919e-02, Grad norm = 2.513450e-06, Beta update rate = 5.371527e-07
Epoch  35600 (0.7%): Train pred MSE = 1.005940e-08, Test pred MSE = 5.400908e-03, Param MSE = 5.310910e-02, Grad norm = 2.439254e-06, Beta update rate = 5.213393e-07
Epoch  35800 (0.7%): Train pred MSE = 9.482001e-09, Test pred MSE = 5.400901e-03, Param MSE = 5.310901e-02, Grad norm = 2.367313e-06, Beta update rate = 5.060058e-07
Epoch  36000 (0.7%): Train pred MSE = 8.938140e-09, Test pred MSE = 5.400893e-03, Param MSE = 5.310893e-02, Grad norm = 2.297558e-06, Beta update rate = 4.911370e-07
Epoch  36200 (0.7%): Train pred MSE = 8.425845e-09, Test pred MSE = 5.400886e-03, Param MSE = 5.310885e-02, Grad norm = 2.229917e-06, Beta update rate = 4.767183e-07
Epoch  36400 (0.7%): Train pred MSE = 7.943257e-09, Test pred MSE = 5.400879e-03, Param MSE = 5.310877e-02, Grad norm = 2.164326e-06, Beta update rate = 4.627355e-07
Epoch  36600 (0.7%): Train pred MSE = 7.488629e-09, Test pred MSE = 5.400872e-03, Param MSE = 5.310869e-02, Grad norm = 2.100718e-06, Beta update rate = 4.491747e-07
Epoch  36800 (0.7%): Train pred MSE = 7.060320e-09, Test pred MSE = 5.400866e-03, Param MSE = 5.310861e-02, Grad norm = 2.039032e-06, Beta update rate = 4.360229e-07
Epoch  37000 (0.7%): Train pred MSE = 6.656786e-09, Test pred MSE = 5.400859e-03, Param MSE = 5.310854e-02, Grad norm = 1.979208e-06, Beta update rate = 4.232670e-07
Epoch  37200 (0.7%): Train pred MSE = 6.276573e-09, Test pred MSE = 5.400853e-03, Param MSE = 5.310847e-02, Grad norm = 1.921187e-06, Beta update rate = 4.108948e-07
Epoch  37400 (0.7%): Train pred MSE = 5.918317e-09, Test pred MSE = 5.400847e-03, Param MSE = 5.310841e-02, Grad norm = 1.864913e-06, Beta update rate = 3.988942e-07
Epoch  37600 (0.8%): Train pred MSE = 5.580733e-09, Test pred MSE = 5.400842e-03, Param MSE = 5.310834e-02, Grad norm = 1.810331e-06, Beta update rate = 3.872536e-07
Epoch  37800 (0.8%): Train pred MSE = 5.262612e-09, Test pred MSE = 5.400836e-03, Param MSE = 5.310828e-02, Grad norm = 1.757389e-06, Beta update rate = 3.759618e-07
Epoch  38000 (0.8%): Train pred MSE = 4.962819e-09, Test pred MSE = 5.400831e-03, Param MSE = 5.310822e-02, Grad norm = 1.706036e-06, Beta update rate = 3.650081e-07
Epoch  38200 (0.8%): Train pred MSE = 4.680284e-09, Test pred MSE = 5.400826e-03, Param MSE = 5.310816e-02, Grad norm = 1.656221e-06, Beta update rate = 3.543818e-07
Epoch  38400 (0.8%): Train pred MSE = 4.414002e-09, Test pred MSE = 5.400821e-03, Param MSE = 5.310810e-02, Grad norm = 1.607898e-06, Beta update rate = 3.440728e-07
Epoch  38600 (0.8%): Train pred MSE = 4.163026e-09, Test pred MSE = 5.400816e-03, Param MSE = 5.310805e-02, Grad norm = 1.561020e-06, Beta update rate = 3.340714e-07
Epoch  38800 (0.8%): Train pred MSE = 3.926465e-09, Test pred MSE = 5.400812e-03, Param MSE = 5.310799e-02, Grad norm = 1.515543e-06, Beta update rate = 3.243680e-07
Epoch  39000 (0.8%): Train pred MSE = 3.703483e-09, Test pred MSE = 5.400807e-03, Param MSE = 5.310794e-02, Grad norm = 1.471423e-06, Beta update rate = 3.149534e-07
Epoch  39200 (0.8%): Train pred MSE = 3.493289e-09, Test pred MSE = 5.400803e-03, Param MSE = 5.310789e-02, Grad norm = 1.428619e-06, Beta update rate = 3.058187e-07
Epoch  39400 (0.8%): Train pred MSE = 3.295143e-09, Test pred MSE = 5.400799e-03, Param MSE = 5.310784e-02, Grad norm = 1.387090e-06, Beta update rate = 2.969554e-07
Epoch  39600 (0.8%): Train pred MSE = 3.108345e-09, Test pred MSE = 5.400795e-03, Param MSE = 5.310780e-02, Grad norm = 1.346796e-06, Beta update rate = 2.883551e-07
Epoch  39800 (0.8%): Train pred MSE = 2.932238e-09, Test pred MSE = 5.400791e-03, Param MSE = 5.310775e-02, Grad norm = 1.307700e-06, Beta update rate = 2.800097e-07
Epoch  40000 (0.8%): Train pred MSE = 2.766204e-09, Test pred MSE = 5.400787e-03, Param MSE = 5.310771e-02, Grad norm = 1.269765e-06, Beta update rate = 2.719115e-07
Epoch  40200 (0.8%): Train pred MSE = 2.609661e-09, Test pred MSE = 5.400783e-03, Param MSE = 5.310766e-02, Grad norm = 1.232956e-06, Beta update rate = 2.640528e-07
Epoch  40400 (0.8%): Train pred MSE = 2.462058e-09, Test pred MSE = 5.400780e-03, Param MSE = 5.310762e-02, Grad norm = 1.197238e-06, Beta update rate = 2.564265e-07
Epoch  40600 (0.8%): Train pred MSE = 2.322881e-09, Test pred MSE = 5.400776e-03, Param MSE = 5.310758e-02, Grad norm = 1.162577e-06, Beta update rate = 2.490253e-07
Epoch  40800 (0.8%): Train pred MSE = 2.191643e-09, Test pred MSE = 5.400773e-03, Param MSE = 5.310754e-02, Grad norm = 1.128942e-06, Beta update rate = 2.418424e-07
Epoch  41000 (0.8%): Train pred MSE = 2.067887e-09, Test pred MSE = 5.400770e-03, Param MSE = 5.310751e-02, Grad norm = 1.096302e-06, Beta update rate = 2.348713e-07
Epoch  41200 (0.8%): Train pred MSE = 1.951182e-09, Test pred MSE = 5.400767e-03, Param MSE = 5.310747e-02, Grad norm = 1.064625e-06, Beta update rate = 2.281054e-07
Epoch  41400 (0.8%): Train pred MSE = 1.841121e-09, Test pred MSE = 5.400763e-03, Param MSE = 5.310744e-02, Grad norm = 1.033883e-06, Beta update rate = 2.215386e-07
Epoch  41600 (0.8%): Train pred MSE = 1.737322e-09, Test pred MSE = 5.400761e-03, Param MSE = 5.310740e-02, Grad norm = 1.004048e-06, Beta update rate = 2.151648e-07
Epoch  41800 (0.8%): Train pred MSE = 1.639426e-09, Test pred MSE = 5.400758e-03, Param MSE = 5.310737e-02, Grad norm = 9.750910e-07, Beta update rate = 2.089783e-07
Epoch  42000 (0.8%): Train pred MSE = 1.547094e-09, Test pred MSE = 5.400755e-03, Param MSE = 5.310734e-02, Grad norm = 9.469866e-07, Beta update rate = 2.029732e-07
Epoch  42200 (0.8%): Train pred MSE = 1.460005e-09, Test pred MSE = 5.400752e-03, Param MSE = 5.310731e-02, Grad norm = 9.197088e-07, Beta update rate = 1.971442e-07
Epoch  42400 (0.8%): Train pred MSE = 1.377861e-09, Test pred MSE = 5.400750e-03, Param MSE = 5.310728e-02, Grad norm = 8.932325e-07, Beta update rate = 1.914860e-07
Epoch  42600 (0.9%): Train pred MSE = 1.300376e-09, Test pred MSE = 5.400747e-03, Param MSE = 5.310725e-02, Grad norm = 8.675335e-07, Beta update rate = 1.859934e-07
Epoch  42800 (0.9%): Train pred MSE = 1.227284e-09, Test pred MSE = 5.400745e-03, Param MSE = 5.310722e-02, Grad norm = 8.425885e-07, Beta update rate = 1.806614e-07
Epoch  43000 (0.9%): Train pred MSE = 1.158334e-09, Test pred MSE = 5.400742e-03, Param MSE = 5.310719e-02, Grad norm = 8.183748e-07, Beta update rate = 1.754853e-07
Epoch  43200 (0.9%): Train pred MSE = 1.093289e-09, Test pred MSE = 5.400740e-03, Param MSE = 5.310716e-02, Grad norm = 7.948702e-07, Beta update rate = 1.704603e-07
Epoch  43400 (0.9%): Train pred MSE = 1.031926e-09, Test pred MSE = 5.400738e-03, Param MSE = 5.310714e-02, Grad norm = 7.720536e-07, Beta update rate = 1.655819e-07
Epoch  43600 (0.9%): Train pred MSE = 9.740341e-10, Test pred MSE = 5.400736e-03, Param MSE = 5.310711e-02, Grad norm = 7.499044e-07, Beta update rate = 1.608457e-07
Epoch  43800 (0.9%): Train pred MSE = 9.194153e-10, Test pred MSE = 5.400734e-03, Param MSE = 5.310709e-02, Grad norm = 7.284024e-07, Beta update rate = 1.562475e-07
Epoch  44000 (0.9%): Train pred MSE = 8.678829e-10, Test pred MSE = 5.400732e-03, Param MSE = 5.310706e-02, Grad norm = 7.075283e-07, Beta update rate = 1.517832e-07
Epoch  44200 (0.9%): Train pred MSE = 8.192609e-10, Test pred MSE = 5.400730e-03, Param MSE = 5.310704e-02, Grad norm = 6.872633e-07, Beta update rate = 1.474487e-07
Epoch  44400 (0.9%): Train pred MSE = 7.733836e-10, Test pred MSE = 5.400728e-03, Param MSE = 5.310702e-02, Grad norm = 6.675893e-07, Beta update rate = 1.432403e-07
Epoch  44600 (0.9%): Train pred MSE = 7.300947e-10, Test pred MSE = 5.400726e-03, Param MSE = 5.310700e-02, Grad norm = 6.484885e-07, Beta update rate = 1.391541e-07
Epoch  44800 (0.9%): Train pred MSE = 6.892468e-10, Test pred MSE = 5.400724e-03, Param MSE = 5.310698e-02, Grad norm = 6.299439e-07, Beta update rate = 1.351865e-07
Epoch  45000 (0.9%): Train pred MSE = 6.507012e-10, Test pred MSE = 5.400723e-03, Param MSE = 5.310696e-02, Grad norm = 6.119390e-07, Beta update rate = 1.313340e-07
Epoch  45200 (0.9%): Train pred MSE = 6.143269e-10, Test pred MSE = 5.400721e-03, Param MSE = 5.310694e-02, Grad norm = 5.944576e-07, Beta update rate = 1.275931e-07
Epoch  45400 (0.9%): Train pred MSE = 5.800006e-10, Test pred MSE = 5.400719e-03, Param MSE = 5.310692e-02, Grad norm = 5.774841e-07, Beta update rate = 1.239606e-07
Epoch  45600 (0.9%): Train pred MSE = 5.476062e-10, Test pred MSE = 5.400718e-03, Param MSE = 5.310690e-02, Grad norm = 5.610036e-07, Beta update rate = 1.204333e-07
Epoch  45800 (0.9%): Train pred MSE = 5.170338e-10, Test pred MSE = 5.400716e-03, Param MSE = 5.310688e-02, Grad norm = 5.450013e-07, Beta update rate = 1.170080e-07
Epoch  46000 (0.9%): Train pred MSE = 4.881803e-10, Test pred MSE = 5.400715e-03, Param MSE = 5.310686e-02, Grad norm = 5.294630e-07, Beta update rate = 1.136817e-07
Epoch  46200 (0.9%): Train pred MSE = 4.609483e-10, Test pred MSE = 5.400713e-03, Param MSE = 5.310685e-02, Grad norm = 5.143751e-07, Beta update rate = 1.104516e-07
Epoch  46400 (0.9%): Train pred MSE = 4.352457e-10, Test pred MSE = 5.400712e-03, Param MSE = 5.310683e-02, Grad norm = 4.997242e-07, Beta update rate = 1.073146e-07
Epoch  46600 (0.9%): Train pred MSE = 4.109862e-10, Test pred MSE = 5.400710e-03, Param MSE = 5.310681e-02, Grad norm = 4.854973e-07, Beta update rate = 1.042682e-07
Epoch  46800 (0.9%): Train pred MSE = 3.880880e-10, Test pred MSE = 5.400709e-03, Param MSE = 5.310680e-02, Grad norm = 4.716820e-07, Beta update rate = 1.013097e-07
Epoch  47000 (0.9%): Train pred MSE = 3.664742e-10, Test pred MSE = 5.400708e-03, Param MSE = 5.310678e-02, Grad norm = 4.582660e-07, Beta update rate = 9.843638e-08
Epoch  47200 (0.9%): Train pred MSE = 3.460721e-10, Test pred MSE = 5.400707e-03, Param MSE = 5.310677e-02, Grad norm = 4.452376e-07, Beta update rate = 9.564583e-08
Epoch  47400 (0.9%): Train pred MSE = 3.268133e-10, Test pred MSE = 5.400705e-03, Param MSE = 5.310676e-02, Grad norm = 4.325854e-07, Beta update rate = 9.293560e-08
Epoch  47600 (1.0%): Train pred MSE = 3.086332e-10, Test pred MSE = 5.400704e-03, Param MSE = 5.310674e-02, Grad norm = 4.202982e-07, Beta update rate = 9.030332e-08
Epoch  47800 (1.0%): Train pred MSE = 2.914711e-10, Test pred MSE = 5.400703e-03, Param MSE = 5.310673e-02, Grad norm = 4.083654e-07, Beta update rate = 8.774672e-08
Epoch  48000 (1.0%): Train pred MSE = 2.752694e-10, Test pred MSE = 5.400702e-03, Param MSE = 5.310672e-02, Grad norm = 3.967766e-07, Beta update rate = 8.526358e-08
Epoch  48200 (1.0%): Train pred MSE = 2.599740e-10, Test pred MSE = 5.400701e-03, Param MSE = 5.310670e-02, Grad norm = 3.855215e-07, Beta update rate = 8.285174e-08
Epoch  48400 (1.0%): Train pred MSE = 2.455339e-10, Test pred MSE = 5.400700e-03, Param MSE = 5.310669e-02, Grad norm = 3.745904e-07, Beta update rate = 8.050911e-08
Epoch  48600 (1.0%): Train pred MSE = 2.319009e-10, Test pred MSE = 5.400699e-03, Param MSE = 5.310668e-02, Grad norm = 3.639739e-07, Beta update rate = 7.823368e-08
Epoch  48800 (1.0%): Train pred MSE = 2.190295e-10, Test pred MSE = 5.400698e-03, Param MSE = 5.310667e-02, Grad norm = 3.536626e-07, Beta update rate = 7.602347e-08
Epoch  49000 (1.0%): Train pred MSE = 2.068770e-10, Test pred MSE = 5.400697e-03, Param MSE = 5.310666e-02, Grad norm = 3.436477e-07, Beta update rate = 7.387659e-08
Epoch  49200 (1.0%): Train pred MSE = 1.954028e-10, Test pred MSE = 5.400696e-03, Param MSE = 5.310664e-02, Grad norm = 3.339204e-07, Beta update rate = 7.179118e-08
Epoch  49400 (1.0%): Train pred MSE = 1.845689e-10, Test pred MSE = 5.400695e-03, Param MSE = 5.310663e-02, Grad norm = 3.244724e-07, Beta update rate = 6.976545e-08
Epoch  49600 (1.0%): Train pred MSE = 1.743392e-10, Test pred MSE = 5.400694e-03, Param MSE = 5.310662e-02, Grad norm = 3.152954e-07, Beta update rate = 6.779767e-08
Epoch  49800 (1.0%): Train pred MSE = 1.646799e-10, Test pred MSE = 5.400693e-03, Param MSE = 5.310661e-02, Grad norm = 3.063817e-07, Beta update rate = 6.588615e-08
Epoch  50000 (1.0%): Train pred MSE = 1.555589e-10, Test pred MSE = 5.400693e-03, Param MSE = 5.310660e-02, Grad norm = 2.977234e-07, Beta update rate = 6.402925e-08
Epoch  50200 (1.0%): Train pred MSE = 1.469461e-10, Test pred MSE = 5.400692e-03, Param MSE = 5.310659e-02, Grad norm = 2.893131e-07, Beta update rate = 6.222538e-08
Epoch  50400 (1.0%): Train pred MSE = 1.388129e-10, Test pred MSE = 5.400691e-03, Param MSE = 5.310659e-02, Grad norm = 2.811437e-07, Beta update rate = 6.047300e-08
Epoch  50600 (1.0%): Train pred MSE = 1.311324e-10, Test pred MSE = 5.400690e-03, Param MSE = 5.310658e-02, Grad norm = 2.732080e-07, Beta update rate = 5.877062e-08
Epoch  50800 (1.0%): Train pred MSE = 1.238794e-10, Test pred MSE = 5.400689e-03, Param MSE = 5.310657e-02, Grad norm = 2.654994e-07, Beta update rate = 5.711678e-08
Epoch  51000 (1.0%): Train pred MSE = 1.170297e-10, Test pred MSE = 5.400689e-03, Param MSE = 5.310656e-02, Grad norm = 2.580111e-07, Beta update rate = 5.551008e-08
Epoch  51200 (1.0%): Train pred MSE = 1.105610e-10, Test pred MSE = 5.400688e-03, Param MSE = 5.310655e-02, Grad norm = 2.507368e-07, Beta update rate = 5.394915e-08
Epoch  51400 (1.0%): Train pred MSE = 1.044518e-10, Test pred MSE = 5.400687e-03, Param MSE = 5.310654e-02, Grad norm = 2.436702e-07, Beta update rate = 5.243267e-08
Epoch  51600 (1.0%): Train pred MSE = 9.868197e-11, Test pred MSE = 5.400687e-03, Param MSE = 5.310654e-02, Grad norm = 2.368054e-07, Beta update rate = 5.095935e-08
Epoch  51800 (1.0%): Train pred MSE = 9.323265e-11, Test pred MSE = 5.400686e-03, Param MSE = 5.310653e-02, Grad norm = 2.301364e-07, Beta update rate = 4.952795e-08
Epoch  52000 (1.0%): Train pred MSE = 8.808589e-11, Test pred MSE = 5.400685e-03, Param MSE = 5.310652e-02, Grad norm = 2.236576e-07, Beta update rate = 4.813724e-08
Epoch  52200 (1.0%): Train pred MSE = 8.322478e-11, Test pred MSE = 5.400685e-03, Param MSE = 5.310651e-02, Grad norm = 2.173636e-07, Beta update rate = 4.678606e-08
Epoch  52400 (1.0%): Train pred MSE = 7.863336e-11, Test pred MSE = 5.400684e-03, Param MSE = 5.310651e-02, Grad norm = 2.112488e-07, Beta update rate = 4.547326e-08
Epoch  52600 (1.1%): Train pred MSE = 7.429660e-11, Test pred MSE = 5.400684e-03, Param MSE = 5.310650e-02, Grad norm = 2.053082e-07, Beta update rate = 4.419774e-08
Epoch  52800 (1.1%): Train pred MSE = 7.020028e-11, Test pred MSE = 5.400683e-03, Param MSE = 5.310649e-02, Grad norm = 1.995367e-07, Beta update rate = 4.295843e-08
Epoch  53000 (1.1%): Train pred MSE = 6.633098e-11, Test pred MSE = 5.400683e-03, Param MSE = 5.310649e-02, Grad norm = 1.939294e-07, Beta update rate = 4.175427e-08
Epoch  53200 (1.1%): Train pred MSE = 6.267606e-11, Test pred MSE = 5.400682e-03, Param MSE = 5.310648e-02, Grad norm = 1.884816e-07, Beta update rate = 4.058426e-08
Epoch  53400 (1.1%): Train pred MSE = 5.922357e-11, Test pred MSE = 5.400682e-03, Param MSE = 5.310648e-02, Grad norm = 1.831886e-07, Beta update rate = 3.944741e-08
Epoch  53600 (1.1%): Train pred MSE = 5.596223e-11, Test pred MSE = 5.400681e-03, Param MSE = 5.310647e-02, Grad norm = 1.780461e-07, Beta update rate = 3.834277e-08
Epoch  53800 (1.1%): Train pred MSE = 5.288140e-11, Test pred MSE = 5.400681e-03, Param MSE = 5.310646e-02, Grad norm = 1.730496e-07, Beta update rate = 3.726942e-08
Epoch  54000 (1.1%): Train pred MSE = 4.997102e-11, Test pred MSE = 5.400680e-03, Param MSE = 5.310646e-02, Grad norm = 1.681950e-07, Beta update rate = 3.622645e-08
Epoch  54200 (1.1%): Train pred MSE = 4.722162e-11, Test pred MSE = 5.400680e-03, Param MSE = 5.310645e-02, Grad norm = 1.634781e-07, Beta update rate = 3.521299e-08
Epoch  54400 (1.1%): Train pred MSE = 4.462425e-11, Test pred MSE = 5.400679e-03, Param MSE = 5.310645e-02, Grad norm = 1.588951e-07, Beta update rate = 3.422820e-08
Epoch  54600 (1.1%): Train pred MSE = 4.217044e-11, Test pred MSE = 5.400679e-03, Param MSE = 5.310644e-02, Grad norm = 1.544419e-07, Beta update rate = 3.327126e-08
Epoch  54800 (1.1%): Train pred MSE = 3.985222e-11, Test pred MSE = 5.400678e-03, Param MSE = 5.310644e-02, Grad norm = 1.501150e-07, Beta update rate = 3.234136e-08
Epoch  55000 (1.1%): Train pred MSE = 3.766205e-11, Test pred MSE = 5.400678e-03, Param MSE = 5.310643e-02, Grad norm = 1.459107e-07, Beta update rate = 3.143773e-08
Epoch  55200 (1.1%): Train pred MSE = 3.559283e-11, Test pred MSE = 5.400678e-03, Param MSE = 5.310643e-02, Grad norm = 1.418255e-07, Beta update rate = 3.055961e-08
Epoch  55400 (1.1%): Train pred MSE = 3.363784e-11, Test pred MSE = 5.400677e-03, Param MSE = 5.310642e-02, Grad norm = 1.378558e-07, Beta update rate = 2.970629e-08
Epoch  55600 (1.1%): Train pred MSE = 3.179074e-11, Test pred MSE = 5.400677e-03, Param MSE = 5.310642e-02, Grad norm = 1.339985e-07, Beta update rate = 2.887704e-08
Epoch  55800 (1.1%): Train pred MSE = 3.004555e-11, Test pred MSE = 5.400677e-03, Param MSE = 5.310642e-02, Grad norm = 1.302504e-07, Beta update rate = 2.807118e-08
Epoch  56000 (1.1%): Train pred MSE = 2.839660e-11, Test pred MSE = 5.400676e-03, Param MSE = 5.310641e-02, Grad norm = 1.266081e-07, Beta update rate = 2.728805e-08
Epoch  56200 (1.1%): Train pred MSE = 2.683858e-11, Test pred MSE = 5.400676e-03, Param MSE = 5.310641e-02, Grad norm = 1.230689e-07, Beta update rate = 2.652699e-08
Epoch  56400 (1.1%): Train pred MSE = 2.536643e-11, Test pred MSE = 5.400676e-03, Param MSE = 5.310640e-02, Grad norm = 1.196296e-07, Beta update rate = 2.578737e-08
Epoch  56600 (1.1%): Train pred MSE = 2.397540e-11, Test pred MSE = 5.400675e-03, Param MSE = 5.310640e-02, Grad norm = 1.162874e-07, Beta update rate = 2.506858e-08
Epoch  56800 (1.1%): Train pred MSE = 2.266099e-11, Test pred MSE = 5.400675e-03, Param MSE = 5.310640e-02, Grad norm = 1.130396e-07, Beta update rate = 2.437002e-08
Epoch  57000 (1.1%): Train pred MSE = 2.141897e-11, Test pred MSE = 5.400675e-03, Param MSE = 5.310639e-02, Grad norm = 1.098835e-07, Beta update rate = 2.369113e-08
Epoch  57200 (1.1%): Train pred MSE = 2.024533e-11, Test pred MSE = 5.400674e-03, Param MSE = 5.310639e-02, Grad norm = 1.068163e-07, Beta update rate = 2.303133e-08
Epoch  57400 (1.1%): Train pred MSE = 1.913629e-11, Test pred MSE = 5.400674e-03, Param MSE = 5.310639e-02, Grad norm = 1.038357e-07, Beta update rate = 2.239009e-08
Epoch  57600 (1.2%): Train pred MSE = 1.808826e-11, Test pred MSE = 5.400674e-03, Param MSE = 5.310638e-02, Grad norm = 1.009391e-07, Beta update rate = 2.176688e-08
Epoch  57800 (1.2%): Train pred MSE = 1.709789e-11, Test pred MSE = 5.400673e-03, Param MSE = 5.310638e-02, Grad norm = 9.812408e-08, Beta update rate = 2.116118e-08
Epoch  58000 (1.2%): Train pred MSE = 1.616197e-11, Test pred MSE = 5.400673e-03, Param MSE = 5.310638e-02, Grad norm = 9.538837e-08, Beta update rate = 2.057250e-08
Epoch  58200 (1.2%): Train pred MSE = 1.527751e-11, Test pred MSE = 5.400673e-03, Param MSE = 5.310637e-02, Grad norm = 9.272969e-08, Beta update rate = 2.000035e-08
Epoch  58400 (1.2%): Train pred MSE = 1.444166e-11, Test pred MSE = 5.400673e-03, Param MSE = 5.310637e-02, Grad norm = 9.014584e-08, Beta update rate = 1.944426e-08
Epoch  58600 (1.2%): Train pred MSE = 1.365173e-11, Test pred MSE = 5.400672e-03, Param MSE = 5.310637e-02, Grad norm = 8.763470e-08, Beta update rate = 1.890378e-08
Epoch  58800 (1.2%): Train pred MSE = 1.290519e-11, Test pred MSE = 5.400672e-03, Param MSE = 5.310636e-02, Grad norm = 8.519418e-08, Beta update rate = 1.837846e-08
Epoch  59000 (1.2%): Train pred MSE = 1.219965e-11, Test pred MSE = 5.400672e-03, Param MSE = 5.310636e-02, Grad norm = 8.282229e-08, Beta update rate = 1.786787e-08
Epoch  59200 (1.2%): Train pred MSE = 1.153285e-11, Test pred MSE = 5.400672e-03, Param MSE = 5.310636e-02, Grad norm = 8.051707e-08, Beta update rate = 1.737160e-08
Epoch  59400 (1.2%): Train pred MSE = 1.090264e-11, Test pred MSE = 5.400672e-03, Param MSE = 5.310636e-02, Grad norm = 7.827662e-08, Beta update rate = 1.688924e-08
Epoch  59600 (1.2%): Train pred MSE = 1.030701e-11, Test pred MSE = 5.400671e-03, Param MSE = 5.310635e-02, Grad norm = 7.609910e-08, Beta update rate = 1.642039e-08
Epoch  59800 (1.2%): Train pred MSE = 9.744049e-12, Test pred MSE = 5.400671e-03, Param MSE = 5.310635e-02, Grad norm = 7.398272e-08, Beta update rate = 1.596467e-08
Epoch  60000 (1.2%): Train pred MSE = 9.211965e-12, Test pred MSE = 5.400671e-03, Param MSE = 5.310635e-02, Grad norm = 7.192575e-08, Beta update rate = 1.552171e-08
Epoch  60200 (1.2%): Train pred MSE = 8.709054e-12, Test pred MSE = 5.400671e-03, Param MSE = 5.310635e-02, Grad norm = 6.992650e-08, Beta update rate = 1.509116e-08
Epoch  60400 (1.2%): Train pred MSE = 8.233708e-12, Test pred MSE = 5.400671e-03, Param MSE = 5.310634e-02, Grad norm = 6.798333e-08, Beta update rate = 1.467264e-08
Epoch  60600 (1.2%): Train pred MSE = 7.784411e-12, Test pred MSE = 5.400670e-03, Param MSE = 5.310634e-02, Grad norm = 6.609465e-08, Beta update rate = 1.426584e-08
Epoch  60800 (1.2%): Train pred MSE = 7.359728e-12, Test pred MSE = 5.400670e-03, Param MSE = 5.310634e-02, Grad norm = 6.425892e-08, Beta update rate = 1.387041e-08
Epoch  61000 (1.2%): Train pred MSE = 6.958305e-12, Test pred MSE = 5.400670e-03, Param MSE = 5.310634e-02, Grad norm = 6.247463e-08, Beta update rate = 1.348604e-08
Epoch  61200 (1.2%): Train pred MSE = 6.578862e-12, Test pred MSE = 5.400670e-03, Param MSE = 5.310634e-02, Grad norm = 6.074033e-08, Beta update rate = 1.311241e-08
Epoch  61400 (1.2%): Train pred MSE = 6.220191e-12, Test pred MSE = 5.400670e-03, Param MSE = 5.310633e-02, Grad norm = 5.905460e-08, Beta update rate = 1.274922e-08
Epoch  61600 (1.2%): Train pred MSE = 5.881150e-12, Test pred MSE = 5.400670e-03, Param MSE = 5.310633e-02, Grad norm = 5.741607e-08, Beta update rate = 1.239617e-08
Epoch  61800 (1.2%): Train pred MSE = 5.560660e-12, Test pred MSE = 5.400669e-03, Param MSE = 5.310633e-02, Grad norm = 5.582340e-08, Beta update rate = 1.205298e-08
Epoch  62000 (1.2%): Train pred MSE = 5.257701e-12, Test pred MSE = 5.400669e-03, Param MSE = 5.310633e-02, Grad norm = 5.427529e-08, Beta update rate = 1.171937e-08
Epoch  62200 (1.2%): Train pred MSE = 4.971311e-12, Test pred MSE = 5.400669e-03, Param MSE = 5.310633e-02, Grad norm = 5.277049e-08, Beta update rate = 1.139507e-08
Epoch  62400 (1.2%): Train pred MSE = 4.700579e-12, Test pred MSE = 5.400669e-03, Param MSE = 5.310633e-02, Grad norm = 5.130776e-08, Beta update rate = 1.107982e-08
Epoch  62600 (1.3%): Train pred MSE = 4.444646e-12, Test pred MSE = 5.400669e-03, Param MSE = 5.310632e-02, Grad norm = 4.988593e-08, Beta update rate = 1.077335e-08
Epoch  62800 (1.3%): Train pred MSE = 4.202700e-12, Test pred MSE = 5.400669e-03, Param MSE = 5.310632e-02, Grad norm = 4.850383e-08, Beta update rate = 1.047544e-08
Epoch  63000 (1.3%): Train pred MSE = 3.973972e-12, Test pred MSE = 5.400669e-03, Param MSE = 5.310632e-02, Grad norm = 4.716034e-08, Beta update rate = 1.018583e-08
Epoch  63200 (1.3%): Train pred MSE = 3.757739e-12, Test pred MSE = 5.400668e-03, Param MSE = 5.310632e-02, Grad norm = 4.585438e-08, Beta update rate = 9.904284e-09
Epoch  63400 (1.3%): Train pred MSE = 3.553314e-12, Test pred MSE = 5.400668e-03, Param MSE = 5.310632e-02, Grad norm = 4.458488e-08, Beta update rate = 9.630586e-09
Epoch  63600 (1.3%): Train pred MSE = 3.360051e-12, Test pred MSE = 5.400668e-03, Param MSE = 5.310632e-02, Grad norm = 4.335082e-08, Beta update rate = 9.364510e-09
Epoch  63800 (1.3%): Train pred MSE = 3.177336e-12, Test pred MSE = 5.400668e-03, Param MSE = 5.310631e-02, Grad norm = 4.215119e-08, Beta update rate = 9.105842e-09
Epoch  64000 (1.3%): Train pred MSE = 3.004593e-12, Test pred MSE = 5.400668e-03, Param MSE = 5.310631e-02, Grad norm = 4.098503e-08, Beta update rate = 8.854375e-09
Epoch  64200 (1.3%): Train pred MSE = 2.841276e-12, Test pred MSE = 5.400668e-03, Param MSE = 5.310631e-02, Grad norm = 3.985140e-08, Beta update rate = 8.609905e-09
Epoch  64400 (1.3%): Train pred MSE = 2.686866e-12, Test pred MSE = 5.400668e-03, Param MSE = 5.310631e-02, Grad norm = 3.874937e-08, Beta update rate = 8.372237e-09
Epoch  64600 (1.3%): Train pred MSE = 2.540878e-12, Test pred MSE = 5.400668e-03, Param MSE = 5.310631e-02, Grad norm = 3.767806e-08, Beta update rate = 8.141179e-09
Epoch  64800 (1.3%): Train pred MSE = 2.402849e-12, Test pred MSE = 5.400668e-03, Param MSE = 5.310631e-02, Grad norm = 3.663661e-08, Beta update rate = 7.916545e-09
Epoch  65000 (1.3%): Train pred MSE = 2.272345e-12, Test pred MSE = 5.400667e-03, Param MSE = 5.310631e-02, Grad norm = 3.562417e-08, Beta update rate = 7.698157e-09
Epoch  65200 (1.3%): Train pred MSE = 2.148953e-12, Test pred MSE = 5.400667e-03, Param MSE = 5.310631e-02, Grad norm = 3.463992e-08, Beta update rate = 7.485837e-09
Epoch  65400 (1.3%): Train pred MSE = 2.032284e-12, Test pred MSE = 5.400667e-03, Param MSE = 5.310631e-02, Grad norm = 3.368309e-08, Beta update rate = 7.279417e-09
Epoch  65600 (1.3%): Train pred MSE = 1.921971e-12, Test pred MSE = 5.400667e-03, Param MSE = 5.310630e-02, Grad norm = 3.275288e-08, Beta update rate = 7.078730e-09
Epoch  65800 (1.3%): Train pred MSE = 1.817667e-12, Test pred MSE = 5.400667e-03, Param MSE = 5.310630e-02, Grad norm = 3.184856e-08, Beta update rate = 6.883616e-09
Epoch  66000 (1.3%): Train pred MSE = 1.719041e-12, Test pred MSE = 5.400667e-03, Param MSE = 5.310630e-02, Grad norm = 3.096940e-08, Beta update rate = 6.693919e-09
Epoch  66200 (1.3%): Train pred MSE = 1.625786e-12, Test pred MSE = 5.400667e-03, Param MSE = 5.310630e-02, Grad norm = 3.011470e-08, Beta update rate = 6.509488e-09
Epoch  66400 (1.3%): Train pred MSE = 1.537605e-12, Test pred MSE = 5.400667e-03, Param MSE = 5.310630e-02, Grad norm = 2.928376e-08, Beta update rate = 6.330174e-09
Epoch  66600 (1.3%): Train pred MSE = 1.454224e-12, Test pred MSE = 5.400667e-03, Param MSE = 5.310630e-02, Grad norm = 2.847592e-08, Beta update rate = 6.155835e-09
Epoch  66800 (1.3%): Train pred MSE = 1.375379e-12, Test pred MSE = 5.400667e-03, Param MSE = 5.310630e-02, Grad norm = 2.769053e-08, Beta update rate = 5.986331e-09
Epoch  67000 (1.3%): Train pred MSE = 1.300823e-12, Test pred MSE = 5.400667e-03, Param MSE = 5.310630e-02, Grad norm = 2.692696e-08, Beta update rate = 5.821527e-09
Epoch  67200 (1.3%): Train pred MSE = 1.230321e-12, Test pred MSE = 5.400666e-03, Param MSE = 5.310630e-02, Grad norm = 2.618461e-08, Beta update rate = 5.661292e-09
Epoch  67400 (1.3%): Train pred MSE = 1.163653e-12, Test pred MSE = 5.400666e-03, Param MSE = 5.310630e-02, Grad norm = 2.546287e-08, Beta update rate = 5.505498e-09
Epoch  67600 (1.4%): Train pred MSE = 1.100609e-12, Test pred MSE = 5.400666e-03, Param MSE = 5.310629e-02, Grad norm = 2.476117e-08, Beta update rate = 5.354021e-09
Epoch  67800 (1.4%): Train pred MSE = 1.040992e-12, Test pred MSE = 5.400666e-03, Param MSE = 5.310629e-02, Grad norm = 2.407894e-08, Beta update rate = 5.206740e-09

Training completed at epoch 67946
Stop reason: loss_threshold_legacy
Final Train pred MSE = 9.995268e-13
Final Test pred MSE = 5.400666e-03
Final Param MSE = 5.310629e-02
Final Grad norm = 2.358961e-08
Final Beta update rate = 5.082559e-09
Success flag: True (train_pred_mse < 1.00e-12)
Results metadata saved to results/diagonal/step3_omega/omega=0.00--alpha=0.300000--seed=0/results_meta.json
Group diagnostics saved to results/diagonal/step3_omega/omega=0.00--alpha=0.300000--seed=0/group_diagnostics.csv

Results saved to results/diagonal/step3_omega/omega=0.00--alpha=0.300000--seed=0/
Total jobs in this sweep: 108
Omega values: [0.0, 0.5, 1.0]
Alpha values: [0.05, 0.1, 0.2, 0.25, 0.3, 0.4, 0.5, 0.6, 0.7, 0.8, 0.9, 1.0]
Seeds: [0, 1, 2]
================================================================================
Step 3 Omega Sweep - Experiment Parameters:
================================================================================
  a_pt: 1.0
  c_pt: 0.001
  epochs: 5000000
  gamma_reinit: 0.0
  inp_dim: 1000
  lambda_pt: 0.0
  lr: 0.5
  n_test: 10000
  n_train: 300
  no_tuning: True
  omega: 0.0
  rho_ft: 0.04
  rho_pt: 0.1
  save_folder: results/diagonal/step3_omega/omega=0.00--alpha=0.300000--seed=0/
  seed: 0
  test_every_n_epochs: 200
  threshold: 1e-12
================================================================================

Omega: 0.0, Alpha: 0.3000

Running PT+FT Oracle script...

Extracting results and saving to CSV...
Results appended to /home/na658/multi-task2/experiment_results_step3_omega.csv

✓ Experiment 12 completed successfully
[SLURM] Job 20446207 task 12 finished
