[SLURM] Job 20446284 task 43 starting on cpu-q-508
[SLURM] Step 3 Omega Sweep (PT+FT Oracle)
[SLURM] Using Python: /home/na658/.conda/envs/mtl_ft/bin/python
Starting PT+FT Oracle experiment...

================================================================================
STEP 3: PT+FT ORACLE EXPERIMENT
================================================================================

================================================================================
EXPERIMENT SETTINGS
================================================================================
Seed: 1
Input dimension: 1000
PT support fraction (rho_pt): 0.1
FT sparsity (rho_ft): 0.04
Overlap (omega): 0.5
PT amplitude (a_pt): 1.0
PT c parameter (c_pt): 0.001
PT lambda (lambda_pt): 0.0
Gamma reinit: 0.0
Training samples (FT): 200
Test samples: 10000
Learning rate: 0.5
Max epochs: 5000000
Save folder: results/diagonal/step3_omega/omega=0.50--alpha=0.200000--seed=1/
================================================================================

Sampling PT teacher (oracle)...
  PT support size: 100 / 1000 = 0.1000

Sampling FT teacher with overlap...
  FT support size: 40 / 1000 = 0.0400
  Overlap: 20 / 40 = 0.5000 (target: 0.5)

  Coordinate groups:
    OV (both):     20
    NEW (FT only): 20
    PTONLY:        80
    NONE:          880

Computing c_ft from Cosyne formula...

  c_ft statistics by group:
    OV:     mean=1.001000, range=[1.001000, 1.001000]
    NEW:    mean=0.002000 (beta_pt=0 -> baseline c_ft)
    PTONLY: mean=1.001000
    NONE:   mean=0.002000

Sampling FT data...

Initializing DiagonalNet with per-coordinate c_ft...
Per-coordinate c init: c_vec range [0.002000, 1.001000]

Training on FT data...

Starting training loop (max 5000000 epochs, threshold=1.00e-12)...
Epoch      0 (0.0%): Train pred MSE = 5.579755e+00, Test pred MSE = 1.023939e-01, Param MSE = 1.014252e+00, Grad norm = 4.404429e-01, Beta update rate = nan
Epoch    200 (0.0%): Train pred MSE = 3.182503e-01, Test pred MSE = 3.137908e-02, Param MSE = 3.080502e-01, Grad norm = 7.697217e-02, Beta update rate = 1.448756e-01
Epoch    400 (0.0%): Train pred MSE = 6.184780e-02, Test pred MSE = 1.676736e-02, Param MSE = 1.663751e-01, Grad norm = 2.955922e-02, Beta update rate = 3.290040e-02
Epoch    600 (0.0%): Train pred MSE = 2.276830e-02, Test pred MSE = 1.300682e-02, Param MSE = 1.289211e-01, Grad norm = 1.290496e-02, Beta update rate = 1.248402e-02
Epoch    800 (0.0%): Train pred MSE = 1.189778e-02, Test pred MSE = 1.136259e-02, Param MSE = 1.126041e-01, Grad norm = 8.458504e-03, Beta update rate = 5.517341e-03
Epoch   1000 (0.0%): Train pred MSE = 6.763048e-03, Test pred MSE = 1.028501e-02, Param MSE = 1.020232e-01, Grad norm = 6.006242e-03, Beta update rate = 3.819605e-03
Epoch   1200 (0.0%): Train pred MSE = 4.083775e-03, Test pred MSE = 9.595229e-03, Param MSE = 9.530256e-02, Grad norm = 4.428032e-03, Beta update rate = 2.675553e-03
Epoch   1400 (0.0%): Train pred MSE = 2.585162e-03, Test pred MSE = 9.154585e-03, Param MSE = 9.103631e-02, Grad norm = 3.363410e-03, Beta update rate = 1.870808e-03
Epoch   1600 (0.0%): Train pred MSE = 1.700944e-03, Test pred MSE = 8.862661e-03, Param MSE = 8.822132e-02, Grad norm = 2.615796e-03, Beta update rate = 1.340870e-03
Epoch   1800 (0.0%): Train pred MSE = 1.155733e-03, Test pred MSE = 8.661305e-03, Param MSE = 8.628180e-02, Grad norm = 2.075924e-03, Beta update rate = 9.862515e-04
Epoch   2000 (0.0%): Train pred MSE = 8.065376e-04, Test pred MSE = 8.517676e-03, Param MSE = 8.489612e-02, Grad norm = 1.676621e-03, Beta update rate = 7.430958e-04
Epoch   2200 (0.0%): Train pred MSE = 5.754064e-04, Test pred MSE = 8.412533e-03, Param MSE = 8.387815e-02, Grad norm = 1.374781e-03, Beta update rate = 5.727989e-04
Epoch   2400 (0.0%): Train pred MSE = 4.180497e-04, Test pred MSE = 8.334023e-03, Param MSE = 8.311441e-02, Grad norm = 1.141869e-03, Beta update rate = 4.510656e-04
Epoch   2600 (0.1%): Train pred MSE = 3.083466e-04, Test pred MSE = 8.274479e-03, Param MSE = 8.253202e-02, Grad norm = 9.586727e-04, Beta update rate = 3.621278e-04
Epoch   2800 (0.1%): Train pred MSE = 2.303371e-04, Test pred MSE = 8.228742e-03, Param MSE = 8.208209e-02, Grad norm = 8.121196e-04, Beta update rate = 2.956263e-04
Epoch   3000 (0.1%): Train pred MSE = 1.739393e-04, Test pred MSE = 8.193233e-03, Param MSE = 8.173071e-02, Grad norm = 6.931832e-04, Beta update rate = 2.447390e-04
Epoch   3200 (0.1%): Train pred MSE = 1.325900e-04, Test pred MSE = 8.165404e-03, Param MSE = 8.145371e-02, Grad norm = 5.954981e-04, Beta update rate = 2.049597e-04
Epoch   3400 (0.1%): Train pred MSE = 1.019051e-04, Test pred MSE = 8.143411e-03, Param MSE = 8.123353e-02, Grad norm = 5.144615e-04, Beta update rate = 1.732817e-04
Epoch   3600 (0.1%): Train pred MSE = 7.889190e-05, Test pred MSE = 8.125897e-03, Param MSE = 8.105719e-02, Grad norm = 4.466613e-04, Beta update rate = 1.476618e-04
Epoch   3800 (0.1%): Train pred MSE = 6.146954e-05, Test pred MSE = 8.111851e-03, Param MSE = 8.091499e-02, Grad norm = 3.895119e-04, Beta update rate = 1.266760e-04
Epoch   4000 (0.1%): Train pred MSE = 4.816883e-05, Test pred MSE = 8.100514e-03, Param MSE = 8.079960e-02, Grad norm = 3.410192e-04, Beta update rate = 1.093045e-04
Epoch   4200 (0.1%): Train pred MSE = 3.793822e-05, Test pred MSE = 8.091309e-03, Param MSE = 8.070540e-02, Grad norm = 2.996231e-04, Beta update rate = 9.479666e-05
Epoch   4400 (0.1%): Train pred MSE = 3.001592e-05, Test pred MSE = 8.083792e-03, Param MSE = 8.062809e-02, Grad norm = 2.640899e-04, Beta update rate = 8.258722e-05
Epoch   4600 (0.1%): Train pred MSE = 2.384398e-05, Test pred MSE = 8.077621e-03, Param MSE = 8.056432e-02, Grad norm = 2.334350e-04, Beta update rate = 7.224192e-05
Epoch   4800 (0.1%): Train pred MSE = 1.900957e-05, Test pred MSE = 8.072530e-03, Param MSE = 8.051145e-02, Grad norm = 2.068661e-04, Beta update rate = 6.342214e-05
Epoch   5000 (0.1%): Train pred MSE = 1.520443e-05, Test pred MSE = 8.068312e-03, Param MSE = 8.046743e-02, Grad norm = 1.837417e-04, Beta update rate = 5.586063e-05
Epoch   5200 (0.1%): Train pred MSE = 1.219636e-05, Test pred MSE = 8.064800e-03, Param MSE = 8.043062e-02, Grad norm = 1.635381e-04, Beta update rate = 4.934445e-05
Epoch   5400 (0.1%): Train pred MSE = 9.809093e-06, Test pred MSE = 8.061864e-03, Param MSE = 8.039972e-02, Grad norm = 1.458251e-04, Beta update rate = 4.370250e-05
Epoch   5600 (0.1%): Train pred MSE = 7.907833e-06, Test pred MSE = 8.059401e-03, Param MSE = 8.037367e-02, Grad norm = 1.302472e-04, Beta update rate = 3.879633e-05
Epoch   5800 (0.1%): Train pred MSE = 6.388834e-06, Test pred MSE = 8.057326e-03, Param MSE = 8.035164e-02, Grad norm = 1.165082e-04, Beta update rate = 3.451316e-05
Epoch   6000 (0.1%): Train pred MSE = 5.171760e-06, Test pred MSE = 8.055572e-03, Param MSE = 8.033294e-02, Grad norm = 1.043604e-04, Beta update rate = 3.076048e-05
Epoch   6200 (0.1%): Train pred MSE = 4.194063e-06, Test pred MSE = 8.054084e-03, Param MSE = 8.031702e-02, Grad norm = 9.359463e-05, Beta update rate = 2.746193e-05
Epoch   6400 (0.1%): Train pred MSE = 3.406805e-06, Test pred MSE = 8.052819e-03, Param MSE = 8.030342e-02, Grad norm = 8.403401e-05, Beta update rate = 2.455409e-05
Epoch   6600 (0.1%): Train pred MSE = 2.771523e-06, Test pred MSE = 8.051738e-03, Param MSE = 8.029176e-02, Grad norm = 7.552766e-05, Beta update rate = 2.198396e-05
Epoch   6800 (0.1%): Train pred MSE = 2.257867e-06, Test pred MSE = 8.050813e-03, Param MSE = 8.028175e-02, Grad norm = 6.794642e-05, Beta update rate = 1.970695e-05
Epoch   7000 (0.1%): Train pred MSE = 1.841799e-06, Test pred MSE = 8.050018e-03, Param MSE = 8.027312e-02, Grad norm = 6.117922e-05, Beta update rate = 1.768539e-05
Epoch   7200 (0.1%): Train pred MSE = 1.504214e-06, Test pred MSE = 8.049335e-03, Param MSE = 8.026567e-02, Grad norm = 5.513012e-05, Beta update rate = 1.588718e-05
Epoch   7400 (0.1%): Train pred MSE = 1.229887e-06, Test pred MSE = 8.048745e-03, Param MSE = 8.025922e-02, Grad norm = 4.971591e-05, Beta update rate = 1.428494e-05
Epoch   7600 (0.2%): Train pred MSE = 1.006645e-06, Test pred MSE = 8.048234e-03, Param MSE = 8.025362e-02, Grad norm = 4.486422e-05, Beta update rate = 1.285509e-05
Epoch   7800 (0.2%): Train pred MSE = 8.247337e-07, Test pred MSE = 8.047791e-03, Param MSE = 8.024875e-02, Grad norm = 4.051186e-05, Beta update rate = 1.157733e-05
Epoch   8000 (0.2%): Train pred MSE = 6.763188e-07, Test pred MSE = 8.047407e-03, Param MSE = 8.024450e-02, Grad norm = 3.660350e-05, Beta update rate = 1.043402e-05
Epoch   8200 (0.2%): Train pred MSE = 5.550927e-07, Test pred MSE = 8.047072e-03, Param MSE = 8.024080e-02, Grad norm = 3.309060e-05, Beta update rate = 9.409858e-06
Epoch   8400 (0.2%): Train pred MSE = 4.559677e-07, Test pred MSE = 8.046779e-03, Param MSE = 8.023755e-02, Grad norm = 2.993041e-05, Beta update rate = 8.491461e-06
Epoch   8600 (0.2%): Train pred MSE = 3.748328e-07, Test pred MSE = 8.046524e-03, Param MSE = 8.023471e-02, Grad norm = 2.708525e-05, Beta update rate = 7.667118e-06
Epoch   8800 (0.2%): Train pred MSE = 3.083599e-07, Test pred MSE = 8.046300e-03, Param MSE = 8.023221e-02, Grad norm = 2.452181e-05, Beta update rate = 6.926546e-06
Epoch   9000 (0.2%): Train pred MSE = 2.538508e-07, Test pred MSE = 8.046103e-03, Param MSE = 8.023002e-02, Grad norm = 2.221059e-05, Beta update rate = 6.260691e-06
Epoch   9200 (0.2%): Train pred MSE = 2.091147e-07, Test pred MSE = 8.045931e-03, Param MSE = 8.022809e-02, Grad norm = 2.012542e-05, Beta update rate = 5.661563e-06
Epoch   9400 (0.2%): Train pred MSE = 1.723701e-07, Test pred MSE = 8.045779e-03, Param MSE = 8.022638e-02, Grad norm = 1.824305e-05, Beta update rate = 5.122099e-06
Epoch   9600 (0.2%): Train pred MSE = 1.421668e-07, Test pred MSE = 8.045645e-03, Param MSE = 8.022488e-02, Grad norm = 1.654279e-05, Beta update rate = 4.636038e-06
Epoch   9800 (0.2%): Train pred MSE = 1.173226e-07, Test pred MSE = 8.045527e-03, Param MSE = 8.022355e-02, Grad norm = 1.500620e-05, Beta update rate = 4.197827e-06
Epoch  10000 (0.2%): Train pred MSE = 9.687277e-08, Test pred MSE = 8.045423e-03, Param MSE = 8.022237e-02, Grad norm = 1.361684e-05, Beta update rate = 3.802526e-06
Epoch  10200 (0.2%): Train pred MSE = 8.002916e-08, Test pred MSE = 8.045331e-03, Param MSE = 8.022132e-02, Grad norm = 1.235999e-05, Beta update rate = 3.445742e-06
Epoch  10400 (0.2%): Train pred MSE = 6.614732e-08, Test pred MSE = 8.045249e-03, Param MSE = 8.022040e-02, Grad norm = 1.122252e-05, Beta update rate = 3.123555e-06
Epoch  10600 (0.2%): Train pred MSE = 5.469973e-08, Test pred MSE = 8.045177e-03, Param MSE = 8.021958e-02, Grad norm = 1.019264e-05, Beta update rate = 2.832469e-06
Epoch  10800 (0.2%): Train pred MSE = 4.525425e-08, Test pred MSE = 8.045113e-03, Param MSE = 8.021885e-02, Grad norm = 9.259820e-06, Beta update rate = 2.569360e-06
Epoch  11000 (0.2%): Train pred MSE = 3.745654e-08, Test pred MSE = 8.045056e-03, Param MSE = 8.021820e-02, Grad norm = 8.414580e-06, Beta update rate = 2.331436e-06
Epoch  11200 (0.2%): Train pred MSE = 3.101581e-08, Test pred MSE = 8.045006e-03, Param MSE = 8.021762e-02, Grad norm = 7.648424e-06, Beta update rate = 2.116193e-06
Epoch  11400 (0.2%): Train pred MSE = 2.569328e-08, Test pred MSE = 8.044961e-03, Param MSE = 8.021711e-02, Grad norm = 6.953715e-06, Beta update rate = 1.921393e-06
Epoch  11600 (0.2%): Train pred MSE = 2.129273e-08, Test pred MSE = 8.044921e-03, Param MSE = 8.021665e-02, Grad norm = 6.323584e-06, Beta update rate = 1.745024e-06
Epoch  11800 (0.2%): Train pred MSE = 1.765278e-08, Test pred MSE = 8.044886e-03, Param MSE = 8.021624e-02, Grad norm = 5.751851e-06, Beta update rate = 1.585285e-06
Epoch  12000 (0.2%): Train pred MSE = 1.464062e-08, Test pred MSE = 8.044854e-03, Param MSE = 8.021588e-02, Grad norm = 5.232949e-06, Beta update rate = 1.440556e-06
Epoch  12200 (0.2%): Train pred MSE = 1.214692e-08, Test pred MSE = 8.044826e-03, Param MSE = 8.021556e-02, Grad norm = 4.761861e-06, Beta update rate = 1.309381e-06
Epoch  12400 (0.2%): Train pred MSE = 1.008157e-08, Test pred MSE = 8.044801e-03, Param MSE = 8.021527e-02, Grad norm = 4.334065e-06, Beta update rate = 1.190451e-06
Epoch  12600 (0.3%): Train pred MSE = 8.370323e-09, Test pred MSE = 8.044779e-03, Param MSE = 8.021501e-02, Grad norm = 3.945480e-06, Beta update rate = 1.082590e-06
Epoch  12800 (0.3%): Train pred MSE = 6.951905e-09, Test pred MSE = 8.044759e-03, Param MSE = 8.021478e-02, Grad norm = 3.592424e-06, Beta update rate = 9.847361e-07
Epoch  13000 (0.3%): Train pred MSE = 5.775765e-09, Test pred MSE = 8.044741e-03, Param MSE = 8.021457e-02, Grad norm = 3.271569e-06, Beta update rate = 8.959350e-07
Epoch  13200 (0.3%): Train pred MSE = 4.800161e-09, Test pred MSE = 8.044725e-03, Param MSE = 8.021439e-02, Grad norm = 2.979911e-06, Beta update rate = 8.153258e-07
Epoch  13400 (0.3%): Train pred MSE = 3.990613e-09, Test pred MSE = 8.044711e-03, Param MSE = 8.021422e-02, Grad norm = 2.714732e-06, Beta update rate = 7.421323e-07
Epoch  13600 (0.3%): Train pred MSE = 3.318622e-09, Test pred MSE = 8.044699e-03, Param MSE = 8.021408e-02, Grad norm = 2.473577e-06, Beta update rate = 6.756541e-07
Epoch  13800 (0.3%): Train pred MSE = 2.760626e-09, Test pred MSE = 8.044687e-03, Param MSE = 8.021394e-02, Grad norm = 2.254221e-06, Beta update rate = 6.152593e-07
Epoch  14000 (0.3%): Train pred MSE = 2.297133e-09, Test pred MSE = 8.044677e-03, Param MSE = 8.021383e-02, Grad norm = 2.054653e-06, Beta update rate = 5.603769e-07
Epoch  14200 (0.3%): Train pred MSE = 1.912014e-09, Test pred MSE = 8.044669e-03, Param MSE = 8.021372e-02, Grad norm = 1.873053e-06, Beta update rate = 5.104915e-07
Epoch  14400 (0.3%): Train pred MSE = 1.591914e-09, Test pred MSE = 8.044661e-03, Param MSE = 8.021363e-02, Grad norm = 1.707770e-06, Beta update rate = 4.651370e-07
Epoch  14600 (0.3%): Train pred MSE = 1.325775e-09, Test pred MSE = 8.044653e-03, Param MSE = 8.021354e-02, Grad norm = 1.557311e-06, Beta update rate = 4.238923e-07
Epoch  14800 (0.3%): Train pred MSE = 1.104433e-09, Test pred MSE = 8.044647e-03, Param MSE = 8.021347e-02, Grad norm = 1.420320e-06, Beta update rate = 3.863762e-07
Epoch  15000 (0.3%): Train pred MSE = 9.202924e-10, Test pred MSE = 8.044642e-03, Param MSE = 8.021340e-02, Grad norm = 1.295570e-06, Beta update rate = 3.522440e-07
Epoch  15200 (0.3%): Train pred MSE = 7.670570e-10, Test pred MSE = 8.044637e-03, Param MSE = 8.021334e-02, Grad norm = 1.181947e-06, Beta update rate = 3.211837e-07
Epoch  15400 (0.3%): Train pred MSE = 6.395032e-10, Test pred MSE = 8.044632e-03, Param MSE = 8.021329e-02, Grad norm = 1.078441e-06, Beta update rate = 2.929129e-07
Epoch  15600 (0.3%): Train pred MSE = 5.332971e-10, Test pred MSE = 8.044628e-03, Param MSE = 8.021324e-02, Grad norm = 9.841359e-07, Beta update rate = 2.671756e-07
Epoch  15800 (0.3%): Train pred MSE = 4.448416e-10, Test pred MSE = 8.044625e-03, Param MSE = 8.021320e-02, Grad norm = 8.981998e-07, Beta update rate = 2.437400e-07
Epoch  16000 (0.3%): Train pred MSE = 3.711501e-10, Test pred MSE = 8.044621e-03, Param MSE = 8.021316e-02, Grad norm = 8.198774e-07, Beta update rate = 2.223961e-07
Epoch  16200 (0.3%): Train pred MSE = 3.097420e-10, Test pred MSE = 8.044619e-03, Param MSE = 8.021313e-02, Grad norm = 7.484832e-07, Beta update rate = 2.029535e-07
Epoch  16400 (0.3%): Train pred MSE = 2.585566e-10, Test pred MSE = 8.044616e-03, Param MSE = 8.021309e-02, Grad norm = 6.833945e-07, Beta update rate = 1.852393e-07
Epoch  16600 (0.3%): Train pred MSE = 2.158809e-10, Test pred MSE = 8.044614e-03, Param MSE = 8.021307e-02, Grad norm = 6.240455e-07, Beta update rate = 1.690970e-07
Epoch  16800 (0.3%): Train pred MSE = 1.802913e-10, Test pred MSE = 8.044612e-03, Param MSE = 8.021304e-02, Grad norm = 5.699222e-07, Beta update rate = 1.543844e-07
Epoch  17000 (0.3%): Train pred MSE = 1.506038e-10, Test pred MSE = 8.044610e-03, Param MSE = 8.021302e-02, Grad norm = 5.205573e-07, Beta update rate = 1.409725e-07
Epoch  17200 (0.3%): Train pred MSE = 1.258335e-10, Test pred MSE = 8.044609e-03, Param MSE = 8.021300e-02, Grad norm = 4.755262e-07, Beta update rate = 1.287442e-07
Epoch  17400 (0.3%): Train pred MSE = 1.051609e-10, Test pred MSE = 8.044607e-03, Param MSE = 8.021299e-02, Grad norm = 4.344427e-07, Beta update rate = 1.175932e-07
Epoch  17600 (0.4%): Train pred MSE = 8.790405e-11, Test pred MSE = 8.044606e-03, Param MSE = 8.021297e-02, Grad norm = 3.969556e-07, Beta update rate = 1.074229e-07
Epoch  17800 (0.4%): Train pred MSE = 7.349519e-11, Test pred MSE = 8.044605e-03, Param MSE = 8.021296e-02, Grad norm = 3.627455e-07, Beta update rate = 9.814543e-08
Epoch  18000 (0.4%): Train pred MSE = 6.146149e-11, Test pred MSE = 8.044604e-03, Param MSE = 8.021294e-02, Grad norm = 3.315220e-07, Beta update rate = 8.968116e-08
Epoch  18200 (0.4%): Train pred MSE = 5.140913e-11, Test pred MSE = 8.044603e-03, Param MSE = 8.021293e-02, Grad norm = 3.030204e-07, Beta update rate = 8.195759e-08
Epoch  18400 (0.4%): Train pred MSE = 4.300999e-11, Test pred MSE = 8.044602e-03, Param MSE = 8.021292e-02, Grad norm = 2.770003e-07, Beta update rate = 7.490880e-08
Epoch  18600 (0.4%): Train pred MSE = 3.599061e-11, Test pred MSE = 8.044602e-03, Param MSE = 8.021292e-02, Grad norm = 2.532426e-07, Beta update rate = 6.847489e-08
Epoch  18800 (0.4%): Train pred MSE = 3.012304e-11, Test pred MSE = 8.044601e-03, Param MSE = 8.021291e-02, Grad norm = 2.315478e-07, Beta update rate = 6.260135e-08
Epoch  19000 (0.4%): Train pred MSE = 2.521721e-11, Test pred MSE = 8.044601e-03, Param MSE = 8.021290e-02, Grad norm = 2.117345e-07, Beta update rate = 5.723860e-08
Epoch  19200 (0.4%): Train pred MSE = 2.111461e-11, Test pred MSE = 8.044600e-03, Param MSE = 8.021289e-02, Grad norm = 1.936373e-07, Beta update rate = 5.234152e-08
Epoch  19400 (0.4%): Train pred MSE = 1.768299e-11, Test pred MSE = 8.044600e-03, Param MSE = 8.021289e-02, Grad norm = 1.771055e-07, Beta update rate = 4.786906e-08
Epoch  19600 (0.4%): Train pred MSE = 1.481201e-11, Test pred MSE = 8.044599e-03, Param MSE = 8.021288e-02, Grad norm = 1.620021e-07, Beta update rate = 4.378384e-08
Epoch  19800 (0.4%): Train pred MSE = 1.240958e-11, Test pred MSE = 8.044599e-03, Param MSE = 8.021288e-02, Grad norm = 1.482019e-07, Beta update rate = 4.005183e-08
Epoch  20000 (0.4%): Train pred MSE = 1.039882e-11, Test pred MSE = 8.044599e-03, Param MSE = 8.021288e-02, Grad norm = 1.355911e-07, Beta update rate = 3.664204e-08
Epoch  20200 (0.4%): Train pred MSE = 8.715534e-12, Test pred MSE = 8.044599e-03, Param MSE = 8.021287e-02, Grad norm = 1.240659e-07, Beta update rate = 3.352624e-08
Epoch  20400 (0.4%): Train pred MSE = 7.306106e-12, Test pred MSE = 8.044598e-03, Param MSE = 8.021287e-02, Grad norm = 1.135317e-07, Beta update rate = 3.067873e-08
Epoch  20600 (0.4%): Train pred MSE = 6.125747e-12, Test pred MSE = 8.044598e-03, Param MSE = 8.021287e-02, Grad norm = 1.039021e-07, Beta update rate = 2.807608e-08
Epoch  20800 (0.4%): Train pred MSE = 5.137034e-12, Test pred MSE = 8.044598e-03, Param MSE = 8.021287e-02, Grad norm = 9.509857e-08, Beta update rate = 2.569694e-08
Epoch  21000 (0.4%): Train pred MSE = 4.308691e-12, Test pred MSE = 8.044598e-03, Param MSE = 8.021286e-02, Grad norm = 8.704934e-08, Beta update rate = 2.352185e-08
Epoch  21200 (0.4%): Train pred MSE = 3.614572e-12, Test pred MSE = 8.044598e-03, Param MSE = 8.021286e-02, Grad norm = 7.968901e-08, Beta update rate = 2.153307e-08
Epoch  21400 (0.4%): Train pred MSE = 3.032817e-12, Test pred MSE = 8.044598e-03, Param MSE = 8.021286e-02, Grad norm = 7.295791e-08, Beta update rate = 1.971443e-08
Epoch  21600 (0.4%): Train pred MSE = 2.545145e-12, Test pred MSE = 8.044598e-03, Param MSE = 8.021286e-02, Grad norm = 6.680160e-08, Beta update rate = 1.805119e-08
Epoch  21800 (0.4%): Train pred MSE = 2.136265e-12, Test pred MSE = 8.044598e-03, Param MSE = 8.021286e-02, Grad norm = 6.117042e-08, Beta update rate = 1.652989e-08
Epoch  22000 (0.4%): Train pred MSE = 1.793383e-12, Test pred MSE = 8.044598e-03, Param MSE = 8.021286e-02, Grad norm = 5.601905e-08, Beta update rate = 1.513826e-08
Epoch  22200 (0.4%): Train pred MSE = 1.505795e-12, Test pred MSE = 8.044598e-03, Param MSE = 8.021286e-02, Grad norm = 5.130614e-08, Beta update rate = 1.386511e-08
Epoch  22400 (0.4%): Train pred MSE = 1.264540e-12, Test pred MSE = 8.044597e-03, Param MSE = 8.021286e-02, Grad norm = 4.699394e-08, Beta update rate = 1.270023e-08
Epoch  22600 (0.5%): Train pred MSE = 1.062117e-12, Test pred MSE = 8.044597e-03, Param MSE = 8.021286e-02, Grad norm = 4.304799e-08, Beta update rate = 1.163430e-08

Training completed at epoch 22671
Stop reason: loss_threshold_legacy
Final Train pred MSE = 9.983779e-13
Final Test pred MSE = 8.044597e-03
Final Param MSE = 8.021286e-02
Final Grad norm = 4.171096e-08
Final Beta update rate = 1.096093e-08
Success flag: True (train_pred_mse < 1.00e-12)
Results metadata saved to results/diagonal/step3_omega/omega=0.50--alpha=0.200000--seed=1/results_meta.json
Group diagnostics saved to results/diagonal/step3_omega/omega=0.50--alpha=0.200000--seed=1/group_diagnostics.csv

Results saved to results/diagonal/step3_omega/omega=0.50--alpha=0.200000--seed=1/
Total jobs in this sweep: 108
Omega values: [0.0, 0.5, 1.0]
Alpha values: [0.05, 0.1, 0.2, 0.25, 0.3, 0.4, 0.5, 0.6, 0.7, 0.8, 0.9, 1.0]
Seeds: [0, 1, 2]
================================================================================
Step 3 Omega Sweep - Experiment Parameters:
================================================================================
  a_pt: 1.0
  c_pt: 0.001
  epochs: 5000000
  gamma_reinit: 0.0
  inp_dim: 1000
  lambda_pt: 0.0
  lr: 0.5
  n_test: 10000
  n_train: 200
  no_tuning: True
  omega: 0.5
  rho_ft: 0.04
  rho_pt: 0.1
  save_folder: results/diagonal/step3_omega/omega=0.50--alpha=0.200000--seed=1/
  seed: 1
  test_every_n_epochs: 200
  threshold: 1e-12
================================================================================

Omega: 0.5, Alpha: 0.2000

Running PT+FT Oracle script...

Extracting results and saving to CSV...
Results appended to /home/na658/multi-task2/experiment_results_step3_omega.csv

✓ Experiment 43 completed successfully
[SLURM] Job 20446284 task 43 finished
